start test_quad_min
