Testing function constrained quadratic function with parameters:
initial point [[0.5 ]
 [0.75]]

Testing function constrained quadratic function with parameters:
initial point [[0.1]
 [0.2]
 [0.7]]

start test_quad_min
Testing function 1.Quadratic function xT*[1,0;0,1]*x with method gd and parameters:
initial point [1 1]
max number of iterations 100
step size tolerance 0
objective function tolerance 1e-12
init_step_len 1.0
slope_ratio0.0001
back_track_factor 0.2
method gd iteration 1: Locations[1 1] -> [0.6 0.6] Step length = 0.5656854249492381 Function values: 2.0 -> 0.72 delta: -1.28
method gd iteration 2: Locations[0.6 0.6] -> [0.36 0.36] Step length = 0.33941125496954283 Function values: 0.72 -> 0.2592 delta: -0.4608
method gd iteration 3: Locations[0.36 0.36] -> [0.216 0.216] Step length = 0.2036467529817257 Function values: 0.2592 -> 0.09331199999999999 delta: -0.16588799999999998
method gd iteration 4: Locations[0.216 0.216] -> [0.1296 0.1296] Step length = 0.12218805178903541 Function values: 0.09331199999999999 -> 0.033592319999999995 delta: -0.05971968
method gd iteration 5: Locations[0.1296 0.1296] -> [0.07776 0.07776] Step length = 0.07331283107342125 Function values: 0.033592319999999995 -> 0.012093235199999998 delta: -0.0214990848
method gd iteration 6: Locations[0.07776 0.07776] -> [0.046656 0.046656] Step length = 0.04398769864405275 Function values: 0.012093235199999998 -> 0.004353564671999999 delta: -0.007739670527999999
method gd iteration 7: Locations[0.046656 0.046656] -> [0.0279936 0.0279936] Step length = 0.026392619186431647 Function values: 0.004353564671999999 -> 0.0015672832819199998 delta: -0.0027862813900799994
method gd iteration 8: Locations[0.0279936 0.0279936] -> [0.01679616 0.01679616] Step length = 0.01583557151185899 Function values: 0.0015672832819199998 -> 0.0005642219814911998 delta: -0.0010030613004287999
method gd iteration 9: Locations[0.01679616 0.01679616] -> [0.0100777 0.0100777] Step length = 0.009501342907115394 Function values: 0.0005642219814911998 -> 0.0002031199133368319 delta: -0.00036110206815436786
method gd iteration 10: Locations[0.0100777 0.0100777] -> [0.00604662 0.00604662] Step length = 0.0057008057442692345 Function values: 0.0002031199133368319 -> 7.312316880125948e-05 delta: -0.00012999674453557242
method gd iteration 11: Locations[0.00604662 0.00604662] -> [0.00362797 0.00362797] Step length = 0.003420483446561541 Function values: 7.312316880125948e-05 -> 2.6324340768453414e-05 delta: -4.679882803280607e-05
method gd iteration 12: Locations[0.00362797 0.00362797] -> [0.00217678 0.00217678] Step length = 0.0020522900679369248 Function values: 2.6324340768453414e-05 -> 9.476762676643225e-06 delta: -1.684757809181019e-05
method gd iteration 13: Locations[0.00217678 0.00217678] -> [0.00130607 0.00130607] Step length = 0.0012313740407621546 Function values: 9.476762676643225e-06 -> 3.411634563591561e-06 delta: -6.065128113051664e-06
method gd iteration 14: Locations[0.00130607 0.00130607] -> [0.00078364 0.00078364] Step length = 0.0007388244244572927 Function values: 3.411634563591561e-06 -> 1.2281884428929618e-06 delta: -2.183446120698599e-06
method gd iteration 15: Locations[0.00078364 0.00078364] -> [0.00047018 0.00047018] Step length = 0.0004432946546743756 Function values: 1.2281884428929618e-06 -> 4.4214783944146623e-07 delta: -7.860406034514955e-07
method gd iteration 16: Locations[0.00047018 0.00047018] -> [0.00028211 0.00028211] Step length = 0.00026597679280462535 Function values: 4.4214783944146623e-07 -> 1.5917322219892783e-07 delta: -2.8297461724253837e-07
method gd iteration 17: Locations[0.00028211 0.00028211] -> [0.00016927 0.00016927] Step length = 0.00015958607568277523 Function values: 1.5917322219892783e-07 -> 5.7302359991614005e-08 delta: -1.0187086220731383e-07
method gd iteration 18: Locations[0.00016927 0.00016927] -> [0.00010156 0.00010156] Step length = 9.575164540966512e-05 Function values: 5.7302359991614005e-08 -> 2.062884959698104e-08 delta: -3.6673510394632965e-08
method gd iteration 19: Locations[0.00010156 0.00010156] -> [6.0935974e-05 6.0935974e-05] Step length = 5.745098724579906e-05 Function values: 2.062884959698104e-08 -> 7.426385854913174e-09 delta: -1.3202463742067867e-08
method gd iteration 20: Locations[6.0935974e-05 6.0935974e-05] -> [3.65615844e-05 3.65615844e-05] Step length = 3.4470592347479444e-05 Function values: 7.426385854913174e-09 -> 2.6734989077687417e-09 delta: -4.752886947144432e-09
method gd iteration 21: Locations[3.65615844e-05 3.65615844e-05] -> [2.19369506e-05 2.19369506e-05] Step length = 2.0682355408487664e-05 Function values: 2.6734989077687417e-09 -> 9.62459606796747e-10 delta: -1.7110393009719948e-09
method gd iteration 22: Locations[2.19369506e-05 2.19369506e-05] -> [1.31621704e-05 1.31621704e-05] Step length = 1.2409413245092594e-05 Function values: 9.62459606796747e-10 -> 3.4648545844682887e-10 delta: -6.159741483499181e-10
method gd iteration 23: Locations[1.31621704e-05 1.31621704e-05] -> [7.89730223e-06 7.89730223e-06] Step length = 7.445647947055555e-06 Function values: 3.4648545844682887e-10 -> 1.2473476504085843e-10 delta: -2.2175069340597044e-10
method gd iteration 24: Locations[7.89730223e-06 7.89730223e-06] -> [4.73838134e-06 4.73838134e-06] Step length = 4.467388768233335e-06 Function values: 1.2473476504085843e-10 -> 4.4904515414709013e-11 delta: -7.983024962614941e-11
method gd iteration 25: Locations[4.73838134e-06 4.73838134e-06] -> [2.8430288e-06 2.8430288e-06] Step length = 2.6804332609399996e-06 Function values: 4.4904515414709013e-11 -> 1.616562554929525e-11 delta: -2.8738889865413764e-11
method gd iteration 26: Locations[2.8430288e-06 2.8430288e-06] -> [1.70581728e-06 1.70581728e-06] Step length = 1.6082599565640002e-06 Function values: 1.616562554929525e-11 -> 5.819625197746288e-12 delta: -1.0346000351548962e-11
method gd iteration 27: Locations[1.70581728e-06 1.70581728e-06] -> [1.02349037e-06 1.02349037e-06] Step length = 9.649559739384e-07 Function values: 5.819625197746288e-12 -> 2.095065071188664e-12 delta: -3.724560126557624e-12
method gd iteration 28: Locations[1.02349037e-06 1.02349037e-06] -> [6.14094221e-07 6.14094221e-07] Step length = 5.789735843630399e-07 Function values: 2.095065071188664e-12 -> 7.54223425627919e-13 delta: -1.340841645560745e-12
method gd iteration 29: Locations[6.14094221e-07 6.14094221e-07] -> [3.68456533e-07 3.68456533e-07] Step length = 3.4738415061782403e-07 Function values: 7.54223425627919e-13 -> 2.715204332260508e-13 delta: -4.827029924018681e-13
SUCCESS! Absolute difference in objective function values between two consecutive iterations is 4.827029924018681e-13
which is less than the objactive tolerance 1e-12
Took 29 iterations
~~~~~~~~~~~~~~~~~~~~~~~~~~~~~~~~~~~~~~~~~~~~~~~~~~~~~~
Results for function 1.Quadratic function xT*[1,0;0,1]*x: Success, last point is [3.68456533e-07 3.68456533e-07]
~~~~~~~~~~~~~~~~~~~~~~~~~~~~~~~~~~~~~~~~~~~~~~~~~~~~~~
Testing function 2.Quadratic function xT*[5,0;0,1]*x with method gd and parameters:
initial point [1 1]
max number of iterations 100
step size tolerance 0
objective function tolerance 1e-12
init_step_len 1.0
slope_ratio0.0001
back_track_factor 0.2
method gd iteration 1: Locations[1 1] -> [-1.   0.6] Step length = 2.039607805437114 Function values: 6.0 -> 5.36 delta: -0.6399999999999997
method gd iteration 2: Locations[-1.   0.6] -> [1.   0.36] Step length = 2.0143485299222674 Function values: 5.36 -> 5.1296 delta: -0.23040000000000038
method gd iteration 3: Locations[1.   0.36] -> [-1.     0.216] Step length = 2.0051772988940404 Function values: 5.1296 -> 5.046656 delta: -0.08294400000000035
method gd iteration 4: Locations[-1.     0.216] -> [1.     0.1296] Step length = 2.001865370098599 Function values: 5.046656 -> 5.01679616 delta: -0.029859839999999416
method gd iteration 5: Locations[1.     0.1296] -> [-1.       0.07776] Step length = 2.000671733593495 Function values: 5.01679616 -> 5.0060466176 delta: -0.010749542400000145
method gd iteration 6: Locations[-1.       0.07776] -> [1.       0.046656] Step length = 2.0002418500811343 Function values: 5.0060466176 -> 5.002176782336 delta: -0.0038698352640000877
method gd iteration 7: Locations[1.       0.046656] -> [0.6        0.04292352] Step length = 0.40001741387963413 Function values: 5.002176782336 -> 1.8018424285691896 delta: -3.2003343537668103
method gd iteration 8: Locations[0.6        0.04292352] -> [-0.6         0.02575411] Step length = 1.2001228222857316 Function values: 1.8018424285691896 -> 1.8006632742849078 delta: -0.0011791542842818359
method gd iteration 9: Locations[-0.6         0.02575411] -> [-0.36        0.02369378] Step length = 0.24000884349420004 Function values: 1.8006632742849078 -> 0.6485613953547462 delta: -1.1521018789301616
method gd iteration 10: Locations[-0.36        0.02369378] -> [0.36       0.01421627] Step length = 0.7200623745598426 Function values: 0.6485613953547462 -> 0.6482021023277084 delta: -0.0003592930270378547
method gd iteration 11: Locations[0.36       0.01421627] -> [0.216      0.01307897] Step length = 0.14400449109280353 Function values: 0.6482021023277084 -> 0.23345105941017244 delta: -0.41475104291753595
method gd iteration 12: Locations[0.216      0.01307897] -> [-0.216       0.00784738] Step length = 0.43203167650720636 Function values: 0.23345105941017244 -> 0.23334158138766192 delta: -0.00010947802251051741
method gd iteration 13: Locations[-0.216       0.00784738] -> [-0.1296      0.00721959] Step length = 0.08640228076203214 Function values: 0.23334158138766192 -> 0.08403292248651718 delta: -0.14930865890114475
method gd iteration 14: Locations[-0.1296      0.00721959] -> [-0.07776     0.00664202] Step length = 0.051843217337600764 Function values: 0.08403292248651718 -> 0.030277204472588175 delta: -0.053755718013929005
method gd iteration 15: Locations[-0.07776     0.00664202] -> [0.07776    0.00398521] Step length = 0.15554269200323778 Function values: 0.030277204472588175 -> 0.03024896993013172 delta: -2.8234542456456735e-05
method gd iteration 16: Locations[0.07776    0.00398521] -> [0.046656  0.0036664] Step length = 0.03110563390051459 Function values: 0.03024896993013172 -> 0.010897354145663504 delta: -0.019351615784468215
method gd iteration 17: Locations[0.046656  0.0036664] -> [-0.046656    0.00219984] Step length = 0.09332352403604438 Function values: 0.010897354145663504 -> 0.010888750967638859 delta: -8.603178024644761e-06
method gd iteration 18: Locations[-0.046656    0.00219984] -> [-0.0279936   0.00202385] Step length = 0.018663229763384703 Function values: 0.010888750967638859 -> 0.003922304177857532 delta: -0.0069664467897813265
method gd iteration 19: Locations[-0.0279936   0.00202385] -> [0.0279936  0.00121431] Step length = 0.05599305242196752 Function values: 0.003922304177857532 -> 0.003919682755100709 delta: -2.6214227568229984e-06
method gd iteration 20: Locations[0.0279936  0.00121431] -> [0.01679616 0.00111717] Step length = 0.011197861388476126 Function values: 0.003919682755100709 -> 0.001411803013102522 delta: -0.002507879741998187
method gd iteration 21: Locations[0.01679616 0.00111717] -> [-0.01679616  0.0006703 ] Step length = 0.03359529211782988 Function values: 0.001411803013102522 -> 0.0014110042551028269 delta: -7.987579996951173e-07
method gd iteration 22: Locations[-0.01679616  0.0006703 ] -> [-0.0100777   0.00061668] Step length = 0.0067186779985421875 Function values: 0.0014110042551028269 -> 0.0005081800720257343 delta: -0.0009028241830770925
method gd iteration 23: Locations[-0.0100777   0.00061668] -> [0.0100777  0.00037001] Step length = 0.02015690137057401 Function values: 0.0005081800720257343 -> 0.0005079366872681955 delta: -2.4338475753879485e-07
method gd iteration 24: Locations[0.0100777  0.00037001] -> [0.00604662 0.0003404 ] Step length = 0.004031187077285511 Function values: 0.0005079366872681955 -> 0.00018292379748621304 delta: -0.00032501288978198253
method gd iteration 25: Locations[0.00604662 0.0003404 ] -> [-0.00604662  0.00020424] Step length = 0.012094001723160505 Function values: 0.00018292379748621304 -> 0.0001828496371770519 delta: -7.416030916112767e-08
method gd iteration 26: Locations[-0.00604662  0.00020424] -> [-0.00362797  0.0001879 ] Step length = 0.0024187022307869447 Function values: 0.0001828496371770519 -> 6.584615964432518e-05 delta: -0.00011700347753272673
method gd iteration 27: Locations[-0.00362797  0.0001879 ] -> [-0.00217678  0.00017287] Step length = 0.0014512660786033347 Function values: 6.584615964432518e-05 -> 2.3721791148517472e-05 delta: -4.2124368495807705e-05
method gd iteration 28: Locations[-0.00217678  0.00017287] -> [0.00217678 0.00010372] Step length = 0.0043541137865691975 Function values: 2.3721791148517472e-05 -> 2.370266509609545e-05 delta: -1.912605242202105e-08
method gd iteration 29: Locations[0.00217678 0.00010372] -> [1.30606940e-03 9.54249106e-05] Step length = 0.0008707524722446543 Function values: 2.370266509609545e-05 -> 8.538192322537028e-06 delta: -1.5164472773558423e-05
method gd iteration 30: Locations[1.30606940e-03 9.54249106e-05] -> [-1.30606940e-03  5.72549463e-05] Step length = 0.00261241766824381 Function values: 8.538192322537028e-06 -> 8.532364537859833e-06 delta: -5.82778467719522e-09
method gd iteration 31: Locations[-1.30606940e-03  5.72549463e-05] -> [-7.83641641e-04  5.26745506e-05] Step length = 0.0005224478396090494 Function values: 8.532364537859833e-06 -> 3.073245715517221e-06 delta: -5.459118822342612e-06
method gd iteration 32: Locations[-7.83641641e-04  5.26745506e-05] -> [7.83641641e-04 3.16047304e-05] Step length = 0.0015674249019048713 Function values: 3.073245715517221e-06 -> 3.071469966214941e-06 delta: -1.7757493022803748e-09
method gd iteration 33: Locations[7.83641641e-04 3.16047304e-05] -> [4.70184985e-04 2.90763520e-05] Step length = 0.00031346685331773964 Function values: 3.071469966214941e-06 -> 1.1062150328464826e-06 delta: -1.965254933368458e-06
method gd iteration 34: Locations[4.70184985e-04 2.90763520e-05] -> [-4.70184985e-04  1.74458112e-05] Step length = 0.0009404418899441814 Function values: 1.1062150328464826e-06 -> 1.10567395493108e-06 delta: -5.410779154025543e-10
method gd iteration 35: Locations[-4.70184985e-04  1.74458112e-05] -> [-2.82110991e-04  1.60501463e-05] Step length = 0.00018807917225416738 Function values: 1.10567395493108e-06 -> 3.98190662692843e-07 delta: -7.074832922382371e-07
method gd iteration 36: Locations[-2.82110991e-04  1.60501463e-05] -> [2.82110991e-04 9.63008777e-06] Step length = 0.0005642585059608227 Function values: 3.98190662692843e-07 -> 3.980257940877085e-07 delta: -1.6486860513452476e-10
method gd iteration 37: Locations[2.82110991e-04 9.63008777e-06] -> [1.69266594e-04 8.85968075e-06] Step length = 0.00011284702611452699 Function values: 3.980257940877085e-07 -> 1.433343939219399e-07 delta: -2.546914001657686e-07
method gd iteration 38: Locations[1.69266594e-04 8.85968075e-06] -> [1.01559957e-04 8.15090629e-06] Step length = 6.771034751471682e-05 Function values: 1.433343939219399e-07 -> 5.1638561265727185e-08 delta: -9.169583265621273e-08
method gd iteration 39: Locations[1.01559957e-04 8.15090629e-06] -> [-1.01559957e-04  4.89054377e-06] Step length = 0.00020314607837141742 Function values: 5.1638561265727185e-08 -> 5.15960414108315e-08 delta: -4.2519854895687406e-11
method gd iteration 40: Locations[-1.01559957e-04  4.89054377e-06] -> [-6.09359740e-05  4.49930027e-06] Step length = 4.0625866627508517e-05 Function values: 5.15960414108315e-08 -> 1.8586208340198798e-08 delta: -3.30098330706327e-08
method gd iteration 41: Locations[-6.09359740e-05  4.49930027e-06] -> [6.09359740e-05 2.69958016e-06] Step length = 0.00012188523578470406 Function values: 1.8586208340198798e-08 -> 1.8573252370332666e-08 delta: -1.2955969866131946e-11
method gd iteration 42: Locations[6.09359740e-05 2.69958016e-06] -> [3.65615844e-05 2.48361375e-06] Step length = 2.4375346354145887e-05 Function values: 1.8573252370332666e-08 -> 6.689915606675132e-09 delta: -1.1883336763657535e-08
method gd iteration 43: Locations[3.65615844e-05 2.48361375e-06] -> [-3.65615844e-05  1.49016825e-06] Step length = 7.312991692527767e-05 Function values: 6.689915606675132e-09 -> 6.685967870833041e-09 delta: -3.947735842091074e-12
method gd iteration 44: Locations[-3.65615844e-05  1.49016825e-06] -> [-2.19369506e-05  1.37095479e-06] Step length = 1.4625119639528808e-05 Function values: 6.685967870833041e-09 -> 2.40802853402629e-09 delta: -4.2779393368067505e-09
method gd iteration 45: Locations[-2.19369506e-05  1.37095479e-06] -> [2.19369506e-05 8.22572874e-07] Step length = 4.387732827234361e-05 Function values: 2.40802853402629e-09 -> 2.4068256431242617e-09 delta: -1.2028909020282643e-12
method gd iteration 46: Locations[2.19369506e-05 8.22572874e-07] -> [1.31621704e-05 7.56767044e-07] Step length = 8.7750270057127e-06 Function values: 2.4068256431242617e-09 -> 8.66786342475529e-10 delta: -1.5400393006487327e-09
method gd iteration 47: Locations[1.31621704e-05 7.56767044e-07] -> [-1.31621704e-05  4.54060226e-07] Step length = 2.632608114230091e-05 Function values: 8.66786342475529e-10 -> 8.664198168061173e-10 delta: -3.665256694116255e-13
SUCCESS! Absolute difference in objective function values between two consecutive iterations is 3.665256694116255e-13
which is less than the objactive tolerance 1e-12
Took 47 iterations
~~~~~~~~~~~~~~~~~~~~~~~~~~~~~~~~~~~~~~~~~~~~~~~~~~~~~~
Results for function 2.Quadratic function xT*[5,0;0,1]*x: Success, last point is [-1.31621704e-05  4.54060226e-07]
~~~~~~~~~~~~~~~~~~~~~~~~~~~~~~~~~~~~~~~~~~~~~~~~~~~~~~
Testing function 3.Quadratic function xT*Q*x with method gd and parameters:
initial point [1 1]
max number of iterations 100
step size tolerance 0
objective function tolerance 1e-12
init_step_len 1.0
slope_ratio0.0001
back_track_factor 0.2
method gd iteration 1: Locations[1 1] -> [0.09282032 0.89282032] Step length = 0.9134891622059648 Function values: 2.535898384862245 -> 1.3416421264402043 delta: -1.1942562584220409
method gd iteration 2: Locations[0.09282032 0.89282032] -> [0.56287187 0.24287187] Step length = 0.8021106208748446 Function values: 1.3416421264402043 -> 0.9117098734082694 delta: -0.42993225303193494
method gd iteration 3: Locations[0.56287187 0.24287187] -> [-0.16945655  0.43854345] Step length = 0.7580186591602605 Function values: 0.9117098734082694 -> 0.7569342623167729 delta: -0.1547756110914965
method gd iteration 4: Locations[-0.16945655  0.43854345] -> [ 0.40550574 -0.02969426] Step length = 0.7415040052895733 Function values: 0.7569342623167729 -> 0.7012150423238338 delta: -0.05571921999293905
method gd iteration 5: Locations[ 0.40550574 -0.02969426] -> [-0.26387623  0.27500377] Step length = 0.7354679562439204 Function values: 0.7012150423238338 -> 0.6811561231263761 delta: -0.020058919197457725
method gd iteration 6: Locations[-0.26387623  0.27500377] -> [ 0.34885394 -0.12781806] Step length = 0.7332828155561917 Function values: 0.6811561231263761 -> 0.6739349122152909 delta: -0.007221210911085185
method gd iteration 7: Locations[ 0.34885394 -0.12781806] -> [-0.29786731  0.21612949] Step length = 0.7324945691568245 Function values: 0.6739349122152909 -> 0.6713352762873002 delta: -0.002599635927990729
method gd iteration 8: Locations[-0.29786731  0.21612949] -> [ 0.32845929 -0.16314263] Step length = 0.7322105927229976 Function values: 0.6713352762873002 -> 0.6703994073532233 delta: -0.0009358689340768223
method gd iteration 9: Locations[ 0.32845929 -0.16314263] -> [-0.3101041   0.19493474] Step length = 0.7321083342418054 Function values: 0.6703994073532233 -> 0.6700624945369558 delta: -0.0003369128162675761
method gd iteration 10: Locations[-0.3101041   0.19493474] -> [-0.18385984  0.1207759 ] Step length = 0.14641430353837814 Function values: 0.6700624945369558 -> 0.2413146773798348 delta: -0.42874781715712096
method gd iteration 11: Locations[-0.18385984  0.1207759 ] -> [ 0.1939919  -0.10322665] Step length = 0.4392596990632078 Function values: 0.2413146773798348 -> 0.24121201869706682 delta: -0.00010265868276798651
method gd iteration 12: Locations[ 0.1939919  -0.10322665] -> [ 0.11761099 -0.05983008] Step length = 0.08784820039860965 Function values: 0.24121201869706682 -> 0.08686441414654936 delta: -0.15434760455051746
method gd iteration 13: Locations[ 0.11761099 -0.05983008] -> [ 0.07168517 -0.03396061] Step length = 0.052710625420674104 Function values: 0.08686441414654936 -> 0.03129496228132611 delta: -0.055569451865223246
method gd iteration 14: Locations[ 0.07168517 -0.03396061] -> [-0.06653971  0.04287282] Step length = 0.15814390282372082 Function values: 0.03129496228132611 -> 0.03126848645658367 delta: -2.6475824742439036e-05
method gd iteration 15: Locations[-0.06653971  0.04287282] -> [-0.03930637  0.02679316] Step length = 0.03162610179478949 Function values: 0.03126848645658367 -> 0.01126389891001965 delta: -0.02000458754656402
method gd iteration 16: Locations[-0.03930637  0.02679316] -> [ 0.04214667 -0.02187362] Step length = 0.09488441304193963 Function values: 0.01126389891001965 -> 0.011255831620317331 delta: -8.067289702318181e-06
method gd iteration 17: Locations[ 0.04214667 -0.02187362] -> [ 0.02562883 -0.01253383] Step length = 0.01897552220304994 Function values: 0.011255831620317331 -> 0.004054306593776794 delta: -0.007201525026540537
method gd iteration 18: Locations[ 0.02562883 -0.01253383] -> [-0.02406099  0.01524941] Step length = 0.05692966836000347 Function values: 0.004054306593776794 -> 0.004051848458335337 delta: -2.4581354414569823e-06
method gd iteration 19: Locations[-0.02406099  0.01524941] -> [-0.01424845  0.00947552] Step length = 0.0113852427956708 Function values: 0.004051848458335337 -> 0.0014593379908575033 delta: -0.0025925104674778335
method gd iteration 20: Locations[-0.01424845  0.00947552] -> [ 0.0151139  -0.00797651] Step length = 0.03415730359651431 Function values: 0.0014593379908575033 -> 0.0014585889871559497 delta: -7.490037015535789e-07
method gd iteration 21: Locations[ 0.0151139  -0.00797651] -> [ 0.0091722  -0.00460603] Step length = 0.006831109861192985 Function values: 0.0014585889871559497 -> 0.0005252969627888866 delta: -0.0009332920243670631
method gd iteration 22: Locations[ 0.0091722  -0.00460603] -> [-0.00869447  0.00543348] Step length = 0.020494129544999743 Function values: 0.0005252969627888866 -> 0.0005250687383650085 delta: -2.282244238780394e-07
method gd iteration 23: Locations[-0.00869447  0.00543348] -> [-0.00515935  0.00335938] Step length = 0.004098647727723917 Function values: 0.0005250687383650085 -> 0.0001890871880137761 delta: -0.0003359815503512324
method gd iteration 24: Locations[-0.00515935  0.00335938] -> [-0.00304287  0.00210698] Step length = 0.0024592698877200737 Function values: 0.0001890871880137761 -> 6.812423876504794e-05 delta: -0.00012096294924872816
method gd iteration 25: Locations[-0.00304287  0.00210698] -> [ 0.00328548 -0.00168677] Step length = 0.007378382722428709 Function values: 6.812423876504794e-05 -> 6.806537935164408e-05 delta: -5.885941340385051e-08
method gd iteration 26: Locations[ 0.00328548 -0.00168677] -> [ 0.0020004  -0.00096163] Step length = 0.0014755489025103825 Function values: 6.806537935164408e-05 -> 2.451964050209916e-05 delta: -4.3545738849544925e-05
method gd iteration 27: Locations[ 0.0020004  -0.00096163] -> [-0.00186648  0.00119359] Step length = 0.00442693773425576 Function values: 2.451964050209916e-05 -> 2.450170580339734e-05 delta: -1.7934698701819893e-08
method gd iteration 28: Locations[-0.00186648  0.00119359] -> [-0.00110382  0.00074399] Step length = 0.0008853227242352977 Function values: 2.450170580339734e-05 -> 8.825521022787857e-06 delta: -1.5676184780609484e-05
method gd iteration 29: Locations[-0.00110382  0.00074399] -> [ 0.00117774 -0.00061595] Step length = 0.002656115969568544 Function values: 8.825521022787857e-06 -> 8.820056248354617e-06 delta: -5.464774433240098e-09
method gd iteration 30: Locations[ 0.00117774 -0.00061595] -> [ 0.00071552 -0.0003542 ] Step length = 0.0005311902740031196 Function values: 8.820056248354617e-06 -> 3.1767154116925944e-06 delta: -5.643340836662023e-06
method gd iteration 31: Locations[ 0.00071552 -0.0003542 ] -> [-0.00067471  0.00042488] Step length = 0.0015936458799636671 Function values: 3.1767154116925944e-06 -> 3.175050273063689e-06 delta: -1.6651386289053201e-09
method gd iteration 32: Locations[-0.00067471  0.00042488] -> [-0.00039993  0.00026341] Step length = 0.00031871245777625616 Function values: 3.175050273063689e-06 -> 1.1434736802317962e-06 delta: -2.031576592831893e-06
method gd iteration 33: Locations[-0.00039993  0.00026341] -> [ 0.00042245 -0.0002244 ] Step length = 0.0009561754911022636 Function values: 1.1434736802317962e-06 -> 1.1429663058310138e-06 delta: -5.073744007824262e-10
method gd iteration 34: Locations[ 0.00042245 -0.0002244 ] -> [ 0.00025618 -0.00012996] Step length = 0.0001912266079687165 Function values: 1.1429663058310138e-06 -> 4.116066877352189e-07 delta: -7.313596180957949e-07
method gd iteration 35: Locations[ 0.00025618 -0.00012996] -> [ 1.56192094e-04 -7.36666547e-05] Step length = 0.00011473983635664807 Function values: 4.116066877352189e-07 -> 1.4829590283183478e-07 delta: -2.633107849033841e-07
method gd iteration 36: Locations[ 1.56192094e-04 -7.36666547e-05] -> [-1.44753012e-04  9.34797263e-05] Step length = 0.00034424681503813256 Function values: 1.4829590283183478e-07 -> 1.4816505023026514e-07 delta: -1.3085260156963706e-10
method gd iteration 37: Locations[-1.44753012e-04  9.34797263e-05] -> [-8.54791174e-05  5.84654043e-05] Step length = 6.884328093507663e-05 Function values: 1.4816505023026514e-07 -> 5.337521935468488e-08 delta: -9.478983087558026e-08
method gd iteration 38: Locations[-8.54791174e-05  5.84654043e-05] -> [ 9.17934907e-05 -4.75285888e-05] Step length = 0.0002065437100776474 Function values: 5.337521935468488e-08 -> 5.333534804357624e-08 delta: -3.9871311108644565e-11
method gd iteration 39: Locations[ 9.17934907e-05 -4.75285888e-05] -> [ 5.58338192e-05 -2.72047354e-05] Step length = 4.130565325127392e-05 Function values: 5.333534804357624e-08 -> 1.9211634086406767e-08 delta: -3.412371395716947e-08
method gd iteration 40: Locations[ 5.58338192e-05 -2.72047354e-05] -> [-5.23482851e-05  3.32418576e-05] Step length = 0.00012392400219951485 Function values: 1.9211634086406767e-08 -> 1.9199485138426715e-08 delta: -1.2148947980052118e-11
method gd iteration 41: Locations[-5.23482851e-05  3.32418576e-05] -> [-3.09907070e-05  2.06695692e-05] Step length = 2.478323182272123e-05 Function values: 1.9199485138426715e-08 -> 6.915138602000958e-09 delta: -1.2284346536425758e-08
method gd iteration 42: Locations[-3.09907070e-05  2.06695692e-05] -> [ 3.29147218e-05 -1.73370778e-05] Step length = 7.435327194250063e-05 Function values: 6.915138602000958e-09 -> 6.91143676895564e-09 delta: -3.701833045317519e-12
method gd iteration 43: Locations[ 3.29147218e-05 -1.73370778e-05] -> [ 1.99797149e-05 -1.00023477e-05] Step length = 1.4869857773722251e-05 Function values: 6.91143676895564e-09 -> 2.489130058345228e-09 delta: -4.422306710610413e-09
method gd iteration 44: Locations[ 1.99797149e-05 -1.00023477e-05] -> [-1.89176587e-05  1.18418830e-05] Step length = 4.461138961453614e-05 Function values: 2.489130058345228e-09 -> 2.488002095008988e-09 delta: -1.1279633362398399e-12
method gd iteration 45: Locations[-1.89176587e-05  1.18418830e-05] -> [-1.12231485e-05  7.32587401e-06] Step length = 8.921873366521505e-06 Function values: 2.488002095008988e-09 -> 8.959893649720306e-10 delta: -1.5920127300369575e-09
method gd iteration 46: Locations[-1.12231485e-05  7.32587401e-06] -> [-6.61663808e-06  4.59860910e-06] Step length = 5.3533084986285605e-06 Function values: 8.959893649720306e-10 -> 3.228173795446392e-10 delta: -5.731719854273915e-10
method gd iteration 47: Locations[-6.61663808e-06  4.59860910e-06] -> [ 7.15599269e-06 -3.66441951e-06] Step length = 1.606122661063445e-05 Function values: 3.228173795446392e-10 -> 3.2252647614707993e-10 delta: -2.909033975592528e-13
SUCCESS! Absolute difference in objective function values between two consecutive iterations is 2.909033975592528e-13
which is less than the objactive tolerance 1e-12
Took 47 iterations
~~~~~~~~~~~~~~~~~~~~~~~~~~~~~~~~~~~~~~~~~~~~~~~~~~~~~~
Results for function 3.Quadratic function xT*Q*x: Success, last point is [ 7.15599269e-06 -3.66441951e-06]
~~~~~~~~~~~~~~~~~~~~~~~~~~~~~~~~~~~~~~~~~~~~~~~~~~~~~~
Testing function 1.Quadratic function xT*[1,0;0,1]*x with method nt and parameters:
initial point [1 1]
max number of iterations 100
step size tolerance 0
objective function tolerance 1e-12
init_step_len 1.0
slope_ratio0.0001
back_track_factor 0.2
method nt iteration 1: Locations[1 1] -> [0. 0.] Step length = 1.4142135623730951 Function values: 2.0 -> 0.0 delta: -2.0
method nt iteration 2: Locations[0. 0.] -> [0. 0.] Step length = 0.0 Function values: 0.0 -> 0.0 delta: 0.0
SUCCESS! Absolute difference in objective function values between two consecutive iterations is 0.0
which is less than the objactive tolerance 1e-12
Took 2 iterations
~~~~~~~~~~~~~~~~~~~~~~~~~~~~~~~~~~~~~~~~~~~~~~~~~~~~~~
Results for function 1.Quadratic function xT*[1,0;0,1]*x: Success, last point is [0. 0.]
~~~~~~~~~~~~~~~~~~~~~~~~~~~~~~~~~~~~~~~~~~~~~~~~~~~~~~
Testing function 2.Quadratic function xT*[5,0;0,1]*x with method nt and parameters:
initial point [1 1]
max number of iterations 100
step size tolerance 0
objective function tolerance 1e-12
init_step_len 1.0
slope_ratio0.0001
back_track_factor 0.2
method nt iteration 1: Locations[1 1] -> [0. 0.] Step length = 1.4142135623730951 Function values: 6.0 -> 0.0 delta: -6.0
method nt iteration 2: Locations[0. 0.] -> [0. 0.] Step length = 0.0 Function values: 0.0 -> 0.0 delta: 0.0
SUCCESS! Absolute difference in objective function values between two consecutive iterations is 0.0
which is less than the objactive tolerance 1e-12
Took 2 iterations
~~~~~~~~~~~~~~~~~~~~~~~~~~~~~~~~~~~~~~~~~~~~~~~~~~~~~~
Results for function 2.Quadratic function xT*[5,0;0,1]*x: Success, last point is [0. 0.]
~~~~~~~~~~~~~~~~~~~~~~~~~~~~~~~~~~~~~~~~~~~~~~~~~~~~~~
Testing function 3.Quadratic function xT*Q*x with method nt and parameters:
initial point [1 1]
max number of iterations 100
step size tolerance 0
objective function tolerance 1e-12
init_step_len 1.0
slope_ratio0.0001
back_track_factor 0.2
method nt iteration 1: Locations[1 1] -> [0. 0.] Step length = 1.4142135623730951 Function values: 2.535898384862245 -> 0.0 delta: -2.535898384862245
method nt iteration 2: Locations[0. 0.] -> [0. 0.] Step length = 0.0 Function values: 0.0 -> 0.0 delta: 0.0
SUCCESS! Absolute difference in objective function values between two consecutive iterations is 0.0
which is less than the objactive tolerance 1e-12
Took 2 iterations
~~~~~~~~~~~~~~~~~~~~~~~~~~~~~~~~~~~~~~~~~~~~~~~~~~~~~~
Results for function 3.Quadratic function xT*Q*x: Success, last point is [0. 0.]
~~~~~~~~~~~~~~~~~~~~~~~~~~~~~~~~~~~~~~~~~~~~~~~~~~~~~~
Testing function 1.Quadratic function xT*[1,0;0,1]*x with method bfgs and parameters:
initial point [1 1]
max number of iterations 100
step size tolerance 0
objective function tolerance 1e-12
init_step_len 1.0
slope_ratio0.0001
back_track_factor 0.2
method bfgs iteration 1: Locations[1 1] -> [0. 0.] Step length = 1.4142135623730951 Function values: 2.0 -> 0.0 delta: -2.0
method bfgs iteration 2: Locations[0. 0.] -> [0. 0.] Step length = 0.0 Function values: 0.0 -> 0.0 delta: 0.0
SUCCESS! Absolute difference in objective function values between two consecutive iterations is 0.0
which is less than the objactive tolerance 1e-12
Took 2 iterations
~~~~~~~~~~~~~~~~~~~~~~~~~~~~~~~~~~~~~~~~~~~~~~~~~~~~~~
Results for function 1.Quadratic function xT*[1,0;0,1]*x: Success, last point is [0. 0.]
~~~~~~~~~~~~~~~~~~~~~~~~~~~~~~~~~~~~~~~~~~~~~~~~~~~~~~
Testing function 2.Quadratic function xT*[5,0;0,1]*x with method bfgs and parameters:
initial point [1 1]
max number of iterations 100
step size tolerance 0
objective function tolerance 1e-12
init_step_len 1.0
slope_ratio0.0001
back_track_factor 0.2
method bfgs iteration 1: Locations[1 1] -> [0. 0.] Step length = 1.4142135623730951 Function values: 6.0 -> 0.0 delta: -6.0
method bfgs iteration 2: Locations[0. 0.] -> [0. 0.] Step length = 0.0 Function values: 0.0 -> 0.0 delta: 0.0
SUCCESS! Absolute difference in objective function values between two consecutive iterations is 0.0
which is less than the objactive tolerance 1e-12
Took 2 iterations
~~~~~~~~~~~~~~~~~~~~~~~~~~~~~~~~~~~~~~~~~~~~~~~~~~~~~~
Results for function 2.Quadratic function xT*[5,0;0,1]*x: Success, last point is [0. 0.]
~~~~~~~~~~~~~~~~~~~~~~~~~~~~~~~~~~~~~~~~~~~~~~~~~~~~~~
Testing function 3.Quadratic function xT*Q*x with method bfgs and parameters:
initial point [1 1]
max number of iterations 100
step size tolerance 0
objective function tolerance 1e-12
init_step_len 1.0
slope_ratio0.0001
back_track_factor 0.2
method bfgs iteration 1: Locations[1 1] -> [0. 0.] Step length = 1.4142135623730951 Function values: 2.535898384862245 -> 0.0 delta: -2.535898384862245
method bfgs iteration 2: Locations[0. 0.] -> [0. 0.] Step length = 0.0 Function values: 0.0 -> 0.0 delta: 0.0
SUCCESS! Absolute difference in objective function values between two consecutive iterations is 0.0
which is less than the objactive tolerance 1e-12
Took 2 iterations
~~~~~~~~~~~~~~~~~~~~~~~~~~~~~~~~~~~~~~~~~~~~~~~~~~~~~~
Results for function 3.Quadratic function xT*Q*x: Success, last point is [0. 0.]
~~~~~~~~~~~~~~~~~~~~~~~~~~~~~~~~~~~~~~~~~~~~~~~~~~~~~~
Testing function 4.￿Rosenbrock with parameters:
method gd
initial point [2 2]
max number of iterations 10000
step size tolerance 1e-08
objective function tolerance 1e-07
method gd iteration 1: Locations[2 2] -> [1.48736 2.128  ] Step length = 0.528378434079212 Function values: 401 -> 0.947153647826099 delta: -400.0528463521739
method gd iteration 2: Locations[1.48736 2.128  ] -> [1.47101035 2.13339135] Step length = 0.01721562532720207 Function values: 0.947153647826099 -> 0.31475437137795514 delta: -0.6323992764481439
method gd iteration 3: Locations[1.47101035 2.13339135] -> [1.46496982 2.13534207] Step length = 0.006347696743328829 Function values: 0.31475437137795514 -> 0.22784908843394208 delta: -0.08690528294401306
method gd iteration 4: Locations[1.46496982 2.13534207] -> [1.4626481  2.13603292] Step length = 0.002422330324776371 Function values: 0.22784908843394208 -> 0.21513658121484325 delta: -0.012712507219098834
method gd iteration 5: Locations[1.4626481  2.13603292] -> [1.46173296 2.13624454] Step length = 0.0009392900875075487 Function values: 0.21513658121484325 -> 0.21321485376825372 delta: -0.0019217274465895273
method gd iteration 6: Locations[1.46173296 2.13624454] -> [1.46135911 2.13627134] Step length = 0.0003748072352227623 Function values: 0.21321485376825372 -> 0.21290135174912314 delta: -0.0003135020191305793
method gd iteration 7: Locations[1.46135911 2.13627134] -> [1.46119494 2.13622648] Step length = 0.00017018337549470452 Function values: 0.21290135174912314 -> 0.21282978342873118 delta: -7.156832039195704e-05
method gd iteration 8: Locations[1.46119494 2.13622648] -> [1.46078129 2.13586302] Step length = 0.0005506441378584136 Function values: 0.21282978342873118 -> 0.21271184788968708 delta: -0.00011793553904410059
method gd iteration 9: Locations[1.46078129 2.13586302] -> [1.46115886 2.13522909] Step length = 0.0007378461913096941 Function values: 0.21271184788968708 -> 0.2126734381475802 delta: -3.8409742106892963e-05
method gd iteration 10: Locations[1.46115886 2.13522909] -> [1.46090933 2.13521348] Step length = 0.00025001548614163684 Function values: 0.2126734381475802 -> 0.21252907294763268 delta: -0.0001443651999475104
method gd iteration 11: Locations[1.46090933 2.13521348] -> [1.46032958 2.13490711] Step length = 0.0006557184057814996 Function values: 0.21252907294763268 -> 0.21245304659992972 delta: -7.602634770295658e-05
method gd iteration 12: Locations[1.46032958 2.13490711] -> [1.46047323 2.13475705] Step length = 0.00020772950669271044 Function values: 0.21245304659992972 -> 0.21235065626583974 delta: -0.00010239033408998566
method gd iteration 13: Locations[1.46047323 2.13475705] -> [1.4606588  2.13418906] Step length = 0.0005975409012144863 Function values: 0.21235065626583974 -> 0.2122507446012029 delta: -9.991166463682588e-05
method gd iteration 14: Locations[1.4606588  2.13418906] -> [1.4604883 2.1341465] Step length = 0.0001757362478862503 Function values: 0.2122507446012029 -> 0.21217500945762482 delta: -7.57351435780873e-05
method gd iteration 15: Locations[1.4604883 2.1341465] -> [1.46006202 2.13378796] Step length = 0.0005570130070659319 Function values: 0.21217500945762482 -> 0.21205981128590867 delta: -0.0001151981717161521
method gd iteration 16: Locations[1.46006202 2.13378796] -> [1.46046511 2.13314577] Step length = 0.0007582219478158064 Function values: 0.21205981128590867 -> 0.21203163289924132 delta: -2.8178386667354616e-05
method gd iteration 17: Locations[1.46046511 2.13314577] -> [1.46020545 2.13313377] Step length = 0.00025993833140190584 Function values: 0.21203163289924132 -> 0.21187625788930103 delta: -0.00015537500994028397
method gd iteration 18: Locations[1.46020545 2.13313377] -> [1.45960547 2.13283495] Step length = 0.0006702770295912888 Function values: 0.21187625788930103 -> 0.21180688108416101 delta: -6.937680514002009e-05
method gd iteration 19: Locations[1.45960547 2.13283495] -> [1.45975725 2.1326822 ] Step length = 0.00021534241361847667 Function values: 0.21180688108416101 -> 0.21169748477932426 delta: -0.00010939630483675078
method gd iteration 20: Locations[1.45975725 2.1326822 ] -> [1.45995922 2.13210909] Step length = 0.0006076560322310091 Function values: 0.21169748477932426 -> 0.21160194570352162 delta: -9.553907580264753e-05
method gd iteration 21: Locations[1.45995922 2.13210909] -> [1.45978224 2.13206889] Step length = 0.00018149700311715568 Function values: 0.21160194570352162 -> 0.21152174287609155 delta: -8.020282743007034e-05
method gd iteration 22: Locations[1.45978224 2.13206889] -> [1.45934302 2.13171538] Step length = 0.0005638074922747749 Function values: 0.21152174287609155 -> 0.21140945302889746 delta: -0.0001122898471940803
method gd iteration 23: Locations[1.45934302 2.13171538] -> [1.45977221 2.13106471] Step length = 0.0007794698993084104 Function values: 0.21140945302889746 -> 0.2113921717418337 delta: -1.7281287063769524e-05
method gd iteration 24: Locations[1.45977221 2.13106471] -> [1.45950221 2.13105641] Step length = 0.0002701283735873847 Function values: 0.2113921717418337 -> 0.21122503773977633 delta: -0.0001671340020573675
method gd iteration 25: Locations[1.45950221 2.13105641] -> [1.45888154 2.1307653 ] Step length = 0.0006855481524128093 Function values: 0.21122503773977633 -> 0.21116273586098702 delta: -6.230187878930593e-05
method gd iteration 26: Locations[1.45888154 2.1307653 ] -> [1.45904162 2.13060978] Step length = 0.00022318315447208246 Function values: 0.21116273586098702 -> 0.21104585532070216 delta: -0.00011688054028485828
method gd iteration 27: Locations[1.45904162 2.13060978] -> [1.45926036 2.13003143] Step length = 0.0006183332905502891 Function values: 0.21104585532070216 -> 0.2109549617914585 delta: -9.089352924365746e-05
method gd iteration 28: Locations[1.45926036 2.13003143] -> [1.45907675 2.12999363] Step length = 0.00018745405553711143 Function values: 0.2109549617914585 -> 0.2108699839185067 delta: -8.497787295180803e-05
method gd iteration 29: Locations[1.45907675 2.12999363] -> [1.45862431 2.12964526] Step length = 0.0005710255418254818 Function values: 0.2108699839185067 -> 0.21076077688853564 delta: -0.00010920702997105347
method gd iteration 30: Locations[1.45862431 2.12964526] -> [1.45908013 2.12898594] Step length = 0.0008015488040295233 Function values: 0.21076077688853564 -> 0.2107550678228934 delta: -5.709065642234279e-06
method gd iteration 31: Locations[1.45908013 2.12898594] -> [1.4587996  2.12898138] Step length = 0.0002805651019407308 Function values: 0.2107550678228934 -> 0.21057541435628047 delta: -0.00017965346661294457
method gd iteration 32: Locations[1.4587996  2.12898138] -> [1.45815781 2.12869815] Step length = 0.0007015056874732126 Function values: 0.21057541435628047 -> 0.21052061873534592 delta: -5.479562093455015e-05
method gd iteration 33: Locations[1.45815781 2.12869815] -> [1.45832634 2.12853981] Step length = 0.00023123509024754337 Function values: 0.21052061873534592 -> 0.21039576857683706 delta: -0.00012485015850885461
method gd iteration 34: Locations[1.45832634 2.12853981] -> [1.45856218 2.1279561 ] Step length = 0.0006295587873825105 Function values: 0.21039576857683706 -> 0.21030979739942782 delta: -8.59711774092442e-05
method gd iteration 35: Locations[1.45856218 2.1279561 ] -> [1.45837185 2.12792074] Step length = 0.00019359438919265914 Function values: 0.21030979739942782 -> 0.21021973249055423 delta: -9.006490887358831e-05
method gd iteration 36: Locations[1.45837185 2.12792074] -> [1.4579059  2.12757761] Step length = 0.0005786615168675154 Function values: 0.21021973249055423 -> 0.21011378521923385 delta: -0.00010594727132037796
method gd iteration 37: Locations[1.4579059  2.12757761] -> [1.45800248 2.12744398] Step length = 0.00016488216402205815 Function values: 0.21011378521923385 -> 0.2100460785196611 delta: -6.770669957276154e-05
method gd iteration 38: Locations[1.45800248 2.12744398] -> [1.45809774 2.1269087 ] Step length = 0.0005436828701422926 Function values: 0.2100460785196611 -> 0.2099274436511059 delta: -0.00011863486855517857
method gd iteration 39: Locations[1.45809774 2.1269087 ] -> [1.45743407 2.1266336 ] Step length = 0.0007184232999742693 Function values: 0.2099274436511059 -> 0.20988073159931966 delta: -4.671205178624627e-05
method gd iteration 40: Locations[1.45743407 2.1266336 ] -> [1.45761134 2.12647235] Step length = 0.00023963284879000357 Function values: 0.20988073159931966 -> 0.20974726339854421 delta: -0.00013346820077544952
method gd iteration 41: Locations[1.45761134 2.12647235] -> [1.4578649  2.12588306] Step length = 0.0006415328850686213 Function values: 0.20974726339854421 -> 0.2096665848333537 delta: -8.06785651905062e-05
method gd iteration 42: Locations[1.4578649  2.12588306] -> [1.4576676  2.12585023] Step length = 0.00020002089963713733 Function values: 0.2096665848333537 -> 0.20957101641958478 delta: -9.556841376892611e-05
method gd iteration 43: Locations[1.4576676  2.12585023] -> [1.45718766 2.1255125 ] Step length = 0.0005868590939568106 Function values: 0.20957101641958478 -> 0.20946856549006004 delta: -0.00010245092952473889
method gd iteration 44: Locations[1.45718766 2.1255125 ] -> [1.45728985 2.12537703] Step length = 0.00016968851800925943 Function values: 0.20946856549006004 -> 0.20939736508981052 delta: -7.120040024952146e-05
method gd iteration 45: Locations[1.45728985 2.12537703] -> [1.4573965  2.12483837] Step length = 0.0005491204176291665 Function values: 0.20939736508981052 -> 0.20928108256879768 delta: -0.00011628252101283931
method gd iteration 46: Locations[1.4573965  2.12483837] -> [1.45671055 2.12457155] Step length = 0.0007360156983629211 Function values: 0.20928108256879768 -> 0.20924292198118702 delta: -3.8160587610663876e-05
method gd iteration 47: Locations[1.45671055 2.12457155] -> [1.4568967  2.12440733] Step length = 0.00024822849998263073 Function values: 0.20924292198118702 -> 0.20910030850179678 delta: -0.0001426134793902356
method gd iteration 48: Locations[1.4568967  2.12440733] -> [1.45716831 2.12381234] Step length = 0.0006540567410784869 Function values: 0.20910030850179678 -> 0.20902522284032443 delta: -7.508566147235163e-05
method gd iteration 49: Locations[1.45716831 2.12381234] -> [1.45696392 2.12378208] Step length = 0.0002066201538020029 Function values: 0.20902522284032443 -> 0.20892381197184345 delta: -0.0001014108684809778
method gd iteration 50: Locations[1.45696392 2.12378208] -> [1.45646973 2.12344985] Step length = 0.0005954843689315818 Function values: 0.20892381197184345 -> 0.2088250492916462 delta: -9.876268019726187e-05
method gd iteration 51: Locations[1.45646973 2.12344985] -> [1.45657762 2.12331252] Step length = 0.00017464401200086854 Function values: 0.2088250492916462 -> 0.2087501386278565 delta: -7.491066378970124e-05
method gd iteration 52: Locations[1.45657762 2.12331252] -> [1.45669588 2.12277039] Step length = 0.0005548771293200376 Function values: 0.2087501386278565 -> 0.20863633145326957 delta: -0.0001138071745869218
method gd iteration 53: Locations[1.45669588 2.12277039] -> [1.45598728 2.12251198] Step length = 0.0007542443595250997 Function values: 0.20863633145326957 -> 0.20860719067376188 delta: -2.914077950769145e-05
method gd iteration 54: Locations[1.45598728 2.12251198] -> [1.45618243 2.12234475] Step length = 0.00025700260840220073 Function values: 0.20860719067376188 -> 0.2084549036119035 delta: -0.00015228706185838048
method gd iteration 55: Locations[1.45618243 2.12234475] -> [1.45647238 2.12174395] Step length = 0.0006671057571107331 Function values: 0.2084549036119035 -> 0.20838571145115614 delta: -6.919216074735557e-05
method gd iteration 56: Locations[1.45647238 2.12174395] -> [1.45626081 2.1217163 ] Step length = 0.0002133765210506834 Function values: 0.20838571145115614 -> 0.20827811844521182 delta: -0.00010759300594431753
method gd iteration 57: Locations[1.45626081 2.1217163 ] -> [1.45575213 2.12138965] Step length = 0.0006045234560885439 Function values: 0.20827811844521182 -> 0.20818323608977973 delta: -9.4882355432091e-05
method gd iteration 58: Locations[1.45575213 2.12138965] -> [1.4558658  2.12125043] Step length = 0.00017973654316148237 Function values: 0.20818323608977973 -> 0.20810439817476178 delta: -7.883791501794857e-05
method gd iteration 59: Locations[1.4558658  2.12125043] -> [1.45599585 2.12070477] Step length = 0.0005609462441315253 Function values: 0.20810439817476178 -> 0.2079931894539364 delta: -0.00011120872082537314
method gd iteration 60: Locations[1.45599585 2.12070477] -> [1.45526428 2.1204549 ] Step length = 0.0007730652458988358 Function values: 0.2079931894539364 -> 0.20797353348705347 delta: -1.9655966882942133e-05
method gd iteration 61: Locations[1.45526428 2.1204549 ] -> [1.45546854 2.12028461] Step length = 0.0002659342802818161 Function values: 0.20797353348705347 -> 0.2078110476836817 delta: -0.00016248580337177576
method gd iteration 62: Locations[1.45546854 2.12028461] -> [1.4557771  2.11967791] Step length = 0.0006806504743773934 Function values: 0.2078110476836817 -> 0.20774804748835785 delta: -6.300019532384793e-05
method gd iteration 63: Locations[1.4557771  2.11967791] -> [1.45555825 2.11965289] Step length = 0.00022027310031977709 Function values: 0.20774804748835785 -> 0.20763393464162855 delta: -0.00011411284672929733
method gd iteration 64: Locations[1.45555825 2.11965289] -> [1.45503488 2.11933191] Step length = 0.00061395852072239 Function values: 0.20763393464162855 -> 0.20754312329010347 delta: -9.081135152508302e-05
method gd iteration 65: Locations[1.45503488 2.11933191] -> [1.4551544  2.11919076] Step length = 0.00018495285881667885 Function values: 0.20754312329010347 -> 0.20746014245116134 delta: -8.29808389421205e-05
method gd iteration 66: Locations[1.4551544  2.11919076] -> [1.45529641 2.11864151] Step length = 0.000567318043060981 Function values: 0.20746014245116134 -> 0.2073516543938589 delta: -0.00010848805730245825
method gd iteration 67: Locations[1.45529641 2.11864151] -> [1.4545416  2.11840027] Step length = 0.0007924289975060241 Function values: 0.2073516543938589 -> 0.20734194076468068 delta: -9.713629178204064e-06
method gd iteration 68: Locations[1.4545416  2.11840027] -> [1.45475506 2.1182269 ] Step length = 0.0002750011974185108 Function values: 0.20734194076468068 -> 0.20716873881655498 delta: -0.00017320194812570078
method gd iteration 69: Locations[1.45475506 2.1182269 ] -> [1.45508243 2.11761422] Step length = 0.0006946566697616961 Function values: 0.20716873881655498 -> 0.20711222425429993 delta: -5.651456225505558e-05
method gd iteration 70: Locations[1.45508243 2.11761422] -> [1.45485624 2.11759186] Step length = 0.00022729176343577325 Function values: 0.20711222425429993 -> 0.20699125881315772 delta: -0.00012096544114220675
method gd iteration 71: Locations[1.45485624 2.11759186] -> [1.45431801 2.11727661] Step length = 0.0006237677698216249 Function values: 0.20699125881315772 -> 0.20690470603902167 delta: -8.655277413605056e-05
method gd iteration 72: Locations[1.45431801 2.11727661] -> [1.45444343 2.11713352] Step length = 0.0001902786062034072 Function values: 0.20690470603902167 -> 0.20681736982293492 delta: -8.733621608675302e-05
method gd iteration 73: Locations[1.45444343 2.11713352] -> [1.45459755 2.11658062] Step length = 0.0005739797698554164 Function values: 0.20681736982293492 -> 0.2067117226418354 delta: -0.00010564718109951077
method gd iteration 74: Locations[1.45459755 2.11658062] -> [1.45444189 2.11653411] Step length = 0.00016245623116685587 Function values: 0.2067117226418354 -> 0.2066457774204439 delta: -6.594522139150016e-05
method gd iteration 75: Locations[1.45444189 2.11653411] -> [1.45404224 2.11617158] Step length = 0.0005395838590119441 Function values: 0.2066457774204439 -> 0.20652790766383802 delta: -0.00011786975660588173
method gd iteration 76: Locations[1.45404224 2.11617158] -> [1.4543879 2.1155531] Step length = 0.000708524729876299 Function values: 0.20652790766383802 -> 0.20647790920388917 delta: -4.9998459948852325e-05
method gd iteration 77: Locations[1.4543879 2.1155531] -> [1.4541546  2.11553333] Step length = 0.00023413375100565431 Function values: 0.20647790920388917 -> 0.2063500517484618 delta: -0.00012785745542737148
method gd iteration 78: Locations[1.4541546  2.11553333] -> [1.45360192 2.11522366] Step length = 0.0006335247122323692 Function values: 0.2063500517484618 -> 0.2062677770158606 delta: -8.227473260119522e-05
method gd iteration 79: Locations[1.45360192 2.11522366] -> [1.45373307 2.11507869] Step length = 0.0001954849201196822 Function values: 0.2062677770158606 -> 0.20617606023823223 delta: -9.171677762837005e-05
method gd iteration 80: Locations[1.45373307 2.11507869] -> [1.45389894 2.11452225] Step length = 0.0005806355003900194 Function values: 0.20617606023823223 -> 0.20607326651890503 delta: -0.00010279371932719883
method gd iteration 81: Locations[1.45389894 2.11452225] -> [1.45373874 2.11447745] Step length = 0.0001663517524003891 Function values: 0.20607326651890503 -> 0.20600453537683144 delta: -6.873114207359143e-05
method gd iteration 82: Locations[1.45373874 2.11447745] -> [1.45332986 2.11411869] Step length = 0.0005439563540849491 Function values: 0.20600453537683144 -> 0.2058886030600091 delta: -0.0001159323168223314
method gd iteration 83: Locations[1.45332986 2.11411869] -> [1.45369389 2.11349437] Step length = 0.0007226957956226312 Function values: 0.2058886030600091 -> 0.20584535142677132 delta: -4.325163323778969e-05
method gd iteration 84: Locations[1.45369389 2.11349437] -> [1.45345348 2.11347719] Step length = 0.00024102714473343302 Function values: 0.20584535142677132 -> 0.20571033887557516 delta: -0.00013501255119616196
method gd iteration 85: Locations[1.45345348 2.11347719] -> [1.45288629 2.11317313] Step length = 0.0006435423898904056 Function values: 0.20571033887557516 -> 0.2056324894479966 delta: -7.784942757854685e-05
method gd iteration 86: Locations[1.45288629 2.11317313] -> [1.45302316 2.11302628] Step length = 0.00020074412000792692 Function values: 0.2056324894479966 -> 0.20553622426712395 delta: -9.626518087266223e-05
method gd iteration 87: Locations[1.45302316 2.11302628] -> [1.45320084 2.11246629] Step length = 0.0005875032648115235 Function values: 0.20553622426712395 -> 0.20543637836005849 delta: -9.984590706546559e-05
method gd iteration 88: Locations[1.45320084 2.11246629] -> [1.45303609 2.11242318] Step length = 0.0001703005568329286 Function values: 0.20543637836005849 -> 0.20536475349106645 delta: -7.162486899203735e-05
method gd iteration 89: Locations[1.45303609 2.11242318] -> [1.45261796 2.1120682 ] Step length = 0.000548491073488654 Function values: 0.20536475349106645 -> 0.20525081881576981 delta: -0.00011393467529663415
method gd iteration 90: Locations[1.45261796 2.1120682 ] -> [1.45300036 2.11143804] Step length = 0.000737119376612614 Function values: 0.20525081881576981 -> 0.205214527201127 delta: -3.629161464280273e-05
method gd iteration 91: Locations[1.45300036 2.11143804] -> [1.45275284 2.11142345] Step length = 0.0002479495967020808 Function values: 0.205214527201127 -> 0.20507211571792267 delta: -0.0001424114832043466
method gd iteration 92: Locations[1.45275284 2.11142345] -> [1.45217115 2.11112501] Step length = 0.0006537848749151825 Function values: 0.20507211571792267 -> 0.20499882759900204 delta: -7.328811892062803e-05
method gd iteration 93: Locations[1.45217115 2.11112501] -> [1.45231373 2.11097627] Step length = 0.00020603819733692975 Function values: 0.20499882759900204 -> 0.2048978585367597 delta: -0.00010096906224232871
method gd iteration 94: Locations[1.45231373 2.11097627] -> [1.45250323 2.11041272] Step length = 0.0005945587797330607 Function values: 0.2048978585367597 -> 0.20480104755374737 delta: -9.681098301234092e-05
method gd iteration 95: Locations[1.45250323 2.11041272] -> [1.45233394 2.11037131] Step length = 0.00017428841613207884 Function values: 0.20480104755374737 -> 0.20472642909896538 delta: -7.461845478198836e-05
method gd iteration 96: Locations[1.45233394 2.11037131] -> [1.45190654 2.11002013] Step length = 0.0005531723177189795 Function values: 0.20472642909896538 -> 0.20461454761676684 delta: -0.00011188148219853922
method gd iteration 97: Locations[1.45190654 2.11002013] -> [1.45230729 2.10938412] Step length = 0.0007517414440571626 Function values: 0.20461454761676684 -> 0.20458540842909528 delta: -2.913918767155632e-05
method gd iteration 98: Locations[1.45230729 2.10938412] -> [1.4520527  2.10937211] Step length = 0.00025487790686401263 Function values: 0.20458540842909528 -> 0.20443537707861473 delta: -0.00015003135048055616
method gd iteration 99: Locations[1.4520527  2.10937211] -> [1.45145652 2.10907929] Step length = 0.0006642130337555092 Function values: 0.20443537707861473 -> 0.20436677292983596 delta: -6.860414877876697e-05
method gd iteration 100: Locations[1.45145652 2.10907929] -> [1.45160479 2.10892868] Step length = 0.00021134840854895127 Function values: 0.20436677292983596 -> 0.20426095921065832 delta: -0.00010581371917764426
method gd iteration 101: Locations[1.45160479 2.10892868] -> [1.45180609 2.10836157] Step length = 0.0006017750375967851 Function values: 0.20426095921065832 -> 0.20416726168527086 delta: -9.369752538745946e-05
method gd iteration 102: Locations[1.45180609 2.10836157] -> [1.45163227 2.10832185] Step length = 0.00017830042079070783 Function values: 0.20416726168527086 -> 0.20408955923945446 delta: -7.770244581639663e-05
method gd iteration 103: Locations[1.45163227 2.10832185] -> [1.45119562 2.10797445] Step length = 0.0005579822498395877 Function values: 0.20408955923945446 -> 0.2039797809930976 delta: -0.0001097782463568564
method gd iteration 104: Locations[1.45119562 2.10797445] -> [1.45161464 2.10733262] Step length = 0.0007665047550157213 Function values: 0.2039797809930976 -> 0.2039579625684991 delta: -2.181842459850203e-05
method gd iteration 105: Locations[1.45161464 2.10733262] -> [1.45135302 2.10732318] Step length = 0.00026178811327471995 Function values: 0.2039579625684991 -> 0.2038001170215395 delta: -0.0001578455469596063
method gd iteration 106: Locations[1.45135302 2.10732318] -> [1.45074242 2.10703595] Step length = 0.0006747847692640199 Function values: 0.2038001170215395 -> 0.2037363040564942 delta: -6.38129650452901e-05
method gd iteration 107: Locations[1.45074242 2.10703595] -> [1.45089634 2.10688348] Step length = 0.0002166553590650514 Function values: 0.2037363040564942 -> 0.20362552197680236 delta: -0.00011078207969184017
method gd iteration 108: Locations[1.45089634 2.10688348] -> [1.45110939 2.10631283] Step length = 0.0006091224561521503 Function values: 0.20362552197680236 -> 0.20353500650987022 delta: -9.051546693214507e-05
method gd iteration 109: Locations[1.45110939 2.10631283] -> [1.45093108 2.10627479] Step length = 0.00018232105885819243 Function values: 0.20353500650987022 -> 0.20345414064734468 delta: -8.086586252553651e-05
method gd iteration 110: Locations[1.45093108 2.10627479] -> [1.45048522 2.10593117] Step length = 0.0005629009694273617 Function values: 0.20345414064734468 -> 0.20334650930273665 delta: -0.00010763134460803347
method gd iteration 111: Locations[1.45048522 2.10593117] -> [1.45092238 2.10528356] Step length = 0.0007813491999504961 Function values: 0.20334650930273665 -> 0.2033321526226122 delta: -1.4356680124449905e-05
method gd iteration 112: Locations[1.45092238 2.10528356] -> [1.45065381 2.10527666] Step length = 0.0002686555898984688 Function values: 0.2033321526226122 -> 0.20316632886141658 delta: -0.00016582376119561593
method gd iteration 113: Locations[1.45065381 2.10527666] -> [1.4500289 2.104995 ] Step length = 0.0006854552925061264 Function values: 0.20316632886141658 -> 0.2031073967449748 delta: -5.893211644178442e-05
method gd iteration 114: Locations[1.4500289 2.104995 ] -> [1.45018841 2.10484068] Step length = 0.0002219390921861513 Function values: 0.2031073967449748 -> 0.20299154204152736 delta: -0.00011585470344743776
method gd iteration 115: Locations[1.45018841 2.10484068] -> [1.4504131  2.10426652] Step length = 0.0006165690603024386 Function values: 0.20299154204152736 -> 0.20290426594991487 delta: -8.727609161249261e-05
method gd iteration 116: Locations[1.4504131  2.10426652] -> [1.45023035 2.10423014] Step length = 0.0001863342983832356 Function values: 0.20290426594991487 -> 0.20282016974984016 delta: -8.409620007471252e-05
method gd iteration 117: Locations[1.45023035 2.10423014] -> [1.44977537 2.10389028] Step length = 0.0005679066154712737 Function values: 0.20282016974984016 -> 0.20271472173047012 delta: -0.00010544801937004133
method gd iteration 118: Locations[1.44977537 2.10389028] -> [1.45023046 2.10323695] Step length = 0.000796212170561781 Function values: 0.20271472173047012 -> 0.20270793719336608 delta: -6.784537104037591e-06
method gd iteration 119: Locations[1.45023046 2.10323695] -> [1.44995504 2.10323256] Step length = 0.0002754551521022968 Function values: 0.20270793719336608 -> 0.20253400516381334 delta: -0.0001739320295527369
method gd iteration 120: Locations[1.44995504 2.10323256] -> [1.44931597 2.10295642] Step length = 0.0006961774205642748 Function values: 0.20253400516381334 -> 0.20248002394698658 delta: -5.398121682675949e-05
method gd iteration 121: Locations[1.44931597 2.10295642] -> [1.44948099 2.10280028] Step length = 0.0002271791829513293 Function values: 0.20248002394698658 -> 0.2023590141298442 delta: -0.00012100981714238679
method gd iteration 122: Locations[1.44948099 2.10280028] -> [1.44971722 2.10222264] Step length = 0.0006240806935260384 Function values: 0.2023590141298442 -> 0.20227502211839082 delta: -8.399201145337098e-05
method gd iteration 123: Locations[1.44971722 2.10222264] -> [1.44953009 2.10218791] Step length = 0.00019032367340507907 Function values: 0.20227502211839082 -> 0.202187642667181 delta: -8.737945120981805e-05
method gd iteration 124: Locations[1.44953009 2.10218791] -> [1.44906607 2.10185178] Step length = 0.0005729754969836625 Function values: 0.202187642667181 -> 0.20208440630373048 delta: -0.00010323636345052623
method gd iteration 125: Locations[1.44906607 2.10185178] -> [1.44916063 2.10171998] Step length = 0.0001622057890351249 Function values: 0.20208440630373048 -> 0.20201866117771253 delta: -6.574512601795202e-05
method gd iteration 126: Locations[1.44916063 2.10171998] -> [1.44925683 2.10119088] Step length = 0.0005377792819985311 Function values: 0.20201866117771253 -> 0.20190318947163416 delta: -0.00011547170607836832
method gd iteration 127: Locations[1.44925683 2.10119088] -> [1.44860344 2.10092031] Step length = 0.0007071903713914029 Function values: 0.20190318947163416 -> 0.201854336278043 delta: -4.885319359115847e-05
method gd iteration 128: Locations[1.44860344 2.10092031] -> [1.44877403 2.10076234] Step length = 0.0002324964858077627 Function values: 0.201854336278043 -> 0.20172796900189557 delta: -0.0001263672761474266
method gd iteration 129: Locations[1.44877403 2.10076234] -> [1.44902192 2.10018117] Step length = 0.0006318281689733098 Function values: 0.20172796900189557 -> 0.2016473742949943 delta: -8.05947069012769e-05
method gd iteration 130: Locations[1.44902192 2.10018117] -> [1.44883037 2.1001481 ] Step length = 0.00019438101095565005 Function values: 0.2016473742949943 -> 0.2015565819194708 delta: -9.079237552350738e-05
method gd iteration 131: Locations[1.44883037 2.1001481 ] -> [1.44835721 2.09981573] Step length = 0.0005782268115953975 Function values: 0.2015565819194708 -> 0.20145562928316807 delta: -0.00010095263630272022
method gd iteration 132: Locations[1.44835721 2.09981573] -> [1.44845534 2.09968279] Step length = 0.00016522819602936205 Function values: 0.20145562928316807 -> 0.2013877257902581 delta: -6.790349290997089e-05
method gd iteration 133: Locations[1.44845534 2.09968279] -> [1.44855905 2.09915162] Step length = 0.0005412041359942289 Function values: 0.2013877257902581 -> 0.2012738283412199 delta: -0.00011389744903819721
method gd iteration 134: Locations[1.44855905 2.09915162] -> [1.44789156 2.09888656] Step length = 0.0007181898159761562 Function values: 0.2012738283412199 -> 0.20123014725216354 delta: -4.3681089056363254e-05
method gd iteration 135: Locations[1.44789156 2.09888656] -> [1.4480676  2.09872678] Step length = 0.00023774273527521044 Function values: 0.20123014725216354 -> 0.201098368730842 delta: -0.00013177852132154055
method gd iteration 136: Locations[1.4480676  2.09872678] -> [1.44832698 2.09814214] Step length = 0.0006395934142461532 Function values: 0.201098368730842 -> 0.20102119929490586 delta: -7.716943593613634e-05
method gd iteration 137: Locations[1.44832698 2.09814214] -> [1.44813109 2.09811071] Step length = 0.00019839213417034438 Function values: 0.20102119929490586 -> 0.2009269595885535 delta: -9.423970635236145e-05
method gd iteration 138: Locations[1.44813109 2.09811071] -> [1.44764894 2.09778206] Step length = 0.000583508688090368 Function values: 0.2009269595885535 -> 0.20082830824190304 delta: -9.865134665046349e-05
method gd iteration 139: Locations[1.44764894 2.09778206] -> [1.44775057 2.097648  ] Step length = 0.00016822359512775006 Function values: 0.20082830824190304 -> 0.20075822465113902 delta: -7.00835907640196e-05
method gd iteration 140: Locations[1.44775057 2.097648  ] -> [1.44786168 2.09711479] Step length = 0.000544660792710665 Function values: 0.20075822465113902 -> 0.20064591250873082 delta: -0.00011231214240819964
method gd iteration 141: Locations[1.44786168 2.09711479] -> [1.44718035 2.09685516] Step length = 0.0007291238474439458 Function values: 0.20064591250873082 -> 0.2006074230719752 delta: -3.8489436755606565e-05
method gd iteration 142: Locations[1.44718035 2.09685516] -> [1.44736173 2.09669361] Step length = 0.00024289674855046265 Function values: 0.2006074230719752 -> 0.2004702068674952 delta: -0.00013721620448001182
method gd iteration 143: Locations[1.44736173 2.09669361] -> [1.44763239 2.09610557] Step length = 0.0006473377256241914 Function values: 0.2004702068674952 -> 0.20039647489293605 delta: -7.373197455914915e-05
method gd iteration 144: Locations[1.44763239 2.09610557] -> [1.44743226 2.09607574] Step length = 0.00020233986202271184 Function values: 0.20039647489293605 -> 0.20029877104762497 delta: -9.770384531107568e-05
method gd iteration 145: Locations[1.44743226 2.09607574] -> [1.44694128 2.09575075] Step length = 0.0005887934377862953 Function values: 0.20029877104762497 -> 0.2002024284350822 delta: -9.634261254276577e-05
method gd iteration 146: Locations[1.44694128 2.09575075] -> [1.44704634 2.09561561] Step length = 0.00017117831047427372 Function values: 0.2002024284350822 -> 0.20013015429799294 delta: -7.227413708926766e-05
method gd iteration 147: Locations[1.44704634 2.09561561] -> [1.4471647  2.09508041] Step length = 0.0005481300888899739 Function values: 0.20013015429799294 -> 0.20001943200854744 delta: -0.00011072228944550289
method gd iteration 148: Locations[1.4471647  2.09508041] -> [1.44646984 2.0948261 ] Step length = 0.0007399392182818504 Function values: 0.20001943200854744 -> 0.19998612745139033 delta: -3.3304557157110004e-05
method gd iteration 149: Locations[1.44646984 2.0948261 ] -> [1.44665643 2.09466283] Step length = 0.00024793717503380624 Function values: 0.19998612745139033 -> 0.19984347651196774 delta: -0.00014265093942258944
method gd iteration 150: Locations[1.44665643 2.09466283] -> [1.44693812 2.09407147] Step length = 0.0006550210350828737 Function values: 0.19984347651196774 -> 0.1997731772656343 delta: -7.029924633344953e-05
method gd iteration 151: Locations[1.44693812 2.09407147] -> [1.44673386 2.09404321] Step length = 0.00020620685430690287 Function values: 0.1997731772656343 -> 0.1996720113829601 delta: -0.0001011658826741979
method gd iteration 152: Locations[1.44673386 2.09404321] -> [1.44623425 2.09372181] Step length = 0.0005940521041169848 Function values: 0.1996720113829601 -> 0.19957797409786368 delta: -9.403728509640996e-05
method gd iteration 153: Locations[1.44623425 2.09372181] -> [1.44634265 2.0935856 ] Step length = 0.00017407849551816877 Function values: 0.19957797409786368 -> 0.19950351108515332 delta: -7.446301271035738e-05
method gd iteration 154: Locations[1.44634265 2.0935856 ] -> [1.44646811 2.09304847] Step length = 0.0005515917840485738 Function values: 0.19950351108515332 -> 0.19939437622155717 delta: -0.00010913486359614977
method gd iteration 155: Locations[1.44646811 2.09304847] -> [1.44576007 2.09279936] Step length = 0.000750581696843959 Function values: 0.19939437622155717 -> 0.1993662218416659 delta: -2.8154379891259795e-05
method gd iteration 156: Locations[1.44576007 2.09279936] -> [1.44595171 2.09263442] Step length = 0.0002528426055976548 Function values: 0.1993662218416659 -> 0.19921817034509415 delta: -0.00014805149657176608
method gd iteration 157: Locations[1.44595171 2.09263442] -> [1.44624414 2.09203984] Step length = 0.0006626022028500878 Function values: 0.19921817034509415 -> 0.19915128113762282 delta: -6.688920747133231e-05
method gd iteration 158: Locations[1.44624414 2.09203984] -> [1.44603587 2.0920131 ] Step length = 0.000209975706503323 Function values: 0.19915128113762282 -> 0.19904667541440518 delta: -0.00010460572321763228
method gd iteration 159: Locations[1.44603587 2.0920131 ] -> [1.44552787 2.09169523] Step length = 0.0005992546828041022 Function values: 0.19904667541440518 -> 0.1989549285400328 delta: -9.174687437238371e-05
method gd iteration 160: Locations[1.44552787 2.09169523] -> [1.44563951 2.09155799] Step length = 0.00017691021669579817 Function values: 0.1989549285400328 -> 0.19887829119707104 delta: -7.663734296176061e-05
method gd iteration 161: Locations[1.44563951 2.09155799] -> [1.44577188 2.09101898] Step length = 0.000555024713780099 Function values: 0.19887829119707104 -> 0.19877073393647418 delta: -0.00010755726059685777
method gd iteration 162: Locations[1.44577188 2.09101898] -> [1.44505108 2.09077493] Step length = 0.0007609964340468662 Function values: 0.19877073393647418 -> 0.19874766570633376 delta: -2.3068230140421697e-05
method gd iteration 163: Locations[1.44505108 2.09077493] -> [1.44524759 2.09060839] Step length = 0.0002575916862730663 Function values: 0.19874766570633376 -> 0.19859428066825663 delta: -0.00015338503807713066
method gd iteration 164: Locations[1.44524759 2.09060839] -> [1.44555043 2.09001069] Step length = 0.0006700393230453757 Function values: 0.19859428066825663 -> 0.19853075995944508 delta: -6.352070881154859e-05
method gd iteration 165: Locations[1.44555043 2.09001069] -> [1.4453383  2.08998543] Step length = 0.00021362904746721834 Function values: 0.19853075995944508 -> 0.19842275772123785 delta: -0.00010800223820722765
method gd iteration 166: Locations[1.4453383  2.08998543] -> [1.44482217 2.08967099] Step length = 0.0006043703576459487 Function values: 0.19842275772123785 -> 0.19833327426079086 delta: -8.94834604469874e-05
method gd iteration 167: Locations[1.44482217 2.08967099] -> [1.44493693 2.08953276] Step length = 0.00017965953886198575 Function values: 0.19833327426079086 -> 0.19825449066518097 delta: -7.878359560989368e-05
method gd iteration 168: Locations[1.44493693 2.08953276] -> [1.445076   2.08899195] Step length = 0.0005584069589047652 Function values: 0.19825449066518097 -> 0.1981484934241359 delta: -0.00010599724104506936
method gd iteration 169: Locations[1.445076   2.08899195] -> [1.44434289 2.08875281] Step length = 0.0007711283380033401 Function values: 0.1981484934241359 -> 0.19813041684390562 delta: -1.8076580230286243e-05
method gd iteration 170: Locations[1.44434289 2.08875281] -> [1.44454407 2.08858472] Step length = 0.00026216323588570717 Function values: 0.19813041684390562 -> 0.19797179945157814 delta: -0.00015861739232747585
method gd iteration 171: Locations[1.44454407 2.08858472] -> [1.44485696 2.08798404] Step length = 0.0006772900396303337 Function values: 0.19797179945157814 -> 0.19791158611620388 delta: -6.021333537425955e-05
method gd iteration 172: Locations[1.44485696 2.08798404] -> [1.44464113 2.08796021] Step length = 0.0002171496395993736 Function values: 0.19791158611620388 -> 0.19780025267336362 delta: -0.0001113334428402557
method gd iteration 173: Locations[1.44464113 2.08796021] -> [1.44411716 2.08764909] Step length = 0.0006093677492750908 Function values: 0.19780025267336362 -> 0.1977129930832303 delta: -8.725959013333728e-05
method gd iteration 174: Locations[1.44411716 2.08764909] -> [1.44423492 2.08750991] Step length = 0.00018231261213218612 Function values: 0.1977129930832303 -> 0.19763210538818854 delta: -8.088769504174809e-05
method gd iteration 175: Locations[1.44423492 2.08750991] -> [1.44438046 2.08696738] Step length = 0.0005617160284704519 Function values: 0.19763210538818854 -> 0.19752764252445443 delta: -0.00010446286373411162
method gd iteration 176: Locations[1.44438046 2.08696738] -> [1.44363554 2.08673299] Step length = 0.0007809224543935482 Function values: 0.19752764252445443 -> 0.1975144317561766 delta: -1.3210768277815976e-05
method gd iteration 177: Locations[1.44363554 2.08673299] -> [1.44384119 2.08656342] Step length = 0.0002665363670388873 Function values: 0.1975144317561766 -> 0.19735071839026527 delta: -0.00016371336591133878
method gd iteration 178: Locations[1.44384119 2.08656342] -> [1.44416372 2.08595989] Step length = 0.0006843118699700834 Function values: 0.19735071839026527 -> 0.19729373116556892 delta: -5.69872246963532e-05
method gd iteration 179: Locations[1.44416372 2.08595989] -> [1.44394434 2.08593742] Step length = 0.0002205204810696777 Function values: 0.19729373116556892 -> 0.19717915446769757 delta: -0.00011457669787134916
method gd iteration 180: Locations[1.44394434 2.08593742] -> [1.44341287 2.08562953] Step length = 0.0006142151742212175 Function values: 0.19717915446769757 -> 0.19709406630756635 delta: -8.508816013122478e-05
method gd iteration 181: Locations[1.44341287 2.08562953] -> [1.44353349 2.08548945] Step length = 0.00018485575977170442 Function values: 0.19709406630756635 -> 0.1970111311556739 delta: -8.293515189244927e-05
method gd iteration 182: Locations[1.44353349 2.08548945] -> [1.44368523 2.08494528] Step length = 0.0005649290544609456 Function values: 0.1970111311556739 -> 0.19690816874541078 delta: -0.00010296241026311326
method gd iteration 183: Locations[1.44368523 2.08494528] -> [1.44292906 2.08471544] Step length = 0.0007903243504392775 Function values: 0.19690816874541078 -> 0.19689966605888523 delta: -8.502686525552194e-06
method gd iteration 184: Locations[1.44292906 2.08471544] -> [1.44313894 2.08454449] Step length = 0.00027069060976567445 Function values: 0.19689966605888523 -> 0.19673102896869823 delta: -0.00016863709018699602
method gd iteration 185: Locations[1.44313894 2.08454449] -> [1.44347066 2.08393825] Step length = 0.0006910625334044788 Function values: 0.19673102896869823 -> 0.19667716610303368 delta: -5.386286566455567e-05
method gd iteration 186: Locations[1.44347066 2.08393825] -> [1.44324794 2.08391709] Step length = 0.00022372490959499315 Function values: 0.19667716610303368 -> 0.1965594571694692 delta: -0.00011770893356446988
method gd iteration 187: Locations[1.44324794 2.08391709] -> [1.44270932 2.0836123 ] Step length = 0.0006188809115904816 Function values: 0.1965594571694692 -> 0.1964764748817413 delta: -8.298228772790628e-05
method gd iteration 188: Locations[1.44270932 2.0836123 ] -> [1.44283264 2.08347136] Step length = 0.0001872755667152738 Function values: 0.1964764748817413 -> 0.1963915636748399 delta: -8.491120690140574e-05
method gd iteration 189: Locations[1.44283264 2.08347136] -> [1.4429903  2.08292566] Step length = 0.000568022995935342 Function values: 0.1963915636748399 -> 0.19629005937318791 delta: -0.00010150430165198343
method gd iteration 190: Locations[1.4429903  2.08292566] -> [1.44222349 2.08270017] Step length = 0.0007992805002710405 Function values: 0.19629005937318791 -> 0.19628607493035036 delta: -3.984442837556834e-06
method gd iteration 191: Locations[1.44222349 2.08270017] -> [1.44243734 2.08252791] Step length = 0.00027460603704967436 Function values: 0.19628607493035036 -> 0.19611272253168038 delta: -0.00017335239866997365
method gd iteration 192: Locations[1.44243734 2.08252791] -> [1.44277778 2.08191913] Step length = 0.0006975002822802048 Function values: 0.19611272253168038 -> 0.19606186165157835 delta: -5.086088010203271e-05
method gd iteration 193: Locations[1.44277778 2.08191913] -> [1.44255191 2.0818992 ] Step length = 0.00022674670718591074 Function values: 0.19606186165157835 -> 0.19594115475806284 delta: -0.00012070689351550978
method gd iteration 194: Locations[1.44255191 2.0818992 ] -> [1.44200652 2.08159738] Step length = 0.0006233334747146673 Function values: 0.19594115475806284 -> 0.19586019958755743 delta: -8.095517050540901e-05
method gd iteration 195: Locations[1.44200652 2.08159738] -> [1.4421324  2.08145565] Step length = 0.00018955896826107903 Function values: 0.19586019958755743 -> 0.1957733986001485 delta: -8.680098740893039e-05
method gd iteration 196: Locations[1.4421324  2.08145565] -> [1.44229566 2.08090852] Step length = 0.000570974850247719 Function values: 0.1957733986001485 -> 0.19567330159224586 delta: -0.0001000970079026442
method gd iteration 197: Locations[1.44229566 2.08090852] -> [1.4421403  2.08086424] Step length = 0.0001615477338965897 Function values: 0.19567330159224586 -> 0.19560807769416022 delta: -6.522389808563678e-05
method gd iteration 198: Locations[1.4421403  2.08086424] -> [1.44173666 2.08051365] Step length = 0.0005346374111854022 Function values: 0.19560807769416022 -> 0.19549572420810366 delta: -0.00011235348605656559
method gd iteration 199: Locations[1.44173666 2.08051365] -> [1.4420846  2.07990275] Step length = 0.000703032112016952 Function values: 0.19549572420810366 -> 0.19544748385463437 delta: -4.824035346928657e-05
method gd iteration 200: Locations[1.4420846  2.07990275] -> [1.44185608 2.07988389] Step length = 0.0002293038316563829 Function values: 0.19544748385463437 -> 0.19532420441357762 delta: -0.0001232794410567506
method gd iteration 201: Locations[1.44185608 2.07988389] -> [1.44130489 2.07958471] Step length = 0.0006271462442340867 Function values: 0.19532420441357762 -> 0.19524503209797367 delta: -7.917231560394811e-05
method gd iteration 202: Locations[1.44130489 2.07958471] -> [1.44143293 2.07944231] Step length = 0.00019148983688940002 Function values: 0.19524503209797367 -> 0.19515661347933577 delta: -8.841861863789768e-05
method gd iteration 203: Locations[1.44143293 2.07944231] -> [1.44160101 2.07889401] Step length = 0.0005734846904445974 Function values: 0.19515661347933577 -> 0.1950577669714665 delta: -9.884650786926019e-05
method gd iteration 204: Locations[1.44160101 2.07889401] -> [1.44144396 2.07885046] Step length = 0.00016297642896570216 Function values: 0.1950577669714665 -> 0.19499153064313887 delta: -6.623632832764015e-05
method gd iteration 205: Locations[1.44144396 2.07885046] -> [1.44103667 2.07850174] Step length = 0.0005361841974703874 Function values: 0.19499153064313887 -> 0.1948800862597251 delta: -0.00011144438341376128
method gd iteration 206: Locations[1.44103667 2.07850174] -> [1.44139153 2.07788892] Step length = 0.0007081420319910946 Function values: 0.1948800862597251 -> 0.1948342886142578 delta: -4.5797645467304804e-05
method gd iteration 207: Locations[1.44139153 2.07788892] -> [1.44116058 2.07787104] Step length = 0.00023163701151485448 Function values: 0.1948342886142578 -> 0.1947086337005547 delta: -0.000125654913703116
method gd iteration 208: Locations[1.44116058 2.07787104] -> [1.44060408 2.07757433] Step length = 0.0006306629456607438 Function values: 0.1947086337005547 -> 0.19463113005420046 delta: -7.750364635422669e-05
method gd iteration 209: Locations[1.44060408 2.07757433] -> [1.44073408 2.07743134] Step length = 0.00019325106362992893 Function values: 0.19463113005420046 -> 0.19454122017546718 delta: -8.990987873327971e-05
method gd iteration 210: Locations[1.44073408 2.07743134] -> [1.44090661 2.07688201] Step length = 0.0005757912819146708 Function values: 0.19454122017546718 -> 0.19444355064632585 delta: -9.766952914133653e-05
method gd iteration 211: Locations[1.44090661 2.07688201] -> [1.44074803 2.07683912] Step length = 0.00016427891932666884 Function values: 0.19444355064632585 -> 0.19437638315333627 delta: -6.71674929895727e-05
method gd iteration 212: Locations[1.44074803 2.07683912] -> [1.44033739 2.07649217] Step length = 0.0005375943308865784 Function values: 0.19437638315333627 -> 0.19426580058007 delta: -0.00011058257326626575
method gd iteration 213: Locations[1.44033739 2.07649217] -> [1.44069855 2.07587764] Step length = 0.0007127949072904144 Function values: 0.19426580058007 -> 0.19422224988308512 delta: -4.355069698488978e-05
method gd iteration 214: Locations[1.44069855 2.07587764] -> [1.44046543 2.07586066] Step length = 0.00023373329377943187 Function values: 0.19422224988308512 -> 0.19409443695240747 delta: -0.00012781293067765098
method gd iteration 215: Locations[1.44046543 2.07586066] -> [1.43990409 2.07556626] Step length = 0.0006338567123256648 Function values: 0.19409443695240747 -> 0.19401847632651772 delta: -7.596062588974273e-05
method gd iteration 216: Locations[1.43990409 2.07556626] -> [1.44003586 2.07542274] Step length = 0.00019483220694774034 Function values: 0.19401847632651772 -> 0.19392721456972106 delta: -9.126175679666226e-05
method gd iteration 217: Locations[1.44003586 2.07542274] -> [1.44021245 2.07487251] Step length = 0.0005778746901142429 Function values: 0.19392721456972106 -> 0.19383064115237925 delta: -9.657341734181646e-05
method gd iteration 218: Locations[1.44021245 2.07487251] -> [1.4400525  2.07483023] Step length = 0.0001654468183361276 Function values: 0.19383064115237925 -> 0.1937626321053406 delta: -6.800904703865851e-05
method gd iteration 219: Locations[1.4400525  2.07483023] -> [1.43963881 2.07448494] Step length = 0.000538853536094071 Function values: 0.1937626321053406 -> 0.19365285935425133 delta: -0.00010977275108925433
method gd iteration 220: Locations[1.43963881 2.07448494] -> [1.44000563 2.07386893] Step length = 0.0007169577656956169 Function values: 0.19365285935425133 -> 0.1936113430142568 delta: -4.1516339994523976e-05
method gd iteration 221: Locations[1.44000563 2.07386893] -> [1.43977061 2.07385275] Step length = 0.00023558069676293635 Function values: 0.1936113430142568 -> 0.1934816086916334 delta: -0.00012973432262342044
method gd iteration 222: Locations[1.43977061 2.07385275] -> [1.43920495 2.07356048] Step length = 0.0006367022679194912 Function values: 0.1934816086916334 -> 0.19340705468963973 delta: -7.455400199365969e-05
method gd iteration 223: Locations[1.43920495 2.07356048] -> [1.43933828 2.07341651] Step length = 0.0001962236127467149 Function values: 0.19340705468963973 -> 0.1933145926663193 delta: -9.246202332041653e-05
method gd iteration 224: Locations[1.43933828 2.07341651] -> [1.43951851 2.07286552] Step length = 0.0005797161041358528 Function values: 0.1933145926663193 -> 0.19321902761103874 delta: -9.556505528057757e-05
method gd iteration 225: Locations[1.43951851 2.07286552] -> [1.43935735 2.07282379] Step length = 0.00016647236970955139 Function values: 0.19321902761103874 -> 0.19315027445973026 delta: -6.875315130847048e-05
method gd iteration 226: Locations[1.43935735 2.07282379] -> [1.43894096 2.07248005] Step length = 0.0005399483026456004 Function values: 0.19315027445973026 -> 0.1930412551460909 delta: -0.00010901931363935247
method gd iteration 227: Locations[1.43894096 2.07248005] -> [1.43931277 2.07186278] Step length = 0.0007206000793309959 Function values: 0.1930412551460909 -> 0.19300154508462977 delta: -3.971006146114009e-05
method gd iteration 228: Locations[1.43931277 2.07186278] -> [1.43907611 2.07184732] Step length = 0.00023716829944025447 Function values: 0.19300154508462977 -> 0.19287014368547192 delta: -0.00013140139915784887
method gd iteration 229: Locations[1.43907611 2.07184732] -> [1.43850667 2.07155699] Step length = 0.0006391761643443345 Function values: 0.19287014368547192 -> 0.1927968500294458 delta: -7.329365602612437e-05
method gd iteration 230: Locations[1.43850667 2.07155699] -> [1.43864134 2.07141264] Step length = 0.0001974164879449482 Function values: 0.1927968500294458 -> 0.1927033506282622 delta: -9.3499401183611e-05
method gd iteration 231: Locations[1.43864134 2.07141264] -> [1.43882478 2.07086104] Step length = 0.0005812980314915545 Function values: 0.1927033506282622 -> 0.19260869986238138 delta: -9.46507658808049e-05
method gd iteration 232: Locations[1.43882478 2.07086104] -> [1.43866259 2.07081981] Step length = 0.00016734850988100176 Function values: 0.19260869986238138 -> 0.19253930727985882 delta: -6.939258252255942e-05
method gd iteration 233: Locations[1.43866259 2.07081981] -> [1.43824384 2.07047749] Step length = 0.0005408660365998835 Function values: 0.19253930727985882 -> 0.19243098098306527 delta: -0.00010832629679355388
method gd iteration 234: Locations[1.43824384 2.07047749] -> [1.43861995 2.0698592 ] Step length = 0.0007236940301322327 Function values: 0.19243098098306527 -> 0.19239283520454442 delta: -3.814577852084833e-05
method gd iteration 235: Locations[1.43861995 2.0698592 ] -> [1.43838193 2.06984436] Step length = 0.00023848632549605374 Function values: 0.19239283520454442 -> 0.19226003700010377 delta: -0.00013279820444064838
method gd iteration 236: Locations[1.43838193 2.06984436] -> [1.43780927 2.06955579] Step length = 0.0006412570060535258 Function values: 0.19226003700010377 -> 0.19218784854092502 delta: -7.218845917875139e-05
method gd iteration 237: Locations[1.43780927 2.06955579] -> [1.43794506 2.06941113] Step length = 0.00019840296943731512 Function values: 0.19218784854092502 -> 0.19209348481208044 delta: -9.4363728844582e-05
method gd iteration 238: Locations[1.43794506 2.06941113] -> [1.43813126 2.06885908] Step length = 0.0005826044825187825 Function values: 0.19209348481208044 -> 0.19199964859219315 delta: -9.383621988728885e-05
method gd iteration 239: Locations[1.43813126 2.06885908] -> [1.43796822 2.06881828] Step length = 0.00016806892622960926 Function values: 0.19199964859219315 -> 0.1919297277539752 delta: -6.99208382179406e-05
method gd iteration 240: Locations[1.43796822 2.06881828] -> [1.43754747 2.06847726] Step length = 0.000541595204829282 Function values: 0.1919297277539752 -> 0.19182203043746862 delta: -0.00010769731650658865
method gd iteration 241: Locations[1.43754747 2.06847726] -> [1.43792715 2.06785821] Step length = 0.0007262147569917139 Function values: 0.19182203043746862 -> 0.1917851948081136 delta: -3.683562935502538e-05
method gd iteration 242: Locations[1.43792715 2.06785821] -> [1.43768805 2.06784389] Step length = 0.0002395262212327938 Function values: 0.1917851948081136 -> 0.19165128405236612 delta: -0.00013391075574747946
method gd iteration 243: Locations[1.43768805 2.06784389] -> [1.43711275 2.06755686] Step length = 0.0006429256588159275 Function values: 0.19165128405236612 -> 0.19158003791346864 delta: -7.124613889747389e-05
method gd iteration 244: Locations[1.43711275 2.06755686] -> [1.43724943 2.06741198] Step length = 0.00019917618783207833 Function values: 0.19158003791346864 -> 0.19148499180093995 delta: -9.50461125286961e-05
method gd iteration 245: Locations[1.43724943 2.06741198] -> [1.43743793 2.06685964] Step length = 0.0005836211423736342 Function values: 0.19148499180093995 -> 0.19139186545074505 delta: -9.312635019489979e-05
method gd iteration 246: Locations[1.43743793 2.06685964] -> [1.43727422 2.0668192 ] Step length = 0.00016862811068209406 Function values: 0.19139186545074505 -> 0.1913215332162471 delta: -7.033223449795512e-05
method gd iteration 247: Locations[1.43727422 2.0668192 ] -> [1.43685184 2.06647936] Step length = 0.0005421254701465205 Function values: 0.1913215332162471 -> 0.19121439770219373 delta: -0.00010713551405336363
method gd iteration 248: Locations[1.43685184 2.06647936] -> [1.43723437 2.06585979] Step length = 0.0007281405825111889 Function values: 0.19121439770219373 -> 0.19117860791816008 delta: -3.578978403365185e-05
method gd iteration 249: Locations[1.43723437 2.06585979] -> [1.43699449 2.0658459 ] Step length = 0.00024028072654802858 Function values: 0.19117860791816008 -> 0.19104388065795894 delta: -0.00013472726020113956
method gd iteration 250: Locations[1.43699449 2.0658459 ] -> [1.43641713 2.06556022] Step length = 0.0006441654409749943 Function values: 0.19104388065795894 -> 0.19097340749975386 delta: -7.047315820507549e-05
method gd iteration 251: Locations[1.43641713 2.06556022] -> [1.43655446 2.06541519] Step length = 0.00019973032534985192 Function values: 0.19097340749975386 -> 0.19087786843544188 delta: -9.5539064311978e-05
method gd iteration 252: Locations[1.43655446 2.06541519] -> [1.43674479 2.06486272] Step length = 0.0005843355287335359 Function values: 0.19087786843544188 -> 0.19078534316089174 delta: -9.252527455014259e-05
method gd iteration 253: Locations[1.43674479 2.06486272] -> [1.43658061 2.06482259] Step length = 0.00016902140822296568 Function values: 0.19078534316089174 -> 0.19071472116627233 delta: -7.062199461940755e-05
method gd iteration 254: Locations[1.43658061 2.06482259] -> [1.43615697 2.06448379] Step length = 0.0005424478154989033 Function values: 0.19071472116627233 -> 0.19060807765958213 delta: -0.00010664350669020717
method gd iteration 255: Locations[1.43615697 2.06448379] -> [1.43654159 2.06386397] Step length = 0.0007294532173884078 Function values: 0.19060807765958213 -> 0.1905730613802451 delta: -3.501627933702456e-05
method gd iteration 256: Locations[1.43654159 2.06386397] -> [1.43630123 2.06385039] Step length = 0.00024074393822533867 Function values: 0.1905730613802451 -> 0.190437823075156 delta: -0.00013523830508910262
method gd iteration 257: Locations[1.43630123 2.06385039] -> [1.43572242 2.06356585] Step length = 0.0006449622953830393 Function values: 0.190437823075156 -> 0.19036794846467067 delta: -6.98746104853265e-05
method gd iteration 258: Locations[1.43572242 2.06356585] -> [1.43586017 2.06342076] Step length = 0.0002000606673253238 Function values: 0.19036794846467067 -> 0.19027211184148055 delta: -9.583662319012642e-05
method gd iteration 259: Locations[1.43586017 2.06342076] -> [1.43605184 2.06286833] Step length = 0.0005847371334342682 Function values: 0.19027211184148055 -> 0.1901800756132035 delta: -9.203622827705371e-05
method gd iteration 260: Locations[1.43605184 2.06286833] -> [1.43588737 2.06282843] Step length = 0.0001692450598589747 Function values: 0.1901800756132035 -> 0.19010928928666937 delta: -7.078632653412242e-05
method gd iteration 261: Locations[1.43588737 2.06282843] -> [1.43546287 2.06249054] Step length = 0.0005425546555805515 Function values: 0.19010928928666937 -> 0.19000306594188549 delta: -0.00010622334478388451
method gd iteration 262: Locations[1.43546287 2.06249054] -> [1.4358488  2.06187074] Step length = 0.0007301379405824977 Function values: 0.19000306594188549 -> 0.1899685450606941 delta: -3.452088119137997e-05
method gd iteration 263: Locations[1.4358488  2.06187074] -> [1.43560826 2.06185737] Step length = 0.00024091136484746803 Function values: 0.1899685450606941 -> 0.189833108043092 delta: -0.00013543701760210247
method gd iteration 264: Locations[1.43560826 2.06185737] -> [1.43502862 2.06157376] Step length = 0.0006453049403160503 Function values: 0.189833108043092 -> 0.18976365391103733 delta: -6.945413205466933e-05
method gd iteration 265: Locations[1.43502862 2.06157376] -> [1.43516654 2.06142869] Step length = 0.00020016364676863697 Function values: 0.18976365391103733 -> 0.18966771945456432 delta: -9.593445647301801e-05
method gd iteration 266: Locations[1.43516654 2.06142869] -> [1.43535906 2.06087647] Step length = 0.0005848175464128706 Function values: 0.18966771945456432 -> 0.1895760579460457 delta: -9.166150851860899e-05
method gd iteration 267: Locations[1.43535906 2.06087647] -> [1.4351945  2.06083674] Step length = 0.00016929623961617774 Function values: 0.1895760579460457 -> 0.18950523545837128 delta: -7.082248767442678e-05
method gd iteration 268: Locations[1.4351945  2.06083674] -> [1.43476954 2.06049962] Step length = 0.0005424399343563074 Function values: 0.18950523545837128 -> 0.18939935898200577 delta: -0.00010587647636550734
method gd iteration 269: Locations[1.43476954 2.06049962] -> [1.43515601 2.0598801 ] Step length = 0.0007301837535256749 Function values: 0.18939935898200577 -> 0.18936505200412151 delta: -3.430697788425752e-05
method gd iteration 270: Locations[1.43515601 2.0598801 ] -> [1.4349156  2.05986683] Step length = 0.00024077997269654825 Function values: 0.18936505200412151 -> 0.18922973281377795 delta: -0.0001353191903435691
method gd iteration 271: Locations[1.4349156  2.05986683] -> [1.43433574 2.05958393] Step length = 0.000645184997819619 Function values: 0.18922973281377795 -> 0.18916051897924788 delta: -6.921383453006857e-05
method gd iteration 272: Locations[1.43433574 2.05958393] -> [1.43447359 2.05943898] Step length = 0.00020003688150888957 Function values: 0.18916051897924788 -> 0.18906468904005927 delta: -9.58299391886075e-05
method gd iteration 273: Locations[1.43447359 2.05943898] -> [1.43466647 2.05888714] Step length = 0.0005845705604938195 Function values: 0.18906468904005927 -> 0.1889732866087779 delta: -9.140243128136216e-05
method gd iteration 274: Locations[1.43466647 2.05888714] -> [1.434502   2.05884751] Step length = 0.00016917308518958892 Function values: 0.1889732866087779 -> 0.18890255777327833 delta: -7.072883549957831e-05
method gd iteration 275: Locations[1.434502   2.05884751] -> [1.43407697 2.05851102] Step length = 0.0005420992071393458 Function values: 0.18890255777327833 -> 0.1887969540533494 delta: -0.0001056037199289317
method gd iteration 276: Locations[1.43407697 2.05851102] -> [1.43446321 2.05789206] Step length = 0.0007295835067937856 Function values: 0.1887969540533494 -> 0.18876257854668646 delta: -3.437550666293698e-05
method gd iteration 277: Locations[1.43446321 2.05789206] -> [1.43422323 2.05787879] Step length = 0.00024034822208760906 Function values: 0.18876257854668646 -> 0.18862769517710853 delta: -0.00013488336957792613
method gd iteration 278: Locations[1.43422323 2.05787879] -> [1.43364379 2.05759638] Step length = 0.0006445970980744905 Function values: 0.18862769517710853 -> 0.18855854091845284 delta: -6.915425865569591e-05
method gd iteration 279: Locations[1.43364379 2.05759638] -> [1.43378132 2.05745162] Step length = 0.0001996792034802648 Function values: 0.18855854091845284 -> 0.18846301870888138 delta: -9.552220957145807e-05
method gd iteration 280: Locations[1.43378132 2.05745162] -> [1.43397404 2.05690034] Step length = 0.0005839922556864944 Function values: 0.18846301870888138 -> 0.18837175940654036 delta: -9.125930234102353e-05
method gd iteration 281: Locations[1.43397404 2.05690034] -> [1.43380988 2.05686074] Step length = 0.00016887472189512783 Function values: 0.18837175940654036 -> 0.18830125454397334 delta: -7.050486256701682e-05
method gd iteration 282: Locations[1.43380988 2.05686074] -> [1.43338518 2.05652475] Step length = 0.0005415297060136362 Function values: 0.18830125454397334 -> 0.18819584929782857 delta: -0.00010540524614477409
method gd iteration 283: Locations[1.43338518 2.05652475] -> [1.43377039 2.05590662] Step length = 0.0007283339978233095 Function values: 0.18819584929782857 -> 0.18816112438215357 delta: -3.472491567499403e-05
method gd iteration 284: Locations[1.43377039 2.05590662] -> [1.43353115 2.05589324] Step length = 0.00023961609367204154 Function values: 0.18816112438215357 -> 0.18802699347824844 delta: -0.0001341309039051275
method gd iteration 285: Locations[1.43353115 2.05589324] -> [1.43295275 2.0556111 ] Step length = 0.0006435389585271136 Function values: 0.18802699347824844 -> 0.18795771912742953 delta: -6.927435081890976e-05
method gd iteration 286: Locations[1.43295275 2.0556111 ] -> [1.43308973 2.05546662] Step length = 0.00019909067979875187 Function values: 0.18795771912742953 -> 0.18786270692825202 delta: -9.501219917751325e-05
method gd iteration 287: Locations[1.43308973 2.05546662] -> [1.43328179 2.05491608] Step length = 0.0005830810618478076 Function values: 0.18786270692825202 -> 0.18777147552545678 delta: -9.123140279523878e-05
method gd iteration 288: Locations[1.43328179 2.05491608] -> [1.43311812 2.05487644] Step length = 0.00016840127963132893 Function values: 0.18777147552545678 -> 0.1877013243102539 delta: -7.015121520287382e-05
method gd iteration 289: Locations[1.43311812 2.05487644] -> [1.43269417 2.0545408 ] Step length = 0.0005407303875693062 Function values: 0.1877013243102539 -> 0.18759604374126737 delta: -0.0001052805689865377
method gd iteration 290: Locations[1.43269417 2.0545408 ] -> [1.43307757 2.05392377] Step length = 0.0007264360384232103 Function values: 0.18759604374126737 -> 0.18756069257875838 delta: -3.535116250899528e-05
method gd iteration 291: Locations[1.43307757 2.05392377] -> [1.43283937 2.05391017] Step length = 0.00023858510433286015 Function values: 0.18756069257875838 -> 0.18742762662693557 delta: -0.00013306595182280279
method gd iteration 292: Locations[1.43283937 2.05391017] -> [1.43226265 2.05362809] Step length = 0.0006420114366912878 Function values: 0.18742762662693557 -> 0.18735805516388443 delta: -6.957146305114348e-05
method gd iteration 293: Locations[1.43226265 2.05362809] -> [1.43239882 2.05348397] Step length = 0.00019827262531287317 Function values: 0.18735805516388443 -> 0.18726375252722405 delta: -9.430263666038163e-05
method gd iteration 294: Locations[1.43239882 2.05348397] -> [1.43258972 2.05293434] Step length = 0.0005818377987268094 Function values: 0.18726375252722405 -> 0.1871724355374666 delta: -9.131698975745062e-05
method gd iteration 295: Locations[1.43258972 2.05293434] -> [1.43242674 2.0528946 ] Step length = 0.00016775390259757053 Function values: 0.1871724355374666 -> 0.18710276584230554 delta: -6.966969516106203e-05
method gd iteration 296: Locations[1.43242674 2.0528946 ] -> [1.43200394 2.05255917] Step length = 0.0005397019620988948 Function values: 0.18710276584230554 -> 0.18699753729572116 delta: -0.00010522854658437386
method gd iteration 297: Locations[1.43200394 2.05255917] -> [1.43238474 2.05194352] Step length = 0.0007238944910110761 Function values: 0.18699753729572116 -> 0.1869612895458669 delta: -3.6247749854251277e-05
method gd iteration 298: Locations[1.43238474 2.05194352] -> [1.43214789 2.0519296 ] Step length = 0.00023725831239055826 Function values: 0.1869612895458669 -> 0.1868295940983924 delta: -0.0001316954474745169
method gd iteration 299: Locations[1.43214789 2.0519296 ] -> [1.43157347 2.05164735] Step length = 0.0006400185556868574 Function values: 0.1868295940983924 -> 0.18675955272157083 delta: -7.004137682156686e-05
method gd iteration 300: Locations[1.43157347 2.05164735] -> [1.43170859 2.05150369] Step length = 0.00019722760641084001 Function values: 0.18675955272157083 -> 0.18666615469678954 delta: -9.339802478128267e-05
method gd iteration 301: Locations[1.43170859 2.05150369] -> [1.43189783 2.05095515] Step length = 0.0005802656925810662 Function values: 0.18666615469678954 -> 0.18657464138441263 delta: -9.15133123769174e-05
method gd iteration 302: Locations[1.43189783 2.05095515] -> [1.43173574 2.05091523] Step length = 0.00016693475157488028 Function values: 0.18657464138441263 -> 0.18650557814039528 delta: -6.906324401734221e-05
method gd iteration 303: Locations[1.43173574 2.05091523] -> [1.43131448 2.05057986] Step length = 0.0005384469035824567 Function values: 0.18650557814039528 -> 0.18640033074849116 delta: -0.00010524739190412302
method gd iteration 304: Locations[1.43131448 2.05057986] -> [1.4316919  2.04996587] Step length = 0.0007207182727365131 Function values: 0.18640033074849116 -> 0.18636292495048606 delta: -3.74057980050968e-05
method gd iteration 305: Locations[1.4316919  2.04996587] -> [1.4314567  2.04995153] Step length = 0.00023564031195594682 Function values: 0.18636292495048606 -> 0.18623289592572098 delta: -0.0001300290247650826
method gd iteration 306: Locations[1.4314567  2.04995153] -> [1.4308852  2.04966889] Step length = 0.0006375675017927683 Function values: 0.18623289592572098 -> 0.18616221757529308 delta: -7.06783504278996e-05
method gd iteration 307: Locations[1.4308852  2.04966889] -> [1.43101905 2.04952576] Step length = 0.00019595943593329554 Function values: 0.18616221757529308 -> 0.18606991298449538 delta: -9.230459079770381e-05
method gd iteration 308: Locations[1.43101905 2.04952576] -> [1.43120612 2.04897848] Step length = 0.0005783703687736102 Function values: 0.18606991298449538 -> 0.18597809634145207 delta: -9.181664304330761e-05
method gd iteration 309: Locations[1.43120612 2.04897848] -> [1.43104511 2.04893832] Step length = 0.00016594699862971206 Function values: 0.18597809634145207 -> 0.1859097604310483 delta: -6.833591040378284e-05
method gd iteration 310: Locations[1.43104511 2.04893832] -> [1.43062579 2.04860289] Step length = 0.0005369694400124637 Function values: 0.1859097604310483 -> 0.18580442573788403 delta: -0.0001053346931642607
method gd iteration 311: Locations[1.43062579 2.04860289] -> [1.43099908 2.04799082] Step length = 0.0007169203268211682 Function values: 0.18580442573788403 -> 0.18576561158470858 delta: -3.881415317544268e-05
method gd iteration 312: Locations[1.43099908 2.04799082] -> [1.43076582 2.04797594] Step length = 0.00023373721636053306 Function values: 0.18576561158470858 -> 0.18563753268382013 delta: -0.00012807890088845086
method gd iteration 313: Locations[1.43076582 2.04797594] -> [1.43019786 2.0476927 ] Step length = 0.0006346685934343577 Function values: 0.18563753268382013 -> 0.18556605749451344 delta: -7.147518930669672e-05
method gd iteration 314: Locations[1.43019786 2.0476927 ] -> [1.43033018 2.04755019] Step length = 0.00019447315910368348 Function values: 0.18556605749451344 -> 0.1854750272836036 delta: -9.10302109098371e-05
method gd iteration 315: Locations[1.43033018 2.04755019] -> [1.4305146  2.04700434] Step length = 0.0005761598199291884 Function values: 0.1854750272836036 -> 0.18538280496028478 delta: -9.222232331881908e-05
method gd iteration 316: Locations[1.4305146  2.04700434] -> [1.43035485 2.04696387] Step length = 0.00016479481415136764 Function values: 0.18538280496028478 -> 0.18531531215973854 delta: -6.749280054624274e-05
method gd iteration 317: Locations[1.43035485 2.04696387] -> [1.42993788 2.04662824] Step length = 0.0005352755237973497 Function values: 0.18531531215973854 -> 0.18520982471605613 delta: -0.00010548744368241159
method gd iteration 318: Locations[1.42993788 2.04662824] -> [1.43030628 2.04601835] Step length = 0.0007125175606848617 Function values: 0.18520982471605613 -> 0.18516936518623753 delta: -4.045952981859835e-05
method gd iteration 319: Locations[1.43030628 2.04601835] -> [1.43007524 2.04600284] Step length = 0.00023155663070007897 Function values: 0.18516936518623753 -> 0.18504350546505616 delta: -0.00012585972118137057
method gd iteration 320: Locations[1.43007524 2.04600284] -> [1.42951141 2.0457188 ] Step length = 0.0006313352212707113 Function values: 0.18504350546505616 -> 0.18497108212697908 delta: -7.242333807708223e-05
method gd iteration 321: Locations[1.42951141 2.0457188 ] -> [1.42964199 2.04557698] Step length = 0.00019277503049440305 Function values: 0.18497108212697908 -> 0.18488149781695407 delta: -8.958431002500933e-05
method gd iteration 322: Locations[1.42964199 2.04557698] -> [1.42982328 2.04503274] Step length = 0.000573644349463882 Function values: 0.18488149781695407 -> 0.1847887729931344 delta: -9.272482381966762e-05
method gd iteration 323: Locations[1.42982328 2.04503274] -> [1.42966498 2.0449919 ] Step length = 0.0001634833461993511 Function values: 0.1847887729931344 -> 0.18472223298019774 delta: -6.654001293665557e-05
method gd iteration 324: Locations[1.42966498 2.0449919 ] -> [1.42925073 2.04465592] Step length = 0.0005333727822294947 Function values: 0.18472223298019774 -> 0.18461653089955443 delta: -0.00010570208064331066
method gd iteration 325: Locations[1.42925073 2.04465592] -> [1.42961351 2.04404847] Step length = 0.0007075307506418947 Function values: 0.18461653089955443 -> 0.18457420421513832 delta: -4.232668441611631e-05
method gd iteration 326: Locations[1.42961351 2.04404847] -> [1.42938498 2.04403224] Step length = 0.00022910761365082133 Function values: 0.18457420421513832 -> 0.18445081584708695 delta: -0.0001233883680513692
method gd iteration 327: Locations[1.42938498 2.04403224] -> [1.42882587 2.04374717] Step length = 0.0006275837592196831 Function values: 0.18445081584708695 -> 0.18437730285440465 delta: -7.351299268229528e-05
method gd iteration 328: Locations[1.42882587 2.04374717] -> [1.42895448 2.04360613] Step length = 0.0001908724820907879 Function values: 0.18437730285440465 -> 0.1842893251157972 delta: -8.797773860744207e-05
method gd iteration 329: Locations[1.42895448 2.04360613] -> [1.42913217 2.04306366] Step length = 0.0005708364905247177 Function values: 0.1842893251157972 -> 0.18419600729882124 delta: -9.331781697596853e-05
method gd iteration 330: Locations[1.42913217 2.04306366] -> [1.42897549 2.04302238] Step length = 0.00016201869217970143 Function values: 0.18419600729882124 -> 0.18413052274052363 delta: -6.548455829760713e-05
method gd iteration 331: Locations[1.42897549 2.04302238] -> [1.42856434 2.04268593] Step length = 0.0005312704482221182 Function values: 0.18413052274052363 -> 0.18402454820843114 delta: -0.00010597453209248986
method gd iteration 332: Locations[1.42856434 2.04268593] -> [1.42892079 2.04208118] Step length = 0.0007019844131594319 Function values: 0.18402454820843114 -> 0.18398014959088965 delta: -4.4398617541491214e-05
method gd iteration 333: Locations[1.42892079 2.04208118] -> [1.42869503 2.04206412] Step length = 0.00022640062879644 Function values: 0.18398014959088965 -> 0.1838594658534129 delta: -0.00012068373747675665
method gd iteration 334: Locations[1.42869503 2.04206412] -> [1.42814122 2.04177784] Step length = 0.0006234334465039378 Function values: 0.1838594658534129 -> 0.1837847326228543 delta: -7.473323055859349e-05
method gd iteration 335: Locations[1.42814122 2.04177784] -> [1.42826763 2.04163765] Step length = 0.00018877408261204484 Function values: 0.1837847326228543 -> 0.1836985099939768 delta: -8.622262887750254e-05
method gd iteration 336: Locations[1.42826763 2.04163765] -> [1.42844127 2.0410971 ] Step length = 0.0005677509006169787 Function values: 0.1836985099939768 -> 0.18360451573265854 delta: -9.399426131825872e-05
method gd iteration 337: Locations[1.42844127 2.0410971 ] -> [1.4276669  2.04088826] Step length = 0.0008020393146856409 Function values: 0.18360451573265854 -> 0.18360413454571808 delta: -3.8118694045685686e-07
method gd iteration 338: Locations[1.4276669  2.04088826] -> [1.42787846 2.0407183 ] Step length = 0.00027136813444678413 Function values: 0.18360413454571808 -> 0.18343394663589985 delta: -0.00017018790981823684
method gd iteration 339: Locations[1.42787846 2.0407183 ] -> [1.42822856 2.04011625] Step length = 0.000696447489382609 Function values: 0.18343394663589985 -> 0.18338750918069247 delta: -4.643745520738207e-05
method gd iteration 340: Locations[1.42822856 2.04011625] -> [1.42800558 2.04009837] Step length = 0.00022369911874744252 Function values: 0.18338750918069247 -> 0.18326949424658298 delta: -0.00011801493410948383
method gd iteration 341: Locations[1.42800558 2.04009837] -> [1.42745706 2.03981087] Step length = 0.0006192941606401115 Function values: 0.18326949424658298 -> 0.183193561901594 delta: -7.59323449889826e-05
method gd iteration 342: Locations[1.42745706 2.03981087] -> [1.4275813  2.03967153] Step length = 0.0001866814402004588 Function values: 0.183193561901594 -> 0.18310907139907712 delta: -8.449050251688184e-05
method gd iteration 343: Locations[1.4275813  2.03967153] -> [1.42775087 2.03913291] Step length = 0.0005646761331215786 Function values: 0.18310907139907712 -> 0.1830144142077906 delta: -9.46571912865124e-05
method gd iteration 344: Locations[1.42775087 2.03913291] -> [1.42698549 2.03892159] Step length = 0.0007940150054254722 Function values: 0.1830144142077906 -> 0.18301040788013337 delta: -4.00632765723552e-06
method gd iteration 345: Locations[1.42698549 2.03892159] -> [1.42719333 2.03875302] Step length = 0.00026761206469071673 Function values: 0.18301040788013337 -> 0.18284466064329663 delta: -0.00016574723683673853
method gd iteration 346: Locations[1.42719333 2.03875302] -> [1.4275364  2.03815391] Step length = 0.0006903816937473796 Function values: 0.18284466064329663 -> 0.18279600116793834 delta: -4.865947535828696e-05
method gd iteration 347: Locations[1.4275364  2.03815391] -> [1.42731645 2.03813511] Step length = 0.00022075210264870928 Function values: 0.18279600116793834 -> 0.18268086426519364 delta: -0.00011513690274470023
method gd iteration 348: Locations[1.42731645 2.03813511] -> [1.42677379 2.03784619] Step length = 0.0006147804895899044 Function values: 0.18268086426519364 -> 0.18260361611310127 delta: -7.724815209236846e-05
method gd iteration 349: Locations[1.42677379 2.03784619] -> [1.42689563 2.03770778] Step length = 0.00018440336633006413 Function values: 0.18260361611310127 -> 0.1825209908175307 delta: -8.262529557057086e-05
method gd iteration 350: Locations[1.42689563 2.03770778] -> [1.42706069 2.03717125] Step length = 0.0005613424920382095 Function values: 0.1825209908175307 -> 0.1824255962079822 delta: -9.539460954849366e-05
method gd iteration 351: Locations[1.42706069 2.03717125] -> [1.42630514 2.03695716] Step length = 0.0007853033120596027 Function values: 0.1824255962079822 -> 0.18241770822250095 delta: -7.887985481264126e-06
method gd iteration 352: Locations[1.42630514 2.03695716] -> [1.42650895 2.03679007] Step length = 0.0002635533516570825 Function values: 0.18241770822250095 -> 0.1822566953437921 delta: -0.00016101287870884384
method gd iteration 353: Locations[1.42650895 2.03679007] -> [1.42684432 2.03619414] Step length = 0.0006838186956652317 Function values: 0.1822566953437921 -> 0.1822056503418209 delta: -5.104500197120054e-05
method gd iteration 354: Locations[1.42684432 2.03619414] -> [1.42662765 2.03617434] Step length = 0.00021757271808713297 Function values: 0.1822056503418209 -> 0.18209357869464254 delta: -0.00011207164717835782
method gd iteration 355: Locations[1.42662765 2.03617434] -> [1.42609137 2.03588382] Step length = 0.0006099170654850644 Function values: 0.18209357869464254 -> 0.18201491066467088 delta: -7.8668029971668e-05
method gd iteration 356: Locations[1.42609137 2.03588382] -> [1.42621063 2.0357464 ] Step length = 0.0001819505958665787 Function values: 0.18201491066467088 -> 0.1819342695518688 delta: -8.064111280206565e-05
method gd iteration 357: Locations[1.42621063 2.0357464 ] -> [1.42637076 2.03521211] Step length = 0.0005577685484480434 Function values: 0.1819342695518688 -> 0.18183807115691147 delta: -9.61983949573364e-05
method gd iteration 358: Locations[1.42637076 2.03521211] -> [1.42562582 2.03499497] Step length = 0.0007759479403092765 Function values: 0.18183807115691147 -> 0.1818260771938917 delta: -1.1993963019762965e-05
method gd iteration 359: Locations[1.42562582 2.03499497] -> [1.42582531 2.03482947] Step length = 0.00025920946866638607 Function values: 0.1818260771938917 -> 0.18167005632056452 delta: -0.00015602087332719505
method gd iteration 360: Locations[1.42582531 2.03482947] -> [1.42615235 2.03423694] Step length = 0.0006767934209306744 Function values: 0.18167005632056452 -> 0.1816164830020279 delta: -5.3573318536614956e-05
method gd iteration 361: Locations[1.42615235 2.03423694] -> [1.4259392  2.03421605] Step length = 0.0002141753479622281 Function values: 0.1816164830020279 -> 0.181507640614271 delta: -0.0001088423877569078
method gd iteration 362: Locations[1.4259392  2.03421605] -> [1.42540981 2.03392375] Step length = 0.0006047309284875474 Function values: 0.181507640614271 -> 0.18142746191571565 delta: -8.017869855533877e-05
method gd iteration 363: Locations[1.42540981 2.03392375] -> [1.42552628 2.03378739] Step length = 0.00017933486316766434 Function values: 0.18142746191571565 -> 0.1813489090871815 delta: -7.855282853416745e-05
method gd iteration 364: Locations[1.42552628 2.03378739] -> [1.42568109 2.03325548] Step length = 0.0005539745841711391 Function values: 0.1813489090871815 -> 0.1812518490771488 delta: -9.706001003267906e-05
method gd iteration 365: Locations[1.42568109 2.03325548] -> [1.4249475  2.03303503] Step length = 0.0007659965316107457 Function values: 0.1812518490771488 -> 0.18123555823014068 delta: -1.6290847008132436e-05
method gd iteration 366: Locations[1.4249475  2.03303503] -> [1.4251424  2.03287121] Step length = 0.0002545993148723193 Function values: 0.18123555823014068 -> 0.1810847495319838 delta: -0.00015080869815686793
method gd iteration 367: Locations[1.4251424  2.03287121] -> [1.42546052 2.03228229] Step length = 0.0006693437879449427 Function values: 0.1810847495319838 -> 0.18102852658820814 delta: -5.622294377566339e-05
method gd iteration 368: Locations[1.42546052 2.03228229] -> [1.4252511  2.03226024] Step length = 0.00021057553322865221 Function values: 0.18102852658820814 -> 0.18092305333638317 delta: -0.00010547325182497236
method gd iteration 369: Locations[1.4252511  2.03226024] -> [1.42472907 2.03196599] Step length = 0.0005992512929203567 Function values: 0.18092305333638317 -> 0.1808412869399281 delta: -8.176639645507411e-05
method gd iteration 370: Locations[1.42472907 2.03196599] -> [1.42484259 2.03183075] Step length = 0.0001765688279971485 Function values: 0.1808412869399281 -> 0.180764911051607 delta: -7.637588832110076e-05
method gd iteration 371: Locations[1.42484259 2.03183075] -> [1.42499168 2.03130136] Step length = 0.0005499823926304277 Function values: 0.180764911051607 -> 0.1806669404367637 delta: -9.797061484329017e-05
method gd iteration 372: Locations[1.42499168 2.03130136] -> [1.42427016 2.03107734] Step length = 0.0007555003336954656 Function values: 0.1806669404367637 -> 0.18064619599018003 delta: -2.0744446583675913e-05
method gd iteration 373: Locations[1.42427016 2.03107734] -> [1.4244602 2.0309153] Step length = 0.0002497430999879188 Function values: 0.18064619599018003 -> 0.18050078121241045 delta: -0.00014541477776958134
method gd iteration 374: Locations[1.4244602 2.0309153] -> [1.42476883 2.0303302 ] Step length = 0.000661510410711277 Function values: 0.18050078121241045 -> 0.1804418092985774 delta: -5.897191383305578e-05
method gd iteration 375: Locations[1.42476883 2.0303302 ] -> [1.42456336 2.03030691] Step length = 0.00020678987664034227 Function values: 0.1804418092985774 -> 0.18033982034254864 delta: -0.00010198895602875346
method gd iteration 376: Locations[1.42456336 2.03030691] -> [1.42404914 2.03001054] Step length = 0.0005935092861745352 Function values: 0.18033982034254864 -> 0.18025640328073386 delta: -8.341706181477782e-05
method gd iteration 377: Locations[1.42404914 2.03001054] -> [1.42415955 2.02987649] Step length = 0.000173665993396128 Function values: 0.18025640328073386 -> 0.18018227717516316 delta: -7.412610557069876e-05
method gd iteration 378: Locations[1.42415955 2.02987649] -> [1.42430257 2.02934975] Step length = 0.000545815059292569 Function values: 0.18018227717516316 -> 0.18008335599184272 delta: -9.892118332044397e-05
method gd iteration 379: Locations[1.42430257 2.02934975] -> [1.42359377 2.02912193] Step length = 0.0007445138347163177 Function values: 0.18008335599184272 -> 0.18005803575804769 delta: -2.532023379503423e-05
method gd iteration 380: Locations[1.42359377 2.02912193] -> [1.42377871 2.02896175] Step length = 0.00024466221953281525 Function values: 0.18005803575804769 -> 0.17991815777053138 delta: -0.00013987798751630143
method gd iteration 381: Locations[1.42377871 2.02896175] -> [1.42407733 2.02838065] Step length = 0.0006533362700618907 Function values: 0.17991815777053138 -> 0.17985635970498356 delta: -6.179806554781897e-05
method gd iteration 382: Locations[1.42407733 2.02838065] -> [1.42387599 2.02835605] Step length = 0.00020283593818792804 Function values: 0.17985635970498356 -> 0.17975794521842467 delta: -9.84144865588954e-05
method gd iteration 383: Locations[1.42387599 2.02835605] -> [1.42337001 2.02805743] Step length = 0.0005875376622519678 Function values: 0.17975794521842467 -> 0.1796728287047345 delta: -8.511651369016993e-05
method gd iteration 384: Locations[1.42337001 2.02805743] -> [1.42347714 2.02792461] Step length = 0.0001706406159632807 Function values: 0.1796728287047345 -> 0.17960100924771838 delta: -7.181945701612014e-05
method gd iteration 385: Locations[1.42347714 2.02792461] -> [1.42361376 2.02740063] Step length = 0.0005414967239008645 Function values: 0.17960100924771838 -> 0.1795011066279413 delta: -9.990261977707582e-05
method gd iteration 386: Locations[1.42361376 2.02740063] -> [1.42291829 2.02716879] Step length = 0.0007330943625625795 Function values: 0.1795011066279413 -> 0.1794711228498753 delta: -2.9983778066011713e-05
method gd iteration 387: Locations[1.42291829 2.02716879] -> [1.42309792 2.02701056] Step length = 0.0002393791216704677 Function values: 0.1794711228498753 -> 0.17933688568719058 delta: -0.0001342371626847083
method gd iteration 388: Locations[1.42309792 2.02701056] -> [1.42338604 2.02643364] Step length = 0.0006448663549237853 Function values: 0.17933688568719058 -> 0.17927220637170893 delta: -6.467931548165273e-05
method gd iteration 389: Locations[1.42338604 2.02643364] -> [1.42318901 2.02640767] Step length = 0.00019873212295869893 Function values: 0.17927220637170893 -> 0.17917743158835106 delta: -9.477478335787048e-05
method gd iteration 390: Locations[1.42318901 2.02640767] -> [1.42269164 2.02610664] Step length = 0.0005813704922330386 Function values: 0.17917743158835106 -> 0.17909058095778901 delta: -8.685063056204645e-05
method gd iteration 391: Locations[1.42269164 2.02610664] -> [1.42279537 2.02597511] Step length = 0.00016750760899321977 Function values: 0.17909058095778901 -> 0.17902110907690916 delta: -6.947188087985667e-05
method gd iteration 392: Locations[1.42279537 2.02597511] -> [1.42292527 2.02545401] Step length = 0.000537052327131273 Function values: 0.17902110907690916 -> 0.17892020320347038 delta: -0.00010090587343877799
method gd iteration 393: Locations[1.42292527 2.02545401] -> [1.42224369 2.02521795] Step length = 0.0007213016512600432 Function values: 0.17892020320347038 -> 0.17888550203682907 delta: -3.4701166641309955e-05
method gd iteration 394: Locations[1.42224369 2.02521795] -> [1.4224178  2.02506174] Step length = 0.00023391716674609037 Function values: 0.17888550203682907 -> 0.17875697141464755 delta: -0.00012853062218151634
method gd iteration 395: Locations[1.4224178  2.02506174] -> [1.42269498 2.02448915] Step length = 0.0006361472758262441 Function values: 0.17875697141464755 -> 0.17868937748507616 delta: -6.759392957139676e-05
method gd iteration 396: Locations[1.42269498 2.02448915] -> [1.42250242 2.02446175] Step length = 0.0001944975621733189 Function values: 0.17868937748507616 -> 0.1785982830509523 delta: -9.109443412386176e-05
method gd iteration 397: Locations[1.42250242 2.02446175] -> [1.42201403 2.0241582 ] Step length = 0.0005750428344253022 Function values: 0.1785982830509523 -> 0.17850967752826616 delta: -8.860552268613597e-05
method gd iteration 398: Locations[1.42201403 2.0241582 ] -> [1.42211422 2.024028  ] Step length = 0.00016428243897847772 Function values: 0.17850967752826616 -> 0.17844257844680392 delta: -6.709908146224075e-05
method gd iteration 399: Locations[1.42211422 2.024028  ] -> [1.42223713 2.02350987] Step length = 0.0005325073447208004 Function values: 0.17844257844680392 -> 0.1783406563979195 delta: -0.00010192204888442857
method gd iteration 400: Locations[1.42223713 2.02350987] -> [1.42156994 2.02326942] Step length = 0.000709197376619489 Function values: 0.1783406563979195 -> 0.17830121699442375 delta: -3.9439403495739045e-05
method gd iteration 401: Locations[1.42156994 2.02326942] -> [1.42173836 2.02311528] Step length = 0.00022830048067733587 Function values: 0.17830121699442375 -> 0.17817842127913378 delta: -0.00012279571528997502
method gd iteration 402: Locations[1.42173836 2.02311528] -> [1.42200419 2.02254718] Step length = 0.0006272268533099455 Function values: 0.17817842127913378 -> 0.17810790050053554 delta: -7.052077859823203e-05
method gd iteration 403: Locations[1.42200419 2.02254718] -> [1.42181624 2.0225183 ] Step length = 0.0001901519881541502 Function values: 0.17810790050053554 -> 0.17802050311694198 delta: -8.739738359356264e-05
method gd iteration 404: Locations[1.42181624 2.0225183 ] -> [1.42133714 2.0222121 ] Step length = 0.0005685903874817248 Function values: 0.17802050311694198 -> 0.17793013542172142 delta: -9.036769522055565e-05
method gd iteration 405: Locations[1.42133714 2.0222121 ] -> [1.42143368 2.02208328] Step length = 0.00016098101597154067 Function values: 0.17793013542172142 -> 0.1778654190780723 delta: -6.471634364912937e-05
method gd iteration 406: Locations[1.42143368 2.02208328] -> [1.42154934 2.02156822] Step length = 0.000527887512529796 Function values: 0.1778654190780723 -> 0.17776247656764713 delta: -0.00010294251042516911
method gd iteration 407: Locations[1.42154934 2.02156822] -> [1.420897  2.0213232] Step length = 0.0006968446635700676 Function values: 0.17776247656764713 -> 0.1777183097877506 delta: -4.4166779896520625e-05
method gd iteration 408: Locations[1.420897  2.0213232] -> [1.42105956 2.02117121] Step length = 0.00022255380331984652 Function values: 0.1777183097877506 -> 0.1776012413884524 delta: -0.00011706839929820356
method gd iteration 409: Locations[1.42105956 2.02117121] -> [1.4213137  2.02060771] Step length = 0.0006181536843757923 Function values: 0.1776012413884524 -> 0.17752780181334193 delta: -7.343957511046773e-05
method gd iteration 410: Locations[1.4213137  2.02060771] -> [1.42113049 2.0205773 ] Step length = 0.00018571560395208646 Function values: 0.17752780181334193 -> 0.17744409515024065 delta: -8.370666310128505e-05
method gd iteration 411: Locations[1.42113049 2.0205773 ] -> [1.42066096 2.02026836] Step length = 0.0005620491302767109 Function values: 0.17744409515024065 -> 0.17735197095089927 delta: -9.212419934137572e-05
method gd iteration 412: Locations[1.42066096 2.02026836] -> [1.42112492 2.01963131] Step length = 0.0007880978916179885 Function values: 0.17735197095089927 -> 0.17734632500347305 delta: -5.645947426219378e-06
method gd iteration 413: Locations[1.42112492 2.01963131] -> [1.42086182 2.01962905] Step length = 0.00026311537998567315 Function values: 0.17734632500347305 -> 0.17718562587963524 delta: -0.00016069912383781526
method gd iteration 414: Locations[1.42086182 2.01962905] -> [1.42022503 2.01937921] Step length = 0.0006840416016184555 Function values: 0.17718562587963524 -> 0.17713666971588035 delta: -4.895616375488743e-05
method gd iteration 415: Locations[1.42022503 2.01937921] -> [1.42038149 2.01922945] Step length = 0.00021658045106648206 Function values: 0.17713666971588035 -> 0.1770254039813786 delta: -0.00011126573450176425
method gd iteration 416: Locations[1.42038149 2.01922945] -> [1.42062335 2.01867077] Step length = 0.0006087860451849117 Function values: 0.1770254039813786 -> 0.1769490072681674 delta: -7.63967132111909e-05
method gd iteration 417: Locations[1.42062335 2.01867077] -> [1.42044508 2.01863876] Step length = 0.0001811159239084985 Function values: 0.1769490072681674 -> 0.1768690378411621 delta: -7.99694270053053e-05
method gd iteration 418: Locations[1.42044508 2.01863876] -> [1.41998559 2.01832691] Step length = 0.0005553218984426276 Function values: 0.1768690378411621 -> 0.1767751333279725 delta: -9.390451318957993e-05
method gd iteration 419: Locations[1.41998559 2.01832691] -> [1.42042999 2.0176972 ] Step length = 0.0007707255187965082 Function values: 0.1767751333279725 -> 0.17676194854456773 delta: -1.3184783404784906e-05
method gd iteration 420: Locations[1.42042999 2.0176972 ] -> [1.4201747  2.01769235] Step length = 0.0002553289244941283 Function values: 0.17676194854456773 -> 0.1766101685920794 delta: -0.00015177995248832898
method gd iteration 421: Locations[1.4201747  2.01769235] -> [1.41955379 2.01743758] Step length = 0.0006711540799198617 Function values: 0.1766101685920794 -> 0.17655650999240924 delta: -5.3658599670158846e-05
method gd iteration 422: Locations[1.41955379 2.01743758] -> [1.41970403 2.01729008] Step length = 0.00021054255837808306 Function values: 0.17655650999240924 -> 0.1764509529037059 delta: -0.00010555708870332858
method gd iteration 423: Locations[1.41970403 2.01729008] -> [1.41993337 2.0167363 ] Step length = 0.0005993901078871975 Function values: 0.1764509529037059 -> 0.17637165572504848 delta: -7.929717865742814e-05
method gd iteration 424: Locations[1.41993337 2.0167363 ] -> [1.41976013 2.01670267] Step length = 0.00017647842730640506 Function values: 0.17637165572504848 -> 0.17629536191894454 delta: -7.629380610393866e-05
method gd iteration 425: Locations[1.41976013 2.01670267] -> [1.41931086 2.01638784] Step length = 0.0005485967166766441 Function values: 0.17629536191894454 -> 0.17619971375971313 delta: -9.564815923140957e-05
method gd iteration 426: Locations[1.41931086 2.01638784] -> [1.41973539 2.0157656 ] Step length = 0.0007532637691567565 Function values: 0.17619971375971313 -> 0.17617916326590852 delta: -2.0550493804616377e-05
method gd iteration 427: Locations[1.41973539 2.0157656 ] -> [1.41948802 2.01575811] Step length = 0.00024747600429493073 Function values: 0.17617916326590852 -> 0.17603611290143792 delta: -0.00014305036447059827
method gd iteration 428: Locations[1.41948802 2.01575811] -> [1.41888321 2.01549831] Step length = 0.000658245356508614 Function values: 0.17603611290143792 -> 0.17597786353415815 delta: -5.824936727977237e-05
method gd iteration 429: Locations[1.41888321 2.01549831] -> [1.41902717 2.01535311] Step length = 0.00020446540030970303 Function values: 0.17597786353415815 -> 0.17587789283726413 delta: -9.99706968940195e-05
method gd iteration 430: Locations[1.41902717 2.01535311] -> [1.41924381 2.01480431] Step length = 0.0005900131194775019 Function values: 0.17587789283726413 -> 0.17579576762738414 delta: -8.212520987999072e-05
method gd iteration 431: Locations[1.41924381 2.01480431] -> [1.41907565 2.01476903] Step length = 0.00017182359431148952 Function values: 0.17579576762738414 -> 0.17572306980815391 delta: -7.26978192302219e-05
method gd iteration 432: Locations[1.41907565 2.01476903] -> [1.41863676 2.01445116] Step length = 0.0005419073884241584 Function values: 0.17572306980815391 -> 0.1756257247047181 delta: -9.734510343581415e-05
method gd iteration 433: Locations[1.41863676 2.01445116] -> [1.41904117 2.01383647] Step length = 0.0007357937115836913 Function values: 0.1756257247047181 -> 0.1755980165826503 delta: -2.770812206778772e-05
method gd iteration 434: Locations[1.41904117 2.01383647] -> [1.4188018  2.01382632] Step length = 0.00023958755165993665 Function values: 0.1755980165826503 -> 0.1754634661749339 delta: -0.00013455040771639948
method gd iteration 435: Locations[1.4188018  2.01382632] -> [1.41821328 2.01356143] Step length = 0.0006453776327823124 Function values: 0.1754634661749339 -> 0.17540075994132365 delta: -6.270623361026573e-05
method gd iteration 436: Locations[1.41821328 2.01356143] -> [1.4183509  2.01341855] Step length = 0.0001983741190110811 Function values: 0.17540075994132365 -> 0.17530622792234116 delta: -9.453201898249053e-05
method gd iteration 437: Locations[1.4183509  2.01341855] -> [1.41855468 2.01287478] Step length = 0.0005807009896474304 Function values: 0.17530622792234116 -> 0.17522136127249893 delta: -8.486664984222458e-05
method gd iteration 438: Locations[1.41855468 2.01287478] -> [1.41839165 2.01283782] Step length = 0.00016717172268298992 Function values: 0.17522136127249893 -> 0.17515216358070593 delta: -6.919769179300483e-05
method gd iteration 439: Locations[1.41839165 2.01283782] -> [1.41796325 2.01251688] Step length = 0.0005352863409044588 Function values: 0.17515216358070593 -> 0.17505317723841823 delta: -9.898634228769354e-05
method gd iteration 440: Locations[1.41796325 2.01251688] -> [1.41834738 2.01190981] Step length = 0.0007183951498140682 Function values: 0.17505317723841823 -> 0.1750185504558008 delta: -3.4626782617425134e-05
method gd iteration 441: Locations[1.41834738 2.01190981] -> [1.41811604 2.01189697] Step length = 0.00023169418914722572 Function values: 0.1750185504558008 -> 0.17489223488870528 delta: -0.00012631556709552516
method gd iteration 442: Locations[1.41811604 2.01189697] -> [1.41754396 2.01162694] Step length = 0.0006326115024047208 Function values: 0.17489223488870528 -> 0.174825225313203 delta: -6.700957550229147e-05
method gd iteration 443: Locations[1.41754396 2.01162694] -> [1.4176752  2.01148639] Step length = 0.0001922935729113434 Function values: 0.174825225313203 -> 0.17473596171906175 delta: -8.92635941412423e-05
method gd iteration 444: Locations[1.4176752  2.01148639] -> [1.41786603 2.01094769] Step length = 0.00057149784529023 Function values: 0.17473596171906175 -> 0.17464845269650717 delta: -8.75090225545827e-05
method gd iteration 445: Locations[1.41786603 2.01094769] -> [1.41770814 2.01090906] Step length = 0.00016254278907447447 Function values: 0.17464845269650717 -> 0.17458264493183506 delta: -6.580776467210447e-05
method gd iteration 446: Locations[1.41770814 2.01090906] -> [1.41729032 2.010585  ] Step length = 0.0005287643000563148 Function values: 0.17458264493183506 -> 0.17448208098101475 delta: -0.00010056395082030933
method gd iteration 447: Locations[1.41729032 2.010585  ] -> [1.41765407 2.00998559] Step length = 0.0007011459860058335 Function values: 0.17448208098101475 -> 0.1744408011983548 delta: -4.127978265994203e-05
method gd iteration 448: Locations[1.41765407 2.00998559] -> [1.41743078 2.00997007] Step length = 0.00022382606166002991 Function values: 0.1744408011983548 -> 0.17432242458276076 delta: -0.00011837661559405133
method gd iteration 449: Locations[1.41743078 2.00997007] -> [1.41687521 2.00969485] Step length = 0.0006200054001781973 Function values: 0.17432242458276076 -> 0.17425128212727317 delta: -7.114245548758835e-05
method gd iteration 450: Locations[1.41687521 2.00969485] -> [1.41700005 2.00955664] Step length = 0.0001862481863596591 Function values: 0.17425128212727317 -> 0.17416709717963072 delta: -8.418494764245166e-05
method gd iteration 451: Locations[1.41700005 2.00955664] -> [1.41717787 2.00902304] Step length = 0.0005624455984683723 Function values: 0.17416709717963072 -> 0.17407705559997258 delta: -9.004157965813997e-05
method gd iteration 452: Locations[1.41717787 2.00902304] -> [1.41641424 2.00882147] Step length = 0.0007897815441693012 Function values: 0.17407705559997258 -> 0.17407274879995746 delta: -4.306800015119183e-06
method gd iteration 453: Locations[1.41641424 2.00882147] -> [1.4166177  2.00865557] Step length = 0.000262518379642689 Function values: 0.17407274879995746 -> 0.17391250622410165 delta: -0.00016024257585581236
method gd iteration 454: Locations[1.4166177  2.00865557] -> [1.41696167 2.00806361] Step length = 0.0006846373613709294 Function values: 0.17391250622410165 -> 0.17386505814054626 delta: -4.744808355539032e-05
method gd iteration 455: Locations[1.41696167 2.00806361] -> [1.41674619 2.00804549] Step length = 0.00021624645437037386 Function values: 0.17386505814054626 -> 0.1737540741624011 delta: -0.00011098397814515715
method gd iteration 456: Locations[1.41674619 2.00804549] -> [1.41620664 2.00776525] Step length = 0.0006079841700047326 Function values: 0.1737540741624011 -> 0.17367910837240222 delta: -7.496578999888204e-05
method gd iteration 457: Locations[1.41620664 2.00776525] -> [1.41632529 2.00762932] Step length = 0.00018043952676155762 Function values: 0.17367910837240222 -> 0.1735996533598565 delta: -7.945501254572052e-05
method gd iteration 458: Locations[1.41632529 2.00762932] -> [1.41649048 2.00710068] Step length = 0.0005538415385414954 Function values: 0.1735996533598565 -> 0.17350727749867895 delta: -9.237586117755159e-05
method gd iteration 459: Locations[1.41649048 2.00710068] -> [1.41575186 2.00689096] Step length = 0.0007678210225784215 Function values: 0.17350727749867895 -> 0.17349356461369977 delta: -1.3712884979172335e-05
method gd iteration 460: Locations[1.41575186 2.00689096] -> [1.41594564 2.00672855] Step length = 0.0002528363260972486 Function values: 0.17349356461369977 -> 0.1733443840309042 delta: -0.00014918058279558832
method gd iteration 461: Locations[1.41594564 2.00672855] -> [1.41626979 2.00614407] Step length = 0.0006683508043892538 Function values: 0.1733443840309042 -> 0.17329103566969942 delta: -5.334836120476916e-05
method gd iteration 462: Locations[1.41626979 2.00614407] -> [1.41606211 2.00612334] Step length = 0.00020872022947269542 Function values: 0.17329103566969942 -> 0.17318714476343458 delta: -0.00010389090626483632
method gd iteration 463: Locations[1.41606211 2.00612334] -> [1.41553861 2.00583808] Step length = 0.0005961743768684995 Function values: 0.17318714476343458 -> 0.17310852745708272 delta: -7.861730635186359e-05
method gd iteration 464: Locations[1.41553861 2.00583808] -> [1.41565108 2.00570441] Step length = 0.00017468903896903 Function values: 0.17310852745708272 -> 0.17303361039766413 delta: -7.491705941858884e-05
method gd iteration 465: Locations[1.41565108 2.00570441] -> [1.41580363 2.00518075] Step length = 0.0005454220017552184 Function values: 0.17303361039766413 -> 0.17293901078226304 delta: -9.459961540109196e-05
method gd iteration 466: Locations[1.41580363 2.00518075] -> [1.41508998 2.00496288] Step length = 0.0007461634175670278 Function values: 0.17293901078226304 -> 0.17291633613560903 delta: -2.2674646654008423e-05
method gd iteration 467: Locations[1.41508998 2.00496288] -> [1.41527411 2.00480396] Step length = 0.00024323503058584948 Function values: 0.17291633613560903 -> 0.17277772080181872 delta: -0.00013861533379030955
method gd iteration 468: Locations[1.41527411 2.00480396] -> [1.41557848 2.00422695] Step length = 0.0006523581506318034 Function values: 0.17277772080181872 -> 0.17271875812476417 delta: -5.896267705454705e-05
method gd iteration 469: Locations[1.41557848 2.00422695] -> [1.41537856 2.00420362] Step length = 0.00020127634528675298 Function values: 0.17271875812476417 -> 0.17262163984304393 delta: -9.711828172023762e-05
method gd iteration 470: Locations[1.41537856 2.00420362] -> [1.41487109 2.00391333] Step length = 0.0005846278443873165 Function values: 0.17262163984304393 -> 0.17253955417316044 delta: -8.208566988349153e-05
method gd iteration 471: Locations[1.41487109 2.00391333] -> [1.4149774  2.00378193] Step length = 0.0001690199516449448 Function values: 0.17253955417316044 -> 0.1724689698832215 delta: -7.058428993894639e-05
method gd iteration 472: Locations[1.4149774  2.00378193] -> [1.41511732 2.00326325] Step length = 0.0005372225320983355 Function values: 0.1724689698832215 -> 0.17237226419286117 delta: -9.670569036032695e-05
method gd iteration 473: Locations[1.41511732 2.00326325] -> [1.41442855 2.00303726] Step length = 0.0007248994760090794 Function values: 0.17237226419286117 -> 0.17234109423084168 delta: -3.1169962019489406e-05
method gd iteration 474: Locations[1.41442855 2.00303726] -> [1.4146031  2.00288179] Step length = 0.00023374890014437566 Function values: 0.17234109423084168 -> 0.17221252145257157 delta: -0.0001285727782701085
method gd iteration 475: Locations[1.4146031  2.00288179] -> [1.41488776 2.00231224] Step length = 0.0006367272341903084 Function values: 0.17221252145257157 -> 0.17214824432173054 delta: -6.427713084103392e-05
method gd iteration 476: Locations[1.41488776 2.00231224] -> [1.41469555 2.00228633] Step length = 0.00019394278860544487 Function values: 0.17214824432173054 -> 0.17205756190580399 delta: -9.06824159265518e-05
method gd iteration 477: Locations[1.41469555 2.00228633] -> [1.41420405 2.00199103] Step length = 0.0005733925292635003 Function values: 0.17205756190580399 -> 0.17197219977938757 delta: -8.536212641641061e-05
method gd iteration 478: Locations[1.41420405 2.00199103] -> [1.41430424 2.00186188] Step length = 0.00016345457908765857 Function values: 0.17197219977938757 -> 0.17190573279115537 delta: -6.646698823220554e-05
method gd iteration 479: Locations[1.41430424 2.00186188] -> [1.4144316  2.00134815] Step length = 0.0005292752599706952 Function values: 0.17190573279115537 -> 0.17180704420352472 delta: -9.868858763065202e-05
method gd iteration 480: Locations[1.4144316  2.00134815] -> [1.41376752 2.0011141 ] Step length = 0.0007041153046573547 Function values: 0.17180704420352472 -> 0.17176786138672082 delta: -3.918281680390101e-05
method gd iteration 481: Locations[1.41376752 2.0011141 ] -> [1.41393258 2.00096207] Step length = 0.00022441105429397575 Function values: 0.17176786138672082 -> 0.1716487894377619 delta: -0.00011907194895890982
method gd iteration 482: Locations[1.41393258 2.00096207] -> [1.41419768 2.00039992] Step length = 0.0006215212259022178 Function values: 0.1716487894377619 -> 0.17157950770228927 delta: -6.928173547263161e-05
method gd iteration 483: Locations[1.41419768 2.00039992] -> [1.41401312 2.00037145] Step length = 0.00018674640678087236 Function values: 0.17157950770228927 -> 0.1714949125199599 delta: -8.459518232936669e-05
method gd iteration 484: Locations[1.41401312 2.00037145] -> [1.41353745 2.00007118] Step length = 0.0005625120347297339 Function values: 0.1714949125199599 -> 0.17140647209959026 delta: -8.844042036965094e-05
method gd iteration 485: Locations[1.41353745 2.00007118] -> [1.41400812 1.9994366 ] Step length = 0.0007900707848051867 Function values: 0.17140647209959026 -> 0.1714027561916168 delta: -3.715907973461663e-06
method gd iteration 486: Locations[1.41400812 1.9994366 ] -> [1.41374635 1.99943548] Step length = 0.00026177581728763395 Function values: 0.1714027561916168 -> 0.1712433061260795 delta: -0.00015945006553730323
method gd iteration 487: Locations[1.41374635 1.99943548] -> [1.41310705 1.99919332] Step length = 0.000683620226271927 Function values: 0.1712433061260795 -> 0.17119650109936427 delta: -4.680502671522424e-05
method gd iteration 488: Locations[1.41310705 1.99919332] -> [1.41326262 1.99904473] Step length = 0.00021513140024421364 Function values: 0.17119650109936427 -> 0.17108649248512642 delta: -0.0001100086142378498
method gd iteration 489: Locations[1.41326262 1.99904473] -> [1.4135081  1.99849001] Step length = 0.0006066034452632378 Function values: 0.17108649248512642 -> 0.17101245741853077 delta: -7.403506659564574e-05
method gd iteration 490: Locations[1.4135081  1.99849001] -> [1.41333118 1.99845898] Step length = 0.0001796199289470092 Function values: 0.17101245741853077 -> 0.17093366741092908 delta: -7.87900076016923e-05
method gd iteration 491: Locations[1.41333118 1.99845898] -> [1.4128714  1.99815371] Step length = 0.0005518894169272495 Function values: 0.17093366741092908 -> 0.17084230960934596 delta: -9.135780158311957e-05
method gd iteration 492: Locations[1.4128714  1.99815371] -> [1.41331177 1.99753032] Step length = 0.0007632472954405799 Function values: 0.17084230960934596 -> 0.1708272626222245 delta: -1.5046987121458688e-05
method gd iteration 493: Locations[1.41331177 1.99753032] -> [1.41306175 1.99752519] Step length = 0.000250071686085996 Function values: 0.1708272626222245 -> 0.1706811122558935 delta: -0.00014615036633100487
method gd iteration 494: Locations[1.41306175 1.99752519] -> [1.41244687 1.99727505] Step length = 0.0006638149651934516 Function values: 0.1706811122558935 -> 0.170627208713024 delta: -5.390354286949339e-05
method gd iteration 495: Locations[1.41244687 1.99727505] -> [1.4125931  1.99712984] Step length = 0.00020608392646647626 Function values: 0.170627208713024 -> 0.17052567308938577 delta: -0.00010153562363823809
method gd iteration 496: Locations[1.4125931  1.99712984] -> [1.41281926 1.99658246] Step length = 0.0005922617572579654 Function values: 0.17052567308938577 -> 0.17044722033897558 delta: -7.845275041018507e-05
method gd iteration 497: Locations[1.41281926 1.99658246] -> [1.41264985 1.99654891] Step length = 0.0001726978411126104 Function values: 0.17044722033897558 -> 0.17037385644633923 delta: -7.336389263634668e-05
method gd iteration 498: Locations[1.41264985 1.99654891] -> [1.41220572 1.99623873] Step length = 0.0005417242681901159 Function values: 0.17037385644633923 -> 0.17027979561229836 delta: -9.406083404087107e-05
method gd iteration 499: Locations[1.41220572 1.99623873] -> [1.41261632 1.99562634] Step length = 0.0007373101427001927 Function values: 0.17027979561229836 -> 0.17025423113969454 delta: -2.5564472603822885e-05
method gd iteration 500: Locations[1.41261632 1.99562634] -> [1.41237783 1.99561728] Step length = 0.00023866791202093032 Function values: 0.17025423113969454 -> 0.17012046116243973 delta: -0.00013376997725481066
method gd iteration 501: Locations[1.41237783 1.99561728] -> [1.41178692 1.99535931] Step length = 0.0006447618491323172 Function values: 0.17012046116243973 -> 0.1700599782577695 delta: -6.048290467022821e-05
method gd iteration 502: Locations[1.41178692 1.99535931] -> [1.41192401 1.99521743] Step length = 0.00019729496632846772 Function values: 0.1700599782577695 -> 0.1699663296058694 delta: -9.36486519000912e-05
method gd iteration 503: Locations[1.41192401 1.99521743] -> [1.4121312  1.99467726] Step length = 0.0005785373745463381 Function values: 0.1699663296058694 -> 0.16988379167208345 delta: -8.253793378595886e-05
method gd iteration 504: Locations[1.4121312  1.99467726] -> [1.41196915 1.99464124] Step length = 0.00016600099924746258 Function values: 0.16988379167208345 -> 0.1698154779074671 delta: -6.831376461635674e-05
method gd iteration 505: Locations[1.41196915 1.99464124] -> [1.41154038 1.99432625] Step length = 0.0005320413207560979 Function values: 0.1698154779074671 -> 0.16971892627396884 delta: -9.655163349825413e-05
method gd iteration 506: Locations[1.41154038 1.99432625] -> [1.41192182 1.99372465] Step length = 0.0007123378878225278 Function values: 0.16971892627396884 -> 0.16968364441628284 delta: -3.528185768600367e-05
method gd iteration 507: Locations[1.41192182 1.99372465] -> [1.41169459 1.99371176] Step length = 0.0002275946580553119 Function values: 0.16968364441628284 -> 0.16956134969828413 delta: -0.00012229471799871106
method gd iteration 508: Locations[1.41169459 1.99371176] -> [1.41112718 1.99344611] Step length = 0.0006265156334640605 Function values: 0.16956134969828413 -> 0.1694947977623972 delta: -6.655193588692154e-05
method gd iteration 509: Locations[1.41112718 1.99344611] -> [1.41125533 1.99330748] Step length = 0.0001887889417586926 Function values: 0.1694947977623972 -> 0.16940845929412177 delta: -8.633846827543756e-05
method gd iteration 510: Locations[1.41125533 1.99330748] -> [1.41144394 1.9927744 ] Step length = 0.0005654646821061053 Function values: 0.16940845929412177 -> 0.169322162803747 delta: -8.629649037475429e-05
method gd iteration 511: Locations[1.41144394 1.9927744 ] -> [1.41066968 1.99258227] Step length = 0.0007977423736837026 Function values: 0.169322162803747 -> 0.16932211821632512 delta: -4.458742189350495e-08
SUCCESS! Absolute difference in objective function values between two consecutive iterations is 4.458742189350495e-08
which is less than the objactive tolerance 1e-07
Took 511 iterations
~~~~~~~~~~~~~~~~~~~~~~~~~~~~~~~~~~~~~~~~~~~~~~~~~~~~~~
Results for function 4.￿Rosenbrock: Success, last point is [1.41066968 1.99258227]
~~~~~~~~~~~~~~~~~~~~~~~~~~~~~~~~~~~~~~~~~~~~~~~~~~~~~~
Testing function 4.￿Rosenbrock with parameters:
method nt
initial point [2 2]
max number of iterations 10000
step size tolerance 1e-08
objective function tolerance 1e-07
method nt iteration 1: Locations[2 2] -> [1.99875 3.995  ] Step length = 1.995000391603971 Function values: 401 -> 0.9975015627441403 delta: -400.00249843725584
method nt iteration 2: Locations[1.99875 3.995  ] -> [1.9975     3.99000469] Step length = 0.005149332599986615 Function values: 0.9975015627441403 -> 0.9950062512194795 delta: -0.0024953115246607593
method nt iteration 3: Locations[1.9975     3.99000469] -> [1.99625    3.98501251] Step length = 0.00514629508132497 Function values: 0.9950062512194795 -> 0.9925140676196034 delta: -0.00249218359987613
method nt iteration 4: Locations[1.99625    3.98501251] -> [1.99500001 3.98002346] Step length = 0.005143253638068628 Function values: 0.9925140676196034 -> 0.9900250138914769 delta: -0.002489053728126467
method nt iteration 5: Locations[1.99500001 3.98002346] -> [1.99375001 3.97503756] Step length = 0.005140208264789598 Function values: 0.9900250138914769 -> 0.9875390919795589 delta: -0.0024859219119179876
method nt iteration 6: Locations[1.99375001 3.97503756] -> [1.99250003 3.9700548 ] Step length = 0.005137158956062201 Function values: 0.9875390919795589 -> 0.9850563038257802 delta: -0.00248278815377867
method nt iteration 7: Locations[1.99250003 3.9700548 ] -> [1.99125004 3.96507518] Step length = 0.005134105706454121 Function values: 0.9850563038257802 -> 0.9825766513695157 delta: -0.0024796524562645805
method nt iteration 8: Locations[1.99125004 3.96507518] -> [1.99000007 3.96009871] Step length = 0.005131048510538894 Function values: 0.9825766513695157 -> 0.9801001365475607 delta: -0.0024765148219549893
method nt iteration 9: Locations[1.99000007 3.96009871] -> [1.9887501 3.9551254] Step length = 0.005127987362890027 Function values: 0.9801001365475607 -> 0.9776267612941058 delta: -0.0024733752534549236
method nt iteration 10: Locations[1.9887501 3.9551254] -> [1.98750014 3.95015525] Step length = 0.005124922258079165 Function values: 0.9776267612941058 -> 0.9751565275407118 delta: -0.0024702337533939467
method nt iteration 11: Locations[1.98750014 3.95015525] -> [1.98625019 3.94518825] Step length = 0.005121853190677537 Function values: 0.9751565275407118 -> 0.9726894372162842 delta: -0.002467090324427601
method nt iteration 12: Locations[1.98625019 3.94518825] -> [1.98500025 3.94022443] Step length = 0.005118780155262299 Function values: 0.9726894372162842 -> 0.9702254922470477 delta: -0.00246394496923652
method nt iteration 13: Locations[1.98500025 3.94022443] -> [1.98375032 3.93526377] Step length = 0.005115703146406194 Function values: 0.9702254922470477 -> 0.9677646945565203 delta: -0.0024607976905274276
method nt iteration 14: Locations[1.98375032 3.93526377] -> [1.9825004  3.93030629] Step length = 0.005112622158684862 Function values: 0.9677646945565203 -> 0.9653070460654883 delta: -0.0024576484910319163
method nt iteration 15: Locations[1.9825004  3.93030629] -> [1.9812505  3.92535199] Step length = 0.005109537186673338 Function values: 0.9653070460654883 -> 0.962852548691981 delta: -0.002454497373507336
method nt iteration 16: Locations[1.9812505  3.92535199] -> [1.98000061 3.92040087] Step length = 0.0051064482249493295 Function values: 0.962852548691981 -> 0.9604012043512423 delta: -0.0024513443407386815
method nt iteration 17: Locations[1.98000061 3.92040087] -> [1.97875074 3.91545294] Step length = 0.0051033552680914245 Function values: 0.9604012043512423 -> 0.9579530149557077 delta: -0.0024481893955345946
method nt iteration 18: Locations[1.97875074 3.91545294] -> [1.97750089 3.91050819] Step length = 0.0051002583106769415 Function values: 0.9579530149557077 -> 0.9555079824149767 delta: -0.002445032540731029
method nt iteration 19: Locations[1.97750089 3.91050819] -> [1.97625105 3.90556664] Step length = 0.005097157347287675 Function values: 0.9555079824149767 -> 0.953066108635787 delta: -0.002441873779189696
method nt iteration 20: Locations[1.97625105 3.90556664] -> [1.97500123 3.90062829] Step length = 0.0050940523725032695 Function values: 0.953066108635787 -> 0.9506273955219869 delta: -0.0024387131138000617
method nt iteration 21: Locations[1.97500123 3.90062829] -> [1.97375143 3.89569314] Step length = 0.005090943380907349 Function values: 0.9506273955219869 -> 0.9481918449745103 delta: -0.0024355505474766836
method nt iteration 22: Locations[1.97375143 3.89569314] -> [1.97250165 3.8907612 ] Step length = 0.005087830367084169 Function values: 0.9481918449745103 -> 0.94575945889135 delta: -0.0024323860831602095
method nt iteration 23: Locations[1.97250165 3.8907612 ] -> [1.97125189 3.88583246] Step length = 0.005084713325617538 Function values: 0.94575945889135 -> 0.9433302391675298 delta: -0.002429219723820264
method nt iteration 24: Locations[1.97125189 3.88583246] -> [1.97000216 3.88090694] Step length = 0.005081592251096889 Function values: 0.9433302391675298 -> 0.9409041876950791 delta: -0.0024260514724506743
method nt iteration 25: Locations[1.97000216 3.88090694] -> [1.96875245 3.87598464] Step length = 0.005078467138107744 Function values: 0.9409041876950791 -> 0.9384813063630045 delta: -0.002422881332074578
method nt iteration 26: Locations[1.96875245 3.87598464] -> [1.96750276 3.87106556] Step length = 0.005075337981243009 Function values: 0.9384813063630045 -> 0.9360615970572643 delta: -0.002419709305740203
method nt iteration 27: Locations[1.96750276 3.87106556] -> [1.9662531  3.86614971] Step length = 0.005072204775094573 Function values: 0.9360615970572643 -> 0.9336450616607396 delta: -0.002416535396524755
method nt iteration 28: Locations[1.9662531  3.86614971] -> [1.96500347 3.86123709] Step length = 0.005069067514254431 Function values: 0.9336450616607396 -> 0.9312317020532082 delta: -0.002413359607531418
method nt iteration 29: Locations[1.96500347 3.86123709] -> [1.96375387 3.8563277 ] Step length = 0.005065926193321664 Function values: 0.9312317020532082 -> 0.9288215201113174 delta: -0.002410181941890799
method nt iteration 30: Locations[1.96375387 3.8563277 ] -> [1.96250429 3.85142155] Step length = 0.005062780806890823 Function values: 0.9288215201113174 -> 0.9264145177085551 delta: -0.0024070024027622594
method nt iteration 31: Locations[1.96250429 3.85142155] -> [1.96125475 3.84651864] Step length = 0.005059631349563528 Function values: 0.9264145177085551 -> 0.9240106967152231 delta: -0.0024038209933320287
method nt iteration 32: Locations[1.96125475 3.84651864] -> [1.96000524 3.84161898] Step length = 0.005056477815943948 Function values: 0.9240106967152231 -> 0.9216100589984092 delta: -0.0024006377168138693
method nt iteration 33: Locations[1.96000524 3.84161898] -> [1.95875576 3.83672256] Step length = 0.005053320200634492 Function values: 0.9216100589984092 -> 0.9192126064219587 delta: -0.0023974525764505206
method nt iteration 34: Locations[1.95875576 3.83672256] -> [1.95750631 3.83182941] Step length = 0.005050158498243861 Function values: 0.9192126064219587 -> 0.9168183408464473 delta: -0.0023942655755113673
method nt iteration 35: Locations[1.95750631 3.83182941] -> [1.9562569  3.82693951] Step length = 0.005046992703380651 Function values: 0.9168183408464473 -> 0.9144272641291525 delta: -0.002391076717294771
method nt iteration 36: Locations[1.9562569  3.82693951] -> [1.95500753 3.82205287] Step length = 0.0050438228106573675 Function values: 0.9144272641291525 -> 0.9120393781240251 delta: -0.0023878860051274042
method nt iteration 37: Locations[1.95500753 3.82205287] -> [1.95375819 3.8171695 ] Step length = 0.005040648814689993 Function values: 0.9120393781240251 -> 0.9096546846816608 delta: -0.0023846934423643606
method nt iteration 38: Locations[1.95375819 3.8171695 ] -> [1.95250889 3.8122894 ] Step length = 0.0050374707100947005 Function values: 0.9096546846816608 -> 0.9072731856492722 delta: -0.002381499032388601
method nt iteration 39: Locations[1.95250889 3.8122894 ] -> [1.95125963 3.80741258] Step length = 0.005034288491492842 Function values: 0.9072731856492722 -> 0.904894882870659 delta: -0.0023783027786131727
method nt iteration 40: Locations[1.95125963 3.80741258] -> [1.95001041 3.80253904] Step length = 0.005031102153508786 Function values: 0.904894882870659 -> 0.9025197781861812 delta: -0.002375104684477769
method nt iteration 41: Locations[1.95001041 3.80253904] -> [1.94876123 3.79766877] Step length = 0.005027911690767933 Function values: 0.9025197781861812 -> 0.9001478734327278 delta: -0.002371904753453391
method nt iteration 42: Locations[1.94876123 3.79766877] -> [1.9475121 3.7928018] Step length = 0.005024717097901209 Function values: 0.9001478734327278 -> 0.8977791704436902 delta: -0.0023687029890376854
method nt iteration 43: Locations[1.9475121 3.7928018] -> [1.946263   3.78793812] Step length = 0.005021518369541355 Function values: 0.8977791704436902 -> 0.8954136710489308 delta: -0.002365499394759385
method nt iteration 44: Locations[1.946263   3.78793812] -> [1.94501396 3.78307773] Step length = 0.005018315500324586 Function values: 0.8954136710489308 -> 0.893051377074755 delta: -0.0023622939741757554
method nt iteration 45: Locations[1.94501396 3.78307773] -> [1.94376495 3.77822064] Step length = 0.0050151084848909545 Function values: 0.893051377074755 -> 0.8906922903438822 delta: -0.002359086730872817
method nt iteration 46: Locations[1.94376495 3.77822064] -> [1.942516   3.77336685] Step length = 0.0050118973178843425 Function values: 0.8906922903438822 -> 0.8883364126754153 delta: -0.002355877668466899
method nt iteration 47: Locations[1.942516   3.77336685] -> [1.9412671  3.76851638] Step length = 0.005008681993950524 Function values: 0.8883364126754153 -> 0.8859837458848113 delta: -0.0023526667906039744
method nt iteration 48: Locations[1.9412671  3.76851638] -> [1.94001824 3.76366921] Step length = 0.0050054625077419895 Function values: 0.8859837458848113 -> 0.8836342917838519 delta: -0.002349454100959436
method nt iteration 49: Locations[1.94001824 3.76366921] -> [1.93876943 3.75882536] Step length = 0.005002238853913794 Function values: 0.8836342917838519 -> 0.8812880521806131 delta: -0.0023462396032387645
method nt iteration 50: Locations[1.93876943 3.75882536] -> [1.93752068 3.75398483] Step length = 0.0049990110271227505 Function values: 0.8812880521806131 -> 0.8789450288794355 delta: -0.002343023301177638
method nt iteration 51: Locations[1.93752068 3.75398483] -> [1.93627198 3.74914763] Step length = 0.004995779022033276 Function values: 0.8789450288794355 -> 0.8766052236808944 delta: -0.002339805198541045
method nt iteration 52: Locations[1.93627198 3.74914763] -> [1.93502334 3.74431375] Step length = 0.004992542833312384 Function values: 0.8766052236808944 -> 0.874268638381769 delta: -0.0023365852991253933
method nt iteration 53: Locations[1.93502334 3.74431375] -> [1.93377475 3.73948321] Step length = 0.004989302455629513 Function values: 0.874268638381769 -> 0.8719352747750131 delta: -0.002333363606755956
method nt iteration 54: Locations[1.93377475 3.73948321] -> [1.93252621 3.734656  ] Step length = 0.004986057883661469 Function values: 0.8719352747750131 -> 0.8696051346497226 delta: -0.0023301401252905363
method nt iteration 55: Locations[1.93252621 3.734656  ] -> [1.93127773 3.72983213] Step length = 0.0049828091120879495 Function values: 0.8696051346497226 -> 0.8672782197911062 delta: -0.002326914858616358
method nt iteration 56: Locations[1.93127773 3.72983213] -> [1.93002932 3.72501161] Step length = 0.004979556135595292 Function values: 0.8672782197911062 -> 0.8649545319804554 delta: -0.002323687810650843
method nt iteration 57: Locations[1.93002932 3.72501161] -> [1.92878096 3.72019444] Step length = 0.004976298948870354 Function values: 0.8649545319804554 -> 0.8626340729951116 delta: -0.0023204589853437207
method nt iteration 58: Locations[1.92878096 3.72019444] -> [1.92753266 3.71538062] Step length = 0.004973037546608389 Function values: 0.8626340729951116 -> 0.8603168446084367 delta: -0.002317228386674919
method nt iteration 59: Locations[1.92753266 3.71538062] -> [1.92628443 3.71057015] Step length = 0.004969771923509656 Function values: 0.8603168446084367 -> 0.8580028485897813 delta: -0.002313996018655451
method nt iteration 60: Locations[1.92628443 3.71057015] -> [1.92503626 3.70576305] Step length = 0.0049665020742751705 Function values: 0.8580028485897813 -> 0.8556920867044536 delta: -0.002310761885327639
method nt iteration 61: Locations[1.92503626 3.70576305] -> [1.92378816 3.70095932] Step length = 0.004963227993616257 Function values: 0.8556920867044536 -> 0.8533845607136875 delta: -0.0023075259907661128
method nt iteration 62: Locations[1.92378816 3.70095932] -> [1.92254012 3.69615895] Step length = 0.004959949676248138 Function values: 0.8533845607136875 -> 0.8510802723746117 delta: -0.0023042883390758107
method nt iteration 63: Locations[1.92254012 3.69615895] -> [1.92129215 3.69136196] Step length = 0.004956667116889506 Function values: 0.8510802723746117 -> 0.8487792234402181 delta: -0.0023010489343936458
method nt iteration 64: Locations[1.92129215 3.69136196] -> [1.92004425 3.68656835] Step length = 0.004953380310264766 Function values: 0.8487792234402181 -> 0.8464814156593297 delta: -0.0022978077808883945
method nt iteration 65: Locations[1.92004425 3.68656835] -> [1.91879641 3.68177812] Step length = 0.004950089251105643 Function values: 0.8464814156593297 -> 0.844186850776568 delta: -0.002294564882761696
method nt iteration 66: Locations[1.91879641 3.68177812] -> [1.91754865 3.67699128] Step length = 0.004946793934149118 Function values: 0.844186850776568 -> 0.8418955305323222 delta: -0.0022913202442457203
method nt iteration 67: Locations[1.91754865 3.67699128] -> [1.91630096 3.67220783] Step length = 0.004943494354137482 Function values: 0.8418955305323222 -> 0.8396074566627171 delta: -0.0022880738696051672
method nt iteration 68: Locations[1.91630096 3.67220783] -> [1.91505335 3.66742777] Step length = 0.004940190505817797 Function values: 0.8396074566627171 -> 0.8373226308995788 delta: -0.002284825763138265
method nt iteration 69: Locations[1.91505335 3.66742777] -> [1.91380581 3.66265111] Step length = 0.004936882383945736 Function values: 0.8373226308995788 -> 0.8350410549704047 delta: -0.0022815759291741067
method nt iteration 70: Locations[1.91380581 3.66265111] -> [1.91255834 3.65787786] Step length = 0.004933569983281931 Function values: 0.8350410549704047 -> 0.8327627305983298 delta: -0.002278324372074869
method nt iteration 71: Locations[1.91255834 3.65787786] -> [1.91131096 3.65310802] Step length = 0.004930253298590734 Function values: 0.8327627305983298 -> 0.8304876595020939 delta: -0.0022750710962359255
method nt iteration 72: Locations[1.91131096 3.65310802] -> [1.91006365 3.64834158] Step length = 0.004926932324648193 Function values: 0.8304876595020939 -> 0.8282158433960092 delta: -0.002271816106084734
method nt iteration 73: Locations[1.91006365 3.64834158] -> [1.90881642 3.64357857] Step length = 0.004923607056232284 Function values: 0.8282158433960092 -> 0.8259472839899272 delta: -0.002268559406081949
method nt iteration 74: Locations[1.90881642 3.64357857] -> [1.90756927 3.63881897] Step length = 0.004920277488128967 Function values: 0.8259472839899272 -> 0.8236819829892053 delta: -0.0022653010007219754
method nt iteration 75: Locations[1.90756927 3.63881897] -> [1.90632221 3.6340628 ] Step length = 0.004916943615133293 Function values: 0.8236819829892053 -> 0.8214199420946736 delta: -0.002262040894531636
method nt iteration 76: Locations[1.90632221 3.6340628 ] -> [1.90507522 3.62931006] Step length = 0.004913605432043445 Function values: 0.8214199420946736 -> 0.8191611630026027 delta: -0.0022587790920709505
method nt iteration 77: Locations[1.90507522 3.62931006] -> [1.90382833 3.62456075] Step length = 0.004910262933666415 Function values: 0.8191611630026027 -> 0.8169056474046691 delta: -0.0022555155979335773
method nt iteration 78: Locations[1.90382833 3.62456075] -> [1.90258152 3.61981488] Step length = 0.004906916114817086 Function values: 0.8169056474046691 -> 0.8146533969879214 delta: -0.002252250416747703
method nt iteration 79: Locations[1.90258152 3.61981488] -> [1.9013348  3.61507245] Step length = 0.004903564970316388 Function values: 0.8146533969879214 -> 0.8124044134347475 delta: -0.0022489835531739333
method nt iteration 80: Locations[1.9013348  3.61507245] -> [1.90008816 3.61033347] Step length = 0.0049002094949931185 Function values: 0.8124044134347475 -> 0.8101586984228404 delta: -0.002245715011907068
method nt iteration 81: Locations[1.90008816 3.61033347] -> [1.89884162 3.60559793] Step length = 0.0048968496836823295 Function values: 0.8101586984228404 -> 0.8079162536251636 delta: -0.002242444797676768
method nt iteration 82: Locations[1.89884162 3.60559793] -> [1.89759517 3.60086586] Step length = 0.0048934855312301314 Function values: 0.8079162536251636 -> 0.8056770807099181 delta: -0.0022391729152455575
method nt iteration 83: Locations[1.89759517 3.60086586] -> [1.89634881 3.59613724] Step length = 0.004890117032485487 Function values: 0.8056770807099181 -> 0.803441181340507 delta: -0.002235899369411043
method nt iteration 84: Locations[1.89634881 3.59613724] -> [1.89510254 3.59141208] Step length = 0.00488674418231017 Function values: 0.803441181340507 -> 0.8012085571755023 delta: -0.002232624165004693
method nt iteration 85: Locations[1.89510254 3.59141208] -> [1.89385637 3.5866904 ] Step length = 0.00488336697557008 Function values: 0.8012085571755023 -> 0.7989792098686092 delta: -0.00222934730689317
method nt iteration 86: Locations[1.89385637 3.5866904 ] -> [1.8926103  3.58197218] Step length = 0.004879985407141756 Function values: 0.7989792098686092 -> 0.7967531410686318 delta: -0.002226068799977332
method nt iteration 87: Locations[1.8926103  3.58197218] -> [1.89136432 3.57725744] Step length = 0.004876599471909162 Function values: 0.7967531410686318 -> 0.7945303524194394 delta: -0.002222788649192453
method nt iteration 88: Locations[1.89136432 3.57725744] -> [1.89011844 3.57254618] Step length = 0.004873209164764422 Function values: 0.7945303524194394 -> 0.7923108455599301 delta: -0.0022195068595092238
method nt iteration 89: Locations[1.89011844 3.57254618] -> [1.88887267 3.56783841] Step length = 0.004869814480607976 Function values: 0.7923108455599301 -> 0.7900946221239968 delta: -0.0022162234359333066
method nt iteration 90: Locations[1.88887267 3.56783841] -> [1.887627   3.56313412] Step length = 0.004866415414349638 Function values: 0.7900946221239968 -> 0.7878816837404912 delta: -0.0022129383835056693
method nt iteration 91: Locations[1.887627   3.56313412] -> [1.88638143 3.55843333] Step length = 0.004863011960908317 Function values: 0.7878816837404912 -> 0.7856720320331889 delta: -0.0022096517073022515
method nt iteration 92: Locations[1.88638143 3.55843333] -> [1.88513596 3.55373604] Step length = 0.0048596041152119 Function values: 0.7856720320331889 -> 0.7834656686207547 delta: -0.002206363412434187
method nt iteration 93: Locations[1.88513596 3.55373604] -> [1.8838906  3.54904225] Step length = 0.00485619187219526 Function values: 0.7834656686207547 -> 0.7812625951167055 delta: -0.0022030735040492466
method nt iteration 94: Locations[1.8838906  3.54904225] -> [1.88264535 3.54435196] Step length = 0.004852775226805604 Function values: 0.7812625951167055 -> 0.7790628131293756 delta: -0.0021997819873298408
method nt iteration 95: Locations[1.88264535 3.54435196] -> [1.88140021 3.53966519] Step length = 0.004849354173997419 Function values: 0.7790628131293756 -> 0.7768663242618817 delta: -0.0021964888674939065
method nt iteration 96: Locations[1.88140021 3.53966519] -> [1.88015517 3.53498193] Step length = 0.004845928708733983 Function values: 0.7768663242618817 -> 0.7746731301120845 delta: -0.0021931941497972396
method nt iteration 97: Locations[1.88015517 3.53498193] -> [1.87891025 3.53030219] Step length = 0.004842498825992042 Function values: 0.7746731301120845 -> 0.7724832322725549 delta: -0.0021898978395296087
method nt iteration 98: Locations[1.87891025 3.53030219] -> [1.87766544 3.52562597] Step length = 0.00483906452075528 Function values: 0.7724832322725549 -> 0.7702966323305365 delta: -0.002186599942018419
method nt iteration 99: Locations[1.87766544 3.52562597] -> [1.87642075 3.52095328] Step length = 0.004835625788016335 Function values: 0.7702966323305365 -> 0.7681133318679103 delta: -0.0021833004626261587
method nt iteration 100: Locations[1.87642075 3.52095328] -> [1.87517617 3.51628413] Step length = 0.004832182622779424 Function values: 0.7681133318679103 -> 0.7659333324611572 delta: -0.0021799994067530637
method nt iteration 101: Locations[1.87517617 3.51628413] -> [1.87393171 3.51161851] Step length = 0.004828735020059473 Function values: 0.7659333324611572 -> 0.7637566356813218 delta: -0.002176696779835452
method nt iteration 102: Locations[1.87393171 3.51161851] -> [1.87268737 3.50695643] Step length = 0.004825282974881557 Function values: 0.7637566356813218 -> 0.7615832430939755 delta: -0.002173392587346279
method nt iteration 103: Locations[1.87268737 3.50695643] -> [1.87144315 3.5022979 ] Step length = 0.004821826482280639 Function values: 0.7615832430939755 -> 0.7594131562591795 delta: -0.0021700868347960256
method nt iteration 104: Locations[1.87144315 3.5022979 ] -> [1.87019904 3.49764292] Step length = 0.004818365537302669 Function values: 0.7594131562591795 -> 0.7572463767314491 delta: -0.002166779527730367
method nt iteration 105: Locations[1.87019904 3.49764292] -> [1.86895507 3.49299149] Step length = 0.004814900135003518 Function values: 0.7572463767314491 -> 0.7550829060597142 delta: -0.002163470671734946
method nt iteration 106: Locations[1.86895507 3.49299149] -> [1.86771121 3.48834362] Step length = 0.004811430270452169 Function values: 0.7550829060597142 -> 0.7529227457872841 delta: -0.002160160272430045
method nt iteration 107: Locations[1.86771121 3.48834362] -> [1.86646748 3.48369931] Step length = 0.0048079559387265835 Function values: 0.7529227457872841 -> 0.7507658974518089 delta: -0.0021568483354752477
method nt iteration 108: Locations[1.86646748 3.48369931] -> [1.86522388 3.47905858] Step length = 0.004804477134917927 Function values: 0.7507658974518089 -> 0.7486123625852421 delta: -0.0021535348665667753
method nt iteration 109: Locations[1.86522388 3.47905858] -> [1.86398041 3.47442141] Step length = 0.004800993854127011 Function values: 0.7486123625852421 -> 0.7464621427138037 delta: -0.0021502198714383747
method nt iteration 110: Locations[1.86398041 3.47442141] -> [1.86273706 3.46978782] Step length = 0.004797506091466282 Function values: 0.7464621427138037 -> 0.7443152393579416 delta: -0.0021469033558620954
method nt iteration 111: Locations[1.86273706 3.46978782] -> [1.86149385 3.46515781] Step length = 0.004794013842061297 Function values: 0.7443152393579416 -> 0.7421716540322936 delta: -0.0021435853256480675
method nt iteration 112: Locations[1.86149385 3.46515781] -> [1.86025077 3.46053138] Step length = 0.004790517101050282 Function values: 0.7421716540322936 -> 0.7400313882456498 delta: -0.0021402657866437247
method nt iteration 113: Locations[1.86025077 3.46053138] -> [1.85900782 3.45590855] Step length = 0.0047870158635787766 Function values: 0.7400313882456498 -> 0.7378944435009143 delta: -0.0021369447447355805
method nt iteration 114: Locations[1.85900782 3.45590855] -> [1.85776502 3.45128931] Step length = 0.0047835101248117715 Function values: 0.7378944435009143 -> 0.7357608212950666 delta: -0.002133622205847674
method nt iteration 115: Locations[1.85776502 3.45128931] -> [1.85652234 3.44667366] Step length = 0.004779999879920143 Function values: 0.7357608212950666 -> 0.7336305231191235 delta: -0.002130298175943124
method nt iteration 116: Locations[1.85652234 3.44667366] -> [1.85527981 3.44206162] Step length = 0.004776485124088052 Function values: 0.7336305231191235 -> 0.7315035504580997 delta: -0.002126972661023796
method nt iteration 117: Locations[1.85527981 3.44206162] -> [1.85403741 3.43745319] Step length = 0.004772965852519441 Function values: 0.7315035504580997 -> 0.7293799047909701 delta: -0.0021236456671295256
method nt iteration 118: Locations[1.85403741 3.43745319] -> [1.85279516 3.43284837] Step length = 0.0047694420604212215 Function values: 0.7293799047909701 -> 0.7272595875906308 delta: -0.002120317200339339
method nt iteration 119: Locations[1.85279516 3.43284837] -> [1.85155305 3.42824716] Step length = 0.004765913743018582 Function values: 0.7272595875906308 -> 0.725142600323859 delta: -0.002116987266771786
method nt iteration 120: Locations[1.85155305 3.42824716] -> [1.85031109 3.42364958] Step length = 0.004762380895550684 Function values: 0.725142600323859 -> 0.723028944451275 delta: -0.0021136558725840526
method nt iteration 121: Locations[1.85031109 3.42364958] -> [1.84906927 3.41905561] Step length = 0.004758843513268024 Function values: 0.723028944451275 -> 0.720918621427302 delta: -0.00211032302397296
method nt iteration 122: Locations[1.84906927 3.41905561] -> [1.8478276  3.41446528] Step length = 0.004755301591434681 Function values: 0.720918621427302 -> 0.7188116327001283 delta: -0.002106988727173742
method nt iteration 123: Locations[1.8478276  3.41446528] -> [1.84658607 3.40987858] Step length = 0.004751755125328298 Function values: 0.7188116327001283 -> 0.7167079797116654 delta: -0.002103652988462823
method nt iteration 124: Locations[1.84658607 3.40987858] -> [1.8453447  3.40529552] Step length = 0.0047482041102437636 Function values: 0.7167079797116654 -> 0.7146076638975111 delta: -0.0021003158141543743
method nt iteration 125: Locations[1.8453447  3.40529552] -> [1.84410348 3.40071611] Step length = 0.004744648541482394 Function values: 0.7146076638975111 -> 0.7125106866869069 delta: -0.0020969772106042006
method nt iteration 126: Locations[1.84410348 3.40071611] -> [1.84286241 3.39614034] Step length = 0.0047410884143690955 Function values: 0.7125106866869069 -> 0.7104170495027003 delta: -0.0020936371842065205
method nt iteration 127: Locations[1.84286241 3.39614034] -> [1.8416215  3.39156822] Step length = 0.004737523724234806 Function values: 0.7104170495027003 -> 0.7083267537613035 delta: -0.0020902957413968526
method nt iteration 128: Locations[1.8416215  3.39156822] -> [1.84038075 3.38699976] Step length = 0.0047339544664314 Function values: 0.7083267537613035 -> 0.7062398008726537 delta: -0.0020869528886497957
method nt iteration 129: Locations[1.84038075 3.38699976] -> [1.83914015 3.38243495] Step length = 0.0047303806363202475 Function values: 0.7062398008726537 -> 0.7041561922401725 delta: -0.0020836086324812486
method nt iteration 130: Locations[1.83914015 3.38243495] -> [1.83789971 3.37787382] Step length = 0.004726802229283256 Function values: 0.7041561922401725 -> 0.7020759292607254 delta: -0.0020802629794470784
method nt iteration 131: Locations[1.83789971 3.37787382] -> [1.83665944 3.37331635] Step length = 0.0047232192407108305 Function values: 0.7020759292607254 -> 0.6999990133245817 delta: -0.002076915936143675
method nt iteration 132: Locations[1.83665944 3.37331635] -> [1.83541932 3.36876255] Step length = 0.004719631666013577 Function values: 0.6999990133245817 -> 0.6979254458153737 delta: -0.002073567509207952
method nt iteration 133: Locations[1.83541932 3.36876255] -> [1.83417937 3.36421244] Step length = 0.004716039500615717 Function values: 0.6979254458153737 -> 0.6958552281100556 delta: -0.0020702177053181225
method nt iteration 134: Locations[1.83417937 3.36421244] -> [1.83293959 3.35966601] Step length = 0.004712442739957478 Function values: 0.6958552281100556 -> 0.6937883615788618 delta: -0.0020668665311938117
method nt iteration 135: Locations[1.83293959 3.35966601] -> [1.83169997 3.35512326] Step length = 0.004708841379494157 Function values: 0.6937883615788618 -> 0.6917248475852676 delta: -0.002063513993594168
method nt iteration 136: Locations[1.83169997 3.35512326] -> [1.83046053 3.35058421] Step length = 0.004705235414697633 Function values: 0.6917248475852676 -> 0.6896646874859463 delta: -0.0020601600993213065
method nt iteration 137: Locations[1.83046053 3.35058421] -> [1.82922125 3.34604885] Step length = 0.0047016248410553805 Function values: 0.6896646874859463 -> 0.6876078826307285 delta: -0.002056804855217864
method nt iteration 138: Locations[1.82922125 3.34604885] -> [1.82798215 3.34151719] Step length = 0.004698009654072476 Function values: 0.6876078826307285 -> 0.6855544343625609 delta: -0.002053448268167557
method nt iteration 139: Locations[1.82798215 3.34151719] -> [1.82674322 3.33698924] Step length = 0.004694389849267658 Function values: 0.6855544343625609 -> 0.683504344017464 delta: -0.0020500903450969554
method nt iteration 140: Locations[1.82674322 3.33698924] -> [1.82550446 3.332465  ] Step length = 0.00469076542218061 Function values: 0.683504344017464 -> 0.6814576129244906 delta: -0.002046731092973375
method nt iteration 141: Locations[1.82550446 3.332465  ] -> [1.82426588 3.32794447] Step length = 0.004687136368363737 Function values: 0.6814576129244906 -> 0.6794142424056843 delta: -0.00204337051880632
method nt iteration 142: Locations[1.82426588 3.32794447] -> [1.82302748 3.32342766] Step length = 0.004683502683389252 Function values: 0.6794142424056843 -> 0.6773742337760371 delta: -0.00204000862964715
method nt iteration 143: Locations[1.82302748 3.32342766] -> [1.82178926 3.31891458] Step length = 0.004679864362845373 Function values: 0.6773742337760371 -> 0.675337588343447 delta: -0.0020366454325900785
method nt iteration 144: Locations[1.82178926 3.31891458] -> [1.82055122 3.31440522] Step length = 0.00467622140233722 Function values: 0.675337588343447 -> 0.6733043074086762 delta: -0.0020332809347708425
method nt iteration 145: Locations[1.82055122 3.31440522] -> [1.81931337 3.30989959] Step length = 0.004672573797490424 Function values: 0.6733043074086762 -> 0.6712743922653092 delta: -0.0020299151433670337
method nt iteration 146: Locations[1.81931337 3.30989959] -> [1.8180757 3.3053977] Step length = 0.0046689215439439284 Function values: 0.6712743922653092 -> 0.6692478441997086 delta: -0.002026548065600542
method nt iteration 147: Locations[1.8180757 3.3053977] -> [1.81683821 3.30089956] Step length = 0.004665264637357535 Function values: 0.6692478441997086 -> 0.6672246644909743 delta: -0.002023179708734335
method nt iteration 148: Locations[1.81683821 3.30089956] -> [1.81560092 3.29640516] Step length = 0.004661603073411066 Function values: 0.6672246644909743 -> 0.665204854410899 delta: -0.002019810080075235
method nt iteration 149: Locations[1.81560092 3.29640516] -> [1.81436381 3.2919145 ] Step length = 0.004657936847798007 Function values: 0.665204854410899 -> 0.663188415223927 delta: -0.00201643918697203
method nt iteration 150: Locations[1.81436381 3.2919145 ] -> [1.8131269  3.28742761] Step length = 0.004654265956233554 Function values: 0.663188415223927 -> 0.6611753481871101 delta: -0.002013067036816918
method nt iteration 151: Locations[1.8131269  3.28742761] -> [1.81189017 3.28294447] Step length = 0.004650590394451305 Function values: 0.6611753481871101 -> 0.6591656545500645 delta: -0.0020096936370456175
method nt iteration 152: Locations[1.81189017 3.28294447] -> [1.81065365 3.2784651 ] Step length = 0.004646910158204404 Function values: 0.6591656545500645 -> 0.6571593355549274 delta: -0.0020063189951370353
method nt iteration 153: Locations[1.81065365 3.2784651 ] -> [1.80941732 3.2739895 ] Step length = 0.004643225243262714 Function values: 0.6571593355549274 -> 0.6551563924363147 delta: -0.00200294311861271
method nt iteration 154: Locations[1.80941732 3.2739895 ] -> [1.80818118 3.26951767] Step length = 0.004639535645418492 Function values: 0.6551563924363147 -> 0.6531568264212759 delta: -0.0019995660150388117
method nt iteration 155: Locations[1.80818118 3.26951767] -> [1.80694525 3.26504961] Step length = 0.004635841360482213 Function values: 0.6531568264212759 -> 0.6511606387292509 delta: -0.001996187692025031
method nt iteration 156: Locations[1.80694525 3.26504961] -> [1.80570952 3.26058534] Step length = 0.004632142384284026 Function values: 0.6511606387292509 -> 0.649167830572027 delta: -0.001992808157223913
method nt iteration 157: Locations[1.80570952 3.26058534] -> [1.80447399 3.25612486] Step length = 0.004628438712674356 Function values: 0.649167830572027 -> 0.6471784031536943 delta: -0.0019894274183326344
method nt iteration 158: Locations[1.80447399 3.25612486] -> [1.80323867 3.25166817] Step length = 0.004624730341523506 Function values: 0.6471784031536943 -> 0.6451923576706017 delta: -0.001986045483092669
method nt iteration 159: Locations[1.80323867 3.25166817] -> [1.80200355 3.24721527] Step length = 0.0046210172667223975 Function values: 0.6451923576706017 -> 0.6432096953113129 delta: -0.0019826623592887893
method nt iteration 160: Locations[1.80200355 3.24721527] -> [1.80076864 3.24276617] Step length = 0.0046172994841830895 Function values: 0.6432096953113129 -> 0.6412304172565613 delta: -0.001979278054751621
method nt iteration 161: Locations[1.80076864 3.24276617] -> [1.79953394 3.23832088] Step length = 0.0046135769898395075 Function values: 0.6412304172565613 -> 0.6392545246792072 delta: -0.001975892577354088
method nt iteration 162: Locations[1.79953394 3.23832088] -> [1.79829945 3.2338794 ] Step length = 0.0046098497796420446 Function values: 0.6392545246792072 -> 0.6372820187441919 delta: -0.0019725059350153007
method nt iteration 163: Locations[1.79829945 3.2338794 ] -> [1.79706518 3.22944174] Step length = 0.004606117849568123 Function values: 0.6372820187441919 -> 0.6353129006084934 delta: -0.0019691181356984444
method nt iteration 164: Locations[1.79706518 3.22944174] -> [1.79583112 3.22500789] Step length = 0.00460238119561289 Function values: 0.6353129006084934 -> 0.6333471714210813 delta: -0.001965729187412113
method nt iteration 165: Locations[1.79583112 3.22500789] -> [1.79459728 3.22057786] Step length = 0.004598639813795008 Function values: 0.6333471714210813 -> 0.6313848323228735 delta: -0.001962339098207866
method nt iteration 166: Locations[1.79459728 3.22057786] -> [1.79336365 3.21615167] Step length = 0.00459489370015395 Function values: 0.6313848323228735 -> 0.6294258844466886 delta: -0.001958947876184891
method nt iteration 167: Locations[1.79336365 3.21615167] -> [1.79213025 3.2117293 ] Step length = 0.004591142850750229 Function values: 0.6294258844466886 -> 0.6274703289172029 delta: -0.0019555555294856752
method nt iteration 168: Locations[1.79213025 3.2117293 ] -> [1.79089706 3.20731077] Step length = 0.004587387261671865 Function values: 0.6274703289172029 -> 0.6255181668509039 delta: -0.0019521620662990014
method nt iteration 169: Locations[1.79089706 3.20731077] -> [1.78966411 3.20289609] Step length = 0.004583626929022328 Function values: 0.6255181668509039 -> 0.6235693993560454 delta: -0.0019487674948585054
method nt iteration 170: Locations[1.78966411 3.20289609] -> [1.78843137 3.19848525] Step length = 0.004579861848932742 Function values: 0.6235693993560454 -> 0.621624027532602 delta: -0.0019453718234433426
method nt iteration 171: Locations[1.78843137 3.19848525] -> [1.78719886 3.19407826] Step length = 0.004576092017556012 Function values: 0.621624027532602 -> 0.6196820524722233 delta: -0.0019419750603787422
method nt iteration 172: Locations[1.78719886 3.19407826] -> [1.78596659 3.18967513] Step length = 0.00457231743106753 Function values: 0.6196820524722233 -> 0.6177434752581882 delta: -0.0019385772140351198
method nt iteration 173: Locations[1.78596659 3.18967513] -> [1.78473454 3.18527586] Step length = 0.00456853808566713 Function values: 0.6177434752581882 -> 0.6158082969653589 delta: -0.0019351782928292982
method nt iteration 174: Locations[1.78473454 3.18527586] -> [1.78350272 3.18088045] Step length = 0.004564753977577044 Function values: 0.6158082969653589 -> 0.6138765186601355 delta: -0.0019317783052233972
method nt iteration 175: Locations[1.78350272 3.18088045] -> [1.78227114 3.17648891] Step length = 0.004560965103045314 Function values: 0.6138765186601355 -> 0.6119481414004087 delta: -0.0019283772597268323
method nt iteration 176: Locations[1.78227114 3.17648891] -> [1.7810398  3.17210125] Step length = 0.00455717145834278 Function values: 0.6119481414004087 -> 0.6100231662355149 delta: -0.0019249751648937607
method nt iteration 177: Locations[1.7810398  3.17210125] -> [1.77980869 3.16771746] Step length = 0.004553373039763865 Function values: 0.6100231662355149 -> 0.6081015942061893 delta: -0.0019215720293256355
method nt iteration 178: Locations[1.77980869 3.16771746] -> [1.77857782 3.16333756] Step length = 0.004549569843630585 Function values: 0.6081015942061893 -> 0.606183426344519 delta: -0.0019181678616702058
method nt iteration 179: Locations[1.77857782 3.16333756] -> [1.7773472  3.15896154] Step length = 0.004545761866285206 Function values: 0.606183426344519 -> 0.6042686636738974 delta: -0.001914762670621628
method nt iteration 180: Locations[1.7773472  3.15896154] -> [1.77611681 3.15458942] Step length = 0.004541949104100061 Function values: 0.6042686636738974 -> 0.602357307208976 delta: -0.0019113564649214654
method nt iteration 181: Locations[1.77611681 3.15458942] -> [1.77488667 3.15022119] Step length = 0.004538131553469721 Function values: 0.602357307208976 -> 0.6004493579556196 delta: -0.0019079492533563558
method nt iteration 182: Locations[1.77488667 3.15022119] -> [1.77365678 3.14585687] Step length = 0.004534309210813907 Function values: 0.6004493579556196 -> 0.598544816910858 delta: -0.0019045410447615652
method nt iteration 183: Locations[1.77365678 3.14585687] -> [1.77242714 3.14149645] Step length = 0.004530482072580222 Function values: 0.598544816910858 -> 0.5966436850628392 delta: -0.0019011318480188777
method nt iteration 184: Locations[1.77242714 3.14149645] -> [1.77119775 3.13713994] Step length = 0.004526650135240721 Function values: 0.5966436850628392 -> 0.5947459633907821 delta: -0.00189772167205704
method nt iteration 185: Locations[1.77119775 3.13713994] -> [1.7699686  3.13278735] Step length = 0.00452281339529378 Function values: 0.5947459633907821 -> 0.5928516528649302 delta: -0.0018943105258518722
method nt iteration 186: Locations[1.7699686  3.13278735] -> [1.76873972 3.12843868] Step length = 0.00451897184926525 Function values: 0.5928516528649302 -> 0.5909607544465034 delta: -0.001890898418426823
method nt iteration 187: Locations[1.76873972 3.12843868] -> [1.76751109 3.12409393] Step length = 0.0045151254937064195 Function values: 0.5909607544465034 -> 0.5890732690876501 delta: -0.0018874853588533025
method nt iteration 188: Locations[1.76751109 3.12409393] -> [1.76628271 3.11975312] Step length = 0.004511274325196991 Function values: 0.5890732690876501 -> 0.5871891977314007 delta: -0.0018840713562494615
method nt iteration 189: Locations[1.76628271 3.11975312] -> [1.7650546  3.11541623] Step length = 0.004507418340342323 Function values: 0.5871891977314007 -> 0.5853085413116194 delta: -0.0018806564197813014
method nt iteration 190: Locations[1.7650546  3.11541623] -> [1.76382675 3.11108329] Step length = 0.004503557535776827 Function values: 0.5853085413116194 -> 0.5834313007529561 delta: -0.001877240558663229
method nt iteration 191: Locations[1.76382675 3.11108329] -> [1.76259916 3.10675429] Step length = 0.004499691908160597 Function values: 0.5834313007529561 -> 0.5815574769707992 delta: -0.001873823782156947
method nt iteration 192: Locations[1.76259916 3.10675429] -> [1.76137183 3.10242923] Step length = 0.004495821454183424 Function values: 0.5815574769707992 -> 0.5796870708712266 delta: -0.0018704060995725635
method nt iteration 193: Locations[1.76137183 3.10242923] -> [1.76014478 3.09810813] Step length = 0.004491946170563494 Function values: 0.5796870708712266 -> 0.577820083350959 delta: -0.0018669875202675934
method nt iteration 194: Locations[1.76014478 3.09810813] -> [1.75891799 3.09379099] Step length = 0.004488066054044568 Function values: 0.577820083350959 -> 0.57595651529731 delta: -0.0018635680536490673
method nt iteration 195: Locations[1.75891799 3.09379099] -> [1.75769147 3.08947781] Step length = 0.004484181101403288 Function values: 0.57595651529731 -> 0.5740963675881389 delta: -0.0018601477091710894
method nt iteration 196: Locations[1.75769147 3.08947781] -> [1.75646523 3.08516859] Step length = 0.0044802913094414126 Function values: 0.5740963675881389 -> 0.5722396410918023 delta: -0.0018567264963366137
method nt iteration 197: Locations[1.75646523 3.08516859] -> [1.75523926 3.08086335] Step length = 0.004476396674993486 Function values: 0.5722396410918023 -> 0.5703863366671044 delta: -0.001853304424697888
method nt iteration 198: Locations[1.75523926 3.08086335] -> [1.75401356 3.07656208] Step length = 0.004472497194918955 Function values: 0.5703863366671044 -> 0.5685364551632496 delta: -0.0018498815038547889
method nt iteration 199: Locations[1.75401356 3.07656208] -> [1.75278815 3.07226479] Step length = 0.004468592866114171 Function values: 0.5685364551632496 -> 0.5666899974197932 delta: -0.0018464577434563756
method nt iteration 200: Locations[1.75278815 3.07226479] -> [1.75156301 3.06797149] Step length = 0.004464683685495534 Function values: 0.5666899974197932 -> 0.5648469642665933 delta: -0.0018430331531998911
method nt iteration 201: Locations[1.75156301 3.06797149] -> [1.75033816 3.06368218] Step length = 0.004460769650018144 Function values: 0.5648469642665933 -> 0.5630073565237599 delta: -0.0018396077428334268
method nt iteration 202: Locations[1.75033816 3.06368218] -> [1.74911359 3.05939686] Step length = 0.004456850756664992 Function values: 0.5630073565237599 -> 0.5611711750016083 delta: -0.001836181522151592
method nt iteration 203: Locations[1.74911359 3.05939686] -> [1.74788931 3.05511554] Step length = 0.004452927002447731 Function values: 0.5611711750016083 -> 0.5593384205006078 delta: -0.0018327545010005108
method nt iteration 204: Locations[1.74788931 3.05511554] -> [1.74666532 3.05083823] Step length = 0.004448998384412215 Function values: 0.5593384205006078 -> 0.5575090938113343 delta: -0.0018293266892734916
method nt iteration 205: Locations[1.74666532 3.05083823] -> [1.74544161 3.04656492] Step length = 0.0044450648996325615 Function values: 0.5575090938113343 -> 0.5556831957144195 delta: -0.001825898096914802
method nt iteration 206: Locations[1.74544161 3.04656492] -> [1.7442182  3.04229563] Step length = 0.004441126545217179 Function values: 0.5556831957144195 -> 0.5538607269805027 delta: -0.0018224687339167822
method nt iteration 207: Locations[1.7442182  3.04229563] -> [1.74299508 3.03803035] Step length = 0.004437183318303624 Function values: 0.5538607269805027 -> 0.5520416883701798 delta: -0.0018190386103229539
method nt iteration 208: Locations[1.74299508 3.03803035] -> [1.74177226 3.0337691 ] Step length = 0.0044332352160649895 Function values: 0.5520416883701798 -> 0.5502260806339545 delta: -0.0018156077362252443
method nt iteration 209: Locations[1.74177226 3.0337691 ] -> [1.74054973 3.02951187] Step length = 0.004429282235703364 Function values: 0.5502260806339545 -> 0.5484139045121895 delta: -0.0018121761217649857
method nt iteration 210: Locations[1.74054973 3.02951187] -> [1.73932751 3.02525868] Step length = 0.00442532437445536 Function values: 0.5484139045121895 -> 0.5466051607350547 delta: -0.0018087437771348025
method nt iteration 211: Locations[1.73932751 3.02525868] -> [1.73810558 3.02100952] Step length = 0.0044213616295886915 Function values: 0.5466051607350547 -> 0.5447998500224789 delta: -0.001805310712575836
method nt iteration 212: Locations[1.73810558 3.02100952] -> [1.73688396 3.0167644 ] Step length = 0.004417393998406419 Function values: 0.5447998500224789 -> 0.5429979730840988 delta: -0.001801876938380076
method nt iteration 213: Locations[1.73688396 3.0167644 ] -> [1.73566265 3.01252333] Step length = 0.004413421478244798 Function values: 0.5429979730840988 -> 0.5411995306192093 delta: -0.0017984424648894715
method nt iteration 214: Locations[1.73566265 3.01252333] -> [1.73444164 3.00828631] Step length = 0.004409444066472112 Function values: 0.5411995306192093 -> 0.5394045233167138 delta: -0.0017950073024954882
method nt iteration 215: Locations[1.73444164 3.00828631] -> [1.73322094 3.00405335] Step length = 0.004405461760491147 Function values: 0.5394045233167138 -> 0.5376129518550732 delta: -0.001791571461640662
method nt iteration 216: Locations[1.73322094 3.00405335] -> [1.73200056 2.99982444] Step length = 0.004401474557741435 Function values: 0.5376129518550732 -> 0.5358248169022551 delta: -0.0017881349528180435
method nt iteration 217: Locations[1.73200056 2.99982444] -> [1.73078049 2.9955996 ] Step length = 0.004397482455693997 Function values: 0.5358248169022551 -> 0.5340401191156848 delta: -0.0017846977865703106
method nt iteration 218: Locations[1.73078049 2.9955996 ] -> [1.72956073 2.99137883] Step length = 0.004393485451854429 Function values: 0.5340401191156848 -> 0.5322588591421941 delta: -0.0017812599734907675
method nt iteration 219: Locations[1.72956073 2.99137883] -> [1.72834129 2.98716213] Step length = 0.004389483543768072 Function values: 0.5322588591421941 -> 0.53048103761797 delta: -0.0017778215242240103
method nt iteration 220: Locations[1.72834129 2.98716213] -> [1.72712217 2.98294952] Step length = 0.0043854767290088395 Function values: 0.53048103761797 -> 0.5287066551685051 delta: -0.0017743824494649285
method nt iteration 221: Locations[1.72712217 2.98294952] -> [1.72590338 2.97874098] Step length = 0.004381465005191759 Function values: 0.5287066551685051 -> 0.5269357124085461 delta: -0.0017709427599590377
method nt iteration 222: Locations[1.72590338 2.97874098] -> [1.7246849  2.97453653] Step length = 0.004377448369965939 Function values: 0.5269357124085461 -> 0.5251682099420426 delta: -0.0017675024665034789
method nt iteration 223: Locations[1.7246849  2.97453653] -> [1.72346676 2.97033618] Step length = 0.004373426821018034 Function values: 0.5251682099420426 -> 0.5234041483620976 delta: -0.0017640615799450199
method nt iteration 224: Locations[1.72346676 2.97033618] -> [1.72224894 2.96613992] Step length = 0.0043694003560674115 Function values: 0.5234041483620976 -> 0.5216435282509148 delta: -0.0017606201111828312
method nt iteration 225: Locations[1.72224894 2.96613992] -> [1.72103145 2.96194777] Step length = 0.0043653689728747275 Function values: 0.5216435282509148 -> 0.5198863501797487 delta: -0.0017571780711660434
method nt iteration 226: Locations[1.72103145 2.96194777] -> [1.71981429 2.95775972] Step length = 0.004361332669235326 Function values: 0.5198863501797487 -> 0.5181326147088532 delta: -0.0017537354708955233
method nt iteration 227: Locations[1.71981429 2.95775972] -> [1.71859747 2.95357578] Step length = 0.004357291442982397 Function values: 0.5181326147088532 -> 0.5163823223874294 delta: -0.0017502923214237631
method nt iteration 228: Locations[1.71859747 2.95357578] -> [1.71738098 2.94939596] Step length = 0.004353245291988658 Function values: 0.5163823223874294 -> 0.5146354737535758 delta: -0.0017468486338536593
method nt iteration 229: Locations[1.71738098 2.94939596] -> [1.71616483 2.94522026] Step length = 0.0043491942141604956 Function values: 0.5146354737535758 -> 0.5128920693342351 delta: -0.0017434044193406217
method nt iteration 230: Locations[1.71616483 2.94522026] -> [1.71494903 2.94104868] Step length = 0.004345138207448667 Function values: 0.5128920693342351 -> 0.5111521096451449 delta: -0.0017399596890902425
method nt iteration 231: Locations[1.71494903 2.94104868] -> [1.71373356 2.93688124] Step length = 0.004341077269837078 Function values: 0.5111521096451449 -> 0.5094155951907837 delta: -0.0017365144543611821
method nt iteration 232: Locations[1.71373356 2.93688124] -> [1.71251844 2.93271793] Step length = 0.004337011399351834 Function values: 0.5094155951907837 -> 0.5076825264643222 delta: -0.0017330687264615063
method nt iteration 233: Locations[1.71251844 2.93271793] -> [1.71130366 2.92855876] Step length = 0.00433294059405539 Function values: 0.5076825264643222 -> 0.5059529039475684 delta: -0.0017296225167537926
method nt iteration 234: Locations[1.71130366 2.92855876] -> [1.71008924 2.92440373] Step length = 0.004328864852053709 Function values: 0.5059529039475684 -> 0.5042267281109183 delta: -0.0017261758366501345
method nt iteration 235: Locations[1.71008924 2.92440373] -> [1.70887516 2.92025285] Step length = 0.004324784171489795 Function values: 0.5042267281109183 -> 0.5025039994133029 delta: -0.001722728697615361
method nt iteration 236: Locations[1.70887516 2.92025285] -> [1.70766144 2.91610613] Step length = 0.004320698550546475 Function values: 0.5025039994133029 -> 0.5007847183021369 delta: -0.0017192811111660378
method nt iteration 237: Locations[1.70766144 2.91610613] -> [1.70644808 2.91196357] Step length = 0.0043166079874496135 Function values: 0.5007847183021369 -> 0.49906888521326614 delta: -0.001715833088870744
method nt iteration 238: Locations[1.70644808 2.91196357] -> [1.70523507 2.90782516] Step length = 0.004312512480462369 Function values: 0.49906888521326614 -> 0.4973565005709162 delta: -0.0017123846423499622
method nt iteration 239: Locations[1.70523507 2.90782516] -> [1.70402242 2.90369093] Step length = 0.0043084120278905355 Function values: 0.4973565005709162 -> 0.49564756478763977 delta: -0.0017089357832764107
method nt iteration 240: Locations[1.70402242 2.90369093] -> [1.70281013 2.89956087] Step length = 0.00430430662808405 Function values: 0.49564756478763977 -> 0.49394207826426534 delta: -0.0017054865233744332
method nt iteration 241: Locations[1.70281013 2.89956087] -> [1.7015982  2.89543498] Step length = 0.004300196279429547 Function values: 0.49394207826426534 -> 0.4922400413898442 delta: -0.0017020368744211645
method nt iteration 242: Locations[1.7015982  2.89543498] -> [1.70038665 2.89131328] Step length = 0.0042960809803587454 Function values: 0.4922400413898442 -> 0.4905414545415984 delta: -0.0016985868482457533
method nt iteration 243: Locations[1.70038665 2.89131328] -> [1.69917546 2.88719576] Step length = 0.004291960729343798 Function values: 0.4905414545415984 -> 0.48884631808486906 delta: -0.0016951364567293625
method nt iteration 244: Locations[1.69917546 2.88719576] -> [1.69796464 2.88308244] Step length = 0.00428783552490222 Function values: 0.48884631808486906 -> 0.48715463237306283 delta: -0.0016916857118062234
method nt iteration 245: Locations[1.69796464 2.88308244] -> [1.69675419 2.87897331] Step length = 0.004283705365592291 Function values: 0.48715463237306283 -> 0.48546639774760014 delta: -0.0016882346254626923
method nt iteration 246: Locations[1.69675419 2.87897331] -> [1.69554411 2.87486838] Step length = 0.004279570250017002 Function values: 0.48546639774760014 -> 0.4837816145378636 delta: -0.001684783209736529
method nt iteration 247: Locations[1.69554411 2.87486838] -> [1.69433442 2.87076765] Step length = 0.004275430176820149 Function values: 0.4837816145378636 -> 0.48210028306114394 delta: -0.0016813314767196719
method nt iteration 248: Locations[1.69433442 2.87076765] -> [1.6931251  2.86667114] Step length = 0.00427128514469227 Function values: 0.48210028306114394 -> 0.4804224036225884 delta: -0.0016778794385555185
method nt iteration 249: Locations[1.6931251  2.86667114] -> [1.69191616 2.86257884] Step length = 0.004267135152367595 Function values: 0.4804224036225884 -> 0.47874797651514783 delta: -0.0016744271074405903
method nt iteration 250: Locations[1.69191616 2.86257884] -> [1.69070761 2.85849076] Step length = 0.004262980198623838 Function values: 0.47874797651514783 -> 0.47707700201952435 delta: -0.0016709744956234784
method nt iteration 251: Locations[1.69070761 2.85849076] -> [1.68949944 2.8544069 ] Step length = 0.004258820282283714 Function values: 0.47707700201952435 -> 0.47540948040411823 delta: -0.00166752161540612
method nt iteration 252: Locations[1.68949944 2.8544069 ] -> [1.68829166 2.85032728] Step length = 0.00425465540221649 Function values: 0.47540948040411823 -> 0.4737454119249753 delta: -0.0016640684791429106
method nt iteration 253: Locations[1.68829166 2.85032728] -> [1.68708427 2.84625188] Step length = 0.0042504855573355475 Function values: 0.4737454119249753 -> 0.4720847968257343 delta: -0.0016606150992410362
method nt iteration 254: Locations[1.68708427 2.84625188] -> [1.68587727 2.84218073] Step length = 0.004246310746600852 Function values: 0.4720847968257343 -> 0.47042763533757403 delta: -0.0016571614881602525
method nt iteration 255: Locations[1.68587727 2.84218073] -> [1.68467067 2.83811381] Step length = 0.00424213096901906 Function values: 0.47042763533757403 -> 0.46877392767916076 delta: -0.0016537076584132726
method nt iteration 256: Locations[1.68467067 2.83811381] -> [1.68346446 2.83405115] Step length = 0.004237946223639434 Function values: 0.46877392767916076 -> 0.4671236740565945 delta: -0.0016502536225662667
method nt iteration 257: Locations[1.68346446 2.83405115] -> [1.68225866 2.82999273] Step length = 0.00423375650956452 Function values: 0.4671236740565945 -> 0.4654768746633572 delta: -0.0016467993932373082
method nt iteration 258: Locations[1.68225866 2.82999273] -> [1.68105325 2.82593858] Step length = 0.004229561825938769 Function values: 0.4654768746633572 -> 0.46383352968025865 delta: -0.001643344983098538
method nt iteration 259: Locations[1.68105325 2.82593858] -> [1.67984825 2.82188868] Step length = 0.00422536217195824 Function values: 0.46383352968025865 -> 0.4621936392753846 delta: -0.001639890404874056
method nt iteration 260: Locations[1.67984825 2.82188868] -> [1.67864365 2.81784305] Step length = 0.004221157546860927 Function values: 0.4621936392753846 -> 0.4605572036040429 delta: -0.001636435671341696
method nt iteration 261: Locations[1.67864365 2.81784305] -> [1.67743946 2.81380169] Step length = 0.0042169479499404115 Function values: 0.4605572036040429 -> 0.4589242228087109 delta: -0.001632980795331973
method nt iteration 262: Locations[1.67743946 2.81380169] -> [1.67623568 2.80976461] Step length = 0.004212733380532904 Function values: 0.4589242228087109 -> 0.4572946970189826 delta: -0.0016295257897283033
method nt iteration 263: Locations[1.67623568 2.80976461] -> [1.67503231 2.80573181] Step length = 0.004208513838025866 Function values: 0.4572946970189826 -> 0.45566862635151456 delta: -0.0016260706674680603
method nt iteration 264: Locations[1.67503231 2.80573181] -> [1.67382936 2.80170329] Step length = 0.0042042893218565205 Function values: 0.45566862635151456 -> 0.45404601090997354 delta: -0.0016226154415410199
method nt iteration 265: Locations[1.67382936 2.80170329] -> [1.67262683 2.79767906] Step length = 0.004200059831510201 Function values: 0.45404601090997354 -> 0.45242685078498396 delta: -0.0016191601249895826
method nt iteration 266: Locations[1.67262683 2.79767906] -> [1.67142471 2.79365913] Step length = 0.0041958253665223474 Function values: 0.45242685078498396 -> 0.4508111460540736 delta: -0.0016157047309103834
method nt iteration 267: Locations[1.67142471 2.79365913] -> [1.67022302 2.78964349] Step length = 0.004191585926479644 Function values: 0.4508111460540736 -> 0.44919889678162045 delta: -0.0016122492724531257
method nt iteration 268: Locations[1.67022302 2.78964349] -> [1.66902175 2.78563216] Step length = 0.0041873415110189535 Function values: 0.44919889678162045 -> 0.4475901030188008 delta: -0.001608793762819638
method nt iteration 269: Locations[1.66902175 2.78563216] -> [1.66782091 2.78162514] Step length = 0.0041830921198261735 Function values: 0.4475901030188008 -> 0.44598476480353444 delta: -0.001605338215266372
method nt iteration 270: Locations[1.66782091 2.78162514] -> [1.66662049 2.77762243] Step length = 0.004178837752642455 Function values: 0.44598476480353444 -> 0.4443828821604329 delta: -0.0016018826431015154
method nt iteration 271: Locations[1.66662049 2.77762243] -> [1.66542051 2.77362403] Step length = 0.0041745784092550925 Function values: 0.4443828821604329 -> 0.4427844551007449 delta: -0.0015984270596880457
method nt iteration 272: Locations[1.66542051 2.77362403] -> [1.66422096 2.76962996] Step length = 0.0041703140895093405 Function values: 0.4427844551007449 -> 0.44118948362230387 delta: -0.0015949714784410096
method nt iteration 273: Locations[1.66422096 2.76962996] -> [1.66302185 2.76564022] Step length = 0.004166044793298866 Function values: 0.44118948362230387 -> 0.439597967709475 delta: -0.0015915159128288558
method nt iteration 274: Locations[1.66302185 2.76564022] -> [1.66182317 2.76165481] Step length = 0.004161770520568956 Function values: 0.439597967709475 -> 0.43800990733310113 delta: -0.0015880603763738788
method nt iteration 275: Locations[1.66182317 2.76165481] -> [1.66062493 2.75767373] Step length = 0.004157491271322146 Function values: 0.43800990733310113 -> 0.43642530245044997 delta: -0.0015846048826511638
method nt iteration 276: Locations[1.66062493 2.75767373] -> [1.65942714 2.753697  ] Step length = 0.0041532070456120704 Function values: 0.43642530245044997 -> 0.43484415300516116 delta: -0.0015811494452888097
method nt iteration 277: Locations[1.65942714 2.753697  ] -> [1.65822979 2.74972461] Step length = 0.0041489178435456355 Function values: 0.43484415300516116 -> 0.43326645892719234 delta: -0.0015776940779688164
method nt iteration 278: Locations[1.65822979 2.74972461] -> [1.65703289 2.74575657] Step length = 0.004144623665282154 Function values: 0.43326645892719234 -> 0.4316922201327665 delta: -0.001574238794425864
method nt iteration 279: Locations[1.65703289 2.74575657] -> [1.65583644 2.74179289] Step length = 0.004140324511041469 Function values: 0.4316922201327665 -> 0.43012143652431795 delta: -0.0015707836084485338
method nt iteration 280: Locations[1.65583644 2.74179289] -> [1.65464044 2.73783356] Step length = 0.004136020381091901 Function values: 0.43012143652431795 -> 0.4285541079904406 delta: -0.0015673285338773657
method nt iteration 281: Locations[1.65464044 2.73783356] -> [1.6534449 2.7338786] Step length = 0.004131711275759183 Function values: 0.4285541079904406 -> 0.4269902344058331 delta: -0.001563873584607467
method nt iteration 282: Locations[1.6534449 2.7338786] -> [1.65224981 2.72992801] Step length = 0.004127397195424488 Function values: 0.4269902344058331 -> 0.4254298156312465 delta: -0.001560418774586625
method nt iteration 283: Locations[1.65224981 2.72992801] -> [1.65105518 2.72598179] Step length = 0.004123078140526173 Function values: 0.4254298156312465 -> 0.4238728515134306 delta: -0.0015569641178158622
method nt iteration 284: Locations[1.65105518 2.72598179] -> [1.64986102 2.72203995] Step length = 0.004118754111556977 Function values: 0.4238728515134306 -> 0.4223193418850814 delta: -0.0015535096283492145
method nt iteration 285: Locations[1.64986102 2.72203995] -> [1.64866732 2.71810249] Step length = 0.004114425109068552 Function values: 0.4223193418850814 -> 0.42076928656478746 delta: -0.0015500553202939527
method nt iteration 286: Locations[1.64866732 2.71810249] -> [1.64747408 2.71416942] Step length = 0.004110091133664543 Function values: 0.42076928656478746 -> 0.41922268535697665 delta: -0.001546601207810805
method nt iteration 287: Locations[1.64747408 2.71416942] -> [1.64628131 2.71024074] Step length = 0.004105752186012569 Function values: 0.41922268535697665 -> 0.4176795380518637 delta: -0.0015431473051129574
method nt iteration 288: Locations[1.64628131 2.71024074] -> [1.64508902 2.70631646] Step length = 0.004101408266832826 Function values: 0.4176795380518637 -> 0.4161398444253961 delta: -0.0015396936264676087
method nt iteration 289: Locations[1.64508902 2.70631646] -> [1.6438972  2.70239658] Step length = 0.004097059376906538 Function values: 0.4161398444253961 -> 0.41460360423920206 delta: -0.0015362401861940267
method nt iteration 290: Locations[1.6438972  2.70239658] -> [1.64270586 2.69848111] Step length = 0.004092705517071357 Function values: 0.41460360423920206 -> 0.41307081724053646 delta: -0.0015327869986656029
method nt iteration 291: Locations[1.64270586 2.69848111] -> [1.64151499 2.69457005] Step length = 0.004088346688226973 Function values: 0.41307081724053646 -> 0.41154148316222905 delta: -0.0015293340783074094
method nt iteration 292: Locations[1.64151499 2.69457005] -> [1.64032461 2.6906634 ] Step length = 0.004083982891326134 Function values: 0.41154148316222905 -> 0.41001560172263013 delta: -0.0015258814395989195
method nt iteration 293: Locations[1.64032461 2.6906634 ] -> [1.63913471 2.68676117] Step length = 0.00407961412738888 Function values: 0.41001560172263013 -> 0.40849317262555845 delta: -0.0015224290970716758
method nt iteration 294: Locations[1.63913471 2.68676117] -> [1.63794529 2.68286336] Step length = 0.004075240397489551 Function values: 0.40849317262555845 -> 0.40697419556024794 delta: -0.0015189770653105117
method nt iteration 295: Locations[1.63794529 2.68286336] -> [1.63675637 2.67896999] Step length = 0.004070861702765558 Function values: 0.40697419556024794 -> 0.4054586702012954 delta: -0.001515525358952552
method nt iteration 296: Locations[1.63675637 2.67896999] -> [1.63556793 2.67508105] Step length = 0.004066478044412168 Function values: 0.4054586702012954 -> 0.4039465962086072 delta: -0.001512073992688212
method nt iteration 297: Locations[1.63556793 2.67508105] -> [1.63437999 2.67119654] Step length = 0.004062089423689709 Function values: 0.4039465962086072 -> 0.4024379732273462 delta: -0.0015086229812609764
method nt iteration 298: Locations[1.63437999 2.67119654] -> [1.63319255 2.66731648] Step length = 0.00405769584191656 Function values: 0.4024379732273462 -> 0.4009328008878797 delta: -0.0015051723394665095
method nt iteration 299: Locations[1.63319255 2.66731648] -> [1.6320056  2.66344087] Step length = 0.004053297300475044 Function values: 0.4009328008878797 -> 0.3994310788057261 delta: -0.0015017220821536004
method nt iteration 300: Locations[1.6320056  2.66344087] -> [1.63081916 2.65956971] Step length = 0.004048893800809027 Function values: 0.3994310788057261 -> 0.3979328065815034 delta: -0.0014982722242227187
method nt iteration 301: Locations[1.63081916 2.65956971] -> [1.62963321 2.655703  ] Step length = 0.0040444853444231476 Function values: 0.3979328065815034 -> 0.3964379838008747 delta: -0.0014948227806286796
method nt iteration 302: Locations[1.62963321 2.655703  ] -> [1.62844778 2.65184076] Step length = 0.004040071932889431 Function values: 0.3964379838008747 -> 0.39494661003449766 delta: -0.0014913737663770354
method nt iteration 303: Locations[1.62844778 2.65184076] -> [1.62726285 2.64798298] Step length = 0.004035653567837374 Function values: 0.39494661003449766 -> 0.3934586848379708 delta: -0.0014879251965268514
method nt iteration 304: Locations[1.62726285 2.64798298] -> [1.62607844 2.64412968] Step length = 0.0040312302509662055 Function values: 0.3934586848379708 -> 0.39197420775178177 delta: -0.00148447708618904
method nt iteration 305: Locations[1.62607844 2.64412968] -> [1.62489453 2.64028084] Step length = 0.004026801984034358 Function values: 0.39197420775178177 -> 0.3904931783012541 delta: -0.0014810294505276933
method nt iteration 306: Locations[1.62489453 2.64028084] -> [1.62371115 2.63643649] Step length = 0.004022368768867902 Function values: 0.3904931783012541 -> 0.38901559599649604 delta: -0.0014775823047580294
method nt iteration 307: Locations[1.62371115 2.63643649] -> [1.62252828 2.63259662] Step length = 0.004017930607356809 Function values: 0.38901559599649604 -> 0.38754146033234765 delta: -0.0014741356641483905
method nt iteration 308: Locations[1.62252828 2.63259662] -> [1.62134593 2.62876124] Step length = 0.004013487501455653 Function values: 0.38754146033234765 -> 0.3860707707883289 delta: -0.001470689544018744
method nt iteration 309: Locations[1.62134593 2.62876124] -> [1.62016411 2.62493036] Step length = 0.004009039453186561 Function values: 0.3860707707883289 -> 0.38460352682858745 delta: -0.00146724395974146
method nt iteration 310: Locations[1.62016411 2.62493036] -> [1.61898282 2.62110397] Step length = 0.004004586464634302 Function values: 0.38460352682858745 -> 0.3831397279018468 delta: -0.0014637989267406448
method nt iteration 311: Locations[1.61898282 2.62110397] -> [1.61780205 2.61728208] Step length = 0.004000128537954331 Function values: 0.3831397279018468 -> 0.3816793734413543 delta: -0.00146035446049253
method nt iteration 312: Locations[1.61780205 2.61728208] -> [1.61662181 2.6134647 ] Step length = 0.003995665675365983 Function values: 0.3816793734413543 -> 0.38022246286482964 delta: -0.0014569105765246393
method nt iteration 313: Locations[1.61662181 2.6134647 ] -> [1.61544211 2.60965183] Step length = 0.003991197879156962 Function values: 0.38022246286482964 -> 0.37876899557441246 delta: -0.0014534672904171764
method nt iteration 314: Locations[1.61544211 2.60965183] -> [1.61426295 2.60584348] Step length = 0.003986725151681131 Function values: 0.37876899557441246 -> 0.3773189709566111 delta: -0.0014500246178013598
method nt iteration 315: Locations[1.61426295 2.60584348] -> [1.61308432 2.60203965] Step length = 0.003982247495364314 Function values: 0.3773189709566111 -> 0.3758723883822514 delta: -0.0014465825743597005
method nt iteration 316: Locations[1.61308432 2.60203965] -> [1.61190624 2.59824034] Step length = 0.003977764912695525 Function values: 0.3758723883822514 -> 0.3744292472064242 delta: -0.0014431411758272228
method nt iteration 317: Locations[1.61190624 2.59824034] -> [1.6107287  2.59444556] Step length = 0.003973277406236614 Function values: 0.3744292472064242 -> 0.3729895467684349 delta: -0.0014397004379892997
method nt iteration 318: Locations[1.6107287  2.59444556] -> [1.60955171 2.59065532] Step length = 0.003968784978616766 Function values: 0.3729895467684349 -> 0.37155328639175206 delta: -0.0014362603766828186
method nt iteration 319: Locations[1.60955171 2.59065532] -> [1.60837527 2.58686961] Step length = 0.003964287632534189 Function values: 0.37155328639175206 -> 0.37012046538395554 delta: -0.0014328210077965142
method nt iteration 320: Locations[1.60837527 2.58686961] -> [1.60719938 2.58308845] Step length = 0.003959785370758923 Function values: 0.37012046538395554 -> 0.36869108303668624 delta: -0.0014293823472693035
method nt iteration 321: Locations[1.60719938 2.58308845] -> [1.60602404 2.57931184] Step length = 0.003955278196130684 Function values: 0.36869108303668624 -> 0.3672651386255947 delta: -0.001425944411091562
method nt iteration 322: Locations[1.60602404 2.57931184] -> [1.60484926 2.57553978] Step length = 0.003950766111560272 Function values: 0.3672651386255947 -> 0.3658426314102902 delta: -0.0014225072153044582
method nt iteration 323: Locations[1.60484926 2.57553978] -> [1.60367505 2.57177227] Step length = 0.003946249120027835 Function values: 0.3658426314102902 -> 0.36442356063429 delta: -0.0014190707760002308
method nt iteration 324: Locations[1.60367505 2.57177227] -> [1.60250139 2.56800933] Step length = 0.003941727224587183 Function values: 0.36442356063429 -> 0.3630079255249693 delta: -0.0014156351093206898
method nt iteration 325: Locations[1.60250139 2.56800933] -> [1.6013283  2.56425095] Step length = 0.003937200428363401 Function values: 0.3630079255249693 -> 0.3615957252935096 delta: -0.0014122002314597148
method nt iteration 326: Locations[1.6013283  2.56425095] -> [1.60015578 2.56049714] Step length = 0.003932668734555333 Function values: 0.3615957252935096 -> 0.3601869591348492 delta: -0.0014087661586603684
method nt iteration 327: Locations[1.60015578 2.56049714] -> [1.59898383 2.55674791] Step length = 0.003928132146431368 Function values: 0.3601869591348492 -> 0.3587816262276326 delta: -0.0014053329072166165
method nt iteration 328: Locations[1.59898383 2.55674791] -> [1.59781245 2.55300325] Step length = 0.003923590667336499 Function values: 0.3587816262276326 -> 0.35737972573416027 delta: -0.00140190049347233
method nt iteration 329: Locations[1.59781245 2.55300325] -> [1.59664165 2.54926318] Step length = 0.003919044300687347 Function values: 0.35737972573416027 -> 0.3559812568003389 delta: -0.0013984689338213951
method nt iteration 330: Locations[1.59664165 2.54926318] -> [1.59547143 2.5455277 ] Step length = 0.003914493049975187 Function values: 0.3559812568003389 -> 0.35458621855563116 delta: -0.0013950382447077136
method nt iteration 331: Locations[1.59547143 2.5455277 ] -> [1.59430178 2.54179681] Step length = 0.003909936918765626 Function values: 0.35458621855563116 -> 0.35319461011300624 delta: -0.0013916084426249253
method nt iteration 332: Locations[1.59430178 2.54179681] -> [1.59313273 2.53807052] Step length = 0.0039053759106986046 Function values: 0.35319461011300624 -> 0.3518064305688898 delta: -0.001388179544116408
method nt iteration 333: Locations[1.59313273 2.53807052] -> [1.59196425 2.53434882] Step length = 0.0039008100294909732 Function values: 0.3518064305688898 -> 0.35042167900311516 delta: -0.0013847515657746667
method nt iteration 334: Locations[1.59196425 2.53434882] -> [1.59079637 2.53063174] Step length = 0.0038962392789332286 Function values: 0.35042167900311516 -> 0.3490403544788732 delta: -0.0013813245242419447
method nt iteration 335: Locations[1.59079637 2.53063174] -> [1.58962908 2.52691926] Step length = 0.0038916636628929524 Function values: 0.3490403544788732 -> 0.3476624560426637 delta: -0.0013778984362095015
method nt iteration 336: Locations[1.58962908 2.52691926] -> [1.58846239 2.5232114 ] Step length = 0.0038870831853135214 Function values: 0.3476624560426637 -> 0.34628798272424643 delta: -0.0013744733184172797
method nt iteration 337: Locations[1.58846239 2.5232114 ] -> [1.58729629 2.51950816] Step length = 0.003882497850215207 Function values: 0.34628798272424643 -> 0.3449169335365914 delta: -0.0013710491876550157
method nt iteration 338: Locations[1.58729629 2.51950816] -> [1.58613079 2.51580954] Step length = 0.003877907661697569 Function values: 0.3449169335365914 -> 0.34354930747583085 delta: -0.001367626060760574
method nt iteration 339: Locations[1.58613079 2.51580954] -> [1.5849659  2.51211554] Step length = 0.003873312623934486 Function values: 0.34354930747583085 -> 0.3421851035212105 delta: -0.0013642039546203355
method nt iteration 340: Locations[1.5849659  2.51211554] -> [1.58380161 2.50842619] Step length = 0.003868712741180631 Function values: 0.3421851035212105 -> 0.3408243206350413 delta: -0.0013607828861691984
method nt iteration 341: Locations[1.58380161 2.50842619] -> [1.58263793 2.50474146] Step length = 0.0038641080177673516 Function values: 0.3408243206350413 -> 0.33946695776265073 delta: -0.0013573628723905773
method nt iteration 342: Locations[1.58263793 2.50474146] -> [1.58147486 2.50106138] Step length = 0.0038594984581063313 Function values: 0.33946695776265073 -> 0.3381130138323352 delta: -0.0013539439303155154
method nt iteration 343: Locations[1.58147486 2.50106138] -> [1.58031241 2.49738595] Step length = 0.0038548840666882177 Function values: 0.3381130138323352 -> 0.33676248775531176 delta: -0.0013505260770234617
method nt iteration 344: Locations[1.58031241 2.49738595] -> [1.57915057 2.49371516] Step length = 0.003850264848082045 Function values: 0.33676248775531176 -> 0.3354153784256705 delta: -0.0013471093296412717
method nt iteration 345: Locations[1.57915057 2.49371516] -> [1.57798935 2.49004903] Step length = 0.003845640806938456 Function values: 0.3354153784256705 -> 0.3340716847203271 delta: -0.001343693705343374
method nt iteration 346: Locations[1.57798935 2.49004903] -> [1.57682875 2.48638756] Step length = 0.003841011947988279 Function values: 0.3340716847203271 -> 0.3327314054989755 delta: -0.0013402792213516035
method nt iteration 347: Locations[1.57682875 2.48638756] -> [1.57566878 2.48273075] Step length = 0.0038363782760428462 Function values: 0.3327314054989755 -> 0.3313945396040403 delta: -0.001336865894935202
method nt iteration 348: Locations[1.57566878 2.48273075] -> [1.57450943 2.4790786 ] Step length = 0.0038317397959959664 Function values: 0.3313945396040403 -> 0.33006108586063027 delta: -0.0013334537434100402
method nt iteration 349: Locations[1.57450943 2.4790786 ] -> [1.57335072 2.47543113] Step length = 0.003827096512821633 Function values: 0.33006108586063027 -> 0.32873104307649087 delta: -0.0013300427841393958
method nt iteration 350: Locations[1.57335072 2.47543113] -> [1.57219263 2.47178834] Step length = 0.0038224484315776226 Function values: 0.32873104307649087 -> 0.32740441004195864 delta: -0.001326633034532232
method nt iteration 351: Locations[1.57219263 2.47178834] -> [1.57103519 2.46815022] Step length = 0.0038177955574017794 Function values: 0.32740441004195864 -> 0.32608118552991355 delta: -0.0013232245120450847
method nt iteration 352: Locations[1.57103519 2.46815022] -> [1.56987838 2.46451679] Step length = 0.0038131378955191526 Function values: 0.32608118552991355 -> 0.324761368295734 delta: -0.0013198172341795655
method nt iteration 353: Locations[1.56987838 2.46451679] -> [1.56872221 2.46088805] Step length = 0.0038084754512337647 Function values: 0.324761368295734 -> 0.3234449570772496 delta: -0.0013164112184844146
method nt iteration 354: Locations[1.56872221 2.46088805] -> [1.56756669 2.457264  ] Step length = 0.0038038082299361674 Function values: 0.3234449570772496 -> 0.32213195059469624 delta: -0.001313006482553336
method nt iteration 355: Locations[1.56756669 2.457264  ] -> [1.56641182 2.45364465] Step length = 0.0037991362371009355 Function values: 0.32213195059469624 -> 0.32082234755067035 delta: -0.0013096030440258866
method nt iteration 356: Locations[1.56641182 2.45364465] -> [1.56525759 2.45003   ] Step length = 0.0037944594782861624 Function values: 0.32082234755067035 -> 0.3195161466300832 delta: -0.0013062009205871417
method nt iteration 357: Locations[1.56525759 2.45003   ] -> [1.56410402 2.44642006] Step length = 0.0037897779591357654 Function values: 0.3195161466300832 -> 0.3182133465001158 delta: -0.0013028001299674186
method nt iteration 358: Locations[1.56410402 2.44642006] -> [1.5629511  2.44281482] Step length = 0.0037850916853784202 Function values: 0.3182133465001158 -> 0.3169139458101743 delta: -0.001299400689941499
method nt iteration 359: Locations[1.5629511  2.44281482] -> [1.56179885 2.43921431] Step length = 0.0037804006628310493 Function values: 0.3169139458101743 -> 0.3156179431918446 delta: -0.0012960026183296836
method nt iteration 360: Locations[1.56179885 2.43921431] -> [1.56064725 2.43561851] Step length = 0.003775704897392905 Function values: 0.3156179431918446 -> 0.3143253372588487 delta: -0.001292605932995905
method nt iteration 361: Locations[1.56064725 2.43561851] -> [1.55949631 2.43202743] Step length = 0.0037710043950537086 Function values: 0.3143253372588487 -> 0.3130361266069998 delta: -0.0012892106518488933
method nt iteration 362: Locations[1.55949631 2.43202743] -> [1.55834605 2.42844108] Step length = 0.003766299161887935 Function values: 0.3130361266069998 -> 0.31175030981415836 delta: -0.0012858167928414543
method nt iteration 363: Locations[1.55834605 2.42844108] -> [1.55719645 2.42485947] Step length = 0.003761589204059944 Function values: 0.31175030981415836 -> 0.3104678854401887 delta: -0.0012824243739696373
method nt iteration 364: Locations[1.55719645 2.42485947] -> [1.55604753 2.42128259] Step length = 0.0037568745278185184 Function values: 0.3104678854401887 -> 0.3091888520269147 delta: -0.001279033413274011
method nt iteration 365: Locations[1.55604753 2.42128259] -> [1.55489928 2.41771044] Step length = 0.003752155139503921 Function values: 0.3091888520269147 -> 0.3079132080980776 delta: -0.0012756439288371113
method nt iteration 366: Locations[1.55489928 2.41771044] -> [1.55375171 2.41414305] Step length = 0.0037474310455431984 Function values: 0.3079132080980776 -> 0.30664095215929155 delta: -0.0012722559387860488
method nt iteration 367: Locations[1.55375171 2.41414305] -> [1.55260482 2.4105804 ] Step length = 0.0037427022524558987 Function values: 0.30664095215929155 -> 0.3053720826980024 delta: -0.0012688694612891238
method nt iteration 368: Locations[1.55260482 2.4105804 ] -> [1.55145861 2.4070225 ] Step length = 0.0037379687668450136 Function values: 0.3053720826980024 -> 0.30410659818344377 delta: -0.0012654845145586568
method nt iteration 369: Locations[1.55145861 2.4070225 ] -> [1.55031309 2.40346936] Step length = 0.0037332305954107144 Function values: 0.30410659818344377 -> 0.3028444970665953 delta: -0.0012621011168484908
method nt iteration 370: Locations[1.55031309 2.40346936] -> [1.54916826 2.39992099] Step length = 0.003728487744938077 Function values: 0.3028444970665953 -> 0.3015857777801409 delta: -0.0012587192864543795
method nt iteration 371: Locations[1.54916826 2.39992099] -> [1.54802412 2.39637737] Step length = 0.003723740222306779 Function values: 0.3015857777801409 -> 0.30033043873842663 delta: -0.0012553390417142651
method nt iteration 372: Locations[1.54802412 2.39637737] -> [1.54688068 2.39283853] Step length = 0.0037189880344836983 Function values: 0.30033043873842663 -> 0.2990784783374193 delta: -0.0012519604010073349
method nt iteration 373: Locations[1.54688068 2.39283853] -> [1.54573794 2.38930446] Step length = 0.0037142311885316926 Function values: 0.2990784783374193 -> 0.2978298949546654 delta: -0.0012485833827539095
method nt iteration 374: Locations[1.54573794 2.38930446] -> [1.54459589 2.38577517] Step length = 0.003709469691603111 Function values: 0.2978298949546654 -> 0.2965846869492499 delta: -0.001245208005415499
method nt iteration 375: Locations[1.54459589 2.38577517] -> [1.54345455 2.38225066] Step length = 0.0037047035509430847 Function values: 0.2965846869492499 -> 0.29534285266175564 delta: -0.0012418342874942478
method nt iteration 376: Locations[1.54345455 2.38225066] -> [1.54231392 2.37873093] Step length = 0.0036999327738913503 Function values: 0.29534285266175564 -> 0.2941043904142236 delta: -0.0012384622475320461
method nt iteration 377: Locations[1.54231392 2.37873093] -> [1.541174 2.375216] Step length = 0.00369515736787694 Function values: 0.2941043904142236 -> 0.2928692985101117 delta: -0.001235091904111918
method nt iteration 378: Locations[1.541174 2.375216] -> [1.54003479 2.37170586] Step length = 0.0036903773404271235 Function values: 0.2928692985101117 -> 0.2916375752342559 delta: -0.0012317232758558005
method nt iteration 379: Locations[1.54003479 2.37170586] -> [1.5388963  2.36820052] Step length = 0.00368559269916084 Function values: 0.2916375752342559 -> 0.2904092188528306 delta: -0.0012283563814252663
method nt iteration 380: Locations[1.5388963  2.36820052] -> [1.53775852 2.36469998] Step length = 0.0036808034517919193 Function values: 0.2904092188528306 -> 0.2891842276133092 delta: -0.0012249912395214113
method nt iteration 381: Locations[1.53775852 2.36469998] -> [1.53662147 2.36120424] Step length = 0.003676009606128226 Function values: 0.2891842276133092 -> 0.28796259974442495 delta: -0.0012216278688842452
method nt iteration 382: Locations[1.53662147 2.36120424] -> [1.53548514 2.35771332] Step length = 0.0036712111700757328 Function values: 0.28796259974442495 -> 0.28674433345613337 delta: -0.0012182662882915807
method nt iteration 383: Locations[1.53548514 2.35771332] -> [1.53434954 2.35422721] Step length = 0.00366640815163308 Function values: 0.28674433345613337 -> 0.28552942693957306 delta: -0.0012149065165603101
method nt iteration 384: Locations[1.53434954 2.35422721] -> [1.53321466 2.35074592] Step length = 0.003661600558895648 Function values: 0.28552942693957306 -> 0.28431787836702815 delta: -0.0012115485725449071
method nt iteration 385: Locations[1.53321466 2.35074592] -> [1.53208053 2.34726945] Step length = 0.003656788400056668 Function values: 0.28431787836702815 -> 0.28310968589189045 delta: -0.0012081924751377038
method nt iteration 386: Locations[1.53208053 2.34726945] -> [1.53094712 2.34379781] Step length = 0.0036519716834062274 Function values: 0.28310968589189045 -> 0.2819048476486223 delta: -0.0012048382432681692
method nt iteration 387: Locations[1.53094712 2.34379781] -> [1.52981446 2.340331  ] Step length = 0.0036471504173297776 Function values: 0.2819048476486223 -> 0.28070336175271987 delta: -0.00120148589590241
method nt iteration 388: Locations[1.52981446 2.340331  ] -> [1.52868254 2.33686902] Step length = 0.0036423246103130446 Function values: 0.28070336175271987 -> 0.279505226300676 delta: -0.0011981354520438914
method nt iteration 389: Locations[1.52868254 2.33686902] -> [1.52755136 2.33341188] Step length = 0.003637494270937235 Function values: 0.279505226300676 -> 0.2783104393699441 delta: -0.0011947869307318837
method nt iteration 390: Locations[1.52755136 2.33341188] -> [1.52642093 2.32995959] Step length = 0.0036326594078854983 Function values: 0.2783104393699441 -> 0.2771189990189025 delta: -0.0011914403510415728
method nt iteration 391: Locations[1.52642093 2.32995959] -> [1.52529126 2.32651214] Step length = 0.003627820029935593 Function values: 0.2771189990189025 -> 0.27593090328681835 delta: -0.0011880957320841712
method nt iteration 392: Locations[1.52529126 2.32651214] -> [1.52416233 2.32306954] Step length = 0.0036229761459682513 Function values: 0.27593090328681835 -> 0.2747461501938125 delta: -0.0011847530930058636
method nt iteration 393: Locations[1.52416233 2.32306954] -> [1.52303416 2.31963179] Step length = 0.003618127764963509 Function values: 0.2747461501938125 -> 0.2735647377408247 delta: -0.0011814124529878067
method nt iteration 394: Locations[1.52303416 2.31963179] -> [1.52190676 2.31619891] Step length = 0.0036132748959983693 Function values: 0.2735647377408247 -> 0.27238666390957866 delta: -0.0011780738312460182
method nt iteration 395: Locations[1.52190676 2.31619891] -> [1.52078011 2.31277088] Step length = 0.0036084175482546774 Function values: 0.27238666390957866 -> 0.2712119266625486 delta: -0.0011747372470300443
method nt iteration 396: Locations[1.52078011 2.31277088] -> [1.51965423 2.30934773] Step length = 0.003603555731012348 Function values: 0.2712119266625486 -> 0.27004052394292466 delta: -0.0011714027196239596
method nt iteration 397: Locations[1.51965423 2.30934773] -> [1.51852913 2.30592944] Step length = 0.0035986894536522472 Function values: 0.27004052394292466 -> 0.26887245367457957 delta: -0.0011680702683450894
method nt iteration 398: Locations[1.51852913 2.30592944] -> [1.51740479 2.30251602] Step length = 0.0035938187256608876 Function values: 0.26887245367457957 -> 0.26770771376203584 delta: -0.001164739912543733
method nt iteration 399: Locations[1.51740479 2.30251602] -> [1.51628122 2.29910749] Step length = 0.003588943556621 Function values: 0.26770771376203584 -> 0.2665463020904324 delta: -0.0011614116716034406
method nt iteration 400: Locations[1.51628122 2.29910749] -> [1.51515844 2.29570383] Step length = 0.0035840639562223497 Function values: 0.2665463020904324 -> 0.2653882165254931 delta: -0.001158085564939293
method nt iteration 401: Locations[1.51515844 2.29570383] -> [1.51403643 2.29230506] Step length = 0.0035791799342569466 Function values: 0.2653882165254931 -> 0.26423345491349415 delta: -0.0011547616119989557
method nt iteration 402: Locations[1.51403643 2.29230506] -> [1.51291521 2.28891118] Step length = 0.0035742915006162944 Function values: 0.26423345491349415 -> 0.2630820150812325 delta: -0.0011514398322616248
method nt iteration 403: Locations[1.51291521 2.28891118] -> [1.51179478 2.2855222 ] Step length = 0.0035693986653017843 Function values: 0.2630820150812325 -> 0.2619338948359949 delta: -0.0011481202452376382
method nt iteration 404: Locations[1.51179478 2.2855222 ] -> [1.51067513 2.2821381 ] Step length = 0.00356450143841267 Function values: 0.2619338948359949 -> 0.26078909196552663 delta: -0.0011448028704682534
method nt iteration 405: Locations[1.51067513 2.2821381 ] -> [1.50955628 2.27875892] Step length = 0.0035595998301579347 Function values: 0.26078909196552663 -> 0.25964760423800215 delta: -0.0011414877275244817
method nt iteration 406: Locations[1.50955628 2.27875892] -> [1.50843823 2.27538463] Step length = 0.0035546938508456694 Function values: 0.25964760423800215 -> 0.25850942940199373 delta: -0.001138174836008421
method nt iteration 407: Locations[1.50843823 2.27538463] -> [1.50732097 2.27201525] Step length = 0.0035497835108942435 Function values: 0.25850942940199373 -> 0.25737456518644275 delta: -0.0011348642155509792
method nt iteration 408: Locations[1.50732097 2.27201525] -> [1.50620451 2.26865079] Step length = 0.0035448688208254055 Function values: 0.25737456518644275 -> 0.2562430093006299 delta: -0.0011315558858128738
method nt iteration 409: Locations[1.50620451 2.26865079] -> [1.50508886 2.26529124] Step length = 0.003539949791267231 Function values: 0.2562430093006299 -> 0.25511475943414724 delta: -0.0011282498664826335
method nt iteration 410: Locations[1.50508886 2.26529124] -> [1.50397402 2.26193661] Step length = 0.003535026432952709 Function values: 0.25511475943414724 -> 0.253989813256869 delta: -0.0011249461772782632
method nt iteration 411: Locations[1.50397402 2.26193661] -> [1.50285999 2.2585869 ] Step length = 0.0035300987567231054 Function values: 0.253989813256869 -> 0.2528681684189239 delta: -0.0011216448379450794
method nt iteration 412: Locations[1.50285999 2.2585869 ] -> [1.50174677 2.25524213] Step length = 0.003525166773526344 Function values: 0.2528681684189239 -> 0.2517498225506678 delta: -0.0011183458682560987
method nt iteration 413: Locations[1.50174677 2.25524213] -> [1.50063437 2.25190228] Step length = 0.0035202304944179814 Function values: 0.2517498225506678 -> 0.2506347732626569 delta: -0.0011150492880109275
method nt iteration 414: Locations[1.50063437 2.25190228] -> [1.49952279 2.24856736] Step length = 0.0035152899305593774 Function values: 0.2506347732626569 -> 0.24952301814562017 delta: -0.0011117551170367057
method nt iteration 415: Locations[1.49952279 2.24856736] -> [1.49841203 2.24523739] Step length = 0.0035103450932226026 Function values: 0.24952301814562017 -> 0.24841455477043398 delta: -0.0011084633751861916
method nt iteration 416: Locations[1.49841203 2.24523739] -> [1.4973021  2.24191235] Step length = 0.0035053959937877666 Function values: 0.24841455477043398 -> 0.24730938068809588 delta: -0.0011051740823380951
method nt iteration 417: Locations[1.4973021  2.24191235] -> [1.496193   2.23859226] Step length = 0.0035004426437430813 Function values: 0.24730938068809588 -> 0.24620749342969928 delta: -0.0011018872583966055
method nt iteration 418: Locations[1.496193   2.23859226] -> [1.49508473 2.23527712] Step length = 0.0034954850546860534 Function values: 0.24620749342969928 -> 0.24510889050640924 delta: -0.0010986029232900318
method nt iteration 419: Locations[1.49508473 2.23527712] -> [1.4939773  2.23196694] Step length = 0.0034905232383236166 Function values: 0.24510889050640924 -> 0.24401356940943703 delta: -0.0010953210969722182
method nt iteration 420: Locations[1.4939773  2.23196694] -> [1.4928707 2.2286617] Step length = 0.0034855572064738135 Function values: 0.24401356940943703 -> 0.24292152761001704 delta: -0.0010920417994199905
method nt iteration 421: Locations[1.4928707 2.2286617] -> [1.49176495 2.22536143] Step length = 0.003480586971062565 Function values: 0.24292152761001704 -> 0.24183276255938269 delta: -0.0010887650506343494
method nt iteration 422: Locations[1.49176495 2.22536143] -> [1.49066004 2.22206612] Step length = 0.003475612544128998 Function values: 0.24183276255938269 -> 0.24074727168874366 delta: -0.0010854908706390276
method nt iteration 423: Locations[1.49066004 2.22206612] -> [1.48955597 2.21877578] Step length = 0.0034706339378238285 Function values: 0.24074727168874366 -> 0.23966505240926356 delta: -0.001082219279480101
method nt iteration 424: Locations[1.48955597 2.21877578] -> [1.48845276 2.21549041] Step length = 0.003465651164404309 Function values: 0.23966505240926356 -> 0.2385861021120373 delta: -0.0010789502972262666
method nt iteration 425: Locations[1.48845276 2.21549041] -> [1.48735041 2.21221001] Step length = 0.0034606642362458007 Function values: 0.2385861021120373 -> 0.23751041816806992 delta: -0.0010756839439673704
method nt iteration 426: Locations[1.48735041 2.21221001] -> [1.48624891 2.20893459] Step length = 0.0034556731658297746 Function values: 0.23751041816806992 -> 0.23643799792825548 delta: -0.0010724202398144367
method nt iteration 427: Locations[1.48624891 2.20893459] -> [1.48514826 2.20566416] Step length = 0.003450677965755456 Function values: 0.23643799792825548 -> 0.23536883872335607 delta: -0.001069159204899417
method nt iteration 428: Locations[1.48514826 2.20566416] -> [1.48404849 2.2023987 ] Step length = 0.003445678648730072 Function values: 0.23536883872335607 -> 0.23430293786398182 delta: -0.001065900859374247
method nt iteration 429: Locations[1.48404849 2.2023987 ] -> [1.48294958 2.19913824] Step length = 0.003440675227577756 Function values: 0.23430293786398182 -> 0.2332402926405716 delta: -0.001062645223410208
method nt iteration 430: Locations[1.48294958 2.19913824] -> [1.48185153 2.19588276] Step length = 0.003435667715233097 Function values: 0.2332402926405716 -> 0.2321809003233736 delta: -0.0010593923171980102
method nt iteration 431: Locations[1.48185153 2.19588276] -> [1.48075436 2.19263228] Step length = 0.00343065612474591 Function values: 0.2321809003233736 -> 0.23112475816242636 delta: -0.0010561421609472377
method nt iteration 432: Locations[1.48075436 2.19263228] -> [1.47965807 2.1893868 ] Step length = 0.003425640469280318 Function values: 0.23112475816242636 -> 0.23007186338754113 delta: -0.001052894774885238
method nt iteration 433: Locations[1.47965807 2.1893868 ] -> [1.47856265 2.18614632] Step length = 0.003420620762114054 Function values: 0.23007186338754113 -> 0.2290222132082842 delta: -0.001049650179256928
method nt iteration 434: Locations[1.47856265 2.18614632] -> [1.47746812 2.18291084] Step length = 0.003415597016639234 Function values: 0.2290222132082842 -> 0.2279758048139595 delta: -0.0010464083943247104
method nt iteration 435: Locations[1.47746812 2.18291084] -> [1.47637447 2.17968038] Step length = 0.0034105692463651622 Function values: 0.2279758048139595 -> 0.22693263537359218 delta: -0.0010431694403673086
method nt iteration 436: Locations[1.47637447 2.17968038] -> [1.47528171 2.17645492] Step length = 0.003405537464913069 Function values: 0.22693263537359218 -> 0.22589270203591255 delta: -0.0010399333376796271
method nt iteration 437: Locations[1.47528171 2.17645492] -> [1.47418984 2.17323448] Step length = 0.0034005016860234093 Function values: 0.22589270203591255 -> 0.22485600192934055 delta: -0.0010367001065720027
method nt iteration 438: Locations[1.47418984 2.17323448] -> [1.47309886 2.17001906] Step length = 0.0033954619235504633 Function values: 0.22485600192934055 -> 0.2238225321619707 delta: -0.0010334697673698434
method nt iteration 439: Locations[1.47309886 2.17001906] -> [1.47200878 2.16680866] Step length = 0.0033904181914645106 Function values: 0.2238225321619707 -> 0.22279228982155794 delta: -0.001030242340412768
method nt iteration 440: Locations[1.47200878 2.16680866] -> [1.4709196  2.16360329] Step length = 0.003385370503854782 Function values: 0.22279228982155794 -> 0.2217652719755029 delta: -0.0010270178460550505
method nt iteration 441: Locations[1.4709196  2.16360329] -> [1.46983133 2.16040294] Step length = 0.003380318874924407 Function values: 0.2217652719755029 -> 0.2207414756708395 delta: -0.001023796304663399
method nt iteration 442: Locations[1.46983133 2.16040294] -> [1.46874396 2.15720763] Step length = 0.0033752633189961007 Function values: 0.2207414756708395 -> 0.21972089793422137 delta: -0.0010205777366181223
method nt iteration 443: Locations[1.46874396 2.15720763] -> [1.4676575  2.15401735] Step length = 0.0033702038505090816 Function values: 0.21972089793422137 -> 0.2187035357719099 delta: -0.0010173621623114637
method nt iteration 444: Locations[1.4676575  2.15401735] -> [1.46657195 2.15083211] Step length = 0.0033651404840212454 Function values: 0.2187035357719099 -> 0.21768938616976252 delta: -0.0010141496021473795
method nt iteration 445: Locations[1.46657195 2.15083211] -> [1.46548732 2.14765191] Step length = 0.0033600732342070018 Function values: 0.21768938616976252 -> 0.21667844609322143 delta: -0.0010109400765410947
method nt iteration 446: Locations[1.46548732 2.14765191] -> [1.46440361 2.14447676] Step length = 0.0033550021158597265 Function values: 0.21667844609322143 -> 0.2156707124873028 delta: -0.0010077336059186315
method nt iteration 447: Locations[1.46440361 2.14447676] -> [1.46332082 2.14130665] Step length = 0.003349927143894358 Function values: 0.2156707124873028 -> 0.2146661822765873 delta: -0.001004530210715504
method nt iteration 448: Locations[1.46332082 2.14130665] -> [1.46223896 2.13814159] Step length = 0.003344848333338861 Function values: 0.2146661822765873 -> 0.21366485236521024 delta: -0.0010013299113770524
method nt iteration 449: Locations[1.46223896 2.13814159] -> [1.46115802 2.13498159] Step length = 0.003339765699346556 Function values: 0.21366485236521024 -> 0.21266671963685246 delta: -0.0009981327283577757
method nt iteration 450: Locations[1.46115802 2.13498159] -> [1.46007802 2.13182665] Step length = 0.003334679257187232 Function values: 0.21266671963685246 -> 0.21167178095473238 delta: -0.0009949386821200834
method nt iteration 451: Locations[1.46007802 2.13182665] -> [1.45899895 2.12867676] Step length = 0.003329589022249882 Function values: 0.21167178095473238 -> 0.2106800331615982 delta: -0.0009917477931341845
method nt iteration 452: Locations[1.45899895 2.12867676] -> [1.45792082 2.12553194] Step length = 0.003324495010046212 Function values: 0.2106800331615982 -> 0.20969147307972072 delta: -0.0009885600818774765
method nt iteration 453: Locations[1.45792082 2.12553194] -> [1.45684362 2.12239219] Step length = 0.003319397236206024 Function values: 0.20969147307972072 -> 0.2087060975108871 delta: -0.0009853755688336296
method nt iteration 454: Locations[1.45684362 2.12239219] -> [1.45576738 2.1192575 ] Step length = 0.003314295716479825 Function values: 0.2087060975108871 -> 0.2077239032363941 delta: -0.0009821942744930034
method nt iteration 455: Locations[1.45576738 2.1192575 ] -> [1.45469208 2.11612789] Step length = 0.0033091904667404987 Function values: 0.2077239032363941 -> 0.20674488701704336 delta: -0.0009790162193507312
method nt iteration 456: Locations[1.45469208 2.11612789] -> [1.45361773 2.11300335] Step length = 0.0033040815029821333 Function values: 0.20674488701704336 -> 0.2057690455931367 delta: -0.0009758414239066648
method nt iteration 457: Locations[1.45361773 2.11300335] -> [1.45254434 2.10988389] Step length = 0.0032989688413178563 Function values: 0.2057690455931367 -> 0.2047963756844717 delta: -0.0009726699086649859
method nt iteration 458: Locations[1.45254434 2.10988389] -> [1.4514719  2.10676952] Step length = 0.003293852497984399 Function values: 0.2047963756844717 -> 0.20382687399033808 delta: -0.0009695016941336232
method nt iteration 459: Locations[1.4514719  2.10676952] -> [1.45040042 2.10366023] Step length = 0.0032887324893409718 Function values: 0.20382687399033808 -> 0.20286053718951538 delta: -0.000966336800822698
method nt iteration 460: Locations[1.45040042 2.10366023] -> [1.4493299  2.10055602] Step length = 0.003283608831865725 Function values: 0.20286053718951538 -> 0.2018973619402698 delta: -0.0009631752492455792
method nt iteration 461: Locations[1.4493299  2.10055602] -> [1.44826035 2.09745691] Step length = 0.0032784815421638604 Function values: 0.2018973619402698 -> 0.20093734488035292 delta: -0.0009600170599168845
method nt iteration 462: Locations[1.44826035 2.09745691] -> [1.44719177 2.09436289] Step length = 0.003273350636959384 Function values: 0.20093734488035292 -> 0.19998048262700102 delta: -0.0009568622533518978
method nt iteration 463: Locations[1.44719177 2.09436289] -> [1.44612417 2.09127396] Step length = 0.003268216133100588 Function values: 0.19998048262700102 -> 0.19902677177693398 delta: -0.000953710850067041
method nt iteration 464: Locations[1.44612417 2.09127396] -> [1.44505753 2.08819014] Step length = 0.0032630780475602565 Function values: 0.19902677177693398 -> 0.19807620890635583 delta: -0.0009505628705781533
method nt iteration 465: Locations[1.44505753 2.08819014] -> [1.44399188 2.08511142] Step length = 0.003257936397430858 Function values: 0.19807620890635583 -> 0.19712879057095584 delta: -0.000947418335399991
method nt iteration 466: Locations[1.44399188 2.08511142] -> [1.44292721 2.0820378 ] Step length = 0.003252791199931134 Function values: 0.19712879057095584 -> 0.1961845133059094 delta: -0.0009442772650464226
method nt iteration 467: Locations[1.44292721 2.0820378 ] -> [1.44186352 2.07896929] Step length = 0.0032476424724042848 Function values: 0.1961845133059094 -> 0.19524337362588073 delta: -0.0009411396800286798
method nt iteration 468: Locations[1.44186352 2.07896929] -> [1.44080083 2.07590589] Step length = 0.0032424902323149834 Function values: 0.19524337362588073 -> 0.19430536802502515 delta: -0.0009380056008555793
method nt iteration 469: Locations[1.44080083 2.07590589] -> [1.43973912 2.0728476 ] Step length = 0.0032373344972538545 Function values: 0.19430536802502515 -> 0.19337049297699316 delta: -0.0009348750480319967
method nt iteration 470: Locations[1.43973912 2.0728476 ] -> [1.43867841 2.06979443] Step length = 0.003232175284933796 Function values: 0.19337049297699316 -> 0.19243874493493351 delta: -0.0009317480420596436
method nt iteration 471: Locations[1.43867841 2.06979443] -> [1.43761869 2.06674638] Step length = 0.0032270126131967564 Function values: 0.19243874493493351 -> 0.19151012033149903 delta: -0.0009286246034344858
method nt iteration 472: Locations[1.43761869 2.06674638] -> [1.43655998 2.06370345] Step length = 0.003221846500004186 Function values: 0.19151012033149903 -> 0.1905846155788514 delta: -0.0009255047526476323
method nt iteration 473: Locations[1.43655998 2.06370345] -> [1.43550227 2.06066565] Step length = 0.003216676963445434 Function values: 0.1905846155788514 -> 0.18966222706866717 delta: -0.0009223885101842244
method nt iteration 474: Locations[1.43550227 2.06066565] -> [1.43444557 2.05763297] Step length = 0.003211504021734753 Function values: 0.18966222706866717 -> 0.18874295117214507 delta: -0.0009192758965221037
method nt iteration 475: Locations[1.43444557 2.05763297] -> [1.43338988 2.05460542] Step length = 0.0032063276932105572 Function values: 0.18874295117214507 -> 0.18782678424001267 delta: -0.0009161669321323951
method nt iteration 476: Locations[1.43338988 2.05460542] -> [1.4323352 2.051583 ] Step length = 0.00320114799633892 Function values: 0.18782678424001267 -> 0.1869137226025352 delta: -0.0009130616374774803
method nt iteration 477: Locations[1.4323352 2.051583 ] -> [1.43128154 2.04856572] Step length = 0.0031959649497082213 Function values: 0.1869137226025352 -> 0.18600376256952356 delta: -0.0009099600330116364
method nt iteration 478: Locations[1.43128154 2.04856572] -> [1.43022889 2.04555358] Step length = 0.0031907785720367613 Function values: 0.18600376256952356 -> 0.18509690043034455 delta: -0.0009068621391790099
method nt iteration 479: Locations[1.43022889 2.04555358] -> [1.42917727 2.04254657] Step length = 0.0031855888821646994 Function values: 0.18509690043034455 -> 0.1841931324539303 delta: -0.0009037679764142548
method nt iteration 480: Locations[1.42917727 2.04254657] -> [1.42812668 2.03954471] Step length = 0.003180395899062012 Function values: 0.1841931324539303 -> 0.18329245488878954 delta: -0.0009006775651407561
method nt iteration 481: Locations[1.42812668 2.03954471] -> [1.42707712 2.036548  ] Step length = 0.0031751996418239105 Function values: 0.18329245488878954 -> 0.1823948639630189 delta: -0.0008975909257706305
method nt iteration 482: Locations[1.42707712 2.036548  ] -> [1.42602859 2.03355643] Step length = 0.0031700001296695994 Function values: 0.1823948639630189 -> 0.18150035588431526 delta: -0.000894508078703643
method nt iteration 483: Locations[1.42602859 2.03355643] -> [1.42498109 2.03057001] Step length = 0.003164797381948302 Function values: 0.18150035588431526 -> 0.18060892683998858 delta: -0.0008914290443266804
method nt iteration 484: Locations[1.42498109 2.03057001] -> [1.42393463 2.02758874] Step length = 0.0031595914181351556 Function values: 0.18060892683998858 -> 0.17972057299697564 delta: -0.0008883538430129456
method nt iteration 485: Locations[1.42393463 2.02758874] -> [1.42288922 2.02461263] Step length = 0.0031543822578290054 Function values: 0.17972057299697564 -> 0.178835290501854 delta: -0.0008852824951216254
method nt iteration 486: Locations[1.42288922 2.02461263] -> [1.42184485 2.02164168] Step length = 0.0031491699207618342 Function values: 0.178835290501854 -> 0.1779530754808577 delta: -0.0008822150209963076
method nt iteration 487: Locations[1.42184485 2.02164168] -> [1.42080153 2.01867589] Step length = 0.0031439544267867214 Function values: 0.1779530754808577 -> 0.17707392403989222 delta: -0.000879151440965481
method nt iteration 488: Locations[1.42080153 2.01867589] -> [1.41975925 2.01571526] Step length = 0.003138735795887691 Function values: 0.17707392403989222 -> 0.17619783226455157 delta: -0.0008760917753406483
method nt iteration 489: Locations[1.41975925 2.01571526] -> [1.41871804 2.01275979] Step length = 0.003133514048174231 Function values: 0.17619783226455157 -> 0.17532479622013497 delta: -0.000873036044416603
method nt iteration 490: Locations[1.41871804 2.01275979] -> [1.41767788 2.00980949] Step length = 0.003128289203884659 Function values: 0.17532479622013497 -> 0.17445481195166498 delta: -0.0008699842684699866
method nt iteration 491: Locations[1.41767788 2.00980949] -> [1.41663878 2.00686436] Step length = 0.0031230612833852236 Function values: 0.17445481195166498 -> 0.17358787548390642 delta: -0.0008669364677585667
method nt iteration 492: Locations[1.41663878 2.00686436] -> [1.41560075 2.0039244 ] Step length = 0.003117830307166944 Function values: 0.17358787548390642 -> 0.17272398282138515 delta: -0.0008638926625212651
method nt iteration 493: Locations[1.41560075 2.0039244 ] -> [1.41456378 2.00098962] Step length = 0.0031125962958527937 Function values: 0.17272398282138515 -> 0.1718631299484086 delta: -0.0008608528729765474
method nt iteration 494: Locations[1.41456378 2.00098962] -> [1.41352789 1.99806001] Step length = 0.003107359270189574 Function values: 0.1718631299484086 -> 0.17100531282908626 delta: -0.0008578171193223405
method nt iteration 495: Locations[1.41352789 1.99806001] -> [1.41249306 1.99513558] Step length = 0.003102119251054768 Function values: 0.17100531282908626 -> 0.17015052740735143 delta: -0.0008547854217348383
method nt iteration 496: Locations[1.41249306 1.99513558] -> [1.41145932 1.99221633] Step length = 0.0030968762594535634 Function values: 0.17015052740735143 -> 0.16929876960698353 delta: -0.0008517578003678916
method nt iteration 497: Locations[1.41145932 1.99221633] -> [1.41042665 1.98930227] Step length = 0.003091630316517911 Function values: 0.16929876960698353 -> 0.1684500353316309 delta: -0.0008487342753526472
method nt iteration 498: Locations[1.41042665 1.98930227] -> [1.40939507 1.98639339] Step length = 0.0030863814435093846 Function values: 0.1684500353316309 -> 0.16760432046483487 delta: -0.0008457148667960213
method nt iteration 499: Locations[1.40939507 1.98639339] -> [1.40836457 1.9834897 ] Step length = 0.003081129661816444 Function values: 0.16760432046483487 -> 0.16676162087005417 delta: -0.0008426995947806992
method nt iteration 500: Locations[1.40836457 1.9834897 ] -> [1.40733516 1.98059119] Step length = 0.0030758749929569494 Function values: 0.16676162087005417 -> 0.16592193239069006 delta: -0.0008396884793641091
method nt iteration 501: Locations[1.40733516 1.98059119] -> [1.40630684 1.97769788] Step length = 0.003070617458576806 Function values: 0.16592193239069006 -> 0.16508525085011244 delta: -0.0008366815405776162
method nt iteration 502: Locations[1.40630684 1.97769788] -> [1.40527962 1.97480976] Step length = 0.003065357080449906 Function values: 0.16508525085011244 -> 0.16425157205168683 delta: -0.0008336787984256078
method nt iteration 503: Locations[1.40527962 1.97480976] -> [1.4042535  1.97192684] Step length = 0.0030600938804788637 Function values: 0.16425157205168683 -> 0.16342089177880162 delta: -0.0008306802728852147
method nt iteration 504: Locations[1.4042535  1.97192684] -> [1.40322848 1.96904911] Step length = 0.003054827880694543 Function values: 0.16342089177880162 -> 0.1625932057948967 delta: -0.0008276859839049244
method nt iteration 505: Locations[1.40322848 1.96904911] -> [1.40220456 1.96617659] Step length = 0.0030495591032561045 Function values: 0.1625932057948967 -> 0.16176850984349198 delta: -0.0008246959514047192
method nt iteration 506: Locations[1.40220456 1.96617659] -> [1.40118175 1.96330926] Step length = 0.00304428757045191 Function values: 0.16176850984349198 -> 0.16094679964821776 delta: -0.0008217101952742167
method nt iteration 507: Locations[1.40118175 1.96330926] -> [1.40016006 1.96044714] Step length = 0.003039013304698315 Function values: 0.16094679964821776 -> 0.16012807091284517 delta: -0.000818728735372587
method nt iteration 508: Locations[1.40016006 1.96044714] -> [1.39913947 1.95759022] Step length = 0.0030337363285395554 Function values: 0.16012807091284517 -> 0.15931231932131734 delta: -0.0008157515915278302
method nt iteration 509: Locations[1.39913947 1.95759022] -> [1.39812001 1.95473852] Step length = 0.0030284566646497867 Function values: 0.15931231932131734 -> 0.1584995405377819 delta: -0.000812778783535445
method nt iteration 510: Locations[1.39812001 1.95473852] -> [1.39710166 1.95189202] Step length = 0.003023174335829787 Function values: 0.1584995405377819 -> 0.15768973020662325 delta: -0.0008098103311586502
method nt iteration 511: Locations[1.39710166 1.95189202] -> [1.39608444 1.94905073] Step length = 0.0030178893650117623 Function values: 0.15768973020662325 -> 0.15688288395249722 delta: -0.0008068462541260257
method nt iteration 512: Locations[1.39608444 1.94905073] -> [1.39506835 1.94621465] Step length = 0.0030126017752523733 Function values: 0.15688288395249722 -> 0.15607899738036465 delta: -0.0008038865721325672
method nt iteration 513: Locations[1.39506835 1.94621465] -> [1.39405338 1.9433838 ] Step length = 0.003007311589739366 Function values: 0.15607899738036465 -> 0.15527806607552702 delta: -0.0008009313048376321
method nt iteration 514: Locations[1.39405338 1.9433838 ] -> [1.39303955 1.94055815] Step length = 0.003002018831789647 Function values: 0.15527806607552702 -> 0.15448008560366247 delta: -0.0007979804718645511
method nt iteration 515: Locations[1.39303955 1.94055815] -> [1.39202685 1.93773773] Step length = 0.0029967235248459074 Function values: 0.15448008560366247 -> 0.1536850515108627 delta: -0.0007950340927997679
method nt iteration 516: Locations[1.39202685 1.93773773] -> [1.39101529 1.93492252] Step length = 0.002991425692480004 Function values: 0.1536850515108627 -> 0.15289295932367028 delta: -0.0007920921871924225
method nt iteration 517: Locations[1.39101529 1.93492252] -> [1.39000488 1.93211254] Step length = 0.00298612535839409 Function values: 0.15289295932367028 -> 0.15210380454911737 delta: -0.0007891547745529082
method nt iteration 518: Locations[1.39000488 1.93211254] -> [1.38899561 1.92930778] Step length = 0.002980822546415501 Function values: 0.15210380454911737 -> 0.15131758267476478 delta: -0.0007862218743525939
method nt iteration 519: Locations[1.38899561 1.92930778] -> [1.38798749 1.92650824] Step length = 0.0029755172805013825 Function values: 0.15131758267476478 -> 0.15053428916874184 delta: -0.0007832935060229362
method nt iteration 520: Locations[1.38798749 1.92650824] -> [1.38698052 1.92371394] Step length = 0.0029702095847371894 Function values: 0.15053428916874184 -> 0.1497539194797875 delta: -0.000780369688954341
method nt iteration 521: Locations[1.38698052 1.92371394] -> [1.3859747  1.92092486] Step length = 0.0029648994833347 Function values: 0.1497539194797875 -> 0.1489764690372915 delta: -0.0007774504424959972
method nt iteration 522: Locations[1.3859747  1.92092486] -> [1.38497004 1.91814101] Step length = 0.0029595870006356075 Function values: 0.1489764690372915 -> 0.14820193325133682 delta: -0.0007745357859546831
method nt iteration 523: Locations[1.38497004 1.91814101] -> [1.38396654 1.91536239] Step length = 0.0029542721611089486 Function values: 0.14820193325133682 -> 0.14743030751274316 delta: -0.0007716257385936565
method nt iteration 524: Locations[1.38396654 1.91536239] -> [1.38296421 1.912589  ] Step length = 0.0029489549893499285 Function values: 0.14743030751274316 -> 0.14666158719311048 delta: -0.000768720319632682
method nt iteration 525: Locations[1.38296421 1.912589  ] -> [1.38196304 1.90982085] Step length = 0.0029436355100833853 Function values: 0.14666158719311048 -> 0.14589576764486434 delta: -0.0007658195482461438
method nt iteration 526: Locations[1.38196304 1.90982085] -> [1.38096305 1.90705794] Step length = 0.0029383137481597712 Function values: 0.14589576764486434 -> 0.14513284420130076 delta: -0.0007629234435635734
method nt iteration 527: Locations[1.38096305 1.90705794] -> [1.37996422 1.90430026] Step length = 0.002932989728558694 Function values: 0.14513284420130076 -> 0.14437281217663295 delta: -0.0007600320246678172
method nt iteration 528: Locations[1.37996422 1.90430026] -> [1.37896658 1.90154783] Step length = 0.0029276634763865297 Function values: 0.14437281217663295 -> 0.14361566686603874 delta: -0.0007571453105942039
method nt iteration 529: Locations[1.37896658 1.90154783] -> [1.37797011 1.89880063] Step length = 0.0029223350168759033 Function values: 0.14361566686603874 -> 0.1428614035457083 delta: -0.0007542633203304339
method nt iteration 530: Locations[1.37797011 1.89880063] -> [1.37697482 1.89605867] Step length = 0.0029170043753867026 Function values: 0.1428614035457083 -> 0.142110017472893 delta: -0.0007513860728153021
method nt iteration 531: Locations[1.37697482 1.89605867] -> [1.37598072 1.89332196] Step length = 0.0029116715774057623 Function values: 0.142110017472893 -> 0.14136150388595495 delta: -0.0007485135869380599
method nt iteration 532: Locations[1.37598072 1.89332196] -> [1.37498781 1.89059049] Step length = 0.0029063366485474486 Function values: 0.14136150388595495 -> 0.14061585800441767 delta: -0.0007456458815372768
method nt iteration 533: Locations[1.37498781 1.89059049] -> [1.37399609 1.88786427] Step length = 0.0029009996145509314 Function values: 0.14061585800441767 -> 0.13987307502901694 delta: -0.0007427829754007298
method nt iteration 534: Locations[1.37399609 1.88786427] -> [1.37300556 1.88514329] Step length = 0.0028956605012837476 Function values: 0.13987307502901694 -> 0.1391331501417533 delta: -0.0007399248872636544
method nt iteration 535: Locations[1.37300556 1.88514329] -> [1.37201623 1.88242757] Step length = 0.002890319334737825 Function values: 0.1391331501417533 -> 0.1383960785059445 delta: -0.0007370716358088003
method nt iteration 536: Locations[1.37201623 1.88242757] -> [1.37102811 1.87971709] Step length = 0.0028849761410319995 Function values: 0.1383960785059445 -> 0.13766185526627958 delta: -0.0007342232396649051
method nt iteration 537: Locations[1.37102811 1.87971709] -> [1.37004118 1.87701186] Step length = 0.0028796309464100534 Function values: 0.13766185526627958 -> 0.13693047554887336 delta: -0.000731379717406222
method nt iteration 538: Locations[1.37004118 1.87701186] -> [1.36905546 1.87431189] Step length = 0.002874283777242228 Function values: 0.13693047554887336 -> 0.1362019344613212 delta: -0.0007285410875521592
method nt iteration 539: Locations[1.36905546 1.87431189] -> [1.36807095 1.87161717] Step length = 0.0028689346600239067 Function values: 0.1362019344613212 -> 0.1354762270927557 delta: -0.0007257073685655036
method nt iteration 540: Locations[1.36807095 1.87161717] -> [1.36708766 1.8689277 ] Step length = 0.002863583621376291 Function values: 0.1354762270927557 -> 0.13475334851390355 delta: -0.000722878578852143
method nt iteration 541: Locations[1.36708766 1.8689277 ] -> [1.36610558 1.86624348] Step length = 0.002858230688043326 Function values: 0.13475334851390355 -> 0.13403329377714335 delta: -0.0007200547367602061
method nt iteration 542: Locations[1.36610558 1.86624348] -> [1.36512472 1.86356453] Step length = 0.002852875886895411 Function values: 0.13403329377714335 -> 0.13331605791656398 delta: -0.0007172358605793683
method nt iteration 543: Locations[1.36512472 1.86356453] -> [1.36414508 1.86089083] Step length = 0.0028475192449277805 Function values: 0.13331605791656398 -> 0.1326016359480242 delta: -0.000714421968539769
method nt iteration 544: Locations[1.36414508 1.86089083] -> [1.36316666 1.85822239] Step length = 0.0028421607892583052 Function values: 0.1326016359480242 -> 0.13189002286921278 delta: -0.0007116130788114294
method nt iteration 545: Locations[1.36316666 1.85822239] -> [1.36218947 1.8555592 ] Step length = 0.0028368005471304607 Function values: 0.13189002286921278 -> 0.13118121365970972 delta: -0.0007088092095030585
method nt iteration 546: Locations[1.36218947 1.8555592 ] -> [1.36121351 1.85290128] Step length = 0.0028314385459102345 Function values: 0.13118121365970972 -> 0.1304752032810481 delta: -0.000706010378661609
method nt iteration 547: Locations[1.36121351 1.85290128] -> [1.36023879 1.85024862] Step length = 0.0028260748130866766 Function values: 0.1304752032810481 -> 0.12977198667677659 delta: -0.0007032166042715282
method nt iteration 548: Locations[1.36023879 1.85024862] -> [1.3592653  1.84760122] Step length = 0.0028207093762746766 Function values: 0.12977198667677659 -> 0.1290715587725232 delta: -0.0007004279042533978
method nt iteration 549: Locations[1.3592653  1.84760122] -> [1.35829306 1.84495908] Step length = 0.0028153422632078984 Function values: 0.1290715587725232 -> 0.12837391447605942 delta: -0.0006976442964637675
method nt iteration 550: Locations[1.35829306 1.84495908] -> [1.35732205 1.84232221] Step length = 0.0028099735017462018 Function values: 0.12837391447605942 -> 0.12767904867736576 delta: -0.0006948657986936557
method nt iteration 551: Locations[1.35732205 1.84232221] -> [1.35635229 1.8396906 ] Step length = 0.0028046031198695628 Function values: 0.12767904867736576 -> 0.1269869562486972 delta: -0.0006920924286685504
method nt iteration 552: Locations[1.35635229 1.8396906 ] -> [1.35538378 1.83706426] Step length = 0.002799231145681043 Function values: 0.1269869562486972 -> 0.12629763204465044 delta: -0.0006893242040467706
method nt iteration 553: Locations[1.35538378 1.83706426] -> [1.35441652 1.83444318] Step length = 0.0027938576074043654 Function values: 0.12629763204465044 -> 0.12561107090223153 delta: -0.0006865611424189122
method nt iteration 554: Locations[1.35441652 1.83444318] -> [1.35345052 1.83182737] Step length = 0.0027884825333851487 Function values: 0.12561107090223153 -> 0.12492726764092386 delta: -0.0006838032613076667
method nt iteration 555: Locations[1.35345052 1.83182737] -> [1.35248577 1.82921682] Step length = 0.0027831059520906894 Function values: 0.12492726764092386 -> 0.12424621706275812 delta: -0.00068105057816574
method nt iteration 556: Locations[1.35248577 1.82921682] -> [1.35152228 1.82661155] Step length = 0.00277772789210702 Function values: 0.12424621706275812 -> 0.12356791395238177 delta: -0.000678303110376352
method nt iteration 557: Locations[1.35152228 1.82661155] -> [1.35056006 1.82401154] Step length = 0.0027723483821423646 Function values: 0.12356791395238177 -> 0.12289235307713031 delta: -0.0006755608752514602
method nt iteration 558: Locations[1.35056006 1.82401154] -> [1.3495991 1.8214168] Step length = 0.002766967451023813 Function values: 0.12289235307713031 -> 0.12221952918709889 delta: -0.0006728238900314265
method nt iteration 559: Locations[1.3495991 1.8214168] -> [1.34863941 1.81882733] Step length = 0.002761585127698947 Function values: 0.12221952918709889 -> 0.12154943701521495 delta: -0.0006700921718839348
method nt iteration 560: Locations[1.34863941 1.81882733] -> [1.34768099 1.81624313] Step length = 0.0027562014412330408 Function values: 0.12154943701521495 -> 0.12088207127731165 delta: -0.0006673657379032971
method nt iteration 561: Locations[1.34768099 1.81624313] -> [1.34672385 1.81366421] Step length = 0.0027508164208112063 Function values: 0.12088207127731165 -> 0.12021742667220164 delta: -0.0006646446051100097
method nt iteration 562: Locations[1.34672385 1.81366421] -> [1.34576798 1.81109055] Step length = 0.0027454300957378366 Function values: 0.12021742667220164 -> 0.11955549788175278 delta: -0.0006619287904488652
method nt iteration 563: Locations[1.34576798 1.81109055] -> [1.3448134  1.80852216] Step length = 0.0027400424954322675 Function values: 0.11955549788175278 -> 0.11889627957096327 delta: -0.0006592183107895083
method nt iteration 564: Locations[1.3448134  1.80852216] -> [1.3438601  1.80595905] Step length = 0.002734653649435223 Function values: 0.11889627957096327 -> 0.11823976638803875 delta: -0.0006565131829245202
method nt iteration 565: Locations[1.3438601  1.80595905] -> [1.34290808 1.80340121] Step length = 0.0027292635874016174 Function values: 0.11823976638803875 -> 0.11758595296446947 delta: -0.00065381342356928
method nt iteration 566: Locations[1.34290808 1.80340121] -> [1.34195736 1.80084864] Step length = 0.002723872339105359 Function values: 0.11758595296446947 -> 0.11693483391510857 delta: -0.0006511190493608959
method nt iteration 567: Locations[1.34195736 1.80084864] -> [1.34100792 1.79830135] Step length = 0.002718479934435513 Function values: 0.11693483391510857 -> 0.11628640383825142 delta: -0.000648430076857151
method nt iteration 568: Locations[1.34100792 1.79830135] -> [1.34005978 1.79575933] Step length = 0.0027130864033968385 Function values: 0.11628640383825142 -> 0.11564065731571539 delta: -0.0006457465225360309
method nt iteration 569: Locations[1.34005978 1.79575933] -> [1.33911294 1.79322258] Step length = 0.0027076917761086803 Function values: 0.11564065731571539 -> 0.1149975889129202 delta: -0.0006430684027951966
method nt iteration 570: Locations[1.33911294 1.79322258] -> [1.3381674  1.79069111] Step length = 0.002702296082808917 Function values: 0.1149975889129202 -> 0.11435719317896981 delta: -0.0006403957339503885
method nt iteration 571: Locations[1.3381674  1.79069111] -> [1.33722317 1.78816491] Step length = 0.0026968993538460666 Function values: 0.11435719317896981 -> 0.11371946464673462 delta: -0.0006377285322351905
method nt iteration 572: Locations[1.33722317 1.78816491] -> [1.33628024 1.78564398] Step length = 0.002691501619684454 Function values: 0.11371946464673462 -> 0.11308439783293456 delta: -0.0006350668138000587
method nt iteration 573: Locations[1.33628024 1.78564398] -> [1.33533862 1.78312833] Step length = 0.0026861029109010014 Function values: 0.11308439783293456 -> 0.11245198723822303 delta: -0.0006324105947115299
method nt iteration 574: Locations[1.33533862 1.78312833] -> [1.33439831 1.78061796] Step length = 0.0026807032581874293 Function values: 0.11245198723822303 -> 0.11182222734727139 delta: -0.0006297598909516394
method nt iteration 575: Locations[1.33439831 1.78061796] -> [1.33345931 1.77811285] Step length = 0.002675302692346193 Function values: 0.11182222734727139 -> 0.11119511262885481 delta: -0.0006271147184165743
method nt iteration 576: Locations[1.33345931 1.77811285] -> [1.33252163 1.77561303] Step length = 0.0026699012442921366 Function values: 0.11119511262885481 -> 0.11057063753593853 delta: -0.0006244750929162851
method nt iteration 577: Locations[1.33252163 1.77561303] -> [1.33158528 1.77311848] Step length = 0.002664498945052277 Function values: 0.11057063753593853 -> 0.10994879650576464 delta: -0.0006218410301738891
method nt iteration 578: Locations[1.33158528 1.77311848] -> [1.33065024 1.7706292 ] Step length = 0.0026590958257642354 Function values: 0.10994879650576464 -> 0.10932958395994019 delta: -0.0006192125458244491
method nt iteration 579: Locations[1.33065024 1.7706292 ] -> [1.32971654 1.76814519] Step length = 0.002653691917676076 Function values: 0.10932958395994019 -> 0.10871299430452594 delta: -0.0006165896554142514
method nt iteration 580: Locations[1.32971654 1.76814519] -> [1.32878416 1.76566647] Step length = 0.002648287252145673 Function values: 0.10871299430452594 -> 0.10809902193012576 delta: -0.0006139723744001818
method nt iteration 581: Locations[1.32878416 1.76566647] -> [1.32785311 1.76319301] Step length = 0.0026428818606397163 Function values: 0.10809902193012576 -> 0.10748766121197681 delta: -0.0006113607181489483
method nt iteration 582: Locations[1.32785311 1.76319301] -> [1.3269234  1.76072483] Step length = 0.002637475774735135 Function values: 0.10748766121197681 -> 0.10687890651004071 delta: -0.0006087547019360956
method nt iteration 583: Locations[1.3269234  1.76072483] -> [1.32599502 1.75826193] Step length = 0.002632069026115971 Function values: 0.10687890651004071 -> 0.10627275216909522 delta: -0.0006061543409454917
method nt iteration 584: Locations[1.32599502 1.75826193] -> [1.32506798 1.7558043 ] Step length = 0.0026266616465735566 Function values: 0.10627275216909522 -> 0.1056691925188269 delta: -0.0006035596502683288
method nt iteration 585: Locations[1.32506798 1.7558043 ] -> [1.32414229 1.75335194] Step length = 0.0026212536680076514 Function values: 0.1056691925188269 -> 0.10506822187392474 delta: -0.0006009706449021518
method nt iteration 586: Locations[1.32414229 1.75335194] -> [1.32321794 1.75090485] Step length = 0.0026158451224224614 Function values: 0.10506822187392474 -> 0.10446983453417383 delta: -0.0005983873397509137
method nt iteration 587: Locations[1.32321794 1.75090485] -> [1.32229493 1.74846304] Step length = 0.0026104360419294667 Function values: 0.10446983453417383 -> 0.10387402478455056 delta: -0.0005958097496232689
method nt iteration 588: Locations[1.32229493 1.74846304] -> [1.32137328 1.7460265 ] Step length = 0.0026050264587459578 Function values: 0.10387402478455056 -> 0.10328078689531846 delta: -0.0005932378892321011
method nt iteration 589: Locations[1.32137328 1.7460265 ] -> [1.32045298 1.74359524] Step length = 0.0025996164051908304 Function values: 0.10328078689531846 -> 0.10269011512212423 delta: -0.0005906717731942318
method nt iteration 590: Locations[1.32045298 1.74359524] -> [1.31953404 1.74116924] Step length = 0.0025942059136907286 Function values: 0.10269011512212423 -> 0.10210200370609547 delta: -0.0005881114160287554
method nt iteration 591: Locations[1.31953404 1.74116924] -> [1.31861646 1.73874852] Step length = 0.0025887950167724906 Function values: 0.10210200370609547 -> 0.10151644687393807 delta: -0.0005855568321573995
method nt iteration 592: Locations[1.31861646 1.73874852] -> [1.31770023 1.73633307] Step length = 0.002583383747067525 Function values: 0.10151644687393807 -> 0.1009334388380356 delta: -0.0005830080359024714
method nt iteration 593: Locations[1.31770023 1.73633307] -> [1.31678537 1.73392289] Step length = 0.002577972137307819 Function values: 0.1009334388380356 -> 0.10035297379654813 delta: -0.0005804650414874685
method nt iteration 594: Locations[1.31678537 1.73392289] -> [1.31587188 1.73151798] Step length = 0.0025725602203284428 Function values: 0.10035297379654813 -> 0.09977504593351308 delta: -0.0005779278630350521
method nt iteration 595: Locations[1.31587188 1.73151798] -> [1.31495976 1.72911833] Step length = 0.0025671480290629083 Function values: 0.09977504593351308 -> 0.09919964941894564 delta: -0.0005753965145674361
method nt iteration 596: Locations[1.31495976 1.72911833] -> [1.31404901 1.72672396] Step length = 0.0025617355965467407 Function values: 0.09919964941894564 -> 0.09862677840894103 delta: -0.0005728710100046108
method nt iteration 597: Locations[1.31404901 1.72672396] -> [1.31313963 1.72433486] Step length = 0.002556322955912345 Function values: 0.09862677840894103 -> 0.09805642704577631 delta: -0.0005703513631647172
method nt iteration 598: Locations[1.31313963 1.72433486] -> [1.31223163 1.72195102] Step length = 0.002550910140393535 Function values: 0.09805642704577631 -> 0.09748858945801432 delta: -0.0005678375877619934
method nt iteration 599: Locations[1.31223163 1.72195102] -> [1.31132501 1.71957245] Step length = 0.002545497183319701 Function values: 0.09748858945801432 -> 0.09692325976060716 delta: -0.0005653296974071631
method nt iteration 600: Locations[1.31132501 1.71957245] -> [1.31041977 1.71719915] Step length = 0.002540084118117362 Function values: 0.09692325976060716 -> 0.09636043205500075 delta: -0.0005628277056064085
method nt iteration 601: Locations[1.31041977 1.71719915] -> [1.30951591 1.71483111] Step length = 0.002534670978311145 Function values: 0.09636043205500075 -> 0.09580010042924063 delta: -0.0005603316257601215
method nt iteration 602: Locations[1.30951591 1.71483111] -> [1.30861345 1.71246834] Step length = 0.002529257797519617 Function values: 0.09580010042924063 -> 0.0952422589580775 delta: -0.0005578414711631258
method nt iteration 603: Locations[1.30861345 1.71246834] -> [1.30771237 1.71011083] Step length = 0.0025238446094575247 Function values: 0.0952422589580775 -> 0.09468690170307463 delta: -0.0005553572550028724
method nt iteration 604: Locations[1.30771237 1.71011083] -> [1.30681268 1.70775858] Step length = 0.0025184314479322553 Function values: 0.09468690170307463 -> 0.09413402271271498 delta: -0.0005528789903596482
method nt iteration 605: Locations[1.30681268 1.70775858] -> [1.30591439 1.7054116 ] Step length = 0.002513018346845226 Function values: 0.09413402271271498 -> 0.09358361602250959 delta: -0.0005504066902053961
method nt iteration 606: Locations[1.30591439 1.7054116 ] -> [1.3050175  1.70306987] Step length = 0.002507605340190692 Function values: 0.09358361602250959 -> 0.09303567565510654 delta: -0.0005479403674030492
method nt iteration 607: Locations[1.3050175  1.70306987] -> [1.30412201 1.70073341] Step length = 0.0025021924620539635 Function values: 0.09303567565510654 -> 0.09249019562040026 delta: -0.0005454800347062805
method nt iteration 608: Locations[1.30412201 1.70073341] -> [1.30322792 1.69840221] Step length = 0.002496779746613514 Function values: 0.09249019562040026 -> 0.09194716991564247 delta: -0.0005430257047577824
method nt iteration 609: Locations[1.30322792 1.69840221] -> [1.30233523 1.69607626] Step length = 0.002491367228133712 Function values: 0.09194716991564247 -> 0.09140659252555282 delta: -0.0005405773900896554
method nt iteration 610: Locations[1.30233523 1.69607626] -> [1.30144395 1.69375557] Step length = 0.00248595494097205 Function values: 0.09140659252555282 -> 0.09086845742243034 delta: -0.0005381351031224779
method nt iteration 611: Locations[1.30144395 1.69375557] -> [1.30055409 1.69144014] Step length = 0.002480542919573663 Function values: 0.09086845742243034 -> 0.0903327585662664 delta: -0.0005356988561639464
method nt iteration 612: Locations[1.30055409 1.69144014] -> [1.29966563 1.68912996] Step length = 0.002475131198470821 Function values: 0.0903327585662664 -> 0.08979948990485745 delta: -0.0005332686614089449
method nt iteration 613: Locations[1.29966563 1.68912996] -> [1.29877859 1.68682504] Step length = 0.002469719812281997 Function values: 0.08979948990485745 -> 0.08926864537391878 delta: -0.0005308445309386706
method nt iteration 614: Locations[1.29877859 1.68682504] -> [1.29789297 1.68452537] Step length = 0.0024643087957134133 Function values: 0.08926864537391878 -> 0.08874021889719887 delta: -0.000528426476719912
method nt iteration 615: Locations[1.29789297 1.68452537] -> [1.29700876 1.68223095] Step length = 0.002458898183555575 Function values: 0.08874021889719887 -> 0.08821420438659457 delta: -0.0005260145106043002
method nt iteration 616: Locations[1.29700876 1.68223095] -> [1.29612598 1.67994178] Step length = 0.0024534880106830354 Function values: 0.08821420438659457 -> 0.08769059574226687 delta: -0.0005236086443276972
method nt iteration 617: Locations[1.29612598 1.67994178] -> [1.29524462 1.67765785] Step length = 0.002448078312053571 Function values: 0.08769059574226687 -> 0.08716938685275698 delta: -0.0005212088895098915
method nt iteration 618: Locations[1.29524462 1.67765785] -> [1.29436469 1.67537918] Step length = 0.0024426691227087943 Function values: 0.08716938685275698 -> 0.08665057159510374 delta: -0.0005188152576532379
method nt iteration 619: Locations[1.29436469 1.67537918] -> [1.29348619 1.67310575] Step length = 0.0024372604777697935 Function values: 0.08665057159510374 -> 0.08613414383496076 delta: -0.0005164277601429762
method nt iteration 620: Locations[1.29348619 1.67310575] -> [1.29260912 1.67083757] Step length = 0.0024318524124414837 Function values: 0.08613414383496076 -> 0.08562009742671543 delta: -0.0005140464082453305
method nt iteration 621: Locations[1.29260912 1.67083757] -> [1.29173348 1.66857463] Step length = 0.0024264449620044317 Function values: 0.08562009742671543 -> 0.08510842621360702 delta: -0.0005116712131084111
method nt iteration 622: Locations[1.29173348 1.66857463] -> [1.29085929 1.66631693] Step length = 0.002421038161822723 Function values: 0.08510842621360702 -> 0.0845991240278468 delta: -0.0005093021857602159
method nt iteration 623: Locations[1.29085929 1.66631693] -> [1.28998652 1.66406447] Step length = 0.002415632047335101 Function values: 0.0845991240278468 -> 0.08409218469073808 delta: -0.0005069393371087277
method nt iteration 624: Locations[1.28998652 1.66406447] -> [1.28911521 1.66181725] Step length = 0.0024102266540585063 Function values: 0.08409218469073808 -> 0.08358760201279684 delta: -0.0005045826779412343
method nt iteration 625: Locations[1.28911521 1.66181725] -> [1.28824533 1.65957527] Step length = 0.002404822017585521 Function values: 0.08358760201279684 -> 0.08308536979387324 delta: -0.0005022322189236067
method nt iteration 626: Locations[1.28824533 1.65957527] -> [1.2873769  1.65733852] Step length = 0.0023994181735849307 Function values: 0.08308536979387324 -> 0.08258548182327356 delta: -0.0004998879705996745
method nt iteration 627: Locations[1.2873769  1.65733852] -> [1.28650992 1.65510701] Step length = 0.002394015157798418 Function values: 0.08258548182327356 -> 0.0820879318798828 delta: -0.0004975499433907682
method nt iteration 628: Locations[1.28650992 1.65510701] -> [1.28564438 1.65288073] Step length = 0.0023886130060418293 Function values: 0.0820879318798828 -> 0.0815927137322879 delta: -0.0004952181475949002
method nt iteration 629: Locations[1.28564438 1.65288073] -> [1.2847803  1.65065968] Step length = 0.002383211754202076 Function values: 0.0815927137322879 -> 0.08109982113890121 delta: -0.0004928925933866818
method nt iteration 630: Locations[1.2847803  1.65065968] -> [1.28391768 1.64844386] Step length = 0.0023778114382398937 Function values: 0.08109982113890121 -> 0.08060924784808514 delta: -0.0004905732908160737
method nt iteration 631: Locations[1.28391768 1.64844386] -> [1.28305651 1.64623326] Step length = 0.002372412094183355 Function values: 0.08060924784808514 -> 0.08012098759827688 delta: -0.00048826024980826166
method nt iteration 632: Locations[1.28305651 1.64623326] -> [1.2821968 1.6440279] Step length = 0.002367013758131282 Function values: 0.08012098759827688 -> 0.07963503411811415 delta: -0.0004859534801627263
method nt iteration 633: Locations[1.2821968 1.6440279] -> [1.28133855 1.64182775] Step length = 0.002361616466250026 Function values: 0.07963503411811415 -> 0.07915138112656067 delta: -0.0004836529915534793
method nt iteration 634: Locations[1.28133855 1.64182775] -> [1.28048177 1.63963282] Step length = 0.002356220254774039 Function values: 0.07915138112656067 -> 0.07867002233303329 delta: -0.00048135879352738387
method nt iteration 635: Locations[1.28048177 1.63963282] -> [1.27962645 1.63744312] Step length = 0.002350825160003311 Function values: 0.07867002233303329 -> 0.07819095143752891 delta: -0.0004790708955043771
method nt iteration 636: Locations[1.27962645 1.63744312] -> [1.2787726  1.63525863] Step length = 0.002345431218302769 Function values: 0.07819095143752891 -> 0.0777141621307519 delta: -0.0004767893067770118
method nt iteration 637: Locations[1.2787726  1.63525863] -> [1.27792022 1.63307936] Step length = 0.0023400384661030455 Function values: 0.0777141621307519 -> 0.07723964809424257 delta: -0.00047451403650933255
method nt iteration 638: Locations[1.27792022 1.63307936] -> [1.27706931 1.6309053 ] Step length = 0.002334646939895525 Function values: 0.07723964809424257 -> 0.07676740300050573 delta: -0.0004722450937368339
method nt iteration 639: Locations[1.27706931 1.6309053 ] -> [1.27621988 1.62873645] Step length = 0.0023292566762362125 Function values: 0.07676740300050573 -> 0.07629742051314012 delta: -0.0004699824873656139
method nt iteration 640: Locations[1.27621988 1.62873645] -> [1.27537192 1.62657281] Step length = 0.002323867711738841 Function values: 0.07629742051314012 -> 0.075829694286968 delta: -0.00046772622617212434
method nt iteration 641: Locations[1.27537192 1.62657281] -> [1.27452544 1.62441438] Step length = 0.0023184800830799357 Function values: 0.075829694286968 -> 0.07536421796816538 delta: -0.00046547631880261564
method nt iteration 642: Locations[1.27452544 1.62441438] -> [1.27368044 1.62226116] Step length = 0.0023130938269933306 Function values: 0.07536421796816538 -> 0.07490098519439284 delta: -0.00046323277377254
method nt iteration 643: Locations[1.27368044 1.62226116] -> [1.27283693 1.62011313] Step length = 0.0023077089802708483 Function values: 0.07490098519439284 -> 0.07443998959492662 delta: -0.0004609955994662185
method nt iteration 644: Locations[1.27283693 1.62011313] -> [1.2719949  1.61797031] Step length = 0.0023023255797611215 Function values: 0.07443998959492662 -> 0.07398122479079065 delta: -0.00045876480413596654
method nt iteration 645: Locations[1.2719949  1.61797031] -> [1.27115436 1.61583269] Step length = 0.0022969436623677853 Function values: 0.07398122479079065 -> 0.0735246843948883 delta: -0.00045654039590235784
method nt iteration 646: Locations[1.27115436 1.61583269] -> [1.2703153  1.61370026] Step length = 0.002291563265050246 Function values: 0.0735246843948883 -> 0.07307036201213543 delta: -0.0004543223827528642
method nt iteration 647: Locations[1.2703153  1.61370026] -> [1.26947774 1.61157303] Step length = 0.00228618442481828 Function values: 0.07307036201213543 -> 0.07261825123959338 delta: -0.0004521107725420498
method nt iteration 648: Locations[1.26947774 1.61157303] -> [1.26864167 1.60945098] Step length = 0.0022808071787371372 Function values: 0.07261825123959338 -> 0.07216834566660256 delta: -0.0004499055729908219
method nt iteration 649: Locations[1.26864167 1.60945098] -> [1.26780709 1.60733413] Step length = 0.0022754315639205705 Function values: 0.07216834566660256 -> 0.07172063887491632 delta: -0.0004477067916862365
method nt iteration 650: Locations[1.26780709 1.60733413] -> [1.26697401 1.60522246] Step length = 0.002270057617534084 Function values: 0.07172063887491632 -> 0.07127512443883566 delta: -0.00044551443608066565
method nt iteration 651: Locations[1.26697401 1.60522246] -> [1.26614244 1.60311597] Step length = 0.002264685376789821 Function values: 0.07127512443883566 -> 0.07083179592534404 delta: -0.00044332851349161706
method nt iteration 652: Locations[1.26614244 1.60311597] -> [1.26531236 1.60101467] Step length = 0.0022593148789488153 Function values: 0.07083179592534404 -> 0.07039064689424267 delta: -0.00044114903110137327
method nt iteration 653: Locations[1.26531236 1.60101467] -> [1.26448378 1.59891855] Step length = 0.0022539461613188187 Function values: 0.07039064689424267 -> 0.06995167089828608 delta: -0.0004389759959565892
method nt iteration 654: Locations[1.26448378 1.59891855] -> [1.26365671 1.5968276 ] Step length = 0.002248579261252091 Function values: 0.06995167089828608 -> 0.06951486148331865 delta: -0.00043680941496743175
method nt iteration 655: Locations[1.26365671 1.5968276 ] -> [1.26283115 1.59474183] Step length = 0.0022432142161440496 Function values: 0.06951486148331865 -> 0.06908021218841091 delta: -0.0004346492949077324
method nt iteration 656: Locations[1.26283115 1.59474183] -> [1.26200709 1.59266122] Step length = 0.0022378510634348614 Function values: 0.06908021218841091 -> 0.06864771654599651 delta: -0.0004324956424144044
method nt iteration 657: Locations[1.26200709 1.59266122] -> [1.26118455 1.59058579] Step length = 0.0022324898406045836 Function values: 0.06864771654599651 -> 0.06821736808200948 delta: -0.0004303484639870264
method nt iteration 658: Locations[1.26118455 1.59058579] -> [1.26036352 1.58851552] Step length = 0.0022271305851750012 Function values: 0.06821736808200948 -> 0.06778916031602206 delta: -0.00042820776598742616
method nt iteration 659: Locations[1.26036352 1.58851552] -> [1.259544   1.58645041] Step length = 0.002221773334706422 Function values: 0.06778916031602206 -> 0.06736308676138253 delta: -0.0004260735546395278
method nt iteration 660: Locations[1.259544   1.58645041] -> [1.258726   1.58439046] Step length = 0.0022164181267976123 Function values: 0.06736308676138253 -> 0.06693914092535404 delta: -0.00042394583602849145
method nt iteration 661: Locations[1.258726   1.58439046] -> [1.25790951 1.58233567] Step length = 0.002211064999083461 Function values: 0.06693914092535404 -> 0.06651731630925309 delta: -0.00042182461610094923
method nt iteration 662: Locations[1.25790951 1.58233567] -> [1.25709455 1.58028604] Step length = 0.002205713989234585 Function values: 0.06651731630925309 -> 0.06609760640858871 delta: -0.00041970990066438063
method nt iteration 663: Locations[1.25709455 1.58028604] -> [1.2562811  1.57824155] Step length = 0.0022003651349563943 Function values: 0.06609760640858871 -> 0.06568000471320197 delta: -0.00041760169538673786
method nt iteration 664: Locations[1.2562811  1.57824155] -> [1.25546919 1.57620222] Step length = 0.002195018473986719 Function values: 0.06568000471320197 -> 0.06526450470740565 delta: -0.00041550000579632096
method nt iteration 665: Locations[1.25546919 1.57620222] -> [1.25465879 1.57416803] Step length = 0.0021896740440966486 Function values: 0.06526450470740565 -> 0.0648510998701245 delta: -0.0004134048372811533
method nt iteration 666: Locations[1.25465879 1.57416803] -> [1.25384992 1.57213898] Step length = 0.0021843318830859705 Function values: 0.0648510998701245 -> 0.06443978367503565 delta: -0.00041131619508884276
method nt iteration 667: Locations[1.25384992 1.57213898] -> [1.25304258 1.57011507] Step length = 0.0021789920287841754 Function values: 0.06443978367503565 -> 0.06403054959070913 delta: -0.0004092340843265263
method nt iteration 668: Locations[1.25304258 1.57011507] -> [1.25223678 1.56809629] Step length = 0.0021736545190505995 Function values: 0.06403054959070913 -> 0.06362339108074899 delta: -0.00040715850996013436
method nt iteration 669: Locations[1.25223678 1.56809629] -> [1.2514325  1.56608265] Step length = 0.002168319391769201 Function values: 0.06362339108074899 -> 0.06321830160393486 delta: -0.0004050894768141272
method nt iteration 670: Locations[1.2514325  1.56608265] -> [1.25062976 1.56407414] Step length = 0.0021629866848498535 Function values: 0.06321830160393486 -> 0.06281527461436302 delta: -0.0004030269895718419
method nt iteration 671: Locations[1.25062976 1.56407414] -> [1.24982855 1.56207076] Step length = 0.002157656436228654 Function values: 0.06281527461436302 -> 0.06241430356158873 delta: -0.00040097105277429185
method nt iteration 672: Locations[1.24982855 1.56207076] -> [1.24902888 1.5600725 ] Step length = 0.002152328683860925 Function values: 0.06241430356158873 -> 0.06201538189076791 delta: -0.00039892167082081903
method nt iteration 673: Locations[1.24902888 1.5600725 ] -> [1.24823075 1.55807936] Step length = 0.002147003465727666 Function values: 0.06201538189076791 -> 0.061618503042799894 delta: -0.00039687884796801853
method nt iteration 674: Locations[1.24823075 1.55807936] -> [1.24743415 1.55609133] Step length = 0.0021416808198266597 Function values: 0.061618503042799894 -> 0.06122366045446966 delta: -0.00039484258833023117
method nt iteration 675: Locations[1.24743415 1.55609133] -> [1.2466391  1.55410842] Step length = 0.0021363607841773133 Function values: 0.06122366045446966 -> 0.06083084755859096 delta: -0.0003928128958787039
method nt iteration 676: Locations[1.2466391  1.55410842] -> [1.2458456  1.55213062] Step length = 0.0021310433968151085 Function values: 0.06083084755859096 -> 0.06044005778414898 delta: -0.0003907897744419783
method nt iteration 677: Locations[1.2458456  1.55213062] -> [1.24505364 1.55015793] Step length = 0.0021257286957934696 Function values: 0.06044005778414898 -> 0.06005128455644405 delta: -0.0003887732277049333
method nt iteration 678: Locations[1.24505364 1.55015793] -> [1.24426322 1.54819034] Step length = 0.002120416719179329 Function values: 0.06005128455644405 -> 0.0596645212972348 delta: -0.0003867632592092496
method nt iteration 679: Locations[1.24426322 1.54819034] -> [1.24347435 1.54622785] Step length = 0.002115107505054128 Function values: 0.0596645212972348 -> 0.05927976142488202 delta: -0.0003847598723527787
method nt iteration 680: Locations[1.24347435 1.54622785] -> [1.24268704 1.54427045] Step length = 0.002109801091510663 Function values: 0.05927976142488202 -> 0.05889699835449225 delta: -0.00038276307038977164
method nt iteration 681: Locations[1.24268704 1.54427045] -> [1.24190127 1.54231815] Step length = 0.0021044975166556474 Function values: 0.05889699835449225 -> 0.058516225498062076 delta: -0.0003807728564301713
method nt iteration 682: Locations[1.24190127 1.54231815] -> [1.24111706 1.54037094] Step length = 0.002099196818601821 Function values: 0.058516225498062076 -> 0.05813743626462222 delta: -0.00037878923343985516
method nt iteration 683: Locations[1.24111706 1.54037094] -> [1.2403344  1.53842881] Step length = 0.0020938990354724928 Function values: 0.05813743626462222 -> 0.05776062406038181 delta: -0.00037681220424041345
method nt iteration 684: Locations[1.2403344  1.53842881] -> [1.2395533  1.53649177] Step length = 0.00208860420539871 Function values: 0.05776062406038181 -> 0.057385782288873075 delta: -0.00037484177150873266
method nt iteration 685: Locations[1.2395533  1.53649177] -> [1.23877375 1.5345598 ] Step length = 0.0020833123665142494 Function values: 0.057385782288873075 -> 0.05701290435109584 delta: -0.0003728779377772315
method nt iteration 686: Locations[1.23877375 1.5345598 ] -> [1.23799576 1.53263291] Step length = 0.002078023556959706 Function values: 0.05701290435109584 -> 0.056641983645662426 delta: -0.0003709207054334168
method nt iteration 687: Locations[1.23799576 1.53263291] -> [1.23721934 1.53071108] Step length = 0.002072737814877893 Function values: 0.056641983645662426 -> 0.05627301356894237 delta: -0.0003689700767200571
method nt iteration 688: Locations[1.23721934 1.53071108] -> [1.23644447 1.52879433] Step length = 0.0020674551784128233 Function values: 0.05627301356894237 -> 0.05590598751520776 delta: -0.0003670260537346065
method nt iteration 689: Locations[1.23644447 1.52879433] -> [1.23567117 1.52688263] Step length = 0.0020621756857087375 Function values: 0.05590598751520776 -> 0.0555408988767779 delta: -0.00036508863842986405
method nt iteration 690: Locations[1.23567117 1.52688263] -> [1.23489943 1.524976  ] Step length = 0.0020568993749099473 Function values: 0.0555408988767779 -> 0.055177741044164855 delta: -0.00036315783261304385
method nt iteration 691: Locations[1.23489943 1.524976  ] -> [1.23412925 1.52307442] Step length = 0.0020516262841568924 Function values: 0.055177741044164855 -> 0.05481650740621881 delta: -0.0003612336379460457
method nt iteration 692: Locations[1.23412925 1.52307442] -> [1.23336065 1.52117789] Step length = 0.0020463564515849635 Function values: 0.05481650740621881 -> 0.05445719135027329 delta: -0.00035931605594551747
method nt iteration 693: Locations[1.23336065 1.52117789] -> [1.23259361 1.51928641] Step length = 0.0020410899153263645 Function values: 0.05445719135027329 -> 0.054099786262290506 delta: -0.00035740508798278586
method nt iteration 694: Locations[1.23259361 1.51928641] -> [1.23182814 1.51739998] Step length = 0.0020358267135062065 Function values: 0.054099786262290506 -> 0.05374428552700715 delta: -0.0003555007352833567
method nt iteration 695: Locations[1.23182814 1.51739998] -> [1.23106424 1.51551858] Step length = 0.0020305668842396044 Function values: 0.05374428552700715 -> 0.05339068252807966 delta: -0.0003536029989274908
method nt iteration 696: Locations[1.23106424 1.51551858] -> [1.23030191 1.51364221] Step length = 0.0020253104656344396 Function values: 0.05339068252807966 -> 0.05303897064822992 delta: -0.0003517118798497393
method nt iteration 697: Locations[1.23030191 1.51364221] -> [1.22954116 1.51177088] Step length = 0.002020057495786513 Function values: 0.05303897064822992 -> 0.05268914326939087 delta: -0.0003498273788390474
method nt iteration 698: Locations[1.22954116 1.51177088] -> [1.22878198 1.50990457] Step length = 0.0020148080127787723 Function values: 0.05268914326939087 -> 0.05234119377285233 delta: -0.0003479494965385396
method nt iteration 699: Locations[1.22878198 1.50990457] -> [1.22802437 1.50804329] Step length = 0.00200956205468067 Function values: 0.05234119377285233 -> 0.051995115539406216 delta: -0.00034607823344611627
method nt iteration 700: Locations[1.22802437 1.50804329] -> [1.22726835 1.50618703] Step length = 0.0020043196595475425 Function values: 0.051995115539406216 -> 0.05165090194949263 delta: -0.0003442135899135862
method nt iteration 701: Locations[1.22726835 1.50618703] -> [1.2265139  1.50433577] Step length = 0.0019990808654162273 Function values: 0.05165090194949263 -> 0.05130854638334519 delta: -0.000342355566147437
method nt iteration 702: Locations[1.2265139  1.50433577] -> [1.22576103 1.50248953] Step length = 0.001993845710306916 Function values: 0.05130854638334519 -> 0.05096804222113672 delta: -0.00034050416220847424
method nt iteration 703: Locations[1.22576103 1.50248953] -> [1.22500974 1.5006483 ] Step length = 0.0019886142322196668 Function values: 0.05096804222113672 -> 0.05062938284312495 delta: -0.0003386593780117658
method nt iteration 704: Locations[1.22500974 1.5006483 ] -> [1.22426003 1.49881206] Step length = 0.0019833864691345387 Function values: 0.05062938284312495 -> 0.050292561629797825 delta: -0.00033682121332712783
method nt iteration 705: Locations[1.22426003 1.49881206] -> [1.22351191 1.49698082] Step length = 0.0019781624590075176 Function values: 0.050292561629797825 -> 0.04995757196201932 delta: -0.0003349896677785069
method nt iteration 706: Locations[1.22351191 1.49698082] -> [1.22276536 1.49515458] Step length = 0.0019729422397723436 Function values: 0.04995757196201932 -> 0.049624407221174636 delta: -0.0003331647408446811
method nt iteration 707: Locations[1.22276536 1.49515458] -> [1.22202041 1.49333332] Step length = 0.001967725849336396 Function values: 0.049624407221174636 -> 0.04929306078931572 delta: -0.0003313464318589199
method nt iteration 708: Locations[1.22202041 1.49333332] -> [1.22127703 1.49151704] Step length = 0.001962513325581531 Function values: 0.04929306078931572 -> 0.04896352604930622 delta: -0.0003295347400094975
method nt iteration 709: Locations[1.22127703 1.49151704] -> [1.22053525 1.48970575] Step length = 0.0019573047063618913 Function values: 0.04896352604930622 -> 0.04863579638496727 delta: -0.00032772966433895073
method nt iteration 710: Locations[1.22053525 1.48970575] -> [1.21979505 1.48789942] Step length = 0.0019521000294989142 Function values: 0.04863579638496727 -> 0.048309865181222156 delta: -0.0003259312037451126
method nt iteration 711: Locations[1.21979505 1.48789942] -> [1.21905644 1.48609807] Step length = 0.0019468993327869581 Function values: 0.048309865181222156 -> 0.047985725824241404 delta: -0.0003241393569807516
method nt iteration 712: Locations[1.21905644 1.48609807] -> [1.21831943 1.48430168] Step length = 0.0019417026539864425 Function values: 0.047985725824241404 -> 0.04766337170158769 delta: -0.00032235412265371743
method nt iteration 713: Locations[1.21831943 1.48430168] -> [1.217584   1.48251025] Step length = 0.0019365100308233556 Function values: 0.04766337170158769 -> 0.04734279620236076 delta: -0.0003205754992269272
method nt iteration 714: Locations[1.217584   1.48251025] -> [1.21685016 1.48072378] Step length = 0.001931321500988448 Function values: 0.04734279620236076 -> 0.04702399271734172 delta: -0.00031880348501903827
method nt iteration 715: Locations[1.21685016 1.48072378] -> [1.21611792 1.47894226] Step length = 0.0019261371021370912 Function values: 0.04702399271734172 -> 0.046706954639137946 delta: -0.00031703807820377544
method nt iteration 716: Locations[1.21611792 1.47894226] -> [1.21538727 1.47716568] Step length = 0.0019209568718839636 Function values: 0.046706954639137946 -> 0.04639167536232694 delta: -0.0003152792768110063
method nt iteration 717: Locations[1.21538727 1.47716568] -> [1.21465821 1.47539404] Step length = 0.0019157808478071372 Function values: 0.04639167536232694 -> 0.04607814828360089 delta: -0.00031352707872604746
method nt iteration 718: Locations[1.21465821 1.47539404] -> [1.21393075 1.47362734] Step length = 0.0019106090674404909 Function values: 0.04607814828360089 -> 0.045766366801910534 delta: -0.0003117814816903583
method nt iteration 719: Locations[1.21393075 1.47362734] -> [1.21320489 1.47186557] Step length = 0.0019054415682777006 Function values: 0.045766366801910534 -> 0.045456324318608736 delta: -0.00031004248330179784
method nt iteration 720: Locations[1.21320489 1.47186557] -> [1.21248062 1.47010873] Step length = 0.0019002783877676251 Function values: 0.045456324318608736 -> 0.04514801423759443 delta: -0.0003083100810143055
method nt iteration 721: Locations[1.21248062 1.47010873] -> [1.21175795 1.46835681] Step length = 0.0018951195633125908 Function values: 0.04514801423759443 -> 0.04484142996545586 delta: -0.00030658427213856726
method nt iteration 722: Locations[1.21175795 1.46835681] -> [1.21103688 1.46660981] Step length = 0.001889965132269541 Function values: 0.04484142996545586 -> 0.04453656491161373 delta: -0.0003048650538421335
method nt iteration 723: Locations[1.21103688 1.46660981] -> [1.21031741 1.46486771] Step length = 0.0018848151319464965 Function values: 0.04453656491161373 -> 0.044233412488464366 delta: -0.00030315242314936375
method nt iteration 724: Locations[1.21031741 1.46486771] -> [1.20959954 1.46313053] Step length = 0.0018796695996013706 Function values: 0.044233412488464366 -> 0.04393196611152226 delta: -0.00030144637694210635
method nt iteration 725: Locations[1.20959954 1.46313053] -> [1.20888327 1.46139824] Step length = 0.0018745285724398697 Function values: 0.04393196611152226 -> 0.043632219199562707 delta: -0.00029974691195955305
method nt iteration 726: Locations[1.20888327 1.46139824] -> [1.2081686  1.45967085] Step length = 0.0018693920876175062 Function values: 0.043632219199562707 -> 0.04333416517476385 delta: -0.0002980540247988564
method nt iteration 727: Locations[1.2081686  1.45967085] -> [1.20745553 1.45794835] Step length = 0.0018642601822333419 Function values: 0.04333416517476385 -> 0.04303779746284906 delta: -0.0002963677119147898
method nt iteration 728: Locations[1.20745553 1.45794835] -> [1.20674407 1.45623074] Step length = 0.00185913289333075 Function values: 0.04303779746284906 -> 0.042743109493228126 delta: -0.00029468796962093396
method nt iteration 729: Locations[1.20674407 1.45623074] -> [1.20603421 1.45451801] Step length = 0.0018540102578978295 Function values: 0.042743109493228126 -> 0.042450094699139185 delta: -0.0002930147940889416
method nt iteration 730: Locations[1.20603421 1.45451801] -> [1.20532595 1.45281015] Step length = 0.0018488923128616014 Function values: 0.042450094699139185 -> 0.0421587465177896 delta: -0.00029134818134958496
method nt iteration 731: Locations[1.20532595 1.45281015] -> [1.2046193  1.45110716] Step length = 0.0018437790950912728 Function values: 0.0421587465177896 -> 0.041869058390496774 delta: -0.00028968812729282534
method nt iteration 732: Locations[1.2046193  1.45110716] -> [1.20391426 1.44940904] Step length = 0.0018386706413935493 Function values: 0.041869058390496774 -> 0.041581023762828954 delta: -0.00028803462766782
method nt iteration 733: Locations[1.20391426 1.44940904] -> [1.20321082 1.44771577] Step length = 0.0018335669885113305 Function values: 0.041581023762828954 -> 0.041294636084745186 delta: -0.00028638767808376875
method nt iteration 734: Locations[1.20321082 1.44771577] -> [1.20250898 1.44602737] Step length = 0.001828468173124835 Function values: 0.041294636084745186 -> 0.04100988881073544 delta: -0.0002847472740097473
method nt iteration 735: Locations[1.20250898 1.44602737] -> [1.20180876 1.4443438 ] Step length = 0.0018233742318470984 Function values: 0.04100988881073544 -> 0.04072677539995997 delta: -0.0002831134107754707
method nt iteration 736: Locations[1.20180876 1.4443438 ] -> [1.20111014 1.44266509] Step length = 0.001818285201224277 Function values: 0.04072677539995997 -> 0.04044528931638869 delta: -0.0002814860835712793
method nt iteration 737: Locations[1.20111014 1.44266509] -> [1.20041313 1.4409912 ] Step length = 0.0018132011177337272 Function values: 0.04044528931638869 -> 0.04016542402893992 delta: -0.0002798652874487703
method nt iteration 738: Locations[1.20041313 1.4409912 ] -> [1.19971773 1.43932216] Step length = 0.0018081220177829558 Function values: 0.04016542402893992 -> 0.03988717301161899 delta: -0.0002782510173209296
method nt iteration 739: Locations[1.19971773 1.43932216] -> [1.19902394 1.43765793] Step length = 0.0018030479377077345 Function values: 0.03988717301161899 -> 0.03961052974365634 delta: -0.00027664326796264516
method nt iteration 740: Locations[1.19902394 1.43765793] -> [1.19833176 1.43599853] Step length = 0.0017979789137695466 Function values: 0.03961052974365634 -> 0.03933548770964529 delta: -0.00027504203401105404
method nt iteration 741: Locations[1.19833176 1.43599853] -> [1.19764119 1.43434395] Step length = 0.001792914982156808 Function values: 0.03933548770964529 -> 0.039062040399679226 delta: -0.0002734473099660628
method nt iteration 742: Locations[1.19764119 1.43434395] -> [1.19695223 1.43269417] Step length = 0.001787856178981768 Function values: 0.039062040399679226 -> 0.03879018130948888 delta: -0.00027185909019034754
method nt iteration 743: Locations[1.19695223 1.43269417] -> [1.19626488 1.4310492 ] Step length = 0.0017828025402783477 Function values: 0.03879018130948888 -> 0.03851990394057857 delta: -0.00027027736891031134
method nt iteration 744: Locations[1.19626488 1.4310492 ] -> [1.19557914 1.42940902] Step length = 0.001777754102002642 Function values: 0.03851990394057857 -> 0.038251201800362455 delta: -0.00026870214021611216
method nt iteration 745: Locations[1.19557914 1.42940902] -> [1.19489502 1.42777364] Step length = 0.0017727109000296316 Function values: 0.038251201800362455 -> 0.03798406840230033 delta: -0.00026713339806212766
method nt iteration 746: Locations[1.19489502 1.42777364] -> [1.19421251 1.42614304] Step length = 0.001767672970153342 Function values: 0.03798406840230033 -> 0.037718497266032734 delta: -0.0002655711362675936
method nt iteration 747: Locations[1.19421251 1.42614304] -> [1.1935316  1.42451723] Step length = 0.0017626403480838287 Function values: 0.037718497266032734 -> 0.037454481917515874 delta: -0.0002640153485168606
method nt iteration 748: Locations[1.1935316  1.42451723] -> [1.19285232 1.42289619] Step length = 0.0017576130694468392 Function values: 0.037454481917515874 -> 0.037192015889155966 delta: -0.00026246602835990757
method nt iteration 749: Locations[1.19285232 1.42289619] -> [1.19217464 1.42127992] Step length = 0.0017525911697827785 Function values: 0.037192015889155966 -> 0.036931092719943014 delta: -0.0002609231692129524
method nt iteration 750: Locations[1.19217464 1.42127992] -> [1.19149858 1.41966841] Step length = 0.0017475746845444233 Function values: 0.036931092719943014 -> 0.036671705955584534 delta: -0.0002593867643584796
method nt iteration 751: Locations[1.19149858 1.41966841] -> [1.19082413 1.41806166] Step length = 0.0017425636490949988 Function values: 0.036671705955584534 -> 0.03641384914863827 delta: -0.00025785680694626056
method nt iteration 752: Locations[1.19082413 1.41806166] -> [1.1901513  1.41645966] Step length = 0.001737558098707381 Function values: 0.03641384914863827 -> 0.0361575158586447 delta: -0.00025633328999357524
method nt iteration 753: Locations[1.1901513  1.41645966] -> [1.18948008 1.4148624 ] Step length = 0.0017325580685645554 Function values: 0.0361575158586447 -> 0.03590269965225907 delta: -0.0002548162063856288
method nt iteration 754: Locations[1.18948008 1.4148624 ] -> [1.18881047 1.41326989] Step length = 0.0017275635937545383 Function values: 0.03590269965225907 -> 0.03564939410338288 delta: -0.00025330554887618983
method nt iteration 755: Locations[1.18881047 1.41326989] -> [1.18814248 1.41168211] Step length = 0.0017225747092712133 Function values: 0.03564939410338288 -> 0.03539759279329469 delta: -0.0002518013100881872
method nt iteration 756: Locations[1.18814248 1.41168211] -> [1.1874761  1.41009905] Step length = 0.001717591450014143 Function values: 0.03539759279329469 -> 0.03514728931078069 delta: -0.0002503034825140013
method nt iteration 757: Locations[1.1874761  1.41009905] -> [1.18681134 1.40852072] Step length = 0.0017126138507833173 Function values: 0.03514728931078069 -> 0.034898477252264436 delta: -0.0002488120585162554
method nt iteration 758: Locations[1.18681134 1.40852072] -> [1.18614819 1.4069471 ] Step length = 0.0017076419462828845 Function values: 0.034898477252264436 -> 0.03465115022193645 delta: -0.0002473270303279887
method nt iteration 759: Locations[1.18614819 1.4069471 ] -> [1.18548666 1.40537819] Step length = 0.0017026757711136175 Function values: 0.03465115022193645 -> 0.034405301831882805 delta: -0.00024584839005364206
method nt iteration 760: Locations[1.18548666 1.40537819] -> [1.18482675 1.40381398] Step length = 0.00169771535977787 Function values: 0.034405301831882805 -> 0.03416092570221356 delta: -0.0002443761296692451
method nt iteration 761: Locations[1.18482675 1.40381398] -> [1.18416844 1.40225447] Step length = 0.0016927607466728938 Function values: 0.03416092570221356 -> 0.033918015461190325 delta: -0.00024291024102323505
method nt iteration 762: Locations[1.18416844 1.40225447] -> [1.18351176 1.40069965] Step length = 0.0016878119660936823 Function values: 0.033918015461190325 -> 0.03367656474535328 delta: -0.00024145071583704658
method nt iteration 763: Locations[1.18351176 1.40069965] -> [1.18285668 1.39914951] Step length = 0.0016828690522291613 Function values: 0.03367656474535328 -> 0.033436567199648014 delta: -0.00023999754570526444
method nt iteration 764: Locations[1.18285668 1.39914951] -> [1.18220323 1.39760405] Step length = 0.0016779320391604366 Function values: 0.033436567199648014 -> 0.03319801647755119 delta: -0.00023855072209682388
method nt iteration 765: Locations[1.18220323 1.39760405] -> [1.18155139 1.39606326] Step length = 0.0016730009608618914 Function values: 0.03319801647755119 -> 0.032960906241196034 delta: -0.00023711023635515638
method nt iteration 766: Locations[1.18155139 1.39606326] -> [1.18090116 1.39452713] Step length = 0.0016680758511968703 Function values: 0.032960906241196034 -> 0.03272523016149716 delta: -0.0002356760796988766
method nt iteration 767: Locations[1.18090116 1.39452713] -> [1.18025255 1.39299566] Step length = 0.0016631567439181227 Function values: 0.03272523016149716 -> 0.032490981918274445 delta: -0.0002342482432227122
method nt iteration 768: Locations[1.18025255 1.39299566] -> [1.17960555 1.39146885] Step length = 0.0016582436726674948 Function values: 0.032490981918274445 -> 0.03225815520037689 delta: -0.00023282671789755238
method nt iteration 769: Locations[1.17960555 1.39146885] -> [1.17896017 1.38994667] Step length = 0.001653336670971318 Function values: 0.03225815520037689 -> 0.032026743705805265 delta: -0.00023141149457162752
method nt iteration 770: Locations[1.17896017 1.38994667] -> [1.17831641 1.38842914] Step length = 0.0016484357722421994 Function values: 0.032026743705805265 -> 0.031796741141834416 delta: -0.00023000256397084917
method nt iteration 771: Locations[1.17831641 1.38842914] -> [1.17767426 1.38691624] Step length = 0.0016435410097761364 Function values: 0.031796741141834416 -> 0.03156814122513499 delta: -0.00022859991669942764
method nt iteration 772: Locations[1.17767426 1.38691624] -> [1.17703372 1.38540797] Step length = 0.0016386524167510625 Function values: 0.03156814122513499 -> 0.03134093768189422 delta: -0.00022720354324076708
method nt iteration 773: Locations[1.17703372 1.38540797] -> [1.1763948  1.38390431] Step length = 0.0016337700262271742 Function values: 0.03134093768189422 -> 0.03111512424793648 delta: -0.0002258134339577396
method nt iteration 774: Locations[1.1763948  1.38390431] -> [1.17575749 1.38240526] Step length = 0.0016288938711431966 Function values: 0.03111512424793648 -> 0.030890694668842686 delta: -0.00022442957909379543
method nt iteration 775: Locations[1.17575749 1.38240526] -> [1.17512179 1.38091083] Step length = 0.0016240239843174416 Function values: 0.030890694668842686 -> 0.030667642700069445 delta: -0.0002230519687732406
method nt iteration 776: Locations[1.17512179 1.38091083] -> [1.17448771 1.37942099] Step length = 0.001619160398444275 Function values: 0.030667642700069445 -> 0.030445962107067237 delta: -0.00022168059300220824
method nt iteration 777: Locations[1.17448771 1.37942099] -> [1.17385525 1.37793574] Step length = 0.001614303146095379 Function values: 0.030445962107067237 -> 0.03022564666539815 delta: -0.00022031544166908543
method nt iteration 778: Locations[1.17385525 1.37793574] -> [1.17322439 1.37645508] Step length = 0.0016094522597157228 Function values: 0.03022564666539815 -> 0.030006690160852764 delta: -0.00021895650454538743
method nt iteration 779: Locations[1.17322439 1.37645508] -> [1.17259515 1.37497899] Step length = 0.001604607771624354 Function values: 0.030006690160852764 -> 0.0297890863895663 delta: -0.0002176037712864655
method nt iteration 780: Locations[1.17259515 1.37497899] -> [1.17196752 1.37350748] Step length = 0.0015997697140120648 Function values: 0.0297890863895663 -> 0.02957282915813417 delta: -0.00021625723143212788
method nt iteration 781: Locations[1.17196752 1.37350748] -> [1.17134151 1.37204054] Step length = 0.0015949381189417724 Function values: 0.02957282915813417 -> 0.02935791228372681 delta: -0.0002149168744073615
method nt iteration 782: Locations[1.17134151 1.37204054] -> [1.1707171  1.37057815] Step length = 0.0015901130183440244 Function values: 0.02935791228372681 -> 0.029144329594203825 delta: -0.0002135826895229842
method nt iteration 783: Locations[1.1707171  1.37057815] -> [1.17009431 1.36912031] Step length = 0.0015852944440182832 Function values: 0.029144329594203825 -> 0.02893207492822727 delta: -0.00021225466597655368
method nt iteration 784: Locations[1.17009431 1.36912031] -> [1.16947313 1.36766702] Step length = 0.0015804824276323976 Function values: 0.02893207492822727 -> 0.028721142135374227 delta: -0.00021093279285304412
method nt iteration 785: Locations[1.16947313 1.36766702] -> [1.16885356 1.36621826] Step length = 0.0015756770007185482 Function values: 0.028721142135374227 -> 0.028511525076248868 delta: -0.0002096170591253596
method nt iteration 786: Locations[1.16885356 1.36621826] -> [1.1682356  1.36477404] Step length = 0.0015708781946737692 Function values: 0.028511525076248868 -> 0.02830321762259339 delta: -0.0002083074536554791
method nt iteration 787: Locations[1.1682356  1.36477404] -> [1.16761925 1.36333434] Step length = 0.0015660860407600904 Function values: 0.02830321762259339 -> 0.02809621365739852 delta: -0.00020700396519486922
method nt iteration 788: Locations[1.16761925 1.36333434] -> [1.16700451 1.36189915] Step length = 0.0015613005701002184 Function values: 0.02809621365739852 -> 0.027890507075013202 delta: -0.000205706582385317
method nt iteration 789: Locations[1.16700451 1.36189915] -> [1.16639138 1.36046848] Step length = 0.0015565218136775031 Function values: 0.027890507075013202 -> 0.027686091781253457 delta: -0.00020441529375974515
method nt iteration 790: Locations[1.16639138 1.36046848] -> [1.16577986 1.35904231] Step length = 0.001551749802336311 Function values: 0.027686091781253457 -> 0.027482961693510357 delta: -0.00020313008774310026
method nt iteration 791: Locations[1.16577986 1.35904231] -> [1.16516994 1.35762063] Step length = 0.0015469845667792797 Function values: 0.027482961693510357 -> 0.02728111074085747 delta: -0.00020185095265288708
method nt iteration 792: Locations[1.16516994 1.35762063] -> [1.16456164 1.35620344] Step length = 0.0015422261375665834 Function values: 0.02728111074085747 -> 0.027080532864157448 delta: -0.000200577876700022
method nt iteration 793: Locations[1.16456164 1.35620344] -> [1.16395494 1.35479073] Step length = 0.0015374745451141177 Function values: 0.027080532864157448 -> 0.02688122201616762 delta: -0.00019931084798982882
method nt iteration 794: Locations[1.16395494 1.35479073] -> [1.16334985 1.3533825 ] Step length = 0.0015327298196938731 Function values: 0.02688122201616762 -> 0.02668317216164517 delta: -0.00019804985452244808
method nt iteration 795: Locations[1.16334985 1.3533825 ] -> [1.16274636 1.35197873] Step length = 0.001527991991431564 Function values: 0.02668317216164517 -> 0.026486377277451085 delta: -0.00019679488419408614
method nt iteration 796: Locations[1.16274636 1.35197873] -> [1.16214448 1.35057942] Step length = 0.0015232610903050771 Function values: 0.026486377277451085 -> 0.02629083135265376 delta: -0.00019554592479732388
method nt iteration 797: Locations[1.16214448 1.35057942] -> [1.1615442  1.34918457] Step length = 0.0015185371461446662 Function values: 0.02629083135265376 -> 0.02609652838863143 delta: -0.00019430296402233108
method nt iteration 798: Locations[1.1615442  1.34918457] -> [1.16094553 1.34779416] Step length = 0.0015138201886306115 Function values: 0.02609652838863143 -> 0.025903462399173894 delta: -0.00019306598945753595
method nt iteration 799: Locations[1.16094553 1.34779416] -> [1.16034846 1.34640818] Step length = 0.0015091102472937928 Function values: 0.025903462399173894 -> 0.025711627410583405 delta: -0.00019183498859048909
method nt iteration 800: Locations[1.16034846 1.34640818] -> [1.15975299 1.34502664] Step length = 0.001504407351512762 Function values: 0.025711627410583405 -> 0.025521017461774993 delta: -0.00019060994880841162
method nt iteration 801: Locations[1.15975299 1.34502664] -> [1.15915912 1.34364952] Step length = 0.0014997115305128046 Function values: 0.025521017461774993 -> 0.025331626604375528 delta: -0.000189390857399465
method nt iteration 802: Locations[1.15915912 1.34364952] -> [1.15856686 1.34227682] Step length = 0.0014950228133660693 Function values: 0.025331626604375528 -> 0.025143448902822194 delta: -0.00018817770155333396
method nt iteration 803: Locations[1.15856686 1.34227682] -> [1.1579762  1.34090852] Step length = 0.0014903412289900136 Function values: 0.025143448902822194 -> 0.02495647843446018 delta: -0.00018697046836201395
method nt iteration 804: Locations[1.1579762  1.34090852] -> [1.15738713 1.33954463] Step length = 0.0014856668061457013 Function values: 0.02495647843446018 -> 0.02477070928963931 delta: -0.0001857691448208694
method nt iteration 805: Locations[1.15738713 1.33954463] -> [1.15679967 1.33818512] Step length = 0.0014809995734372933 Function values: 0.02477070928963931 -> 0.024586135571810015 delta: -0.00018457371782929638
method nt iteration 806: Locations[1.15679967 1.33818512] -> [1.1562138  1.33683001] Step length = 0.001476339559311421 Function values: 0.024586135571810015 -> 0.024402751397618477 delta: -0.0001833841741915379
method nt iteration 807: Locations[1.1562138  1.33683001] -> [1.15562953 1.33547927] Step length = 0.0014716867920538256 Function values: 0.024402751397618477 -> 0.02422055089700068 delta: -0.00018220050061779763
method nt iteration 808: Locations[1.15562953 1.33547927] -> [1.15504686 1.3341329 ] Step length = 0.0014670412997931544 Function values: 0.02422055089700068 -> 0.0240395282132758 delta: -0.00018102268372487823
method nt iteration 809: Locations[1.15504686 1.3341329 ] -> [1.15446578 1.3327909 ] Step length = 0.0014624031104937822 Function values: 0.0240395282132758 -> 0.02385967750323877 delta: -0.0001798507100370314
method nt iteration 810: Locations[1.15446578 1.3327909 ] -> [1.1538863  1.33145325] Step length = 0.0014577722519596129 Function values: 0.02385967750323877 -> 0.023680992937251705 delta: -0.00017868456598706464
method nt iteration 811: Locations[1.1538863  1.33145325] -> [1.15330841 1.33011996] Step length = 0.0014531487518317564 Function values: 0.023680992937251705 -> 0.023503468699334836 delta: -0.00017752423791686858
method nt iteration 812: Locations[1.15330841 1.33011996] -> [1.15273212 1.328791  ] Step length = 0.001448532637585258 Function values: 0.023503468699334836 -> 0.023327098987256108 delta: -0.00017636971207872845
method nt iteration 813: Locations[1.15273212 1.328791  ] -> [1.15215741 1.32746637] Step length = 0.0014439239365330305 Function values: 0.023327098987256108 -> 0.023151878012620447 delta: -0.0001752209746356606
method nt iteration 814: Locations[1.15215741 1.32746637] -> [1.1515843  1.32614607] Step length = 0.0014393226758183922 Function values: 0.023151878012620447 -> 0.022977800000957664 delta: -0.00017407801166278297
method nt iteration 815: Locations[1.1515843  1.32614607] -> [1.15101278 1.32483009] Step length = 0.0014347288824199346 Function values: 0.022977800000957664 -> 0.022804859191809572 delta: -0.00017294080914809218
method nt iteration 816: Locations[1.15101278 1.32483009] -> [1.15044285 1.32351842] Step length = 0.0014301425831481814 Function values: 0.022804859191809572 -> 0.02263304983881651 delta: -0.00017180935299306033
method nt iteration 817: Locations[1.15044285 1.32351842] -> [1.1498745  1.32221105] Step length = 0.0014255638046434215 Function values: 0.02263304983881651 -> 0.02246236620980255 delta: -0.0001706836290139603
method nt iteration 818: Locations[1.1498745  1.32221105] -> [1.14930774 1.32090797] Step length = 0.0014209925733778923 Function values: 0.02246236620980255 -> 0.022292802586860182 delta: -0.00016956362294236887
method nt iteration 819: Locations[1.14930774 1.32090797] -> [1.14874257 1.31960918] Step length = 0.0014164289156504701 Function values: 0.022292802586860182 -> 0.02212435326643377 delta: -0.00016844932042641217
method nt iteration 820: Locations[1.14874257 1.31960918] -> [1.14817899 1.31831467] Step length = 0.0014118728575911524 Function values: 0.02212435326643377 -> 0.021957012559402342 delta: -0.0001673407070314284
method nt iteration 821: Locations[1.14817899 1.31831467] -> [1.14761699 1.31702443] Step length = 0.0014073244251551912 Function values: 0.021957012559402342 -> 0.021790774791161326 delta: -0.00016623776824101558
method nt iteration 822: Locations[1.14761699 1.31702443] -> [1.14705657 1.31573846] Step length = 0.0014027836441260952 Function values: 0.021790774791161326 -> 0.02162563430170339 delta: -0.0001651404894579371
method nt iteration 823: Locations[1.14705657 1.31573846] -> [1.14649773 1.31445674] Step length = 0.0013982505401113554 Function values: 0.02162563430170339 -> 0.02146158544569855 delta: -0.0001640488560048399
method nt iteration 824: Locations[1.14649773 1.31445674] -> [1.14594048 1.31317926] Step length = 0.0013937251385451896 Function values: 0.02146158544569855 -> 0.02129862259257313 delta: -0.00016296285312542014
method nt iteration 825: Locations[1.14594048 1.31317926] -> [1.1453848  1.31190603] Step length = 0.0013892074646830203 Function values: 0.02129862259257313 -> 0.02113674012658785 delta: -0.00016188246598528022
method nt iteration 826: Locations[1.1453848  1.31190603] -> [1.1448307  1.31063703] Step length = 0.001384697543606128 Function values: 0.02113674012658785 -> 0.020975932446915112 delta: -0.00016080767967273715
method nt iteration 827: Locations[1.1448307  1.31063703] -> [1.14427818 1.30937225] Step length = 0.0013801954002169794 Function values: 0.020975932446915112 -> 0.020816193967715165 delta: -0.00015973847919994663
method nt iteration 828: Locations[1.14427818 1.30937225] -> [1.14372724 1.30811169] Step length = 0.0013757010592393385 Function values: 0.020816193967715165 -> 0.020657519118211596 delta: -0.0001586748495035692
method nt iteration 829: Locations[1.14372724 1.30811169] -> [1.14317787 1.30685534] Step length = 0.001371214545217665 Function values: 0.020657519118211596 -> 0.020499902342765716 delta: -0.00015761677544588043
method nt iteration 830: Locations[1.14317787 1.30685534] -> [1.14263007 1.30560319] Step length = 0.0013667358825160405 Function values: 0.020499902342765716 -> 0.020343338100949973 delta: -0.00015656424181574244
method nt iteration 831: Locations[1.14263007 1.30560319] -> [1.14208385 1.30435523] Step length = 0.0013622650953185455 Function values: 0.020343338100949973 -> 0.020187820867620537 delta: -0.00015551723332943648
method nt iteration 832: Locations[1.14208385 1.30435523] -> [1.1415392  1.30311145] Step length = 0.0013578022076267608 Function values: 0.020187820867620537 -> 0.020033345132988937 delta: -0.00015447573463159975
method nt iteration 833: Locations[1.1415392  1.30311145] -> [1.14099612 1.30187185] Step length = 0.0013533472432605503 Function values: 0.020033345132988937 -> 0.019879905402692882 delta: -0.00015343973029605454
method nt iteration 834: Locations[1.14099612 1.30187185] -> [1.14045461 1.30063641] Step length = 0.0013489002258552818 Function values: 0.019879905402692882 -> 0.019727496197865717 delta: -0.00015240920482716483
method nt iteration 835: Locations[1.14045461 1.30063641] -> [1.13991466 1.29940514] Step length = 0.0013444611788637018 Function values: 0.019727496197865717 -> 0.019576112055205448 delta: -0.00015138414266026995
method nt iteration 836: Locations[1.13991466 1.29940514] -> [1.13937628 1.29817802] Step length = 0.0013400301255538803 Function values: 0.019576112055205448 -> 0.019425747527042507 delta: -0.00015036452816294052
method nt iteration 837: Locations[1.13937628 1.29817802] -> [1.13883947 1.29695504] Step length = 0.0013356070890071692 Function values: 0.019425747527042507 -> 0.019276397181406776 delta: -0.00014935034563573132
method nt iteration 838: Locations[1.13883947 1.29695504] -> [1.13830421 1.2957362 ] Step length = 0.0013311920921206214 Function values: 0.019276397181406776 -> 0.019128055602093394 delta: -0.00014834157931338174
method nt iteration 839: Locations[1.13830421 1.2957362 ] -> [1.13777052 1.29452148] Step length = 0.0013267851576031426 Function values: 0.019128055602093394 -> 0.01898071738872793 delta: -0.00014733821336546452
method nt iteration 840: Locations[1.13777052 1.29452148] -> [1.1372384  1.29331088] Step length = 0.0013223863079774132 Function values: 0.01898071738872793 -> 0.018834377156830392 delta: -0.00014634023189753764
method nt iteration 841: Locations[1.1372384  1.29331088] -> [1.13670783 1.2921044 ] Step length = 0.0013179955655764858 Function values: 0.018834377156830392 -> 0.018689029537878318 delta: -0.00014534761895207415
method nt iteration 842: Locations[1.13670783 1.2921044 ] -> [1.13617881 1.29090202] Step length = 0.0013136129525467078 Function values: 0.018689029537878318 -> 0.018544669179369113 delta: -0.0001443603585092046
method nt iteration 843: Locations[1.13617881 1.29090202] -> [1.13565136 1.28970373] Step length = 0.001309238490842707 Function values: 0.018544669179369113 -> 0.01840129074488106 delta: -0.00014337843448805274
method nt iteration 844: Locations[1.13565136 1.28970373] -> [1.13512546 1.28850952] Step length = 0.0013048722022314682 Function values: 0.01840129074488106 -> 0.018258888914133752 delta: -0.00014240183074730808
method nt iteration 845: Locations[1.13512546 1.28850952] -> [1.13460111 1.2873194 ] Step length = 0.0013005141082876588 Function values: 0.018258888914133752 -> 0.018117458383047357 delta: -0.00014143053108639503
method nt iteration 846: Locations[1.13460111 1.2873194 ] -> [1.13407831 1.28613335] Step length = 0.0012961642303956 Function values: 0.018117458383047357 -> 0.017976993863800986 delta: -0.00014046451924637146
method nt iteration 847: Locations[1.13407831 1.28613335] -> [1.13355707 1.28495135] Step length = 0.0012918225897480045 Function values: 0.017976993863800986 -> 0.01783749008489018 delta: -0.00013950377891080654
method nt iteration 848: Locations[1.13355707 1.28495135] -> [1.13303737 1.28377341] Step length = 0.001287489207343835 Function values: 0.01783749008489018 -> 0.017698941791183247 delta: -0.00013854829370693253
method nt iteration 849: Locations[1.13303737 1.28377341] -> [1.13251922 1.28259952] Step length = 0.0012831641039905437 Function values: 0.017698941791183247 -> 0.01756134374397698 delta: -0.00013759804720626587
method nt iteration 850: Locations[1.13251922 1.28259952] -> [1.13200262 1.28142966] Step length = 0.001278847300301068 Function values: 0.01756134374397698 -> 0.017424690721050986 delta: -0.0001366530229259949
method nt iteration 851: Locations[1.13200262 1.28142966] -> [1.13148756 1.28026383] Step length = 0.0012745388166955742 Function values: 0.017424690721050986 -> 0.017288977516721437 delta: -0.00013571320432954892
method nt iteration 852: Locations[1.13148756 1.28026383] -> [1.13097404 1.27910201] Step length = 0.0012702386733987928 Function values: 0.017288977516721437 -> 0.01715419894189363 delta: -0.00013477857482780548
method nt iteration 853: Locations[1.13097404 1.27910201] -> [1.13046206 1.27794421] Step length = 0.0012659468904399984 Function values: 0.01715419894189363 -> 0.017020349824113826 delta: -0.00013384911777980513
method nt iteration 854: Locations[1.13046206 1.27794421] -> [1.12995163 1.27679042] Step length = 0.0012616634876538879 Function values: 0.017020349824113826 -> 0.01688742500761978 delta: -0.00013292481649404553
method nt iteration 855: Locations[1.12995163 1.27679042] -> [1.12944273 1.27564061] Step length = 0.0012573884846787777 Function values: 0.01688742500761978 -> 0.016755419353390817 delta: -0.00013200565422896368
method nt iteration 856: Locations[1.12944273 1.27564061] -> [1.12893536 1.2744948 ] Step length = 0.0012531219009548845 Function values: 0.016755419353390817 -> 0.016624327739196327 delta: -0.00013109161419449025
method nt iteration 857: Locations[1.12893536 1.2744948 ] -> [1.12842953 1.27335296] Step length = 0.0012488637557289534 Function values: 0.016624327739196327 -> 0.016494145059643976 delta: -0.0001301826795523514
method nt iteration 858: Locations[1.12842953 1.27335296] -> [1.12792524 1.27221509] Step length = 0.0012446140680464695 Function values: 0.016494145059643976 -> 0.016364866226226432 delta: -0.00012927883341754334
method nt iteration 859: Locations[1.12792524 1.27221509] -> [1.12742247 1.27108118] Step length = 0.001240372856756914 Function values: 0.016364866226226432 -> 0.016236486167367437 delta: -0.00012838005885899492
method nt iteration 860: Locations[1.12742247 1.27108118] -> [1.12692123 1.26995122] Step length = 0.0012361401405114373 Function values: 0.016236486167367437 -> 0.016108999828466794 delta: -0.00012748633890064323
method nt iteration 861: Locations[1.12692123 1.26995122] -> [1.12642153 1.2688252 ] Step length = 0.0012319159377629913 Function values: 0.016108999828466794 -> 0.01598240217194446 delta: -0.00012659765652233562
method nt iteration 862: Locations[1.12642153 1.2688252 ] -> [1.12592334 1.26770312] Step length = 0.0012277002667630114 Function values: 0.01598240217194446 -> 0.01585668817728369 delta: -0.00012571399466076993
method nt iteration 863: Locations[1.12592334 1.26770312] -> [1.12542668 1.26658497] Step length = 0.0012234931455666217 Function values: 0.01585668817728369 -> 0.015731852841073292 delta: -0.00012483533621039655
method nt iteration 864: Locations[1.12542668 1.26658497] -> [1.12493155 1.26547074] Step length = 0.001219294592026226 Function values: 0.015731852841073292 -> 0.015607891177048716 delta: -0.00012396166402457547
method nt iteration 865: Locations[1.12493155 1.26547074] -> [1.12443793 1.26436041] Step length = 0.0012151046237959455 Function values: 0.015607891177048716 -> 0.015484798216132448 delta: -0.00012309296091626842
method nt iteration 866: Locations[1.12443793 1.26436041] -> [1.12394583 1.26325399] Step length = 0.00121092325832839 Function values: 0.015484798216132448 -> 0.015362569006473457 delta: -0.0001222292096589913
method nt iteration 867: Locations[1.12394583 1.26325399] -> [1.12345525 1.26215146] Step length = 0.0012067505128749217 Function values: 0.015362569006473457 -> 0.015241198613485388 delta: -0.00012137039298806829
method nt iteration 868: Locations[1.12345525 1.26215146] -> [1.12296618 1.26105281] Step length = 0.0012025864044863499 Function values: 0.015241198613485388 -> 0.015120682119884125 delta: -0.00012051649360126336
method nt iteration 869: Locations[1.12296618 1.26105281] -> [1.12247863 1.25995804] Step length = 0.0011984309500124488 Function values: 0.015120682119884125 -> 0.01500101462572445 delta: -0.00011966749415967537
method nt iteration 870: Locations[1.12247863 1.25995804] -> [1.12199259 1.25886713] Step length = 0.0011942841660989778 Function values: 0.01500101462572445 -> 0.014882191248435478 delta: -0.00011882337728897144
method nt iteration 871: Locations[1.12199259 1.25886713] -> [1.12150805 1.25778008] Step length = 0.0011901460691909867 Function values: 0.014882191248435478 -> 0.014764207122855361 delta: -0.00011798412558011728
method nt iteration 872: Locations[1.12150805 1.25778008] -> [1.12102503 1.25669688] Step length = 0.0011860166755319071 Function values: 0.014764207122855361 -> 0.014647057401264969 delta: -0.00011714972159039203
method nt iteration 873: Locations[1.12102503 1.25669688] -> [1.12054351 1.25561752] Step length = 0.0011818960011604552 Function values: 0.014647057401264969 -> 0.014530737253420824 delta: -0.00011632014784414453
method nt iteration 874: Locations[1.12054351 1.25561752] -> [1.12006349 1.25454199] Step length = 0.0011777840619142327 Function values: 0.014530737253420824 -> 0.014415241866586742 delta: -0.00011549538683408231
method nt iteration 875: Locations[1.12006349 1.25454199] -> [1.11958498 1.25347029] Step length = 0.0011736808734263795 Function values: 0.014415241866586742 -> 0.01430056644556498 delta: -0.00011467542102176244
method nt iteration 876: Locations[1.11958498 1.25347029] -> [1.11910796 1.2524024 ] Step length = 0.00116958645112755 Function values: 0.01430056644556498 -> 0.01418670621272612 delta: -0.00011386023283885965
method nt iteration 877: Locations[1.11910796 1.2524024 ] -> [1.11863244 1.25133832] Step length = 0.0011655008102440334 Function values: 0.01418670621272612 -> 0.014073656408038197 delta: -0.00011304980468792268
method nt iteration 878: Locations[1.11863244 1.25133832] -> [1.11815842 1.25027803] Step length = 0.0011614239657982614 Function values: 0.014073656408038197 -> 0.013961412289094841 delta: -0.00011224411894335609
method nt iteration 879: Locations[1.11815842 1.25027803] -> [1.11768589 1.24922153] Step length = 0.0011573559326100381 Function values: 0.013961412289094841 -> 0.0138499691311425 delta: -0.00011144315795234144
method nt iteration 880: Locations[1.11768589 1.24922153] -> [1.11721485 1.24816881] Step length = 0.0011532967252932396 Function values: 0.0138499691311425 -> 0.013739322227106894 delta: -0.00011064690403560576
method nt iteration 881: Locations[1.11721485 1.24816881] -> [1.11674531 1.24711986] Step length = 0.0011492463582580812 Function values: 0.013739322227106894 -> 0.01362946688761821 delta: -0.00010985533948868441
method nt iteration 882: Locations[1.11674531 1.24711986] -> [1.11627725 1.24607468] Step length = 0.0011452048457112152 Function values: 0.01362946688761821 -> 0.013520398441035792 delta: -0.00010906844658241724
method nt iteration 883: Locations[1.11627725 1.24607468] -> [1.11581067 1.24503324] Step length = 0.0011411722016534693 Function values: 0.013520398441035792 -> 0.01341211223347172 delta: -0.00010828620756407267
method nt iteration 884: Locations[1.11581067 1.24503324] -> [1.11534558 1.24399555] Step length = 0.0011371484398808498 Function values: 0.01341211223347172 -> 0.013304603628813387 delta: -0.00010750860465833303
method nt iteration 885: Locations[1.11534558 1.24399555] -> [1.11488197 1.2429616 ] Step length = 0.001133133573985811 Function values: 0.013304603628813387 -> 0.01319786800874539 delta: -0.00010673562006799711
method nt iteration 886: Locations[1.11488197 1.2429616 ] -> [1.11441984 1.24193138] Step length = 0.001129127617354609 Function values: 0.01319786800874539 -> 0.013091900772770428 delta: -0.00010596723597496201
method nt iteration 887: Locations[1.11441984 1.24193138] -> [1.11395919 1.24090487] Step length = 0.0011251305831692046 Function values: 0.013091900772770428 -> 0.012986697338229153 delta: -0.00010520343454127438
method nt iteration 888: Locations[1.11395919 1.24090487] -> [1.11350001 1.23988207] Step length = 0.0011211424844066178 Function values: 0.012986697338229153 -> 0.012882253140319409 delta: -0.00010444419790974456
method nt iteration 889: Locations[1.11350001 1.23988207] -> [1.11304231 1.23886297] Step length = 0.001117163333837992 Function values: 0.012882253140319409 -> 0.01277856363211442 delta: -0.00010368950820498907
method nt iteration 890: Locations[1.11304231 1.23886297] -> [1.11258607 1.23784757] Step length = 0.0011131931440298197 Function values: 0.01277856363211442 -> 0.012675624284580137 delta: -0.00010293934753428241
method nt iteration 891: Locations[1.11258607 1.23784757] -> [1.11213131 1.23683584] Step length = 0.001109231927342491 Function values: 0.012675624284580137 -> 0.012573430586591489 delta: -0.0001021936979886482
method nt iteration 892: Locations[1.11213131 1.23683584] -> [1.11167801 1.23582779] Step length = 0.0011052796959337375 Function values: 0.012573430586591489 -> 0.012471978044948234 delta: -0.00010145254164325469
method nt iteration 893: Locations[1.11167801 1.23582779] -> [1.11122618 1.23482341] Step length = 0.0011013364617523482 Function values: 0.012471978044948234 -> 0.012371262184389407 delta: -0.00010071586055882681
method nt iteration 894: Locations[1.11122618 1.23482341] -> [1.1107758  1.23382268] Step length = 0.001097402236544924 Function values: 0.012371262184389407 -> 0.012271278547607215 delta: -9.998363678219262e-05
method nt iteration 895: Locations[1.1107758  1.23382268] -> [1.11032689 1.2328256 ] Step length = 0.0010934770318512049 Function values: 0.012271278547607215 -> 0.012172022695259977 delta: -9.925585234723741e-05
method nt iteration 896: Locations[1.11032689 1.2328256 ] -> [1.10987943 1.23183216] Step length = 0.0010895608590065081 Function values: 0.012172022695259977 -> 0.012073490205984234 delta: -9.853248927574332e-05
method nt iteration 897: Locations[1.10987943 1.23183216] -> [1.10943343 1.23084235] Step length = 0.0010856537291399836 Function values: 0.012073490205984234 -> 0.011975676676405868 delta: -9.781352957836595e-05
method nt iteration 898: Locations[1.10943343 1.23084235] -> [1.10898889 1.22985616] Step length = 0.0010817556531775847 Function values: 0.011975676676405868 -> 0.011878577721150536 delta: -9.709895525533176e-05
method nt iteration 899: Locations[1.10898889 1.22985616] -> [1.10854579 1.22887358] Step length = 0.0010778666418378962 Function values: 0.011878577721150536 -> 0.01178218897285314 delta: -9.63887482973956e-05
method nt iteration 900: Locations[1.10854579 1.22887358] -> [1.10810414 1.2278946 ] Step length = 0.0010739867056358736 Function values: 0.01178218897285314 -> 0.011686506082166426 delta: -9.568289068671507e-05
method nt iteration 901: Locations[1.10810414 1.2278946 ] -> [1.10766394 1.22691922] Step length = 0.0010701158548823732 Function values: 0.011686506082166426 -> 0.011591524717768897 delta: -9.49813643975287e-05
method nt iteration 902: Locations[1.10766394 1.22691922] -> [1.10722519 1.22594742] Step length = 0.0010662540996817795 Function values: 0.011591524717768897 -> 0.011497240566371707 delta: -9.428415139718996e-05
method nt iteration 903: Locations[1.10722519 1.22594742] -> [1.10678787 1.2249792 ] Step length = 0.0010624014499338334 Function values: 0.011497240566371707 -> 0.011403649332724725 delta: -9.359123364698248e-05
method nt iteration 904: Locations[1.10678787 1.2249792 ] -> [1.10635199 1.22401455] Step length = 0.001058557915336598 Function values: 0.011403649332724725 -> 0.011310746739621949 delta: -9.290259310277584e-05
method nt iteration 905: Locations[1.10635199 1.22401455] -> [1.10591756 1.22305345] Step length = 0.0010547235053792133 Function values: 0.011310746739621949 -> 0.011218528527905808 delta: -9.221821171614096e-05
method nt iteration 906: Locations[1.10591756 1.22305345] -> [1.10548455 1.2220959 ] Step length = 0.0010508982293515792 Function values: 0.011218528527905808 -> 0.011126990456470994 delta: -9.153807143481331e-05
method nt iteration 907: Locations[1.10548455 1.2220959 ] -> [1.10505298 1.2211419 ] Step length = 0.001047082096334458 Function values: 0.011126990456470994 -> 0.011036128302267096 delta: -9.08621542038985e-05
method nt iteration 908: Locations[1.10505298 1.2211419 ] -> [1.10462284 1.22019143] Step length = 0.0010432751152086226 Function values: 0.011036128302267096 -> 0.010945937860300643 delta: -9.019044196645343e-05
method nt iteration 909: Locations[1.10462284 1.22019143] -> [1.10419412 1.21924447] Step length = 0.0010394772946500034 Function values: 0.010945937860300643 -> 0.01085641494363637 delta: -8.952291666427213e-05
method nt iteration 910: Locations[1.10419412 1.21924447] -> [1.10376683 1.21830104] Step length = 0.0010356886431292297 Function values: 0.01085641494363637 -> 0.010767555383397472 delta: -8.885956023889884e-05
method nt iteration 911: Locations[1.10376683 1.21830104] -> [1.10334096 1.2173611 ] Step length = 0.0010319091689165256 Function values: 0.010767555383397472 -> 0.010679355028765236 delta: -8.820035463223512e-05
method nt iteration 912: Locations[1.10334096 1.2173611 ] -> [1.10291652 1.21642467] Step length = 0.001028138880077427 Function values: 0.010679355028765236 -> 0.010591809746977784 delta: -8.754528178745238e-05
method nt iteration 913: Locations[1.10291652 1.21642467] -> [1.10249349 1.21549172] Step length = 0.0010243777844740158 Function values: 0.010591809746977784 -> 0.01050491542332813 delta: -8.68943236496545e-05
method nt iteration 914: Locations[1.10249349 1.21549172] -> [1.10207188 1.21456224] Step length = 0.0010206258897671099 Function values: 0.01050491542332813 -> 0.010418667961161334 delta: -8.624746216679552e-05
method nt iteration 915: Locations[1.10207188 1.21456224] -> [1.10165168 1.21363624] Step length = 0.001016883203413506 Function values: 0.010418667961161334 -> 0.010333063281870765 delta: -8.560467929056952e-05
method nt iteration 916: Locations[1.10165168 1.21363624] -> [1.10123289 1.2127137 ] Step length = 0.0010131497326710014 Function values: 0.010333063281870765 -> 0.01024809732489398 delta: -8.496595697678536e-05
method nt iteration 917: Locations[1.10123289 1.2127137 ] -> [1.1008155 1.2117946] Step length = 0.001009425484590913 Function values: 0.01024809732489398 -> 0.010163766047707353 delta: -8.433127718662607e-05
method nt iteration 918: Locations[1.1008155 1.2117946] -> [1.10039953 1.21087895] Step length = 0.0010057104660278378 Function values: 0.010163766047707353 -> 0.0100800654258203 delta: -8.370062188705306e-05
method nt iteration 919: Locations[1.10039953 1.21087895] -> [1.09998496 1.20996673] Step length = 0.0010020046836314214 Function values: 0.0100800654258203 -> 0.009996991452768517 delta: -8.307397305178273e-05
method nt iteration 920: Locations[1.09998496 1.20996673] -> [1.09957178 1.20905794] Step length = 0.000998308143852826 Function values: 0.009996991452768517 -> 0.009914540140106566 delta: -8.24513126619509e-05
method nt iteration 921: Locations[1.09957178 1.20905794] -> [1.09916001 1.20815256] Step length = 0.0009946208529412958 Function values: 0.009914540140106566 -> 0.009832707517399725 delta: -8.183262270684138e-05
method nt iteration 922: Locations[1.09916001 1.20815256] -> [1.09874963 1.20725058] Step length = 0.0009909428169450206 Function values: 0.009832707517399725 -> 0.009751489632214961 delta: -8.121788518476378e-05
method nt iteration 923: Locations[1.09874963 1.20725058] -> [1.09834065 1.20635201] Step length = 0.000987274041714793 Function values: 0.009751489632214961 -> 0.00967088255011127 delta: -8.06070821036918e-05
method nt iteration 924: Locations[1.09834065 1.20635201] -> [1.09793305 1.20545682] Step length = 0.0009836145328994323 Function values: 0.00967088255011127 -> 0.009590882354629234 delta: -8.000019548203528e-05
method nt iteration 925: Locations[1.09793305 1.20545682] -> [1.09752684 1.20456501] Step length = 0.000979964295949827 Function values: 0.009590882354629234 -> 0.009511485147279905 delta: -7.939720734932883e-05
method nt iteration 926: Locations[1.09752684 1.20456501] -> [1.09712202 1.20367657] Step length = 0.0009763233361177037 Function values: 0.009511485147279905 -> 0.009432687047532915 delta: -7.87980997469899e-05
method nt iteration 927: Locations[1.09712202 1.20367657] -> [1.09671858 1.20279149] Step length = 0.0009726916584554804 Function values: 0.009432687047532915 -> 0.009354484192803738 delta: -7.82028547291775e-05
method nt iteration 928: Locations[1.09671858 1.20279149] -> [1.09631652 1.20190976] Step length = 0.000969069267818946 Function values: 0.009354484192803738 -> 0.009276872738440536 delta: -7.761145436320158e-05
method nt iteration 929: Locations[1.09631652 1.20190976] -> [1.09591584 1.20103137] Step length = 0.0009654561688650571 Function values: 0.009276872738440536 -> 0.009199848857709985 delta: -7.70238807305517e-05
method nt iteration 930: Locations[1.09591584 1.20103137] -> [1.09551654 1.20015632] Step length = 0.0009618523660541778 Function values: 0.009199848857709985 -> 0.009123408741782546 delta: -7.644011592743832e-05
method nt iteration 931: Locations[1.09551654 1.20015632] -> [1.0951186 1.1992846] Step length = 0.0009582578636497654 Function values: 0.009123408741782546 -> 0.009047548599717055 delta: -7.586014206549183e-05
method nt iteration 932: Locations[1.0951186 1.1992846] -> [1.09472204 1.19841619] Step length = 0.0009546726657183339 Function values: 0.009047548599717055 -> 0.008972264658444522 delta: -7.528394127253278e-05
method nt iteration 933: Locations[1.09472204 1.19841619] -> [1.09432684 1.19755108] Step length = 0.0009510967761306642 Function values: 0.008972264658444522 -> 0.008897553162751303 delta: -7.471149569321898e-05
method nt iteration 934: Locations[1.09432684 1.19755108] -> [1.09393301 1.19668928] Step length = 0.0009475301985631061 Function values: 0.008897553162751303 -> 0.008823410375261622 delta: -7.414278748968037e-05
method nt iteration 935: Locations[1.09393301 1.19668928] -> [1.09354054 1.19583076] Step length = 0.0009439729364953019 Function values: 0.008823410375261622 -> 0.008749832576419241 delta: -7.357779884238115e-05
method nt iteration 936: Locations[1.09354054 1.19583076] -> [1.09314943 1.19497552] Step length = 0.0009404249932134682 Function values: 0.008749832576419241 -> 0.008676816064468759 delta: -7.301651195048241e-05
method nt iteration 937: Locations[1.09314943 1.19497552] -> [1.09275967 1.19412355] Step length = 0.0009368863718086907 Function values: 0.008676816064468759 -> 0.008604357155435925 delta: -7.245890903283432e-05
method nt iteration 938: Locations[1.09275967 1.19412355] -> [1.09237127 1.19327485] Step length = 0.0009333570751801696 Function values: 0.008604357155435925 -> 0.00853245218310743 delta: -7.190497232849487e-05
method nt iteration 939: Locations[1.09237127 1.19327485] -> [1.09198422 1.1924294 ] Step length = 0.0009298371060323904 Function values: 0.00853245218310743 -> 0.008461097499010127 delta: -7.135468409730228e-05
method nt iteration 940: Locations[1.09198422 1.1924294 ] -> [1.09159852 1.19158719] Step length = 0.0009263264668778961 Function values: 0.008461097499010127 -> 0.008390289472389439 delta: -7.080802662068862e-05
method nt iteration 941: Locations[1.09159852 1.19158719] -> [1.09121417 1.19074821] Step length = 0.0009228251600373934 Function values: 0.008390289472389439 -> 0.008320024490187204 delta: -7.026498220223491e-05
method nt iteration 942: Locations[1.09121417 1.19074821] -> [1.09083116 1.18991246] Step length = 0.0009193331876403378 Function values: 0.008320024490187204 -> 0.008250298957018934 delta: -6.97255331682696e-05
method nt iteration 943: Locations[1.09083116 1.18991246] -> [1.09044948 1.18907993] Step length = 0.0009158505516237782 Function values: 0.008250298957018934 -> 0.008181109295150264 delta: -6.918966186867e-05
method nt iteration 944: Locations[1.09044948 1.18907993] -> [1.09006915 1.18825061] Step length = 0.0009123772537362052 Function values: 0.008181109295150264 -> 0.008112451944472972 delta: -6.86573506772925e-05
method nt iteration 945: Locations[1.09006915 1.18825061] -> [1.08969015 1.18742448] Step length = 0.0009089132955349822 Function values: 0.008112451944472972 -> 0.008044323362480234 delta: -6.812858199273762e-05
method nt iteration 946: Locations[1.08969015 1.18742448] -> [1.08931249 1.18660155] Step length = 0.000905458678388873 Function values: 0.008044323362480234 -> 0.0079767200242414 delta: -6.760333823883392e-05
method nt iteration 947: Locations[1.08931249 1.18660155] -> [1.08893615 1.18578179] Step length = 0.0009020134034779876 Function values: 0.0079767200242414 -> 0.007909638422375992 delta: -6.708160186540829e-05
method nt iteration 948: Locations[1.08893615 1.18578179] -> [1.08856114 1.18496521] Step length = 0.000898577471792769 Function values: 0.007909638422375992 -> 0.007843075067027189 delta: -6.656335534880285e-05
method nt iteration 949: Locations[1.08856114 1.18496521] -> [1.08818745 1.18415179] Step length = 0.0008951508841392364 Function values: 0.007843075067027189 -> 0.0077770264858348 delta: -6.604858119238933e-05
method nt iteration 950: Locations[1.08818745 1.18415179] -> [1.08781509 1.18334152] Step length = 0.0008917336411327673 Function values: 0.0077770264858348 -> 0.007711489223907439 delta: -6.553726192736094e-05
method nt iteration 951: Locations[1.08781509 1.18334152] -> [1.08744404 1.1825344 ] Step length = 0.0008883257432052821 Function values: 0.007711489223907439 -> 0.0076464598437943395 delta: -6.502938011309928e-05
method nt iteration 952: Locations[1.08744404 1.1825344 ] -> [1.08707431 1.18173041] Step length = 0.0008849271906018355 Function values: 0.0076464598437943395 -> 0.007581934925456302 delta: -6.452491833803739e-05
method nt iteration 953: Locations[1.08707431 1.18173041] -> [1.08670589 1.18092955] Step length = 0.0008815379833826793 Function values: 0.007581934925456302 -> 0.007517911066236403 delta: -6.402385921989908e-05
method nt iteration 954: Locations[1.08670589 1.18092955] -> [1.08633878 1.18013181] Step length = 0.000878158121423502 Function values: 0.007517911066236403 -> 0.007454384880829948 delta: -6.352618540645533e-05
method nt iteration 955: Locations[1.08633878 1.18013181] -> [1.08597298 1.17933718] Step length = 0.0008747876044161996 Function values: 0.007454384880829948 -> 0.007391353001253787 delta: -6.303187957616089e-05
method nt iteration 956: Locations[1.08597298 1.17933718] -> [1.08560848 1.17854564] Step length = 0.0008714264318694914 Function values: 0.007391353001253787 -> 0.007328812076815261 delta: -6.254092443852555e-05
method nt iteration 957: Locations[1.08560848 1.17854564] -> [1.08524529 1.1777572 ] Step length = 0.0008680746031103868 Function values: 0.007328812076815261 -> 0.0072667587740804715 delta: -6.205330273478978e-05
method nt iteration 958: Locations[1.08524529 1.1777572 ] -> [1.08488339 1.17697184] Step length = 0.0008647321172825515 Function values: 0.0072667587740804715 -> 0.0072051897768420385 delta: -6.156899723843302e-05
method nt iteration 959: Locations[1.08488339 1.17697184] -> [1.08452279 1.17618955] Step length = 0.0008613989733507227 Function values: 0.0072051897768420385 -> 0.007144101786086329 delta: -6.108799075570971e-05
method nt iteration 960: Locations[1.08452279 1.17618955] -> [1.08416348 1.17541032] Step length = 0.000858075170097057 Function values: 0.007144101786086329 -> 0.007083491519960168 delta: -6.061026612616104e-05
method nt iteration 961: Locations[1.08416348 1.17541032] -> [1.08380546 1.17463415] Step length = 0.0008547607061247242 Function values: 0.007083491519960168 -> 0.007023355713736969 delta: -6.013580622319867e-05
method nt iteration 962: Locations[1.08380546 1.17463415] -> [1.08344873 1.17386103] Step length = 0.0008514555798582886 Function values: 0.007023355713736969 -> 0.006963691119782357 delta: -5.966459395461213e-05
method nt iteration 963: Locations[1.08344873 1.17386103] -> [1.08309329 1.17309094] Step length = 0.0008481597895438892 Function values: 0.006963691119782357 -> 0.006904494507519305 delta: -5.9196612263051965e-05
method nt iteration 964: Locations[1.08309329 1.17309094] -> [1.08273912 1.17232389] Step length = 0.0008448733332502415 Function values: 0.006904494507519305 -> 0.0068457626633928485 delta: -5.873184412645647e-05
method nt iteration 965: Locations[1.08273912 1.17232389] -> [1.08238624 1.17155985] Step length = 0.0008415962088673448 Function values: 0.0068457626633928485 -> 0.006787492390834024 delta: -5.827027255882449e-05
method nt iteration 966: Locations[1.08238624 1.17155985] -> [1.08203463 1.17079882] Step length = 0.0008383284141120584 Function values: 0.006787492390834024 -> 0.0067296805102235995 delta: -5.7811880610424485e-05
method nt iteration 967: Locations[1.08203463 1.17079882] -> [1.08168429 1.17004079] Step length = 0.0008350699465235216 Function values: 0.0067296805102235995 -> 0.006672323858855211 delta: -5.735665136838864e-05
method nt iteration 968: Locations[1.08168429 1.17004079] -> [1.08133523 1.16928575] Step length = 0.0008318208034669304 Function values: 0.006672323858855211 -> 0.006615419290897913 delta: -5.6904567957297494e-05
method nt iteration 969: Locations[1.08133523 1.16928575] -> [1.08098743 1.1685337 ] Step length = 0.0008285809821337647 Function values: 0.006615419290897913 -> 0.0065589636773584785 delta: -5.645561353943493e-05
method nt iteration 970: Locations[1.08098743 1.1685337 ] -> [1.08064089 1.16778462] Step length = 0.0008253504795417042 Function values: 0.0065589636773584785 -> 0.006502953906042961 delta: -5.6009771315517626e-05
method nt iteration 971: Locations[1.08064089 1.16778462] -> [1.08029562 1.16703851] Step length = 0.0008221292925365607 Function values: 0.006502953906042961 -> 0.006447386881518011 delta: -5.556702452495007e-05
method nt iteration 972: Locations[1.08029562 1.16703851] -> [1.07995161 1.16629536] Step length = 0.0008189174177922103 Function values: 0.006447386881518011 -> 0.006392259525071536 delta: -5.512735644647507e-05
method nt iteration 973: Locations[1.07995161 1.16629536] -> [1.07960885 1.16555515] Step length = 0.0008157148518123377 Function values: 0.006392259525071536 -> 0.006337568774673177 delta: -5.46907503983585e-05
method nt iteration 974: Locations[1.07960885 1.16555515] -> [1.07926734 1.16481788] Step length = 0.0008125215909294246 Function values: 0.006337568774673177 -> 0.006283311584933988 delta: -5.4257189739189034e-05
method nt iteration 975: Locations[1.07926734 1.16481788] -> [1.07892709 1.16408354] Step length = 0.0008093376313071137 Function values: 0.006283311584933988 -> 0.006229484927066011 delta: -5.382665786797698e-05
method nt iteration 976: Locations[1.07892709 1.16408354] -> [1.07858808 1.16335212] Step length = 0.0008061629689413351 Function values: 0.006229484927066011 -> 0.00617608578884117 delta: -5.3399138224841276e-05
method nt iteration 977: Locations[1.07858808 1.16335212] -> [1.07825031 1.16262362] Step length = 0.000802997599658487 Function values: 0.00617608578884117 -> 0.006123111174549827 delta: -5.297461429134252e-05
method nt iteration 978: Locations[1.07825031 1.16262362] -> [1.07791379 1.16189802] Step length = 0.0007998415191208532 Function values: 0.006123111174549827 -> 0.006070558104958961 delta: -5.255306959086638e-05
method nt iteration 979: Locations[1.07791379 1.16189802] -> [1.0775785  1.16117531] Step length = 0.0007966947228217323 Function values: 0.006070558104958961 -> 0.006018423617269867 delta: -5.213448768909366e-05
method nt iteration 980: Locations[1.0775785  1.16117531] -> [1.07724445 1.16045549] Step length = 0.0007935572060906378 Function values: 0.006018423617269867 -> 0.005966704765075437 delta: -5.171885219443055e-05
method nt iteration 981: Locations[1.07724445 1.16045549] -> [1.07691163 1.15973855] Step length = 0.0007904289640928894 Function values: 0.005966704765075437 -> 0.00591539861831711 delta: -5.130614675832694e-05
method nt iteration 982: Locations[1.07691163 1.15973855] -> [1.07658004 1.15902447] Step length = 0.0007873099918287416 Function values: 0.00591539861831711 -> 0.0058645022632412645 delta: -5.089635507584539e-05
method nt iteration 983: Locations[1.07658004 1.15902447] -> [1.07624967 1.15831325] Step length = 0.0007842002841379294 Function values: 0.0058645022632412645 -> 0.005814012802355424 delta: -5.048946088584069e-05
method nt iteration 984: Locations[1.07624967 1.15831325] -> [1.07592053 1.15760489] Step length = 0.0007810998356960871 Function values: 0.005814012802355424 -> 0.00576392735438393 delta: -5.008544797149416e-05
method nt iteration 985: Locations[1.07592053 1.15760489] -> [1.07559261 1.15689936] Step length = 0.0007780086410193582 Function values: 0.00576392735438393 -> 0.005714243054223273 delta: -4.968430016065624e-05
method nt iteration 986: Locations[1.07559261 1.15689936] -> [1.07526591 1.15619667] Step length = 0.0007749266944626544 Function values: 0.005714243054223273 -> 0.005664957052897058 delta: -4.928600132621513e-05
method nt iteration 987: Locations[1.07526591 1.15619667] -> [1.07494042 1.1554968 ] Step length = 0.0007718539902217419 Function values: 0.005664957052897058 -> 0.005616066517510588 delta: -4.889053538647062e-05
method nt iteration 988: Locations[1.07494042 1.1554968 ] -> [1.07461614 1.15479975] Step length = 0.0007687905223337163 Function values: 0.005616066517510588 -> 0.005567568631205098 delta: -4.8497886305489714e-05
method nt iteration 989: Locations[1.07461614 1.15479975] -> [1.07429307 1.1541055 ] Step length = 0.0007657362846787784 Function values: 0.005567568631205098 -> 0.005519460593111604 delta: -4.8108038093494336e-05
method nt iteration 990: Locations[1.07429307 1.1541055 ] -> [1.07397121 1.15341405] Step length = 0.0007626912709797028 Function values: 0.005519460593111604 -> 0.005471739618304391 delta: -4.772097480721261e-05
method nt iteration 991: Locations[1.07397121 1.15341405] -> [1.07365055 1.15272539] Step length = 0.0007596554748032391 Function values: 0.005471739618304391 -> 0.005424402937754279 delta: -4.733668055011218e-05
method nt iteration 992: Locations[1.07365055 1.15272539] -> [1.07333108 1.15203951] Step length = 0.0007566288895615523 Function values: 0.005424402937754279 -> 0.005377447798281341 delta: -4.6955139472937973e-05
method nt iteration 993: Locations[1.07333108 1.15203951] -> [1.07301282 1.1513564 ] Step length = 0.000753611508512027 Function values: 0.005377447798281341 -> 0.005330871462507465 delta: -4.657633577387615e-05
method nt iteration 994: Locations[1.07301282 1.1513564 ] -> [1.07269574 1.15067606] Step length = 0.0007506033247594194 Function values: 0.005330871462507465 -> 0.005284671208808431 delta: -4.6200253699033716e-05
method nt iteration 995: Locations[1.07269574 1.15067606] -> [1.07237986 1.14999847] Step length = 0.0007476043312565744 Function values: 0.005284671208808431 -> 0.0052388443312658675 delta: -4.582687754256347e-05
method nt iteration 996: Locations[1.07237986 1.14999847] -> [1.07206517 1.14932362] Step length = 0.0007446145208031418 Function values: 0.0052388443312658675 -> 0.005193388139618674 delta: -4.545619164719305e-05
method nt iteration 997: Locations[1.07206517 1.14932362] -> [1.07175165 1.14865151] Step length = 0.0007416338860504127 Function values: 0.005193388139618674 -> 0.005148299959214302 delta: -4.5088180404372416e-05
method nt iteration 998: Locations[1.07175165 1.14865151] -> [1.07143932 1.14798213] Step length = 0.0007386624194978496 Function values: 0.005148299959214302 -> 0.005103577130959642 delta: -4.472282825465981e-05
method nt iteration 999: Locations[1.07143932 1.14798213] -> [1.07112817 1.14731547] Step length = 0.0007357001134974791 Function values: 0.005103577130959642 -> 0.0050592170112715934 delta: -4.436011968804877e-05
method nt iteration 1000: Locations[1.07112817 1.14731547] -> [1.0708182  1.14665151] Step length = 0.0007327469602538707 Function values: 0.0050592170112715934 -> 0.005015216972027382 delta: -4.4000039244211815e-05
method nt iteration 1001: Locations[1.0708182  1.14665151] -> [1.07050939 1.14599026] Step length = 0.0007298029518237262 Function values: 0.005015216972027382 -> 0.004971574400514689 delta: -4.364257151269219e-05
method nt iteration 1002: Locations[1.07050939 1.14599026] -> [1.07020176 1.14533171] Step length = 0.0007268680801174957 Function values: 0.004971574400514689 -> 0.004928286699381209 delta: -4.328770113348063e-05
method nt iteration 1003: Locations[1.07020176 1.14533171] -> [1.06989529 1.14467583] Step length = 0.0007239423369017437 Function values: 0.004928286699381209 -> 0.0048853512865842975 delta: -4.293541279691126e-05
method nt iteration 1004: Locations[1.06989529 1.14467583] -> [1.06958998 1.14402264] Step length = 0.0007210257137978407 Function values: 0.0048853512865842975 -> 0.004842765595340043 delta: -4.258569124425491e-05
method nt iteration 1005: Locations[1.06958998 1.14402264] -> [1.06928584 1.14337211] Step length = 0.0007181182022845847 Function values: 0.004842765595340043 -> 0.004800527074072217 delta: -4.2238521267825777e-05
method nt iteration 1006: Locations[1.06928584 1.14337211] -> [1.06898285 1.14272424] Step length = 0.000715219793698274 Function values: 0.004800527074072217 -> 0.004758633186360999 delta: -4.1893887711218214e-05
method nt iteration 1007: Locations[1.06898285 1.14272424] -> [1.06868101 1.14207901] Step length = 0.0007123304792335581 Function values: 0.004758633186360999 -> 0.004717081410891316 delta: -4.1551775469682306e-05
method nt iteration 1008: Locations[1.06868101 1.14207901] -> [1.06838033 1.14143643] Step length = 0.0007094502499452285 Function values: 0.004717081410891316 -> 0.004675869241401003 delta: -4.121216949031295e-05
method nt iteration 1009: Locations[1.06838033 1.14143643] -> [1.06808079 1.14079649] Step length = 0.0007065790967482099 Function values: 0.004675869241401003 -> 0.004634994186628805 delta: -4.0875054772198174e-05
method nt iteration 1010: Locations[1.06808079 1.14079649] -> [1.0677824  1.14015917] Step length = 0.0007037170104194992 Function values: 0.004634994186628805 -> 0.004594453770261953 delta: -4.0540416366851954e-05
method nt iteration 1011: Locations[1.0677824  1.14015917] -> [1.06748515 1.13952446] Step length = 0.0007008639815972722 Function values: 0.004594453770261953 -> 0.004554245530883711 delta: -4.0208239378241965e-05
method nt iteration 1012: Locations[1.06748515 1.13952446] -> [1.06718904 1.13889236] Step length = 0.0006980200007843375 Function values: 0.004554245530883711 -> 0.004514367021920517 delta: -3.987850896319464e-05
method nt iteration 1013: Locations[1.06718904 1.13889236] -> [1.06689406 1.13826286] Step length = 0.0006951850583478329 Function values: 0.004514367021920517 -> 0.004474815811589045 delta: -3.9551210331471506e-05
method nt iteration 1014: Locations[1.06689406 1.13826286] -> [1.06660022 1.13763595] Step length = 0.0006923591445181621 Function values: 0.004474815811589045 -> 0.004435589482842931 delta: -3.9226328746114376e-05
method nt iteration 1015: Locations[1.06660022 1.13763595] -> [1.06630751 1.13701162] Step length = 0.000689542249395113 Function values: 0.004435589482842931 -> 0.00439668563331934 delta: -3.8903849523591084e-05
method nt iteration 1016: Locations[1.06630751 1.13701162] -> [1.06601592 1.13638986] Step length = 0.0006867343629437215 Function values: 0.00439668563331934 -> 0.0043581018752854245 delta: -3.858375803391517e-05
method nt iteration 1017: Locations[1.06601592 1.13638986] -> [1.06572546 1.13577067] Step length = 0.0006839354749974181 Function values: 0.0043581018752854245 -> 0.004319835835584388 delta: -3.82660397010362e-05
method nt iteration 1018: Locations[1.06572546 1.13577067] -> [1.06543612 1.13515403] Step length = 0.0006811455752583288 Function values: 0.004319835835584388 -> 0.004281885155581485 delta: -3.795068000290308e-05
method nt iteration 1019: Locations[1.06543612 1.13515403] -> [1.06514789 1.13453994] Step length = 0.0006783646533010604 Function values: 0.004281885155581485 -> 0.004244247491109824 delta: -3.763766447166094e-05
method nt iteration 1020: Locations[1.06514789 1.13453994] -> [1.06486078 1.13392839] Step length = 0.000675592698567135 Function values: 0.004244247491109824 -> 0.004206920512415951 delta: -3.732697869387319e-05
method nt iteration 1021: Locations[1.06486078 1.13392839] -> [1.06457478 1.13331938] Step length = 0.0006728297003745114 Function values: 0.004206920512415951 -> 0.0041699019041052604 delta: -3.7018608310690655e-05
method nt iteration 1022: Locations[1.06457478 1.13331938] -> [1.06428989 1.13271288] Step length = 0.0006700756479104113 Function values: 0.0041699019041052604 -> 0.004133189365087208 delta: -3.671253901805279e-05
method nt iteration 1023: Locations[1.06428989 1.13271288] -> [1.0640061 1.1321089] Step length = 0.0006673305302394455 Function values: 0.004133189365087208 -> 0.0040967806085204185 delta: -3.640875656678918e-05
method nt iteration 1024: Locations[1.0640061 1.1321089] -> [1.06372341 1.13150742] Step length = 0.0006645943362988525 Function values: 0.0040967806085204185 -> 0.004060673361757606 delta: -3.610724676281207e-05
method nt iteration 1025: Locations[1.06372341 1.13150742] -> [1.06344183 1.13090844] Step length = 0.0006618670549017774 Function values: 0.004060673361757606 -> 0.004024865366290285 delta: -3.58079954673211e-05
method nt iteration 1026: Locations[1.06344183 1.13090844] -> [1.06316134 1.13031195] Step length = 0.0006591486747395562 Function values: 0.004024865366290285 -> 0.003989354377693352 delta: -3.5510988596933364e-05
method nt iteration 1027: Locations[1.06316134 1.13031195] -> [1.06288194 1.12971794] Step length = 0.0006564391843814016 Function values: 0.003989354377693352 -> 0.003954138165569603 delta: -3.521621212374936e-05
method nt iteration 1028: Locations[1.06288194 1.12971794] -> [1.06260363 1.1291264 ] Step length = 0.0006537385722736378 Function values: 0.003954138165569603 -> 0.003919214513493948 delta: -3.492365207565483e-05
method nt iteration 1029: Locations[1.06260363 1.1291264 ] -> [1.06232641 1.12853732] Step length = 0.0006510468267443147 Function values: 0.003919214513493948 -> 0.0038845812189575984 delta: -3.463329453634936e-05
method nt iteration 1030: Locations[1.06232641 1.12853732] -> [1.06205027 1.1279507 ] Step length = 0.0006483639360023723 Function values: 0.0038845812189575984 -> 0.0038502360933121114 delta: -3.434512564548693e-05
method nt iteration 1031: Locations[1.06205027 1.1279507 ] -> [1.06177521 1.12736653] Step length = 0.0006456898881370078 Function values: 0.0038502360933121114 -> 0.0038161769617133 delta: -3.405913159881162e-05
method nt iteration 1032: Locations[1.06177521 1.12736653] -> [1.06150123 1.12678479] Step length = 0.0006430246711207517 Function values: 0.0038161769617133 -> 0.0037824016630649796 delta: -3.377529864832026e-05
method nt iteration 1033: Locations[1.06150123 1.12678479] -> [1.06122833 1.12620549] Step length = 0.0006403682728106432 Function values: 0.0037824016630649796 -> 0.003748908049962599 delta: -3.349361310238039e-05
method nt iteration 1034: Locations[1.06122833 1.12620549] -> [1.06095649 1.12562861] Step length = 0.0006377206809484116 Function values: 0.003748908049962599 -> 0.003715693988636796 delta: -3.32140613258031e-05
method nt iteration 1035: Locations[1.06095649 1.12562861] -> [1.06068573 1.12505414] Step length = 0.0006350818831615441 Function values: 0.003715693988636796 -> 0.0036827573588968177 delta: -3.293662973997838e-05
method nt iteration 1036: Locations[1.06068573 1.12505414] -> [1.06041602 1.12448207] Step length = 0.000632451866963469 Function values: 0.0036827573588968177 -> 0.0036500960540738784 delta: -3.266130482293926e-05
method nt iteration 1037: Locations[1.06041602 1.12448207] -> [1.06014739 1.12391241] Step length = 0.0006298306197558166 Function values: 0.0036500960540738784 -> 0.0036177079809643358 delta: -3.2388073109542673e-05
method nt iteration 1038: Locations[1.06014739 1.12391241] -> [1.05987981 1.12334513] Step length = 0.0006272181288292995 Function values: 0.0036177079809643358 -> 0.0035855910597727934 delta: -3.211692119154232e-05
method nt iteration 1039: Locations[1.05987981 1.12334513] -> [1.05961328 1.12278023] Step length = 0.0006246143813643071 Function values: 0.0035855910597727934 -> 0.003553743224055209 delta: -3.184783571758432e-05
method nt iteration 1040: Locations[1.05961328 1.12278023] -> [1.05934781 1.12221771] Step length = 0.0006220193644309373 Function values: 0.003553743224055209 -> 0.0035221624206617326 delta: -3.158080339347655e-05
method nt iteration 1041: Locations[1.05934781 1.12221771] -> [1.05908339 1.12165755] Step length = 0.0006194330649930267 Function values: 0.0035221624206617326 -> 0.0034908466096796637 delta: -3.13158109820689e-05
method nt iteration 1042: Locations[1.05908339 1.12165755] -> [1.05882001 1.12109975] Step length = 0.0006168554699046748 Function values: 0.0034908466096796637 -> 0.0034597937643761753 delta: -3.105284530348839e-05
method nt iteration 1043: Locations[1.05882001 1.12109975] -> [1.05855768 1.12054429] Step length = 0.000614286565915245 Function values: 0.0034597937643761753 -> 0.0034290018711410067 delta: -3.079189323516862e-05
method nt iteration 1044: Locations[1.05855768 1.12054429] -> [1.05829639 1.11999118] Step length = 0.0006117263396687443 Function values: 0.0034290018711410067 -> 0.0033984689294291434 delta: -3.053294171186322e-05
method nt iteration 1045: Locations[1.05829639 1.11999118] -> [1.05803613 1.11944039] Step length = 0.0006091747777044905 Function values: 0.0033984689294291434 -> 0.003368192951703396 delta: -3.0275977725747333e-05
method nt iteration 1046: Locations[1.05803613 1.11944039] -> [1.05777692 1.11889194] Step length = 0.0006066318664571675 Function values: 0.003368192951703396 -> 0.0033381719633768436 delta: -3.0020988326552502e-05
method nt iteration 1047: Locations[1.05777692 1.11889194] -> [1.05751873 1.11834579] Step length = 0.0006040975922615415 Function values: 0.0033381719633768436 -> 0.003308404002755346 delta: -2.97679606214977e-05
method nt iteration 1048: Locations[1.05751873 1.11834579] -> [1.05726157 1.11780196] Step length = 0.0006015719413497054 Function values: 0.003308404002755346 -> 0.0032788871209799226 delta: -2.9516881775423342e-05
method nt iteration 1049: Locations[1.05726157 1.11780196] -> [1.05700543 1.11726042] Step length = 0.0005990548998531635 Function values: 0.0032788871209799226 -> 0.0032496193819691087 delta: -2.9267739010813837e-05
method nt iteration 1050: Locations[1.05700543 1.11726042] -> [1.05675032 1.11672117] Step length = 0.0005965464538042079 Function values: 0.0032496193819691087 -> 0.003220598862361269 delta: -2.9020519607839655e-05
method nt iteration 1051: Locations[1.05675032 1.11672117] -> [1.05649623 1.11618421] Step length = 0.0005940465891370941 Function values: 0.003220598862361269 -> 0.0031918236514568623 delta: -2.8775210904406767e-05
method nt iteration 1052: Locations[1.05649623 1.11618421] -> [1.05624315 1.11564953] Step length = 0.0005915552916878128 Function values: 0.0031918236514568623 -> 0.003163291851160677 delta: -2.8531800296185267e-05
method nt iteration 1053: Locations[1.05624315 1.11564953] -> [1.05599108 1.11511711] Step length = 0.0005890725471965643 Function values: 0.003163291851160677 -> 0.0031350015759240043 delta: -2.829027523667269e-05
method nt iteration 1054: Locations[1.05599108 1.11511711] -> [1.05574003 1.11458695] Step length = 0.0005865983413086498 Function values: 0.0031350015759240043 -> 0.0031069509526868593 delta: -2.8050623237145002e-05
method nt iteration 1055: Locations[1.05574003 1.11458695] -> [1.05548998 1.11405904] Step length = 0.000584132659573123 Function values: 0.0031069509526868593 -> 0.003079138120820104 delta: -2.781283186675549e-05
method nt iteration 1056: Locations[1.05548998 1.11405904] -> [1.05524094 1.11353338] Step length = 0.0005816754874474843 Function values: 0.003079138120820104 -> 0.003051561232067569 delta: -2.757688875253475e-05
method nt iteration 1057: Locations[1.05524094 1.11353338] -> [1.05499289 1.11300995] Step length = 0.000579226810295149 Function values: 0.003051561232067569 -> 0.003024218450488193 delta: -2.734278157937595e-05
method nt iteration 1058: Locations[1.05499289 1.11300995] -> [1.05474585 1.11248874] Step length = 0.0005767866133886204 Function values: 0.003024218450488193 -> 0.0029971079523980924 delta: -2.7110498090100743e-05
method nt iteration 1059: Locations[1.05474585 1.11248874] -> [1.0544998  1.11196976] Step length = 0.0005743548819105712 Function values: 0.0029971079523980924 -> 0.002970227926312652 delta: -2.688002608544019e-05
method nt iteration 1060: Locations[1.0544998  1.11196976] -> [1.05425474 1.11145299] Step length = 0.0005719316009533302 Function values: 0.002970227926312652 -> 0.002943576572888681 delta: -2.665135342397101e-05
method nt iteration 1061: Locations[1.05425474 1.11145299] -> [1.05401067 1.11093843] Step length = 0.0005695167555192255 Function values: 0.002943576572888681 -> 0.0029171521048664247 delta: -2.642446802225652e-05
method nt iteration 1062: Locations[1.05401067 1.11093843] -> [1.05376758 1.11042606] Step length = 0.0005671103305265969 Function values: 0.0029171521048664247 -> 0.002890952747011674 delta: -2.6199357854750794e-05
method nt iteration 1063: Locations[1.05376758 1.11042606] -> [1.05352548 1.10991587] Step length = 0.0005647123108030532 Function values: 0.002890952747011674 -> 0.0028649767360579112 delta: -2.5976010953762674e-05
method nt iteration 1064: Locations[1.05352548 1.10991587] -> [1.05328435 1.10940787] Step length = 0.0005623226810931442 Function values: 0.0028649767360579112 -> 0.002839222320648339 delta: -2.575441540957242e-05
method nt iteration 1065: Locations[1.05328435 1.10940787] -> [1.05304421 1.10890204] Step length = 0.0005599414260561571 Function values: 0.002839222320648339 -> 0.0028136877612780714 delta: -2.5534559370267353e-05
method nt iteration 1066: Locations[1.05304421 1.10890204] -> [1.05280503 1.10839838] Step length = 0.0005575685302666725 Function values: 0.0028136877612780714 -> 0.00278837133023625 delta: -2.5316431041821647e-05
method nt iteration 1067: Locations[1.05280503 1.10839838] -> [1.05256683 1.10789687] Step length = 0.0005552039782177469 Function values: 0.00278837133023625 -> 0.002763271311548174 delta: -2.510001868807595e-05
method nt iteration 1068: Locations[1.05256683 1.10789687] -> [1.05232959 1.10739751] Step length = 0.0005528477543201046 Function values: 0.002763271311548174 -> 0.0027383860009175583 delta: -2.4885310630615512e-05
method nt iteration 1069: Locations[1.05232959 1.10739751] -> [1.05209332 1.10690029] Step length = 0.0005504998429031895 Function values: 0.0027383860009175583 -> 0.0027137137056686975 delta: -2.467229524886084e-05
method nt iteration 1070: Locations[1.05209332 1.10690029] -> [1.05185801 1.10640521] Step length = 0.0005481602282166488 Function values: 0.0027137137056686975 -> 0.002689252744688686 delta: -2.4460960980011298e-05
method nt iteration 1071: Locations[1.05185801 1.10640521] -> [1.05162365 1.10591225] Step length = 0.0005458288944321322 Function values: 0.002689252744688686 -> 0.002665001448369771 delta: -2.4251296318915025e-05
method nt iteration 1072: Locations[1.05162365 1.10591225] -> [1.05139025 1.10542141] Step length = 0.0005435058256426345 Function values: 0.002665001448369771 -> 0.002640958158551598 delta: -2.4043289818173e-05
method nt iteration 1073: Locations[1.05139025 1.10542141] -> [1.05115781 1.10493268] Step length = 0.0005411910058635027 Function values: 0.002640958158551598 -> 0.002617121228463644 delta: -2.3836930087954306e-05
method nt iteration 1074: Locations[1.05115781 1.10493268] -> [1.05092631 1.10444605] Step length = 0.0005388844190351886 Function values: 0.002617121228463644 -> 0.0025934890226675536 delta: -2.3632205796090232e-05
method nt iteration 1075: Locations[1.05092631 1.10444605] -> [1.05069576 1.10396152] Step length = 0.000536586049022451 Function values: 0.0025934890226675536 -> 0.0025700599169996654 delta: -2.3429105667888226e-05
method nt iteration 1076: Locations[1.05069576 1.10396152] -> [1.05046615 1.10347908] Step length = 0.0005342958796149978 Function values: 0.0025700599169996654 -> 0.0025468322985134255 delta: -2.3227618486239884e-05
method nt iteration 1077: Locations[1.05046615 1.10347908] -> [1.05023748 1.10299872] Step length = 0.0005320138945314059 Function values: 0.0025468322985134255 -> 0.0025238045654220223 delta: -2.3027733091403237e-05
method nt iteration 1078: Locations[1.05023748 1.10299872] -> [1.05000975 1.10252042] Step length = 0.0005297400774156679 Function values: 0.0025238045654220223 -> 0.002500975127040981 delta: -2.2829438381041355e-05
method nt iteration 1079: Locations[1.05000975 1.10252042] -> [1.04978295 1.1020442 ] Step length = 0.0005274744118425804 Function values: 0.002500975127040981 -> 0.0024783424037308267 delta: -2.2632723310154253e-05
method nt iteration 1080: Locations[1.04978295 1.1020442 ] -> [1.04955709 1.10157003] Step length = 0.0005252168813143221 Function values: 0.0024783424037308267 -> 0.0024559048268398523 delta: -2.243757689097438e-05
method nt iteration 1081: Locations[1.04955709 1.10157003] -> [1.04933215 1.10109791] Step length = 0.0005229674692657264 Function values: 0.0024559048268398523 -> 0.00243366083864689 delta: -2.224398819296227e-05
method nt iteration 1082: Locations[1.04933215 1.10109791] -> [1.04910813 1.10062783] Step length = 0.0005207261590612698 Function values: 0.00243366083864689 -> 0.002411608892304238 delta: -2.2051946342652173e-05
method nt iteration 1083: Locations[1.04910813 1.10062783] -> [1.04888504 1.10015978] Step length = 0.0005184929339986279 Function values: 0.002411608892304238 -> 0.002389747451780533 delta: -2.1861440523704943e-05
method nt iteration 1084: Locations[1.04888504 1.10015978] -> [1.04866287 1.09969377] Step length = 0.000516267777310292 Function values: 0.002389747451780533 -> 0.0023680749918038716 delta: -2.1672459976661285e-05
method nt iteration 1085: Locations[1.04866287 1.09969377] -> [1.04844161 1.09922977] Step length = 0.0005140506721597001 Function values: 0.0023680749918038716 -> 0.0023465899978048353 delta: -2.1484993999036292e-05
method nt iteration 1086: Locations[1.04844161 1.09922977] -> [1.04822127 1.09876778] Step length = 0.0005118416016482468 Function values: 0.0023465899978048353 -> 0.00232529096585969 delta: -2.1299031945145545e-05
method nt iteration 1087: Locations[1.04822127 1.09876778] -> [1.04800184 1.0983078 ] Step length = 0.000509640548812768 Function values: 0.00232529096585969 -> 0.0023041764026337235 delta: -2.111456322596633e-05
method nt iteration 1088: Locations[1.04800184 1.0983078 ] -> [1.04778331 1.09784982] Step length = 0.0005074474966255771 Function values: 0.0023041764026337235 -> 0.0022832448253244913 delta: -2.0931577309232178e-05
method nt iteration 1089: Locations[1.04778331 1.09784982] -> [1.04756569 1.09739383] Step length = 0.0005052624279997926 Function values: 0.0022832448253244913 -> 0.002262494761605333 delta: -2.0750063719158357e-05
method nt iteration 1090: Locations[1.04756569 1.09739383] -> [1.04734897 1.09693981] Step length = 0.0005030853257844886 Function values: 0.002262494761605333 -> 0.0022419247495689023 delta: -2.0570012036430583e-05
method nt iteration 1091: Locations[1.04734897 1.09693981] -> [1.04713314 1.09648778] Step length = 0.0005009161727701765 Function values: 0.0022419247495689023 -> 0.0022215333376707715 delta: -2.0391411898130866e-05
method nt iteration 1092: Locations[1.04713314 1.09648778] -> [1.04691822 1.09603771] Step length = 0.0004987549516878954 Function values: 0.0022215333376707715 -> 0.0022013190846731905 delta: -2.0214252997580954e-05
method nt iteration 1093: Locations[1.04691822 1.09603771] -> [1.04670418 1.0955896 ] Step length = 0.0004966016452090745 Function values: 0.0022013190846731905 -> 0.002181280559588893 delta: -2.0038525084297657e-05
method nt iteration 1094: Locations[1.04670418 1.0955896 ] -> [1.04649104 1.09514344] Step length = 0.0004944562359490223 Function values: 0.002181280559588893 -> 0.0021614163416250184 delta: -1.986421796387446e-05
method nt iteration 1095: Locations[1.04649104 1.09514344] -> [1.04627878 1.09469923] Step length = 0.0004923187064660068 Function values: 0.0021614163416250184 -> 0.0021417250201271644 delta: -1.9691321497854013e-05
method nt iteration 1096: Locations[1.04627878 1.09469923] -> [1.0460674  1.09425696] Step length = 0.0004901890392621301 Function values: 0.0021417250201271644 -> 0.0021222051945235234 delta: -1.9519825603640968e-05
method nt iteration 1097: Locations[1.0460674  1.09425696] -> [1.0458569  1.09381662] Step length = 0.00048806721678521414 Function values: 0.0021222051945235234 -> 0.0021028554742691524 delta: -1.9349720254371004e-05
method nt iteration 1098: Locations[1.0458569  1.09381662] -> [1.04564728 1.0933782 ] Step length = 0.0004859532214282644 Function values: 0.0021028554742691524 -> 0.0020836744787902906 delta: -1.918099547886182e-05
method nt iteration 1099: Locations[1.04564728 1.0933782 ] -> [1.04543854 1.0929417 ] Step length = 0.0004838470355318786 Function values: 0.0020836744787902906 -> 0.0020646608374289173 delta: -1.9013641361373314e-05
method nt iteration 1100: Locations[1.04543854 1.0929417 ] -> [1.04523067 1.0925071 ] Step length = 0.0004817486413838848 Function values: 0.0020646608374289173 -> 0.002045813189387242 delta: -1.884764804167523e-05
method nt iteration 1101: Locations[1.04523067 1.0925071 ] -> [1.04502366 1.09207441] Step length = 0.0004796580212218632 Function values: 0.002045813189387242 -> 0.002027130183672495 delta: -1.868300571474706e-05
method nt iteration 1102: Locations[1.04502366 1.09207441] -> [1.04481752 1.09164362] Step length = 0.00047757515723200085 Function values: 0.002027130183672495 -> 0.002008610479041741 delta: -1.851970463075418e-05
method nt iteration 1103: Locations[1.04481752 1.09164362] -> [1.04461225 1.09121471] Step length = 0.00047550003155067306 Function values: 0.002008610479041741 -> 0.001990252743946813 delta: -1.8357735094927732e-05
method nt iteration 1104: Locations[1.04461225 1.09121471] -> [1.04440783 1.09078768] Step length = 0.0004734326262668427 Function values: 0.001990252743946813 -> 0.001972055656479456 delta: -1.8197087467356887e-05
method nt iteration 1105: Locations[1.04440783 1.09078768] -> [1.04420427 1.09036253] Step length = 0.0004713729234197144 Function values: 0.001972055656479456 -> 0.0019540179043164925 delta: -1.8037752162963685e-05
method nt iteration 1106: Locations[1.04420427 1.09036253] -> [1.04400157 1.08993924] Step length = 0.0004693209050024229 Function values: 0.0019540179043164925 -> 0.0019361381846651426 delta: -1.7879719651349955e-05
method nt iteration 1107: Locations[1.04400157 1.08993924] -> [1.04379972 1.08951781] Step length = 0.0004672765529636316 Function values: 0.0019361381846651426 -> 0.0019184152042085525 delta: -1.772298045659001e-05
method nt iteration 1108: Locations[1.04379972 1.08951781] -> [1.04359871 1.08909823] Step length = 0.0004652398492028886 Function values: 0.0019184152042085525 -> 0.0019008476790513798 delta: -1.7567525157172756e-05
method nt iteration 1109: Locations[1.04359871 1.08909823] -> [1.04339855 1.0886805 ] Step length = 0.000463210775579113 Function values: 0.0019008476790513798 -> 0.0018834343346654902 delta: -1.7413344385889575e-05
method nt iteration 1110: Locations[1.04339855 1.0886805 ] -> [1.04319924 1.0882646 ] Step length = 0.0004611893139060979 Function values: 0.0018834343346654902 -> 0.0018661739058359339 delta: -1.7260428829556345e-05
method nt iteration 1111: Locations[1.04319924 1.0882646 ] -> [1.04300076 1.08785054] Step length = 0.00045917544595324973 Function values: 0.0018661739058359339 -> 0.0018490651366068619 delta: -1.7108769229071986e-05
method nt iteration 1112: Locations[1.04300076 1.08785054] -> [1.04280312 1.0874383 ] Step length = 0.0004571691534511115 Function values: 0.0018490651366068619 -> 0.0018321067802277605 delta: -1.6958356379101437e-05
method nt iteration 1113: Locations[1.04280312 1.0874383 ] -> [1.04260631 1.08702788] Step length = 0.00045517041808701723 Function values: 0.0018321067802277605 -> 0.0018152975990997308 delta: -1.6809181128029684e-05
method nt iteration 1114: Locations[1.04260631 1.08702788] -> [1.04241033 1.08661926] Step length = 0.00045317922150927686 Function values: 0.0018152975990997308 -> 0.0017986363647219132 delta: -1.6661234377817564e-05
method nt iteration 1115: Locations[1.04241033 1.08661926] -> [1.04221519 1.08621245] Step length = 0.0004511955453250743 Function values: 0.0017986363647219132 -> 0.0017821218576381534 delta: -1.6514507083759773e-05
method nt iteration 1116: Locations[1.04221519 1.08621245] -> [1.04202086 1.08580744] Step length = 0.00044921937110452384 Function values: 0.0017821218576381534 -> 0.0017657528673836822 delta: -1.63689902544712e-05
method nt iteration 1117: Locations[1.04202086 1.08580744] -> [1.04182736 1.08540421] Step length = 0.0004472506803795695 Function values: 0.0017657528673836822 -> 0.0017495281924320414 delta: -1.6224674951640814e-05
method nt iteration 1118: Locations[1.04182736 1.08540421] -> [1.04163468 1.08500277] Step length = 0.0004452894546446542 Function values: 0.0017495281924320414 -> 0.0017334466401421039 delta: -1.6081552289937562e-05
method nt iteration 1119: Locations[1.04163468 1.08500277] -> [1.04144282 1.0846031 ] Step length = 0.0004433356753596233 Function values: 0.0017334466401421039 -> 0.0017175070267053372 delta: -1.593961343676663e-05
method nt iteration 1120: Locations[1.04144282 1.0846031 ] -> [1.04125177 1.0842052 ] Step length = 0.00044138932394627804 Function values: 0.0017175070267053372 -> 0.0017017081770931142 delta: -1.579884961222305e-05
method nt iteration 1121: Locations[1.04125177 1.0842052 ] -> [1.04106153 1.08380906] Step length = 0.00043945038179396984 Function values: 0.0017017081770931142 -> 0.0016860489250042118 delta: -1.5659252088902386e-05
method nt iteration 1122: Locations[1.04106153 1.08380906] -> [1.04087209 1.08341468] Step length = 0.00043751883025799557 Function values: 0.0016860489250042118 -> 0.0016705281128125444 delta: -1.5520812191667423e-05
method nt iteration 1123: Locations[1.04087209 1.08341468] -> [1.04068347 1.08302205] Step length = 0.0004355946506599551 Function values: 0.0016705281128125444 -> 0.001655144591514944 delta: -1.5383521297600462e-05
method nt iteration 1124: Locations[1.04068347 1.08302205] -> [1.04049564 1.08263115] Step length = 0.0004336778242902546 Function values: 0.001655144591514944 -> 0.0016398972206791913 delta: -1.5247370835752647e-05
method nt iteration 1125: Locations[1.04049564 1.08263115] -> [1.04030862 1.08224199] Step length = 0.00043176833240627846 Function values: 0.0016398972206791913 -> 0.001624784868392173 delta: -1.5112352287018202e-05
method nt iteration 1126: Locations[1.04030862 1.08224199] -> [1.04012239 1.08185456] Step length = 0.0004298661562365663 Function values: 0.001624784868392173 -> 0.0016098064112081648 delta: -1.4978457184008226e-05
method nt iteration 1127: Locations[1.04012239 1.08185456] -> [1.03993696 1.08146885] Step length = 0.0004279712769787125 Function values: 0.0016098064112081648 -> 0.0015949607340973693 delta: -1.4845677110795477e-05
method nt iteration 1128: Locations[1.03993696 1.08146885] -> [1.03975232 1.08108485] Step length = 0.00042608367580233424 Function values: 0.0015949607340973693 -> 0.0015802467303945467 delta: -1.4714003702822644e-05
method nt iteration 1129: Locations[1.03975232 1.08108485] -> [1.03956846 1.08070256] Step length = 0.0004242033338476604 Function values: 0.0015802467303945467 -> 0.0015656633017478484 delta: -1.4583428646698302e-05
method nt iteration 1130: Locations[1.03956846 1.08070256] -> [1.0393854  1.08032197] Step length = 0.0004223302322276186 Function values: 0.0015656633017478484 -> 0.0015512093580678352 delta: -1.4453943680013247e-05
method nt iteration 1131: Locations[1.0393854  1.08032197] -> [1.03920311 1.07994307] Step length = 0.0004204643520283062 Function values: 0.0015512093580678352 -> 0.001536883817476613 delta: -1.4325540591222105e-05
method nt iteration 1132: Locations[1.03920311 1.07994307] -> [1.0390216  1.07956586] Step length = 0.00041860567431047715 Function values: 0.001536883817476613 -> 0.0015226856062571543 delta: -1.4198211219458795e-05
method nt iteration 1133: Locations[1.0390216  1.07956586] -> [1.03884088 1.07919033] Step length = 0.0004167541801095468 Function values: 0.0015226856062571543 -> 0.0015086136588028985 delta: -1.4071947454255725e-05
method nt iteration 1134: Locations[1.03884088 1.07919033] -> [1.03866092 1.07881648] Step length = 0.00041490985043483294 Function values: 0.0015086136588028985 -> 0.0014946669175673307 delta: -1.3946741235567857e-05
method nt iteration 1135: Locations[1.03866092 1.07881648] -> [1.03848174 1.07844429] Step length = 0.000413072666273985 Function values: 0.0014946669175673307 -> 0.0014808443330139422 delta: -1.3822584553388473e-05
method nt iteration 1136: Locations[1.03848174 1.07844429] -> [1.03830333 1.07807377] Step length = 0.0004112426085908325 Function values: 0.0014808443330139422 -> 0.0014671448635662125 delta: -1.369946944772965e-05
method nt iteration 1137: Locations[1.03830333 1.07807377] -> [1.03812568 1.0777049 ] Step length = 0.00040941965832628677 Function values: 0.0014671448635662125 -> 0.0014535674755578494 delta: -1.3577388008363146e-05
method nt iteration 1138: Locations[1.03812568 1.0777049 ] -> [1.0379488  1.07733767] Step length = 0.00040760379640072454 Function values: 0.0014535674755578494 -> 0.0014401111431832081 delta: -1.345633237464128e-05
method nt iteration 1139: Locations[1.0379488  1.07733767] -> [1.03777267 1.07697209] Step length = 0.00040579500371265987 Function values: 0.0014401111431832081 -> 0.0014267748484478354 delta: -1.3336294735372687e-05
method nt iteration 1140: Locations[1.03777267 1.07697209] -> [1.03759731 1.07660814] Step length = 0.00040399326114174235 Function values: 0.0014267748484478354 -> 0.001413557581119261 delta: -1.3217267328574471e-05
method nt iteration 1141: Locations[1.03759731 1.07660814] -> [1.0374227  1.07624582] Step length = 0.00040219854954663654 Function values: 0.001413557581119261 -> 0.00140045833867795 delta: -1.3099242441310874e-05
method nt iteration 1142: Locations[1.0374227  1.07624582] -> [1.03724884 1.07588513] Step length = 0.00040041084976910255 Function values: 0.00140045833867795 -> 0.0013874761262684194 delta: -1.2982212409530644e-05
method nt iteration 1143: Locations[1.03724884 1.07588513] -> [1.03707573 1.07552605] Step length = 0.00039863014263097894 Function values: 0.0013874761262684194 -> 0.001374609956650536 delta: -1.2866169617883373e-05
method nt iteration 1144: Locations[1.03707573 1.07552605] -> [1.03690337 1.07516857] Step length = 0.0003968564089382778 Function values: 0.001374609956650536 -> 0.0013618588501510456 delta: -1.2751106499490515e-05
method nt iteration 1145: Locations[1.03690337 1.07516857] -> [1.03673176 1.0748127 ] Step length = 0.0003950896294807611 Function values: 0.0013618588501510456 -> 0.0013492218346152513 delta: -1.2637015535794244e-05
method nt iteration 1146: Locations[1.03673176 1.0748127 ] -> [1.03656088 1.07445843] Step length = 0.0003933297850303247 Function values: 0.0013492218346152513 -> 0.0013366979453588754 delta: -1.2523889256375962e-05
method nt iteration 1147: Locations[1.03656088 1.07445843] -> [1.03639074 1.07410574] Step length = 0.0003915768563458859 Function values: 0.0013366979453588754 -> 0.0013242862251201238 delta: -1.2411720238751601e-05
method nt iteration 1148: Locations[1.03639074 1.07410574] -> [1.03622134 1.07375464] Step length = 0.00038983082417037455 Function values: 0.0013242862251201238 -> 0.0013119857240119633 delta: -1.230050110816042e-05
method nt iteration 1149: Locations[1.03622134 1.07375464] -> [1.03605268 1.07340512] Step length = 0.0003880916692341031 Function values: 0.0013119857240119633 -> 0.001299795499474525 delta: -1.219022453743837e-05
method nt iteration 1150: Locations[1.03605268 1.07340512] -> [1.03588474 1.07305717] Step length = 0.00038635937225296496 Function values: 0.001299795499474525 -> 0.0012877146162277539 delta: -1.2080883246771111e-05
method nt iteration 1151: Locations[1.03588474 1.07305717] -> [1.03571753 1.07271078] Step length = 0.0003846339139312189 Function values: 0.0012877146162277539 -> 0.0012757421462242474 delta: -1.1972470003506451e-05
method nt iteration 1152: Locations[1.03571753 1.07271078] -> [1.03555105 1.07236595] Step length = 0.0003829152749610662 Function values: 0.0012757421462242474 -> 0.0012638771686022507 delta: -1.1864977621996696e-05
method nt iteration 1153: Locations[1.03555105 1.07236595] -> [1.03538529 1.07202267] Step length = 0.0003812034360233391 Function values: 0.0012638771686022507 -> 0.001252118769638852 delta: -1.1758398963398727e-05
method nt iteration 1154: Locations[1.03538529 1.07202267] -> [1.03522025 1.07168094] Step length = 0.0003794983777891954 Function values: 0.001252118769638852 -> 0.0012404660427034182 delta: -1.165272693543374e-05
method nt iteration 1155: Locations[1.03522025 1.07168094] -> [1.03505593 1.07134075] Step length = 0.00037780008091908954 Function values: 0.0012404660427034182 -> 0.0012289180882111542 delta: -1.154795449226408e-05
method nt iteration 1156: Locations[1.03505593 1.07134075] -> [1.03489232 1.07100209] Step length = 0.00037610852606527435 Function values: 0.0012289180882111542 -> 0.001217474013576932 delta: -1.144407463422219e-05
method nt iteration 1157: Locations[1.03489232 1.07100209] -> [1.03472942 1.07066496] Step length = 0.0003744236938698694 Function values: 0.001217474013576932 -> 0.0012061329331692285 delta: -1.1341080407703498e-05
method nt iteration 1158: Locations[1.03472942 1.07066496] -> [1.03456724 1.07032934] Step length = 0.0003727455649692653 Function values: 0.0012061329331692285 -> 0.0011948939682643524 delta: -1.1238964904876055e-05
method nt iteration 1159: Locations[1.03456724 1.07032934] -> [1.03440576 1.06999525] Step length = 0.00037107411999079285 Function values: 0.0011948939682643524 -> 0.0011837562470007805 delta: -1.113772126357191e-05
method nt iteration 1160: Locations[1.03440576 1.06999525] -> [1.03424498 1.06966266] Step length = 0.0003694093395561279 Function values: 0.0011837562470007805 -> 0.0011727189043337796 delta: -1.1037342667000877e-05
method nt iteration 1161: Locations[1.03424498 1.06966266] -> [1.03408491 1.06933158] Step length = 0.0003677512042806564 Function values: 0.0011727189043337796 -> 0.0011617810819901286 delta: -1.0937822343651e-05
method nt iteration 1162: Locations[1.03408491 1.06933158] -> [1.03392554 1.06900199] Step length = 0.0003660996947742799 Function values: 0.0011617810819901286 -> 0.0011509419284231233 delta: -1.0839153567005367e-05
method nt iteration 1163: Locations[1.03392554 1.06900199] -> [1.03376686 1.06867389] Step length = 0.0003644547916422908 Function values: 0.0011509419284231233 -> 0.0011402005987677306 delta: -1.0741329655392703e-05
method nt iteration 1164: Locations[1.03376686 1.06867389] -> [1.03360887 1.06834727] Step length = 0.0003628164754866608 Function values: 0.0011402005987677306 -> 0.0011295562547959475 delta: -1.0644343971783106e-05
method nt iteration 1165: Locations[1.03360887 1.06834727] -> [1.03345158 1.06802214] Step length = 0.00036118472690433747 Function values: 0.0011295562547959475 -> 0.0011190080648724014 delta: -1.0548189923546055e-05
method nt iteration 1166: Locations[1.03345158 1.06802214] -> [1.03329497 1.06769848] Step length = 0.00035955952648991245 Function values: 0.0011190080648724014 -> 0.0011085552039100683 delta: -1.0452860962333098e-05
method nt iteration 1167: Locations[1.03329497 1.06769848] -> [1.03313905 1.06737628] Step length = 0.00035794085483672306 Function values: 0.0011085552039100683 -> 0.0010981968533262595 delta: -1.0358350583808754e-05
method nt iteration 1168: Locations[1.03313905 1.06737628] -> [1.03298382 1.06705554] Step length = 0.00035632869253534276 Function values: 0.0010981968533262595 -> 0.0010879322009988161 delta: -1.0264652327443427e-05
method nt iteration 1169: Locations[1.03298382 1.06705554] -> [1.03282926 1.06673626] Step length = 0.00035472302017455374 Function values: 0.0010879322009988161 -> 0.0010777604412224402 delta: -1.0171759776375936e-05
method nt iteration 1170: Locations[1.03282926 1.06673626] -> [1.03267538 1.06641843] Step length = 0.0003531238183446408 Function values: 0.0010777604412224402 -> 0.0010676807746652656 delta: -1.007966655717455e-05
method nt iteration 1171: Locations[1.03267538 1.06641843] -> [1.03252218 1.06610204] Step length = 0.0003515310676340834 Function values: 0.0010676807746652656 -> 0.0010576924083256353 delta: -9.988366339630343e-06
method nt iteration 1172: Locations[1.03252218 1.06610204] -> [1.03236965 1.06578708] Step length = 0.0003499447486334424 Function values: 0.0010576924083256353 -> 0.0010477945554890908 delta: -9.897852836544471e-06
method nt iteration 1173: Locations[1.03236965 1.06578708] -> [1.0322178  1.06547356] Step length = 0.0003483648419328391 Function values: 0.0010477945554890908 -> 0.001037986435685513 delta: -9.808119803577904e-06
method nt iteration 1174: Locations[1.0322178  1.06547356] -> [1.03206661 1.06516146] Step length = 0.00034679132812565495 Function values: 0.001037986435685513 -> 0.001028267274646528 delta: -9.719161038984929e-06
method nt iteration 1175: Locations[1.03206661 1.06516146] -> [1.03191608 1.06485078] Step length = 0.00034522418780610795 Function values: 0.001028267274646528 -> 0.0010186363042630551 delta: -9.63097038347285e-06
method nt iteration 1176: Locations[1.03191608 1.06485078] -> [1.03176622 1.06454151] Step length = 0.0003436634015734484 Function values: 0.0010186363042630551 -> 0.0010090927625431036 delta: -9.543541719951544e-06
method nt iteration 1177: Locations[1.03176622 1.06454151] -> [1.03161702 1.06423365] Step length = 0.0003421089500288453 Function values: 0.0010090927625431036 -> 0.000999635893569753 delta: -9.456868973350659e-06
method nt iteration 1178: Locations[1.03161702 1.06423365] -> [1.03146848 1.06392719] Step length = 0.0003405608137772752 Function values: 0.000999635893569753 -> 0.000990264947459343 delta: -9.370946110409933e-06
method nt iteration 1179: Locations[1.03146848 1.06392719] -> [1.03132059 1.06362213] Step length = 0.0003390189734293078 Function values: 0.000990264947459343 -> 0.0009809791803198579 delta: -9.285767139485118e-06
method nt iteration 1180: Locations[1.03132059 1.06362213] -> [1.03117335 1.06331846] Step length = 0.000337483409600094 Function values: 0.0009809791803198579 -> 0.0009717778542095087 delta: -9.201326110349142e-06
method nt iteration 1181: Locations[1.03117335 1.06331846] -> [1.03102677 1.06301617] Step length = 0.0003359541029098619 Function values: 0.0009717778542095087 -> 0.0009626602370955518 delta: -9.117617113956942e-06
method nt iteration 1182: Locations[1.03102677 1.06301617] -> [1.03088083 1.06271526] Step length = 0.0003344310339858966 Function values: 0.0009626602370955518 -> 0.0009536256028132746 delta: -9.034634282277195e-06
method nt iteration 1183: Locations[1.03088083 1.06271526] -> [1.03073554 1.06241573] Step length = 0.0003329141834616314 Function values: 0.0009536256028132746 -> 0.0009446732310251927 delta: -8.95237178808188e-06
method nt iteration 1184: Locations[1.03073554 1.06241573] -> [1.03059089 1.06211756] Step length = 0.00033140353197823997 Function values: 0.0009446732310251927 -> 0.0009358024071804689 delta: -8.870823844723793e-06
method nt iteration 1185: Locations[1.03059089 1.06211756] -> [1.03044688 1.06182075] Step length = 0.00032989906018351625 Function values: 0.0009358024071804689 -> 0.0009270124224744879 delta: -8.789984705981076e-06
method nt iteration 1186: Locations[1.03044688 1.06182075] -> [1.03030351 1.0615253 ] Step length = 0.00032840074873557914 Function values: 0.0009270124224744879 -> 0.0009183025738087207 delta: -8.709848665767192e-06
method nt iteration 1187: Locations[1.03030351 1.0615253 ] -> [1.03016077 1.0612312 ] Step length = 0.00032690857829874434 Function values: 0.0009183025738087207 -> 0.0009096721637506912 delta: -8.630410058029447e-06
method nt iteration 1188: Locations[1.03016077 1.0612312 ] -> [1.03001867 1.06093844] Step length = 0.0003254225295488267 Function values: 0.0009096721637506912 -> 0.0009011205004942312 delta: -8.551663256460042e-06
method nt iteration 1189: Locations[1.03001867 1.06093844] -> [1.0298772  1.06064702] Step length = 0.0003239425831700235 Function values: 0.0009011205004942312 -> 0.0008926468978198908 delta: -8.47360267434039e-06
method nt iteration 1190: Locations[1.0298772  1.06064702] -> [1.02973635 1.06035694] Step length = 0.0003224687198572026 Function values: 0.0008926468978198908 -> 0.0008842506750555578 delta: -8.396222764332946e-06
method nt iteration 1191: Locations[1.02973635 1.06035694] -> [1.02959613 1.06006818] Step length = 0.0003210009203160964 Function values: 0.0008842506750555578 -> 0.0008759311570372986 delta: -8.319518018259269e-06
method nt iteration 1192: Locations[1.02959613 1.06006818] -> [1.02945654 1.05978075] Step length = 0.0003195391652634898 Function values: 0.0008759311570372986 -> 0.0008676876740703934 delta: -8.243482966905193e-06
method nt iteration 1193: Locations[1.02945654 1.05978075] -> [1.02931756 1.05949463] Step length = 0.00031808343542760265 Function values: 0.0008676876740703934 -> 0.0008595195618905402 delta: -8.16811217985321e-06
method nt iteration 1194: Locations[1.02931756 1.05949463] -> [1.02917921 1.05920982] Step length = 0.00031663371155059495 Function values: 0.0008595195618905402 -> 0.0008514261616253456 delta: -8.09340026519461e-06
method nt iteration 1195: Locations[1.02917921 1.05920982] -> [1.02904147 1.05892632] Step length = 0.0003151899743845436 Function values: 0.0008514261616253456 -> 0.0008434068197559306 delta: -8.019341869414998e-06
method nt iteration 1196: Locations[1.02904147 1.05892632] -> [1.02890434 1.05864412] Step length = 0.00031375220469713206 Function values: 0.0008434068197559306 -> 0.0008354608880787704 delta: -7.945931677160204e-06
method nt iteration 1197: Locations[1.02890434 1.05864412] -> [1.02876782 1.05836322] Step length = 0.00031232038326825507 Function values: 0.0008354608880787704 -> 0.0008275877236677786 delta: -7.873164410991803e-06
method nt iteration 1198: Locations[1.02876782 1.05836322] -> [1.02863192 1.0580836 ] Step length = 0.00031089449089259256 Function values: 0.0008275877236677786 -> 0.0008197866888365351 delta: -7.801034831243455e-06
method nt iteration 1199: Locations[1.02863192 1.0580836 ] -> [1.02849662 1.05780527] Step length = 0.0003094745083785032 Function values: 0.0008197866888365351 -> 0.0008120571511007186 delta: -7.729537735816534e-06
method nt iteration 1200: Locations[1.02849662 1.05780527] -> [1.02836192 1.05752822] Step length = 0.00030806041655092296 Function values: 0.0008120571511007186 -> 0.0008043984831407976 delta: -7.658667959921004e-06
method nt iteration 1201: Locations[1.02836192 1.05752822] -> [1.02822782 1.05725244] Step length = 0.0003066521962485527 Function values: 0.0008043984831407976 -> 0.0007968100627648868 delta: -7.588420375910726e-06
method nt iteration 1202: Locations[1.02822782 1.05725244] -> [1.02809433 1.05697793] Step length = 0.0003052498283265354 Function values: 0.0007968100627648868 -> 0.0007892912728717601 delta: -7.518789893126688e-06
method nt iteration 1203: Locations[1.02809433 1.05697793] -> [1.02796143 1.05670468] Step length = 0.0003038532936568665 Function values: 0.0007892912728717601 -> 0.0007818415014141553 delta: -7.449771457604805e-06
method nt iteration 1204: Locations[1.02796143 1.05670468] -> [1.02782912 1.05643269] Step length = 0.00030246257312837243 Function values: 0.0007818415014141553 -> 0.0007744601413622209 delta: -7.381360051934437e-06
method nt iteration 1205: Locations[1.02782912 1.05643269] -> [1.02769741 1.05616195] Step length = 0.0003010776476457071 Function values: 0.0007744601413622209 -> 0.0007671465906671791 delta: -7.313550695041762e-06
method nt iteration 1206: Locations[1.02769741 1.05616195] -> [1.02756629 1.05589246] Step length = 0.00029969849813293555 Function values: 0.0007671465906671791 -> 0.0007599002522251809 delta: -7.2463384419982e-06
method nt iteration 1207: Locations[1.02756629 1.05589246] -> [1.02743575 1.05562421] Step length = 0.00029832510553103584 Function values: 0.0007599002522251809 -> 0.0007527205338413879 delta: -7.179718383793052e-06
method nt iteration 1208: Locations[1.02743575 1.05562421] -> [1.0273058  1.05535719] Step length = 0.00029695745079948046 Function values: 0.0007527205338413879 -> 0.0007456068481942206 delta: -7.113685647167295e-06
method nt iteration 1209: Locations[1.0273058  1.05535719] -> [1.02717643 1.05509141] Step length = 0.0002955955149169279 Function values: 0.0007456068481942206 -> 0.0007385586127998093 delta: -7.04823539441127e-06
method nt iteration 1210: Locations[1.02717643 1.05509141] -> [1.02704765 1.05482685] Step length = 0.0002942392788822212 Function values: 0.0007385586127998093 -> 0.0007315752499766837 delta: -6.983362823125613e-06
method nt iteration 1211: Locations[1.02704765 1.05482685] -> [1.02691944 1.05456352] Step length = 0.0002928887237121763 Function values: 0.0007315752499766837 -> 0.0007246561868106264 delta: -6.919063166057325e-06
method nt iteration 1212: Locations[1.02691944 1.05456352] -> [1.02679181 1.0543014 ] Step length = 0.0002915438304450687 Function values: 0.0007246561868106264 -> 0.0007178008551197276 delta: -6.855331690898761e-06
method nt iteration 1213: Locations[1.02679181 1.0543014 ] -> [1.02666475 1.05404049] Step length = 0.00029020458013833 Function values: 0.0007178008551197276 -> 0.0007110086914196424 delta: -6.792163700085211e-06
method nt iteration 1214: Locations[1.02666475 1.05404049] -> [1.02653826 1.05378078] Step length = 0.0002888709538723367 Function values: 0.0007110086914196424 -> 0.0007042791368890573 delta: -6.729554530585102e-06
method nt iteration 1215: Locations[1.02653826 1.05378078] -> [1.02641234 1.05352227] Step length = 0.00028754293274630495 Function values: 0.0007042791368890573 -> 0.0006976116373353336 delta: -6.667499553723714e-06
method nt iteration 1216: Locations[1.02641234 1.05352227] -> [1.02628699 1.05326496] Step length = 0.0002862204978831796 Function values: 0.0006976116373353336 -> 0.0006910056431603746 delta: -6.605994174958959e-06
method nt iteration 1217: Locations[1.02628699 1.05326496] -> [1.0261622  1.05300884] Step length = 0.00028490363042732664 Function values: 0.0006910056431603746 -> 0.0006844606093266655 delta: -6.545033833709108e-06
method nt iteration 1218: Locations[1.0261622  1.05300884] -> [1.02603797 1.0527539 ] Step length = 0.0002835923115446252 Function values: 0.0006844606093266655 -> 0.0006779759953235134 delta: -6.4846140031521015e-06
method nt iteration 1219: Locations[1.02603797 1.0527539 ] -> [1.02591431 1.05250015] Step length = 0.0002822865224248594 Function values: 0.0006779759953235134 -> 0.0006715512651334951 delta: -6.424730190018359e-06
method nt iteration 1220: Locations[1.02591431 1.05250015] -> [1.0257912  1.05224757] Step length = 0.00028098624428101214 Function values: 0.0006715512651334951 -> 0.0006651858871991028 delta: -6.365377934392262e-06
method nt iteration 1221: Locations[1.0257912  1.05224757] -> [1.02566864 1.05199615] Step length = 0.00027969145834865725 Function values: 0.0006651858871991028 -> 0.0006588793343895738 delta: -6.306552809529032e-06
method nt iteration 1222: Locations[1.02566864 1.05199615] -> [1.02554665 1.05174591] Step length = 0.0002784021458884426 Function values: 0.0006588793343895738 -> 0.0006526310839678931 delta: -6.2482504216807185e-06
method nt iteration 1223: Locations[1.02554665 1.05174591] -> [1.0254252  1.05149682] Step length = 0.0002771182881840999 Function values: 0.0006526310839678931 -> 0.0006464406175580495 delta: -6.190466409843574e-06
method nt iteration 1224: Locations[1.0254252  1.05149682] -> [1.0253043  1.05124889] Step length = 0.00027583986654512244 Function values: 0.0006464406175580495 -> 0.0006403074211124397 delta: -6.133196445609742e-06
method nt iteration 1225: Locations[1.0253043  1.05124889] -> [1.02518394 1.0510021 ] Step length = 0.0002745668623056609 Function values: 0.0006403074211124397 -> 0.0006342309848794672 delta: -6.0764362329725295e-06
method nt iteration 1226: Locations[1.02518394 1.0510021 ] -> [1.02506413 1.05075646] Step length = 0.00027329925682392553 Function values: 0.0006342309848794672 -> 0.0006282108033713676 delta: -6.020181508099593e-06
method nt iteration 1227: Locations[1.02506413 1.05075646] -> [1.02494487 1.05051197] Step length = 0.00027203703148496105 Function values: 0.0006282108033713676 -> 0.0006222463753321719 delta: -5.9644280391956805e-06
method nt iteration 1228: Locations[1.02494487 1.05051197] -> [1.02482614 1.0502686 ] Step length = 0.00027078016770105197 Function values: 0.0006222463753321719 -> 0.0006163372037059178 delta: -5.90917162625413e-06
method nt iteration 1229: Locations[1.02482614 1.0502686 ] -> [1.02470795 1.05002637] Step length = 0.0002695286469077174 Function values: 0.0006163372037059178 -> 0.0006104827956050183 delta: -5.854408100899552e-06
method nt iteration 1230: Locations[1.02470795 1.05002637] -> [1.0245903  1.04978526] Step length = 0.0002682824505694943 Function values: 0.0006104827956050183 -> 0.0006046826622788336 delta: -5.800133326184652e-06
method nt iteration 1231: Locations[1.0245903  1.04978526] -> [1.02447318 1.04954527] Step length = 0.00026704156017723737 Function values: 0.0006046826622788336 -> 0.0005989363190824332 delta: -5.746343196400385e-06
method nt iteration 1232: Locations[1.02447318 1.04954527] -> [1.02435659 1.0493064 ] Step length = 0.0002658059572486068 Function values: 0.0005989363190824332 -> 0.0005932432854455256 delta: -5.693033636907578e-06
method nt iteration 1233: Locations[1.02435659 1.0493064 ] -> [1.02424053 1.04906864] Step length = 0.00026457562333056606 Function values: 0.0005932432854455256 -> 0.0005876030848416215 delta: -5.640200603904155e-06
method nt iteration 1234: Locations[1.02424053 1.04906864] -> [1.02412499 1.04883199] Step length = 0.0002633505399949785 Function values: 0.0005876030848416215 -> 0.0005820152447573518 delta: -5.587840084269658e-06
method nt iteration 1235: Locations[1.02412499 1.04883199] -> [1.02400998 1.04859643] Step length = 0.0002621306888452861 Function values: 0.0005820152447573518 -> 0.0005764792966619751 delta: -5.53594809537671e-06
method nt iteration 1236: Locations[1.02400998 1.04859643] -> [1.0238955  1.04836198] Step length = 0.00026091605151141984 Function values: 0.0005764792966619751 -> 0.0005709947759770929 delta: -5.4845206848821906e-06
method nt iteration 1237: Locations[1.0238955  1.04836198] -> [1.02378153 1.04812861] Step length = 0.0002597066096525847 Function values: 0.0005709947759770929 -> 0.000565561222046541 delta: -5.433553930551927e-06
method nt iteration 1238: Locations[1.02378153 1.04812861] -> [1.02366808 1.04789633] Step length = 0.00025850234495714973 Function values: 0.000565561222046541 -> 0.0005601781781064449 delta: -5.383043940096108e-06
method nt iteration 1239: Locations[1.02366808 1.04789633] -> [1.02355515 1.04766514] Step length = 0.00025730323914354884 Function values: 0.0005601781781064449 -> 0.0005548451912555049 delta: -5.332986850939978e-06
method nt iteration 1240: Locations[1.02355515 1.04766514] -> [1.02344273 1.04743502] Step length = 0.0002561092739589737 Function values: 0.0005548451912555049 -> 0.0005495618124254421 delta: -5.283378830062829e-06
method nt iteration 1241: Locations[1.02344273 1.04743502] -> [1.02333083 1.04720597] Step length = 0.00025492043118116136 Function values: 0.0005495618124254421 -> 0.0005443275963516191 delta: -5.234216073823016e-06
method nt iteration 1242: Locations[1.02333083 1.04720597] -> [1.02321943 1.046978  ] Step length = 0.00025373669261809364 Function values: 0.0005443275963516191 -> 0.0005391421015438653 delta: -5.185494807753797e-06
method nt iteration 1243: Locations[1.02321943 1.046978  ] -> [1.02310855 1.04675108] Step length = 0.0002525580401085879 Function values: 0.0005391421015438653 -> 0.0005340048902574732 delta: -5.13721128639203e-06
method nt iteration 1244: Locations[1.02310855 1.04675108] -> [1.02299816 1.04652523] Step length = 0.000251384455521992 Function values: 0.0005340048902574732 -> 0.0005289155284643775 delta: -5.089361793095704e-06
method nt iteration 1245: Locations[1.02299816 1.04652523] -> [1.02288828 1.04630043] Step length = 0.00025021592075848256 Function values: 0.0005289155284643775 -> 0.0005238735858245354 delta: -5.041942639842168e-06
method nt iteration 1246: Locations[1.02288828 1.04630043] -> [1.02277891 1.04607668] Step length = 0.00024905241775114963 Function values: 0.0005238735858245354 -> 0.0005188786356574663 delta: -4.994950167069075e-06
method nt iteration 1247: Locations[1.02277891 1.04607668] -> [1.02267003 1.04585398] Step length = 0.00024789392846210105 Function values: 0.0005188786356574663 -> 0.0005139302549139731 delta: -4.948380743493219e-06
method nt iteration 1248: Locations[1.02267003 1.04585398] -> [1.02256165 1.04563232] Step length = 0.0002467404348881469 Function values: 0.0005139302549139731 -> 0.0005090280241480601 delta: -4.902230765912985e-06
method nt iteration 1249: Locations[1.02256165 1.04563232] -> [1.02245376 1.04541169] Step length = 0.0002455919190565008 Function values: 0.0005090280241480601 -> 0.0005041715274890113 delta: -4.856496659048763e-06
method nt iteration 1250: Locations[1.02245376 1.04541169] -> [1.02234637 1.04519209] Step length = 0.0002444483630280703 Function values: 0.0005041715274890113 -> 0.0004993603526136656 delta: -4.811174875345723e-06
method nt iteration 1251: Locations[1.02234637 1.04519209] -> [1.02223947 1.04497353] Step length = 0.0002433097488949583 Function values: 0.0004993603526136656 -> 0.0004945940907188682 delta: -4.766261894797422e-06
method nt iteration 1252: Locations[1.02223947 1.04497353] -> [1.02213306 1.04475598] Step length = 0.0002421760587839439 Function values: 0.0004945940907188682 -> 0.0004898723364940786 delta: -4.721754224789568e-06
method nt iteration 1253: Locations[1.02213306 1.04475598] -> [1.02202714 1.04453945] Step length = 0.0002410472748534919 Function values: 0.0004898723364940786 -> 0.00048519468809418443 delta: -4.677648399894184e-06
method nt iteration 1254: Locations[1.02202714 1.04453945] -> [1.0219217  1.04432394] Step length = 0.00023992337929653793 Function values: 0.00048519468809418443 -> 0.00048056074711247854 delta: -4.633940981705893e-06
method nt iteration 1255: Locations[1.0219217  1.04432394] -> [1.02181674 1.04410944] Step length = 0.00023880435433888545 Function values: 0.00048056074711247854 -> 0.00047597011855380136 delta: -4.590628558677175e-06
method nt iteration 1256: Locations[1.02181674 1.04410944] -> [1.02171226 1.04389594] Step length = 0.00023769018224140107 Function values: 0.00047597011855380136 -> 0.00047142241080788547 delta: -4.547707745915892e-06
method nt iteration 1257: Locations[1.02171226 1.04389594] -> [1.02160827 1.04368344] Step length = 0.00023658084529750792 Function values: 0.00047142241080788547 -> 0.00046691723562283316 delta: -4.505175185052308e-06
method nt iteration 1258: Locations[1.02160827 1.04368344] -> [1.02150475 1.04347194] Step length = 0.0002354763258366837 Function values: 0.00046691723562283316 -> 0.0004624542080788243 delta: -4.463027544008864e-06
method nt iteration 1259: Locations[1.02150475 1.04347194] -> [1.0214017  1.04326143] Step length = 0.00023437660622194992 Function values: 0.0004624542080788243 -> 0.0004580329465619369 delta: -4.421261516887414e-06
method nt iteration 1260: Locations[1.0214017  1.04326143] -> [1.02129913 1.04305191] Step length = 0.000233281668850879 Function values: 0.0004580329465619369 -> 0.00045365307273820504 delta: -4.379873823731845e-06
method nt iteration 1261: Locations[1.02129913 1.04305191] -> [1.02119703 1.04284337] Step length = 0.00023219149615716608 Function values: 0.00045365307273820504 -> 0.0004493142115277601 delta: -4.338861210444916e-06
method nt iteration 1262: Locations[1.02119703 1.04284337] -> [1.0210954  1.04263581] Step length = 0.00023110607060895382 Function values: 0.0004493142115277601 -> 0.000445015991079255 delta: -4.298220448505118e-06
method nt iteration 1263: Locations[1.0210954  1.04263581] -> [1.02099424 1.04242922] Step length = 0.00023002537470980213 Function values: 0.000445015991079255 -> 0.0004407580427443517 delta: -4.257948334903305e-06
method nt iteration 1264: Locations[1.02099424 1.04242922] -> [1.02089354 1.04222361] Step length = 0.00022894939099969507 Function values: 0.0004407580427443517 -> 0.0004365400010524421 delta: -4.218041691909588e-06
method nt iteration 1265: Locations[1.02089354 1.04222361] -> [1.0207933  1.04201896] Step length = 0.00022787810205373955 Function values: 0.0004365400010524421 -> 0.00043236150368553515 delta: -4.178497366906964e-06
method nt iteration 1266: Locations[1.0207933  1.04201896] -> [1.02069353 1.04181527] Step length = 0.00022681149048355082 Function values: 0.00043236150368553515 -> 0.00042822219145328115 delta: -4.139312232254004e-06
method nt iteration 1267: Locations[1.02069353 1.04181527] -> [1.02059422 1.04161254] Step length = 0.00022574953893645606 Function values: 0.00042822219145328115 -> 0.0004241217082681892 delta: -4.100483185091972e-06
method nt iteration 1268: Locations[1.02059422 1.04161254] -> [1.02049536 1.04141077] Step length = 0.000224692230096485 Function values: 0.0004241217082681892 -> 0.0004200597011209987 delta: -4.062007147190489e-06
method nt iteration 1269: Locations[1.02049536 1.04141077] -> [1.02039696 1.04120994] Step length = 0.0002236395466849654 Function values: 0.0004200597011209987 -> 0.0004160358200562238 delta: -4.023881064774875e-06
method nt iteration 1270: Locations[1.02039696 1.04120994] -> [1.02029901 1.04101006] Step length = 0.00022259147145942194 Function values: 0.0004160358200562238 -> 0.0004120497181478604 delta: -3.986101908363406e-06
method nt iteration 1271: Locations[1.02029901 1.04101006] -> [1.02020151 1.04081111] Step length = 0.00022154798721456682 Function values: 0.0004120497181478604 -> 0.0004081010514752449 delta: -3.948666672615479e-06
method nt iteration 1272: Locations[1.02020151 1.04081111] -> [1.02010446 1.04061311] Step length = 0.0002205090767823051 Function values: 0.0004081010514752449 -> 0.0004041894790991201 delta: -3.9115723761248464e-06
method nt iteration 1273: Locations[1.02010446 1.04061311] -> [1.02000787 1.04041604] Step length = 0.00021947472303172045 Function values: 0.0004041894790991201 -> 0.00040031466303781484 delta: -3.874816061305239e-06
method nt iteration 1274: Locations[1.02000787 1.04041604] -> [1.01991171 1.04021989] Step length = 0.00021844490886987038 Function values: 0.00040031466303781484 -> 0.0003964762682435931 delta: -3.838394794221714e-06
method nt iteration 1275: Locations[1.01991171 1.04021989] -> [1.019816   1.04002467] Step length = 0.00021741961724159236 Function values: 0.0003964762682435931 -> 0.00039267396257920576 delta: -3.8023056643873713e-06
method nt iteration 1276: Locations[1.019816   1.04002467] -> [1.01972074 1.03983037] Step length = 0.0002163988311287898 Function values: 0.00039267396257920576 -> 0.0003889074167945464 delta: -3.766545784659374e-06
method nt iteration 1277: Locations[1.01972074 1.03983037] -> [1.01962591 1.03963699] Step length = 0.00021538253355302969 Function values: 0.0003889074167945464 -> 0.00038517630450350904 delta: -3.7311122910373444e-06
method nt iteration 1278: Locations[1.01962591 1.03963699] -> [1.01953152 1.03944451] Step length = 0.00021437070757204904 Function values: 0.00038517630450350904 -> 0.00038148030216100126 delta: -3.6960023425077794e-06
method nt iteration 1279: Locations[1.01953152 1.03944451] -> [1.01943757 1.03925295] Step length = 0.0002133633362843307 Function values: 0.00038148030216100126 -> 0.00037781908904008655 delta: -3.6612131209147057e-06
method nt iteration 1280: Locations[1.01943757 1.03925295] -> [1.01934405 1.03906229] Step length = 0.0002123604028245194 Function values: 0.00037781908904008655 -> 0.000374192347209308 delta: -3.6267418307785637e-06
method nt iteration 1281: Locations[1.01934405 1.03906229] -> [1.01925097 1.03887253] Step length = 0.0002113618903683059 Function values: 0.000374192347209308 -> 0.00037059976151018184 delta: -3.5925856991261503e-06
method nt iteration 1282: Locations[1.01925097 1.03887253] -> [1.01915831 1.03868366] Step length = 0.00021036778212802748 Function values: 0.00037059976151018184 -> 0.0003670410195348024 delta: -3.558741975379434e-06
method nt iteration 1283: Locations[1.01915831 1.03868366] -> [1.01906609 1.03849569] Step length = 0.0002093780613574654 Function values: 0.0003670410195348024 -> 0.0003635158116036751 delta: -3.5252079311272767e-06
method nt iteration 1284: Locations[1.01906609 1.03849569] -> [1.01897429 1.0383086 ] Step length = 0.0002083927113466372 Function values: 0.0003635158116036751 -> 0.00036002383074360743 delta: -3.4919808600676985e-06
method nt iteration 1285: Locations[1.01897429 1.0383086 ] -> [1.01888292 1.0381224 ] Step length = 0.00020741171542809454 Function values: 0.00036002383074360743 -> 0.0003565647726658527 delta: -3.459058077754718e-06
method nt iteration 1286: Locations[1.01888292 1.0381224 ] -> [1.01879198 1.03793708] Step length = 0.0002064350569708244 Function values: 0.0003565647726658527 -> 0.0003531383357443356 delta: -3.426436921517091e-06
method nt iteration 1287: Locations[1.01879198 1.03793708] -> [1.01870145 1.03775264] Step length = 0.00020546271938583593 Function values: 0.0003531383357443356 -> 0.00034974422099406916 delta: -3.3941147502664602e-06
method nt iteration 1288: Locations[1.01870145 1.03775264] -> [1.01861134 1.03756906] Step length = 0.00020449468612226588 Function values: 0.00034974422099406916 -> 0.0003463821320497028 delta: -3.362088944366384e-06
method nt iteration 1289: Locations[1.01861134 1.03756906] -> [1.01852166 1.03738636] Step length = 0.0002035309406704681 Function values: 0.0003463821320497028 -> 0.0003430517751442348 delta: -3.3303569054679723e-06
method nt iteration 1290: Locations[1.01852166 1.03738636] -> [1.01843239 1.03720452] Step length = 0.0002025714665592209 Function values: 0.0003430517751442348 -> 0.0003397528590878795 delta: -3.2989160563552775e-06
method nt iteration 1291: Locations[1.01843239 1.03720452] -> [1.01834353 1.03702354] Step length = 0.00020161624735821125 Function values: 0.0003397528590878795 -> 0.00033648509524706385 delta: -3.2677638408156796e-06
method nt iteration 1292: Locations[1.01834353 1.03702354] -> [1.01825509 1.03684341] Step length = 0.00020066526667793496 Function values: 0.00033648509524706385 -> 0.0003332481975235854 delta: -3.236897723478448e-06
method nt iteration 1293: Locations[1.01825509 1.03684341] -> [1.01816705 1.03666414] Step length = 0.00019971850816799882 Function values: 0.0003332481975235854 -> 0.0003300418823339145 delta: -3.206315189670922e-06
method nt iteration 1294: Locations[1.01816705 1.03666414] -> [1.01807943 1.03648572] Step length = 0.000198775955520112 Function values: 0.0003300418823339145 -> 0.00032686586858866483 delta: -3.176013745249647e-06
method nt iteration 1295: Locations[1.01807943 1.03648572] -> [1.01799222 1.03630815] Step length = 0.0001978375924651852 Function values: 0.00032686586858866483 -> 0.0003237198776721733 delta: -3.1459909164915185e-06
method nt iteration 1296: Locations[1.01799222 1.03630815] -> [1.01790541 1.03613141] Step length = 0.00019690340277452828 Function values: 0.0003237198776721733 -> 0.0003206036334222467 delta: -3.1162442499266013e-06
method nt iteration 1297: Locations[1.01790541 1.03613141] -> [1.017819   1.03595552] Step length = 0.00019597337026293945 Function values: 0.0003206036334222467 -> 0.0003175168621100656 delta: -3.0867713121811345e-06
method nt iteration 1298: Locations[1.017819   1.03595552] -> [1.017733   1.03578045] Step length = 0.00019504747878251798 Function values: 0.0003175168621100656 -> 0.0003144592924202036 delta: -3.0575696898619566e-06
method nt iteration 1299: Locations[1.017733   1.03578045] -> [1.0176474  1.03560622] Step length = 0.00019412571222944568 Function values: 0.0003144592924202036 -> 0.000311430655430827 delta: -3.028636989376636e-06
method nt iteration 1300: Locations[1.0176474  1.03560622] -> [1.01756219 1.03543281] Step length = 0.0001932080545388908 Function values: 0.000311430655430827 -> 0.00030843068459398475 delta: -2.999970836842236e-06
method nt iteration 1301: Locations[1.01756219 1.03543281] -> [1.01747739 1.03526023] Step length = 0.0001922944896889048 Function values: 0.00030843068459398475 -> 0.00030545911571610006 delta: -2.971568877884682e-06
method nt iteration 1302: Locations[1.01747739 1.03526023] -> [1.01739298 1.03508846] Step length = 0.0001913850016975222 Function values: 0.00030545911571610006 -> 0.0003025156869385671 delta: -2.943428777532945e-06
method nt iteration 1303: Locations[1.01739298 1.03508846] -> [1.01730896 1.03491752] Step length = 0.00019047957462564678 Function values: 0.0003025156869385671 -> 0.0002996001387184845 delta: -2.9155482200825928e-06
method nt iteration 1304: Locations[1.01730896 1.03491752] -> [1.01722534 1.03474738] Step length = 0.0001895781925737671 Function values: 0.0002996001387184845 -> 0.00029671221380955543 delta: -2.887924908929096e-06
method nt iteration 1305: Locations[1.01722534 1.03474738] -> [1.0171421  1.03457805] Step length = 0.00018868083968643317 Function values: 0.00029671221380955543 -> 0.0002938516572431068 delta: -2.8605565664486187e-06
method nt iteration 1306: Locations[1.0171421  1.03457805] -> [1.01705926 1.03440952] Step length = 0.0001877875001480703 Function values: 0.0002938516572431068 -> 0.00029101821630924996 delta: -2.833440933856855e-06
method nt iteration 1307: Locations[1.01705926 1.03440952] -> [1.0169768 1.0342418] Step length = 0.00018689815818547 Function values: 0.00029101821630924996 -> 0.00028821164053819044 delta: -2.806575771059519e-06
method nt iteration 1308: Locations[1.0169768 1.0342418] -> [1.01689472 1.03407487] Step length = 0.00018601279806698464 Function values: 0.00028821164053819044 -> 0.00028543168168164695 delta: -2.7799588565434897e-06
method nt iteration 1309: Locations[1.01689472 1.03407487] -> [1.01681303 1.03390874] Step length = 0.00018513140410432585 Function values: 0.00028543168168164695 -> 0.0002826780936944396 delta: -2.75358798720735e-06
method nt iteration 1310: Locations[1.01681303 1.03390874] -> [1.01673173 1.03374339] Step length = 0.00018425396064946948 Function values: 0.0002826780936944396 -> 0.00027995063271619465 delta: -2.7274609782449452e-06
method nt iteration 1311: Locations[1.01673173 1.03374339] -> [1.0166508  1.03357884] Step length = 0.0001833804520971464 Function values: 0.00027995063271619465 -> 0.0002772490570531936 delta: -2.701575663001073e-06
method nt iteration 1312: Locations[1.0166508  1.03357884] -> [1.01657025 1.03341506] Step length = 0.0001825108628844361 Function values: 0.0002772490570531936 -> 0.0002745731271603293 delta: -2.6759298928642587e-06
method nt iteration 1313: Locations[1.01657025 1.03341506] -> [1.01649008 1.03325207] Step length = 0.00018164517749157168 Function values: 0.0002745731271603293 -> 0.00027192260562324347 delta: -2.6505215370858535e-06
method nt iteration 1314: Locations[1.01649008 1.03325207] -> [1.01641028 1.03308985] Step length = 0.0001807833804388389 Function values: 0.00027192260562324347 -> 0.0002692972571405462 delta: -2.6253484826972576e-06
method nt iteration 1315: Locations[1.01641028 1.03308985] -> [1.01633086 1.0329284 ] Step length = 0.0001799254562917615 Function values: 0.0002692972571405462 -> 0.00026669684850620055 delta: -2.6004086343456626e-06
method nt iteration 1316: Locations[1.01633086 1.0329284 ] -> [1.0162518  1.03276772] Step length = 0.00017907138965641588 Function values: 0.00026669684850620055 -> 0.0002641211485920322 delta: -2.5756999141683386e-06
method nt iteration 1317: Locations[1.0162518  1.03276772] -> [1.01617312 1.03260781] Step length = 0.00017822116518131763 Function values: 0.0002641211485920322 -> 0.0002615699283303512 delta: -2.5512202616810153e-06
method nt iteration 1318: Locations[1.01617312 1.03260781] -> [1.01609481 1.03244866] Step length = 0.00017737476755872006 Function values: 0.0002615699283303512 -> 0.0002590429606967262 delta: -2.52696763362501e-06
method nt iteration 1319: Locations[1.01609481 1.03244866] -> [1.01601687 1.03229027] Step length = 0.00017653218152341424 Function values: 0.0002590429606967262 -> 0.00025654002069287605 delta: -2.502940003850133e-06
method nt iteration 1320: Locations[1.01601687 1.03229027] -> [1.01593929 1.03213263] Step length = 0.0001756933918518293 Function values: 0.00025654002069287605 -> 0.0002540608853296845 delta: -2.479135363191523e-06
method nt iteration 1321: Locations[1.01593929 1.03213263] -> [1.01586207 1.03197574] Step length = 0.0001748583833639255 Function values: 0.0002540608853296845 -> 0.00025160533361035176 delta: -2.455551719332766e-06
method nt iteration 1322: Locations[1.01586207 1.03197574] -> [1.01578522 1.03181961] Step length = 0.00017402714092269324 Function values: 0.00025160533361035176 -> 0.00024917314651366686 delta: -2.432187096684899e-06
method nt iteration 1323: Locations[1.01578522 1.03181961] -> [1.01570873 1.03166421] Step length = 0.00017319964943385128 Function values: 0.00024917314651366686 -> 0.00024676410697740215 delta: -2.4090395362647075e-06
method nt iteration 1324: Locations[1.01570873 1.03166421] -> [1.01563259 1.03150956] Step length = 0.00017237589384634815 Function values: 0.00024676410697740215 -> 0.00024437799988185515 delta: -2.3861070955470036e-06
method nt iteration 1325: Locations[1.01563259 1.03150956] -> [1.01555682 1.03135565] Step length = 0.0001715558591506598 Function values: 0.00024437799988185515 -> 0.0002420146120334817 delta: -2.363387848373444e-06
method nt iteration 1326: Locations[1.01555682 1.03135565] -> [1.0154814  1.03120247] Step length = 0.00017073953038167854 Function values: 0.0002420146120334817 -> 0.00023967373214866248 delta: -2.3408798848192284e-06
method nt iteration 1327: Locations[1.0154814  1.03120247] -> [1.01540633 1.03105002] Step length = 0.00016992689261781976 Function values: 0.00023967373214866248 -> 0.00023735515083761445 delta: -2.3185813110480316e-06
method nt iteration 1328: Locations[1.01540633 1.03105002] -> [1.01533162 1.0308983 ] Step length = 0.00016911793097962026 Function values: 0.00023735515083761445 -> 0.0002350586605883989 delta: -2.296490249215538e-06
method nt iteration 1329: Locations[1.01533162 1.0308983 ] -> [1.01525726 1.0307473 ] Step length = 0.0001683126306296389 Function values: 0.0002350586605883989 -> 0.00023278405575105957 delta: -2.2746048373393374e-06
method nt iteration 1330: Locations[1.01525726 1.0307473 ] -> [1.01518325 1.03059703] Step length = 0.0001675109767763383 Function values: 0.00023278405575105957 -> 0.00023053113252187652 delta: -2.2529232291830493e-06
method nt iteration 1331: Locations[1.01518325 1.03059703] -> [1.01510959 1.03044747] Step length = 0.00016671295466980242 Function values: 0.00023053113252187652 -> 0.00022829968892774857 delta: -2.2314435941279552e-06
method nt iteration 1332: Locations[1.01510959 1.03044747] -> [1.01503627 1.03029863] Step length = 0.00016591854960282937 Function values: 0.00022829968892774857 -> 0.0002260895248106896 delta: -2.210164117058967e-06
method nt iteration 1333: Locations[1.01503627 1.03029863] -> [1.0149633 1.0301505] Step length = 0.00016512774691371905 Function values: 0.0002260895248106896 -> 0.00022390044181244543 delta: -2.189082998244171e-06
method nt iteration 1334: Locations[1.0149633 1.0301505] -> [1.01489068 1.03000308] Step length = 0.00016434053198109287 Function values: 0.00022390044181244543 -> 0.00022173224335922937 delta: -2.168198453216056e-06
method nt iteration 1335: Locations[1.01489068 1.03000308] -> [1.01481839 1.02985636] Step length = 0.00016355689022856933 Function values: 0.00022173224335922937 -> 0.00021958473464655728 delta: -2.1475087126720898e-06
method nt iteration 1336: Locations[1.01481839 1.02985636] -> [1.01474645 1.02971035] Step length = 0.0001627768071236717 Function values: 0.00021958473464655728 -> 0.00021745772262422 delta: -2.12701202233727e-06
method nt iteration 1337: Locations[1.01474645 1.02971035] -> [1.01467484 1.02956503] Step length = 0.00016200026817693184 Function values: 0.00021745772262422 -> 0.00021535101598137935 delta: -2.1067066428406606e-06
method nt iteration 1338: Locations[1.01467484 1.02956503] -> [1.01460358 1.02942041] Step length = 0.00016122725894058748 Function values: 0.00021535101598137935 -> 0.00021326442513174774 delta: -2.086590849631611e-06
method nt iteration 1339: Locations[1.01460358 1.02942041] -> [1.01453264 1.02927648] Step length = 0.0001604577650128676 Function values: 0.00021326442513174774 -> 0.0002111977621989029 delta: -2.0666629328448534e-06
method nt iteration 1340: Locations[1.01453264 1.02927648] -> [1.01446205 1.02913324] Step length = 0.00015969177203330645 Function values: 0.0002111977621989029 -> 0.0002091508410016983 delta: -2.0469211972045775e-06
method nt iteration 1341: Locations[1.01446205 1.02913324] -> [1.01439179 1.02899069] Step length = 0.00015892926568723112 Function values: 0.0002091508410016983 -> 0.00020712347703981992 delta: -2.0273639618783896e-06
method nt iteration 1342: Locations[1.01439179 1.02899069] -> [1.01432185 1.02884882] Step length = 0.0001581702317008736 Function values: 0.00020712347703981992 -> 0.00020511548747942365 delta: -2.0079895603962678e-06
method nt iteration 1343: Locations[1.01432185 1.02884882] -> [1.01425225 1.02870763] Step length = 0.00015741465584605157 Function values: 0.00020511548747942365 -> 0.00020312669113889235 delta: -1.9887963405313e-06
method nt iteration 1344: Locations[1.01425225 1.02870763] -> [1.01418298 1.02856711] Step length = 0.00015666252393598516 Function values: 0.00020312669113889235 -> 0.00020115690847470445 delta: -1.9697826641879024e-06
method nt iteration 1345: Locations[1.01418298 1.02856711] -> [1.01411403 1.02842727] Step length = 0.00015591382183027474 Function values: 0.00020115690847470445 -> 0.00019920596156741384 delta: -1.950946907290608e-06
method nt iteration 1346: Locations[1.01411403 1.02842727] -> [1.01404541 1.0282881 ] Step length = 0.00015516853542902616 Function values: 0.00019920596156741384 -> 0.0001972736741077464 delta: -1.9322874596674328e-06
method nt iteration 1347: Locations[1.01404541 1.0282881 ] -> [1.01397712 1.02814959] Step length = 0.00015442665067772233 Function values: 0.0001972736741077464 -> 0.00019535987138277457 delta: -1.913802724971841e-06
method nt iteration 1348: Locations[1.01397712 1.02814959] -> [1.01390915 1.02801175] Step length = 0.00015368815356523878 Function values: 0.00019535987138277457 -> 0.00019346438026223903 delta: -1.8954911205355373e-06
method nt iteration 1349: Locations[1.01390915 1.02801175] -> [1.0138415  1.02787458] Step length = 0.00015295303012354005 Function values: 0.00019346438026223903 -> 0.00019158702918495925 delta: -1.8773510772797787e-06
method nt iteration 1350: Locations[1.0138415  1.02787458] -> [1.01377417 1.02773806] Step length = 0.00015222126642777675 Function values: 0.00019158702918495925 -> 0.0001897276481453454 delta: -1.8593810396138396e-06
method nt iteration 1351: Locations[1.01377417 1.02773806] -> [1.01370715 1.02760219] Step length = 0.00015149284859717962 Function values: 0.0001897276481453454 -> 0.00018788606868001137 delta: -1.841579465334045e-06
method nt iteration 1352: Locations[1.01370715 1.02760219] -> [1.01364046 1.02746698] Step length = 0.0001507677627949657 Function values: 0.00018788606868001137 -> 0.00018606212385452396 delta: -1.8239448254874055e-06
method nt iteration 1353: Locations[1.01364046 1.02746698] -> [1.01357408 1.02733241] Step length = 0.00015004599522673622 Function values: 0.00018606212385452396 -> 0.00018425564825022117 delta: -1.806475604302797e-06
method nt iteration 1354: Locations[1.01357408 1.02733241] -> [1.01350802 1.02719849] Step length = 0.0001493275321423689 Function values: 0.00018425564825022117 -> 0.00018246647795114074 delta: -1.7891702990804263e-06
method nt iteration 1355: Locations[1.01350802 1.02719849] -> [1.01344226 1.02706522] Step length = 0.0001486123598355231 Function values: 0.00018246647795114074 -> 0.00018069445053107158 delta: -1.7720274200691544e-06
method nt iteration 1356: Locations[1.01344226 1.02706522] -> [1.01337682 1.02693258] Step length = 0.00014790046464253993 Function values: 0.00018069445053107158 -> 0.00017893940504068936 delta: -1.755045490382226e-06
method nt iteration 1357: Locations[1.01337682 1.02693258] -> [1.01331169 1.02680058] Step length = 0.00014719183294363601 Function values: 0.00017893940504068936 -> 0.00017720118199479533 delta: -1.7382230458940265e-06
method nt iteration 1358: Locations[1.01331169 1.02680058] -> [1.01324687 1.02666922] Step length = 0.0001464864511629053 Function values: 0.00017720118199479533 -> 0.0001754796233596684 delta: -1.7215586351269191e-06
method nt iteration 1359: Locations[1.01324687 1.02666922] -> [1.01318236 1.02653849] Step length = 0.0001457843057672165 Function values: 0.0001754796233596684 -> 0.00017377457254048924 delta: -1.7050508191791716e-06
method nt iteration 1360: Locations[1.01318236 1.02653849] -> [1.01311815 1.02640838] Step length = 0.00014508538326751572 Function values: 0.00017377457254048924 -> 0.00017208587436890548 delta: -1.6886981715837665e-06
method nt iteration 1361: Locations[1.01311815 1.02640838] -> [1.01305425 1.0262789 ] Step length = 0.00014438967021772128 Function values: 0.00017208587436890548 -> 0.00017041337509065595 delta: -1.672499278249529e-06
method nt iteration 1362: Locations[1.01305425 1.0262789 ] -> [1.01299065 1.02615005] Step length = 0.00014369715321552464 Function values: 0.00017041337509065595 -> 0.0001687569223533174 delta: -1.6564527373385575e-06
method nt iteration 1363: Locations[1.01299065 1.02615005] -> [1.01292735 1.02602181] Step length = 0.00014300781890218793 Function values: 0.0001687569223533174 -> 0.00016711636519413744 delta: -1.640557159179949e-06
method nt iteration 1364: Locations[1.01292735 1.02602181] -> [1.01286435 1.02589419] Step length = 0.00014232165396144922 Function values: 0.00016711636519413744 -> 0.00016549155402797173 delta: -1.6248111661657145e-06
method nt iteration 1365: Locations[1.01286435 1.02589419] -> [1.01280165 1.02576719] Step length = 0.00014163864512191116 Function values: 0.00016549155402797173 -> 0.00016388234063531747 delta: -1.6092133926542593e-06
method nt iteration 1366: Locations[1.01280165 1.02576719] -> [1.01273925 1.02564079] Step length = 0.00014095877915395013 Function values: 0.00016388234063531747 -> 0.0001622885781504263 delta: -1.5937624848911538e-06
method nt iteration 1367: Locations[1.01273925 1.02564079] -> [1.01267715 1.02551501] Step length = 0.00014028204287240984 Function values: 0.0001622885781504263 -> 0.0001607101210495416 delta: -1.5784571008847217e-06
method nt iteration 1368: Locations[1.01267715 1.02551501] -> [1.01261534 1.02538982] Step length = 0.00013960842313480353 Function values: 0.0001607101210495416 -> 0.0001591468251392074 delta: -1.5632959103341847e-06
method nt iteration 1369: Locations[1.01261534 1.02538982] -> [1.01255383 1.02526525] Step length = 0.00013893790684190807 Function values: 0.0001591468251392074 -> 0.0001575985475446612 delta: -1.5482775945462057e-06
method nt iteration 1370: Locations[1.01255383 1.02526525] -> [1.0124926  1.02514127] Step length = 0.0001382704809386679 Function values: 0.0001575985475446612 -> 0.00015606514669835923 delta: -1.5334008463019659e-06
method nt iteration 1371: Locations[1.0124926  1.02514127] -> [1.01243167 1.02501789] Step length = 0.0001376061324121959 Function values: 0.00015606514669835923 -> 0.00015454648232856127 delta: -1.518664369797967e-06
method nt iteration 1372: Locations[1.01243167 1.02501789] -> [1.01237103 1.0248951 ] Step length = 0.00013694484829276807 Function values: 0.00015454648232856127 -> 0.00015304241544800777 delta: -1.5040668805534952e-06
method nt iteration 1373: Locations[1.01237103 1.0248951 ] -> [1.01231068 1.02477291] Step length = 0.00013628661565482338 Function values: 0.00015304241544800777 -> 0.00015155280834271105 delta: -1.489607105296725e-06
method nt iteration 1374: Locations[1.01231068 1.02477291] -> [1.01225061 1.0246513 ] Step length = 0.00013563142161506541 Function values: 0.00015155280834271105 -> 0.00015007752456080967 delta: -1.4752837819013748e-06
method nt iteration 1375: Locations[1.01225061 1.0246513 ] -> [1.01219083 1.02453028] Step length = 0.00013497925333336375 Function values: 0.00015007752456080967 -> 0.00014861642890154082 delta: -1.461095659268855e-06
method nt iteration 1376: Locations[1.01219083 1.02453028] -> [1.01213134 1.02440984] Step length = 0.00013433009801314425 Function values: 0.00014861642890154082 -> 0.0001471693874042697 delta: -1.4470414972711293e-06
method nt iteration 1377: Locations[1.01213134 1.02440984] -> [1.01207213 1.02428999] Step length = 0.00013368394289980047 Function values: 0.0001471693874042697 -> 0.00014573626733762962 delta: -1.4331200666400728e-06
method nt iteration 1378: Locations[1.01207213 1.02428999] -> [1.0120132  1.02417071] Step length = 0.00013304077528407976 Function values: 0.00014573626733762962 -> 0.00014431693718876175 delta: -1.4193301488678604e-06
method nt iteration 1379: Locations[1.0120132  1.02417071] -> [1.01195455 1.02405201] Step length = 0.00013240058249590166 Function values: 0.00014431693718876175 -> 0.00014291126665259902 delta: -1.4056705361627318e-06
method nt iteration 1380: Locations[1.01195455 1.02405201] -> [1.01189618 1.02393388] Step length = 0.00013176335191193172 Function values: 0.00014291126665259902 -> 0.0001415191266212807 delta: -1.3921400313183173e-06
method nt iteration 1381: Locations[1.01189618 1.02393388] -> [1.01183809 1.02381632] Step length = 0.00013112907094880752 Function values: 0.0001415191266212807 -> 0.00014014038917363204 delta: -1.378737447648668e-06
method nt iteration 1382: Locations[1.01183809 1.02381632] -> [1.01178028 1.02369933] Step length = 0.00013049772706811487 Function values: 0.00014014038917363204 -> 0.0001387749275647297 delta: -1.3654616089023319e-06
method nt iteration 1383: Locations[1.01178028 1.02369933] -> [1.01172274 1.0235829 ] Step length = 0.00012986930777270797 Function values: 0.0001387749275647297 -> 0.0001374226162155687 delta: -1.3523113491610084e-06
method nt iteration 1384: Locations[1.01172274 1.0235829 ] -> [1.01166548 1.02346703] Step length = 0.00012924380060869243 Function values: 0.0001374226162155687 -> 0.00013608333070278203 delta: -1.3392855127866666e-06
method nt iteration 1385: Locations[1.01166548 1.02346703] -> [1.01160849 1.02335173] Step length = 0.0001286211931648344 Function values: 0.00013608333070278203 -> 0.00013475694774847633 delta: -1.326382954305698e-06
method nt iteration 1386: Locations[1.01160849 1.02335173] -> [1.01155177 1.02323698] Step length = 0.00012800147307315268 Function values: 0.00013475694774847633 -> 0.0001334433452101301 delta: -1.3136025383462223e-06
method nt iteration 1387: Locations[1.01155177 1.02323698] -> [1.01149532 1.02312278] Step length = 0.0001273846280071288 Function values: 0.0001334433452101301 -> 0.00013214240207058488 delta: -1.3009431395452262e-06
method nt iteration 1388: Locations[1.01149532 1.02312278] -> [1.01143914 1.02300914] Step length = 0.00012677064568429407 Function values: 0.00013214240207058488 -> 0.00013085399842811902 delta: -1.2884036424658653e-06
method nt iteration 1389: Locations[1.01143914 1.02300914] -> [1.01138323 1.02289604] Step length = 0.00012615951386244496 Function values: 0.00013085399842811902 -> 0.0001295780154865928 delta: -1.275982941526232e-06
method nt iteration 1390: Locations[1.01138323 1.02289604] -> [1.01132759 1.02278349] Step length = 0.00012555122034402374 Function values: 0.0001295780154865928 -> 0.00012831433554568464 delta: -1.2636799409081472e-06
method nt iteration 1391: Locations[1.01132759 1.02278349] -> [1.01127222 1.02267149] Step length = 0.00012494575297263352 Function values: 0.00012831433554568464 -> 0.00012706284199120308 delta: -1.2514935544815644e-06
method nt iteration 1392: Locations[1.01127222 1.02267149] -> [1.0112171  1.02256003] Step length = 0.0001243430996350281 Function values: 0.00012706284199120308 -> 0.00012582341928547836 delta: -1.239422705724718e-06
method nt iteration 1393: Locations[1.0112171  1.02256003] -> [1.01116226 1.0224491 ] Step length = 0.00012374324825932014 Function values: 0.00012582341928547836 -> 0.00012459595295783352 delta: -1.2274663276448411e-06
method nt iteration 1394: Locations[1.01116226 1.0224491 ] -> [1.01110767 1.02233872] Step length = 0.00012314618681587728 Function values: 0.00012459595295783352 -> 0.00012338032959513897 delta: -1.2156233626945464e-06
method nt iteration 1395: Locations[1.01110767 1.02233872] -> [1.01105335 1.02222886] Step length = 0.00012255190331861228 Function values: 0.00012338032959513897 -> 0.00012217643683243073 delta: -1.2038927627082375e-06
method nt iteration 1396: Locations[1.01105335 1.02222886] -> [1.01099928 1.02211954] Step length = 0.00012196038582289556 Function values: 0.00012217643683243073 -> 0.0001209841633436207 delta: -1.1922734888100337e-06
method nt iteration 1397: Locations[1.01099928 1.02211954] -> [1.01094547 1.02201075] Step length = 0.00012137162242505853 Function values: 0.0001209841633436207 -> 0.00011980339883228891 delta: -1.18076451133179e-06
method nt iteration 1398: Locations[1.01094547 1.02201075] -> [1.01089193 1.02190248] Step length = 0.00012078560126427828 Function values: 0.00011980339883228891 -> 0.00011863403402252773 delta: -1.1693648097611776e-06
method nt iteration 1399: Locations[1.01089193 1.02190248] -> [1.01083863 1.02179474] Step length = 0.00012020231052258143 Function values: 0.00011863403402252773 -> 0.00011747596064988155 delta: -1.1580733726461798e-06
method nt iteration 1400: Locations[1.01083863 1.02179474] -> [1.0107856  1.02168752] Step length = 0.00011962173842225627 Function values: 0.00011747596064988155 -> 0.00011632907145236147 delta: -1.1468891975200779e-06
method nt iteration 1401: Locations[1.0107856  1.02168752] -> [1.01073281 1.02158082] Step length = 0.00011904387322803943 Function values: 0.00011632907145236147 -> 0.00011519326016152532 delta: -1.1358112908361556e-06
method nt iteration 1402: Locations[1.01073281 1.02158082] -> [1.01068028 1.02147463] Step length = 0.00011846870324681581 Function values: 0.00011519326016152532 -> 0.00011406842149362686 delta: -1.1248386678984593e-06
method nt iteration 1403: Locations[1.01068028 1.02147463] -> [1.010628   1.02136896] Step length = 0.00011789621682762446 Function values: 0.00011406842149362686 -> 0.0001129544511408675 delta: -1.1139703527593539e-06
method nt iteration 1404: Locations[1.010628   1.02136896] -> [1.01057597 1.0212638 ] Step length = 0.00011732640235926137 Function values: 0.0001129544511408675 -> 0.00011185124576268273 delta: -1.1032053781847748e-06
method nt iteration 1405: Locations[1.01057597 1.0212638 ] -> [1.0105242  1.02115915] Step length = 0.00011675924827396826 Function values: 0.00011185124576268273 -> 0.00011075870297713437 delta: -1.0925427855483554e-06
method nt iteration 1406: Locations[1.0105242  1.02115915] -> [1.01047267 1.021055  ] Step length = 0.00011619474304424157 Function values: 0.00011075870297713437 -> 0.00010967672135234645 delta: -1.081981624787923e-06
method nt iteration 1407: Locations[1.01047267 1.021055  ] -> [1.01042138 1.02095137] Step length = 0.0001156328751856245 Function values: 0.00010967672135234645 -> 0.00010860520039804062 delta: -1.0715209543058342e-06
method nt iteration 1408: Locations[1.01042138 1.02095137] -> [1.01037034 1.02084823] Step length = 0.00011507363325232193 Function values: 0.00010860520039804062 -> 0.00010754404055711443 delta: -1.0611598409261891e-06
method nt iteration 1409: Locations[1.01037034 1.02084823] -> [1.01031955 1.02074559] Step length = 0.0001145170058431746 Function values: 0.00010754404055711443 -> 0.00010649314319730869 delta: -1.0508973598057374e-06
method nt iteration 1410: Locations[1.01031955 1.02074559] -> [1.010269   1.02064345] Step length = 0.00011396298159578684 Function values: 0.00010649314319730869 -> 0.00010545241060293984 delta: -1.0407325943688527e-06
method nt iteration 1411: Locations[1.010269   1.02064345] -> [1.0102187  1.02054181] Step length = 0.00011341154919000967 Function values: 0.00010545241060293984 -> 0.00010442174596670614 delta: -1.0306646362336991e-06
method nt iteration 1412: Locations[1.0102187  1.02054181] -> [1.01016863 1.02044066] Step length = 0.00011286269734624591 Function values: 0.00010442174596670614 -> 0.00010340105338154901 delta: -1.0206925851571262e-06
method nt iteration 1413: Locations[1.01016863 1.02044066] -> [1.01011881 1.02034   ] Step length = 0.00011231641482674633 Function values: 0.00010340105338154901 -> 0.00010239023783259621 delta: -1.0108155489527983e-06
method nt iteration 1414: Locations[1.01011881 1.02034   ] -> [1.01006922 1.02023983] Step length = 0.00011177269043351861 Function values: 0.00010239023783259621 -> 0.00010138920518916813 delta: -1.0010326434280805e-06
method nt iteration 1415: Locations[1.01006922 1.02023983] -> [1.01001987 1.02014014] Step length = 0.00011123151301051603 Function values: 0.00010138920518916813 -> 0.0001003978621968514 delta: -9.913429923167364e-07
method nt iteration 1416: Locations[1.01001987 1.02014014] -> [1.00997076 1.02004094] Step length = 0.00011069287144224401 Function values: 0.0001003978621968514 -> 9.941611646963885e-05 delta: -9.817457272125483e-07
method nt iteration 1417: Locations[1.00997076 1.02004094] -> [1.00992189 1.01994222] Step length = 0.00011015675465346031 Function values: 9.941611646963885e-05 -> 9.844387648213164e-05 delta: -9.72239987507206e-07
method nt iteration 1418: Locations[1.00992189 1.01994222] -> [1.00987325 1.01984398] Step length = 0.000109623151610471 Function values: 9.844387648213164e-05 -> 9.748105156182002e-05 delta: -9.628249203116201e-07
method nt iteration 1419: Locations[1.00987325 1.01984398] -> [1.00982484 1.01974621] Step length = 0.00010909205131913623 Function values: 9.748105156182002e-05 -> 9.652755188141155e-05 delta: -9.534996804084757e-07
method nt iteration 1420: Locations[1.00982484 1.01974621] -> [1.00977667 1.01964892] Step length = 0.0001085634428269642 Function values: 9.652755188141155e-05 -> 9.558328845124616e-05 delta: -9.442634301653867e-07
method nt iteration 1421: Locations[1.00977667 1.01964892] -> [1.00972873 1.0195521 ] Step length = 0.00010803731522121347 Function values: 9.558328845124616e-05 -> 9.464817311174447e-05 delta: -9.35115339501693e-07
method nt iteration 1422: Locations[1.00972873 1.0195521 ] -> [1.00968102 1.01945576] Step length = 0.00010751365762890236 Function values: 9.464817311174447e-05 -> 9.372211852596347e-05 delta: -9.260545857810019e-07
method nt iteration 1423: Locations[1.00968102 1.01945576] -> [1.00963354 1.01935988] Step length = 0.00010699245921858791 Function values: 9.372211852596347e-05 -> 9.280503817216315e-05 delta: -9.170803538003194e-07
method nt iteration 1424: Locations[1.00963354 1.01935988] -> [1.00958628 1.01926446] Step length = 0.00010647370919898216 Function values: 9.280503817216315e-05 -> 9.189684633647935e-05 delta: -9.08191835683798e-07
method nt iteration 1425: Locations[1.00958628 1.01926446] -> [1.00953926 1.01916951] Step length = 0.00010595739681765555 Function values: 9.189684633647935e-05 -> 9.099745810564527e-05 delta: -8.993882308340836e-07
method nt iteration 1426: Locations[1.00953926 1.01916951] -> [1.00949246 1.01907502] Step length = 0.00010544351136322158 Function values: 9.099745810564527e-05 -> 9.010678935975811e-05 delta: -8.90668745887158e-07
method nt iteration 1427: Locations[1.00949246 1.01907502] -> [1.00944589 1.01898099] Step length = 0.00010493204216444773 Function values: 9.010678935975811e-05 -> 8.922475676513648e-05 delta: -8.82032594621632e-07
method nt iteration 1428: Locations[1.00944589 1.01898099] -> [1.00939954 1.01888742] Step length = 0.00010442297858915591 Function values: 8.922475676513648e-05 -> 8.835127776721721e-05 delta: -8.734789979192672e-07
method nt iteration 1429: Locations[1.00939954 1.01888742] -> [1.00935341 1.0187943 ] Step length = 0.00010391631004541614 Function values: 8.835127776721721e-05 -> 8.748627058351276e-05 delta: -8.650071837044499e-07
method nt iteration 1430: Locations[1.00935341 1.0187943 ] -> [1.00930751 1.01870164] Step length = 0.00010341202598145124 Function values: 8.748627058351276e-05 -> 8.662965419664914e-05 delta: -8.566163868636216e-07
method nt iteration 1431: Locations[1.00930751 1.01870164] -> [1.00926182 1.01860942] Step length = 0.00010291011588453575 Function values: 8.662965419664914e-05 -> 8.578134834743398e-05 delta: -8.483058492151518e-07
method nt iteration 1432: Locations[1.00926182 1.01860942] -> [1.00921636 1.01851766] Step length = 0.0001024105692814995 Function values: 8.578134834743398e-05 -> 8.494127352801259e-05 delta: -8.400748194213955e-07
method nt iteration 1433: Locations[1.00921636 1.01851766] -> [1.00917112 1.01842634] Step length = 0.00010191337573941904 Function values: 8.494127352801259e-05 -> 8.410935097506152e-05 delta: -8.319225529510716e-07
method nt iteration 1434: Locations[1.00917112 1.01842634] -> [1.00912609 1.01833546] Step length = 0.00010141852486323158 Function values: 8.410935097506152e-05 -> 8.328550266304855e-05 delta: -8.238483120129634e-07
method nt iteration 1435: Locations[1.00912609 1.01833546] -> [1.00908128 1.01824503] Step length = 0.0001009260062992157 Function values: 8.328550266304855e-05 -> 8.246965129754595e-05 delta: -8.158513655026037e-07
method nt iteration 1436: Locations[1.00908128 1.01824503] -> [1.00903669 1.01815503] Step length = 0.00010043580973181114 Function values: 8.246965129754595e-05 -> 8.166172030861704e-05 delta: -8.079309889289145e-07
method nt iteration 1437: Locations[1.00903669 1.01815503] -> [1.00899231 1.01806548] Step length = 9.994792488341424e-05 Function values: 8.166172030861704e-05 -> 8.086163384423479e-05 delta: -8.000864643822501e-07
method nt iteration 1438: Locations[1.00899231 1.01806548] -> [1.00894815 1.01797636] Step length = 9.94623415179625e-05 Function values: 8.086163384423479e-05 -> 8.00693167637731e-05 delta: -7.923170804616882e-07
method nt iteration 1439: Locations[1.00894815 1.01797636] -> [1.0089042  1.01788767] Step length = 9.897904943695505e-05 Function values: 8.00693167637731e-05 -> 7.928469463155342e-05 delta: -7.846221322196809e-07
method nt iteration 1440: Locations[1.0089042  1.01788767] -> [1.00886046 1.01779942] Step length = 9.849803848024645e-05 Function values: 7.928469463155342e-05 -> 7.850769371043867e-05 delta: -7.770009211147431e-07
method nt iteration 1441: Locations[1.00886046 1.01779942] -> [1.00881693 1.01771159] Step length = 9.801929852774022e-05 Function values: 7.850769371043867e-05 -> 7.773824095549397e-05 delta: -7.694527549447064e-07
method nt iteration 1442: Locations[1.00881693 1.01771159] -> [1.00877361 1.0176242 ] Step length = 9.754281949709788e-05 Function values: 7.773824095549397e-05 -> 7.697626400768967e-05 delta: -7.619769478042993e-07
method nt iteration 1443: Locations[1.00877361 1.0176242 ] -> [1.0087305  1.01753723] Step length = 9.706859134533205e-05 Function values: 7.697626400768967e-05 -> 7.622169118766636e-05 delta: -7.545728200233074e-07
method nt iteration 1444: Locations[1.0087305  1.01753723] -> [1.0086876  1.01745068] Step length = 9.659660406731327e-05 Function values: 7.622169118766636e-05 -> 7.547445148954943e-05 delta: -7.472396981169304e-07
method nt iteration 1445: Locations[1.0086876  1.01745068] -> [1.00864491 1.01736455] Step length = 9.612684769696501e-05 Function values: 7.547445148954943e-05 -> 7.473447457482435e-05 delta: -7.399769147250801e-07
method nt iteration 1446: Locations[1.00864491 1.01736455] -> [1.00860242 1.01727885] Step length = 9.565931230636566e-05 Function values: 7.473447457482435e-05 -> 7.400169076625309e-05 delta: -7.327838085712624e-07
method nt iteration 1447: Locations[1.00860242 1.01727885] -> [1.00856014 1.01719356] Step length = 9.519398800535382e-05 Function values: 7.400169076625309e-05 -> 7.327603104185819e-05 delta: -7.256597243948958e-07
method nt iteration 1448: Locations[1.00856014 1.01719356] -> [1.00851806 1.01710869] Step length = 9.473086494261784e-05 Function values: 7.327603104185819e-05 -> 7.255742702893924e-05 delta: -7.186040129189477e-07
method nt iteration 1449: Locations[1.00851806 1.01710869] -> [1.00847619 1.01702423] Step length = 9.426993330490503e-05 Function values: 7.255742702893924e-05 -> 7.1845810998164e-05 delta: -7.116160307752469e-07
method nt iteration 1450: Locations[1.00847619 1.01702423] -> [1.00843452 1.01694018] Step length = 9.381118331671871e-05 Function values: 7.1845810998164e-05 -> 7.114111585769108e-05 delta: -7.046951404729196e-07
method nt iteration 1451: Locations[1.00843452 1.01694018] -> [1.00839305 1.01685654] Step length = 9.335460524022099e-05 Function values: 7.114111585769108e-05 -> 7.044327514735494e-05 delta: -6.978407103361425e-07
method nt iteration 1452: Locations[1.00839305 1.01685654] -> [1.00835178 1.01677331] Step length = 9.29001893758294e-05 Function values: 7.044327514735494e-05 -> 6.975222303290064e-05 delta: -6.910521144542966e-07
method nt iteration 1453: Locations[1.00835178 1.01677331] -> [1.00831071 1.01669049] Step length = 9.244792606161813e-05 Function values: 6.975222303290064e-05 -> 6.906789430026108e-05 delta: -6.843287326395615e-07
method nt iteration 1454: Locations[1.00831071 1.01669049] -> [1.00826984 1.01660807] Step length = 9.199780567262237e-05 Function values: 6.906789430026108e-05 -> 6.839022434988733e-05 delta: -6.77669950373749e-07
method nt iteration 1455: Locations[1.00826984 1.01660807] -> [1.00822916 1.01652605] Step length = 9.154981862332718e-05 Function values: 6.839022434988733e-05 -> 6.771914919113896e-05 delta: -6.710751587483732e-07
method nt iteration 1456: Locations[1.00822916 1.01652605] -> [1.00818869 1.01644443] Step length = 9.110395536328753e-05 Function values: 6.771914919113896e-05 -> 6.705460543670804e-05 delta: -6.64543754430919e-07
method nt iteration 1457: Locations[1.00818869 1.01644443] -> [1.00814841 1.01636321] Step length = 9.066020638051145e-05 Function values: 6.705460543670804e-05 -> 6.639653029709883e-05 delta: -6.580751396092084e-07
method nt iteration 1458: Locations[1.00814841 1.01636321] -> [1.00810832 1.01628238] Step length = 9.02185621998685e-05 Function values: 6.639653029709883e-05 -> 6.574486157515512e-05 delta: -6.516687219437095e-07
method nt iteration 1459: Locations[1.00810832 1.01628238] -> [1.00806843 1.01620195] Step length = 8.977901338477942e-05 Function values: 6.574486157515512e-05 -> 6.509953766063133e-05 delta: -6.453239145237888e-07
method nt iteration 1460: Locations[1.00806843 1.01620195] -> [1.00802873 1.01612192] Step length = 8.934155053393627e-05 Function values: 6.509953766063133e-05 -> 6.446049752482154e-05 delta: -6.390401358097878e-07
method nt iteration 1461: Locations[1.00802873 1.01612192] -> [1.00798922 1.01604227] Step length = 8.890616428388487e-05 Function values: 6.446049752482154e-05 -> 6.382768071522054e-05 delta: -6.328168096009982e-07
method nt iteration 1462: Locations[1.00798922 1.01604227] -> [1.00794991 1.01596301] Step length = 8.847284530823213e-05 Function values: 6.382768071522054e-05 -> 6.32010273502456e-05 delta: -6.266533649749469e-07
method nt iteration 1463: Locations[1.00794991 1.01596301] -> [1.00791078 1.01588414] Step length = 8.80415843166497e-05 Function values: 6.32010273502456e-05 -> 6.25804781139969e-05 delta: -6.20549236248703e-07
method nt iteration 1464: Locations[1.00791078 1.01588414] -> [1.00787185 1.01580566] Step length = 8.761237205586828e-05 Function values: 6.25804781139969e-05 -> 6.19659742510633e-05 delta: -6.145038629335993e-07
method nt iteration 1465: Locations[1.00787185 1.01580566] -> [1.0078331  1.01572756] Step length = 8.718519930977765e-05 Function values: 6.19659742510633e-05 -> 6.135745756137699e-05 delta: -6.085166896863077e-07
method nt iteration 1466: Locations[1.0078331  1.01572756] -> [1.00779454 1.01564984] Step length = 8.676005689753614e-05 Function values: 6.135745756137699e-05 -> 6.07548703951092e-05 delta: -6.02587166267788e-07
method nt iteration 1467: Locations[1.00779454 1.01564984] -> [1.00775617 1.01557249] Step length = 8.633693567605895e-05 Function values: 6.07548703951092e-05 -> 6.0158155647620696e-05 delta: -5.967147474885025e-07
method nt iteration 1468: Locations[1.00775617 1.01557249] -> [1.00771798 1.01549553] Step length = 8.591582653683097e-05 Function values: 6.0158155647620696e-05 -> 5.9567256754435584e-05 delta: -5.908988931851121e-07
method nt iteration 1469: Locations[1.00771798 1.01549553] -> [1.00767998 1.01541894] Step length = 8.549672041028852e-05 Function values: 5.9567256754435584e-05 -> 5.898211768628638e-05 delta: -5.851390681492035e-07
method nt iteration 1470: Locations[1.00767998 1.01541894] -> [1.00764216 1.01534273] Step length = 8.507960826024534e-05 Function values: 5.898211768628638e-05 -> 5.840268294418156e-05 delta: -5.794347421048194e-07
method nt iteration 1471: Locations[1.00764216 1.01534273] -> [1.00760453 1.01526689] Step length = 8.466448108787342e-05 Function values: 5.840268294418156e-05 -> 5.7828897554529895e-05 delta: -5.737853896516662e-07
method nt iteration 1472: Locations[1.00760453 1.01526689] -> [1.00756708 1.01519142] Step length = 8.425132992941178e-05 Function values: 5.7828897554529895e-05 -> 5.726070706429022e-05 delta: -5.681904902396764e-07
method nt iteration 1473: Locations[1.00756708 1.01519142] -> [1.00752981 1.01511632] Step length = 8.384014585875788e-05 Function values: 5.726070706429022e-05 -> 5.669805753619062e-05 delta: -5.626495280995988e-07
method nt iteration 1474: Locations[1.00752981 1.01511632] -> [1.00749272 1.01504159] Step length = 8.343091998298703e-05 Function values: 5.669805753619062e-05 -> 5.6140895543965734e-05 delta: -5.571619922248861e-07
method nt iteration 1475: Locations[1.00749272 1.01504159] -> [1.00745581 1.01496722] Step length = 8.302364344682963e-05 Function values: 5.6140895543965734e-05 -> 5.558916816764576e-05 delta: -5.517273763199713e-07
method nt iteration 1476: Locations[1.00745581 1.01496722] -> [1.00741909 1.01489321] Step length = 8.261830742928976e-05 Function values: 5.558916816764576e-05 -> 5.504282298888664e-05 delta: -5.463451787591223e-07
method nt iteration 1477: Locations[1.00741909 1.01489321] -> [1.00738253 1.01481957] Step length = 8.22149031460318e-05 Function values: 5.504282298888664e-05 -> 5.450180808634102e-05 delta: -5.410149025456218e-07
method nt iteration 1478: Locations[1.00738253 1.01481957] -> [1.00734616 1.01474629] Step length = 8.181342184649693e-05 Function values: 5.450180808634102e-05 -> 5.396607203107301e-05 delta: -5.357360552680061e-07
method nt iteration 1479: Locations[1.00734616 1.01474629] -> [1.00730996 1.01467336] Step length = 8.14138548168849e-05 Function values: 5.396607203107301e-05 -> 5.3435563882006605e-05 delta: -5.305081490664074e-07
method nt iteration 1480: Locations[1.00730996 1.01467336] -> [1.00727394 1.01460079] Step length = 8.10161933773709e-05 Function values: 5.3435563882006605e-05 -> 5.291023318142033e-05 delta: -5.25330700586272e-07
method nt iteration 1481: Locations[1.00727394 1.01460079] -> [1.0072381  1.01452858] Step length = 8.062042888389541e-05 Function values: 5.291023318142033e-05 -> 5.2390029950481546e-05 delta: -5.202032309387867e-07
method nt iteration 1482: Locations[1.0072381  1.01452858] -> [1.00720242 1.01445672] Step length = 8.022655272687043e-05 Function values: 5.2390029950481546e-05 -> 5.1874904684816466e-05 delta: -5.151252656650801e-07
method nt iteration 1483: Locations[1.00720242 1.01445672] -> [1.00716692 1.01438521] Step length = 7.98345563314785e-05 Function values: 5.1874904684816466e-05 -> 5.1364808350122426e-05 delta: -5.100963346940402e-07
method nt iteration 1484: Locations[1.00716692 1.01438521] -> [1.0071316  1.01431405] Step length = 7.944443115816898e-05 Function values: 5.1364808350122426e-05 -> 5.08596923778154e-05 delta: -5.051159723070236e-07
method nt iteration 1485: Locations[1.0071316  1.01431405] -> [1.00709644 1.01424325] Step length = 7.905616870226151e-05 Function values: 5.08596923778154e-05 -> 5.03595086607221e-05 delta: -5.001837170933015e-07
method nt iteration 1486: Locations[1.00709644 1.01424325] -> [1.00706146 1.01417278] Step length = 7.866976049235483e-05 Function values: 5.03595086607221e-05 -> 4.9864209548809866e-05 delta: -4.95299111912235e-07
method nt iteration 1487: Locations[1.00706146 1.01417278] -> [1.00702665 1.01410266] Step length = 7.828519809231406e-05 Function values: 4.9864209548809866e-05 -> 4.937374784494783e-05 delta: -4.904617038620359e-07
method nt iteration 1488: Locations[1.00702665 1.01410266] -> [1.006992   1.01403289] Step length = 7.790247310007864e-05 Function values: 4.937374784494783e-05 -> 4.8888076800711587e-05 delta: -4.856710442362433e-07
method nt iteration 1489: Locations[1.006992   1.01403289] -> [1.00695752 1.01396346] Step length = 7.752157714845628e-05 Function values: 4.8888076800711587e-05 -> 4.8407150112218614e-05 delta: -4.809266884929725e-07
method nt iteration 1490: Locations[1.00695752 1.01396346] -> [1.00692322 1.01389436] Step length = 7.714250190403252e-05 Function values: 4.8407150112218614e-05 -> 4.7930921916015815e-05 delta: -4.7622819620279916e-07
method nt iteration 1491: Locations[1.00692322 1.01389436] -> [1.00688907 1.01382561] Step length = 7.67652390662707e-05 Function values: 4.7930921916015815e-05 -> 4.745934678498163e-05 delta: -4.7157513103418324e-07
method nt iteration 1492: Locations[1.00688907 1.01382561] -> [1.0068551  1.01375719] Step length = 7.638978037109721e-05 Function values: 4.745934678498163e-05 -> 4.699237972428889e-05 delta: -4.6696706069274027e-07
method nt iteration 1493: Locations[1.0068551  1.01375719] -> [1.00682129 1.01368911] Step length = 7.60161175851284e-05 Function values: 4.699237972428889e-05 -> 4.6529976167378783e-05 delta: -4.624035569101079e-07
method nt iteration 1494: Locations[1.00682129 1.01368911] -> [1.00678764 1.01362136] Step length = 7.564424251174094e-05 Function values: 4.6529976167378783e-05 -> 4.607209197199158e-05 delta: -4.5788419538720146e-07
method nt iteration 1495: Locations[1.00678764 1.01362136] -> [1.00675416 1.01355394] Step length = 7.527414698589954e-05 Function values: 4.607209197199158e-05 -> 4.561868341622643e-05 delta: -4.534085557651507e-07
method nt iteration 1496: Locations[1.00675416 1.01355394] -> [1.00672084 1.01348685] Step length = 7.49058228765407e-05 Function values: 4.561868341622643e-05 -> 4.516970719462372e-05 delta: -4.489762216027142e-07
method nt iteration 1497: Locations[1.00672084 1.01348685] -> [1.00668768 1.01342009] Step length = 7.453926208667663e-05 Function values: 4.516970719462372e-05 -> 4.4725120414303247e-05 delta: -4.4458678032047053e-07
method nt iteration 1498: Locations[1.00668768 1.01342009] -> [1.00665469 1.01335366] Step length = 7.417445655229799e-05 Function values: 4.4725120414303247e-05 -> 4.4284880591121416e-05 delta: -4.4023982318183063e-07
method nt iteration 1499: Locations[1.00665469 1.01335366] -> [1.00662185 1.01328756] Step length = 7.38113982421776e-05 Function values: 4.4284880591121416e-05 -> 4.3848945645874355e-05 delta: -4.3593494524706125e-07
method nt iteration 1500: Locations[1.00662185 1.01328756] -> [1.00658918 1.01322177] Step length = 7.345007915876188e-05 Function values: 4.3848945645874355e-05 -> 4.34172739005198e-05 delta: -4.316717453545552e-07
method nt iteration 1501: Locations[1.00658918 1.01322177] -> [1.00655666 1.01315631] Step length = 7.309049133747932e-05 Function values: 4.34172739005198e-05 -> 4.298982407445305e-05 delta: -4.2744982606675004e-07
method nt iteration 1502: Locations[1.00655666 1.01315631] -> [1.0065243  1.01309118] Step length = 7.273262684574077e-05 Function values: 4.298982407445305e-05 -> 4.256655528079244e-05 delta: -4.2326879366060737e-07
method nt iteration 1503: Locations[1.0065243  1.01309118] -> [1.0064921  1.01302636] Step length = 7.2376477785431e-05 Function values: 4.256655528079244e-05 -> 4.214742702272395e-05 delta: -4.1912825806849e-07
method nt iteration 1504: Locations[1.0064921  1.01302636] -> [1.00646006 1.01296186] Step length = 7.202203629011929e-05 Function values: 4.214742702272395e-05 -> 4.173239918985498e-05 delta: -4.150278328689732e-07
method nt iteration 1505: Locations[1.00646006 1.01296186] -> [1.00642817 1.01289767] Step length = 7.16692945262564e-05 Function values: 4.173239918985498e-05 -> 4.1321432054617804e-05 delta: -4.10967135237175e-07
method nt iteration 1506: Locations[1.00642817 1.01289767] -> [1.00639644 1.0128338 ] Step length = 7.131824469197996e-05 Function values: 4.1321432054617804e-05 -> 4.0914486268699116e-05 delta: -4.069457859186875e-07
method nt iteration 1507: Locations[1.00639644 1.0128338 ] -> [1.00636487 1.01277024] Step length = 7.096887901930056e-05 Function values: 4.0914486268699116e-05 -> 4.05115228594956e-05 delta: -4.029634092035157e-07
method nt iteration 1508: Locations[1.00636487 1.01277024] -> [1.00633344 1.012707  ] Step length = 7.062118977161906e-05 Function values: 4.05115228594956e-05 -> 4.0112503226615175e-05 delta: -3.990196328804255e-07
method nt iteration 1509: Locations[1.00633344 1.012707  ] -> [1.00630217 1.01264406] Step length = 7.027516924481708e-05 Function values: 4.0112503226615175e-05 -> 3.971738913839512e-05 delta: -3.9511408822005757e-07
method nt iteration 1510: Locations[1.00630217 1.01264406] -> [1.00627106 1.01258144] Step length = 6.993080976706048e-05 Function values: 3.971738913839512e-05 -> 3.9326142728462434e-05 delta: -3.912464099326839e-07
method nt iteration 1511: Locations[1.00627106 1.01258144] -> [1.00624009 1.01251912] Step length = 6.95881036976062e-05 Function values: 3.9326142728462434e-05 -> 3.893872649232478e-05 delta: -3.874162361376538e-07
method nt iteration 1512: Locations[1.00624009 1.01251912] -> [1.00620928 1.01245711] Step length = 6.92470434283892e-05 Function values: 3.893872649232478e-05 -> 3.855510328397492e-05 delta: -3.836232083498614e-07
method nt iteration 1513: Locations[1.00620928 1.01245711] -> [1.00617861 1.0123954 ] Step length = 6.89076213841286e-05 Function values: 3.855510328397492e-05 -> 3.817523631255605e-05 delta: -3.7986697141886806e-07
method nt iteration 1514: Locations[1.00617861 1.0123954 ] -> [1.0061481  1.01233399] Step length = 6.856983001884212e-05 Function values: 3.817523631255605e-05 -> 3.77990891390318e-05 delta: -3.761471735242537e-07
method nt iteration 1515: Locations[1.0061481  1.01233399] -> [1.00611773 1.01227289] Step length = 6.823366182002311e-05 Function values: 3.77990891390318e-05 -> 3.7426625672891444e-05 delta: -3.72463466140353e-07
method nt iteration 1516: Locations[1.00611773 1.01227289] -> [1.00608751 1.01221208] Step length = 6.7899109305859e-05 Function values: 3.7426625672891444e-05 -> 3.705781016889545e-05 delta: -3.688155039959911e-07
method nt iteration 1517: Locations[1.00608751 1.01221208] -> [1.00605744 1.01215158] Step length = 6.756616502721833e-05 Function values: 3.705781016889545e-05 -> 3.669260722384454e-05 delta: -3.6520294505091547e-07
method nt iteration 1518: Locations[1.00605744 1.01215158] -> [1.00602752 1.01209137] Step length = 6.723482156327383e-05 Function values: 3.669260722384454e-05 -> 3.633098177336663e-05 delta: -3.6162545047790684e-07
method nt iteration 1519: Locations[1.00602752 1.01209137] -> [1.00599774 1.01203145] Step length = 6.690507152866541e-05 Function values: 3.633098177336663e-05 -> 3.5972899088754226e-05 delta: -3.580826846124043e-07
method nt iteration 1520: Locations[1.00599774 1.01203145] -> [1.00596811 1.01197184] Step length = 6.657690756524505e-05 Function values: 3.5972899088754226e-05 -> 3.5618324773816344e-05 delta: -3.5457431493788206e-07
method nt iteration 1521: Locations[1.00596811 1.01197184] -> [1.00593862 1.01191251] Step length = 6.62503223475444e-05 Function values: 3.5618324773816344e-05 -> 3.526722476175606e-05 delta: -3.5110001206028286e-07
method nt iteration 1522: Locations[1.00593862 1.01191251] -> [1.00590928 1.01185347] Step length = 6.592530858188275e-05 Function values: 3.526722476175606e-05 -> 3.49195653120892e-05 delta: -3.476594496668587e-07
method nt iteration 1523: Locations[1.00590928 1.01185347] -> [1.00588008 1.01179473] Step length = 6.560185900338201e-05 Function values: 3.49195653120892e-05 -> 3.457531300757992e-05 delta: -3.442523045092845e-07
method nt iteration 1524: Locations[1.00588008 1.01179473] -> [1.00585102 1.01173627] Step length = 6.527996637914925e-05 Function values: 3.457531300757992e-05 -> 3.423443475120898e-05 delta: -3.408782563709355e-07
method nt iteration 1525: Locations[1.00585102 1.01173627] -> [1.0058221 1.0116781] Step length = 6.495962350698469e-05 Function values: 3.423443475120898e-05 -> 3.3896897763171735e-05 delta: -3.375369880372479e-07
method nt iteration 1526: Locations[1.0058221 1.0116781] -> [1.00579333 1.01162022] Step length = 6.464082321378984e-05 Function values: 3.3896897763171735e-05 -> 3.3562669577897706e-05 delta: -3.3422818527402805e-07
method nt iteration 1527: Locations[1.00579333 1.01162022] -> [1.0057647  1.01156262] Step length = 6.432355835854985e-05 Function values: 3.3562669577897706e-05 -> 3.323171804109696e-05 delta: -3.309515368007471e-07
method nt iteration 1528: Locations[1.0057647  1.01156262] -> [1.0057362  1.01150531] Step length = 6.400782182984982e-05 Function values: 3.323171804109696e-05 -> 3.290401130684057e-05 delta: -3.2770673425638875e-07
method nt iteration 1529: Locations[1.0057362  1.01150531] -> [1.00570785 1.01144827] Step length = 6.369360654587348e-05 Function values: 3.290401130684057e-05 -> 3.257951783466208e-05 delta: -3.2449347217849023e-07
method nt iteration 1530: Locations[1.00570785 1.01144827] -> [1.00567963 1.01139152] Step length = 6.338090545589499e-05 Function values: 3.257951783466208e-05 -> 3.225820638668753e-05 delta: -3.2131144797455325e-07
method nt iteration 1531: Locations[1.00567963 1.01139152] -> [1.00565155 1.01133504] Step length = 6.306971153848818e-05 Function values: 3.225820638668753e-05 -> 3.194004602478612e-05 delta: -3.181603619014102e-07
method nt iteration 1532: Locations[1.00565155 1.01133504] -> [1.00562361 1.01127885] Step length = 6.27600178021253e-05 Function values: 3.194004602478612e-05 -> 3.162500610775653e-05 delta: -3.1503991702958793e-07
method nt iteration 1533: Locations[1.00562361 1.01127885] -> [1.00559581 1.01122293] Step length = 6.245181728567223e-05 Function values: 3.162500610775653e-05 -> 3.131305628853094e-05 delta: -3.1194981922558765e-07
method nt iteration 1534: Locations[1.00559581 1.01122293] -> [1.00556814 1.01116728] Step length = 6.21451030566002e-05 Function values: 3.131305628853094e-05 -> 3.1004166511409095e-05 delta: -3.088897771218459e-07
method nt iteration 1535: Locations[1.00556814 1.01116728] -> [1.00554061 1.01111191] Step length = 6.183986821337034e-05 Function values: 3.1004166511409095e-05 -> 3.069830700931228e-05 delta: -3.058595020968122e-07
method nt iteration 1536: Locations[1.00554061 1.01111191] -> [1.00551321 1.01105681] Step length = 6.15361058824525e-05 Function values: 3.069830700931228e-05 -> 3.0395448301066926e-05 delta: -3.028587082453573e-07
method nt iteration 1537: Locations[1.00551321 1.01105681] -> [1.00548594 1.01100198] Step length = 6.123380922130858e-05 Function values: 3.0395448301066926e-05 -> 3.0095561188717443e-05 delta: -2.9988711234948254e-07
method nt iteration 1538: Locations[1.00548594 1.01100198] -> [1.00545881 1.01094742] Step length = 6.093297141401498e-05 Function values: 3.0095561188717443e-05 -> 2.9798616754848603e-05 delta: -2.9694443386884e-07
method nt iteration 1539: Locations[1.00545881 1.01094742] -> [1.00543181 1.01089313] Step length = 6.063358567772821e-05 Function values: 2.9798616754848603e-05 -> 2.9504586359949013e-05 delta: -2.940303948995905e-07
method nt iteration 1540: Locations[1.00543181 1.01089313] -> [1.00540495 1.0108391 ] Step length = 6.033564525482857e-05 Function values: 2.9504586359949013e-05 -> 2.9213441639786207e-05 delta: -2.9114472016280574e-07
method nt iteration 1541: Locations[1.00540495 1.0108391 ] -> [1.00537821 1.01078535] Step length = 6.003914341928557e-05 Function values: 2.9213441639786207e-05 -> 2.892515450281978e-05 delta: -2.8828713696642667e-07
method nt iteration 1542: Locations[1.00537821 1.01078535] -> [1.00535161 1.01073185] Step length = 5.974407347217963e-05 Function values: 2.892515450281978e-05 -> 2.8639697127616228e-05 delta: -2.854573752035523e-07
method nt iteration 1543: Locations[1.00535161 1.01073185] -> [1.00532513 1.01067862] Step length = 5.945042874478958e-05 Function values: 2.8639697127616228e-05 -> 2.8357041960313364e-05 delta: -2.8265516730286463e-07
method nt iteration 1544: Locations[1.00532513 1.01067862] -> [1.00529879 1.01062565] Step length = 5.915820259630133e-05 Function values: 2.8357041960313364e-05 -> 2.8077161712086144e-05 delta: -2.798802482272191e-07
method nt iteration 1545: Locations[1.00529879 1.01062565] -> [1.00527257 1.01057295] Step length = 5.8867388414705236e-05 Function values: 2.8077161712086144e-05 -> 2.780002935664721e-05 delta: -2.7713235543893333e-07
method nt iteration 1546: Locations[1.00527257 1.01057295] -> [1.00524649 1.0105205 ] Step length = 5.857797961689587e-05 Function values: 2.780002935664721e-05 -> 2.7525618127772266e-05 delta: -2.7441122887494516e-07
method nt iteration 1547: Locations[1.00524649 1.0105205 ] -> [1.00522053 1.01046831] Step length = 5.8289969646185255e-05 Function values: 2.7525618127772266e-05 -> 2.7253901516840693e-05 delta: -2.7171661093157296e-07
method nt iteration 1548: Locations[1.00522053 1.01046831] -> [1.00519469 1.01041637] Step length = 5.800335197647789e-05 Function values: 2.7253901516840693e-05 -> 2.6984853270398468e-05 delta: -2.690482464422251e-07
method nt iteration 1549: Locations[1.00519469 1.01041637] -> [1.00516899 1.0103647 ] Step length = 5.771812010938943e-05 Function values: 2.6984853270398468e-05 -> 2.6718447387749976e-05 delta: -2.664058826484923e-07
method nt iteration 1550: Locations[1.00516899 1.0103647 ] -> [1.00514341 1.01031327] Step length = 5.7434267573749107e-05 Function values: 2.6718447387749976e-05 -> 2.6454658118569265e-05 delta: -2.637892691807101e-07
method nt iteration 1551: Locations[1.00514341 1.01031327] -> [1.00511795 1.0102621 ] Step length = 5.7151787926792505e-05 Function values: 2.6454658118569265e-05 -> 2.6193459960532825e-05 delta: -2.6119815803644065e-07
method nt iteration 1552: Locations[1.00511795 1.0102621 ] -> [1.00509262 1.01021118] Step length = 5.6870674753862806e-05 Function values: 2.6193459960532825e-05 -> 2.5934827656971515e-05 delta: -2.586323035613096e-07
method nt iteration 1553: Locations[1.00509262 1.01021118] -> [1.00506742 1.01016052] Step length = 5.65909216677164e-05 Function values: 2.5934827656971515e-05 -> 2.5678736194550505e-05 delta: -2.560914624210098e-07
method nt iteration 1554: Locations[1.00506742 1.01016052] -> [1.00504234 1.0101101 ] Step length = 5.6312522308918445e-05 Function values: 2.5678736194550505e-05 -> 2.5425160800961178e-05 delta: -2.535753935893278e-07
method nt iteration 1555: Locations[1.00504234 1.0101101 ] -> [1.00501738 1.01005993] Step length = 5.6035470345844806e-05 Function values: 2.5425160800961178e-05 -> 2.5174076942642863e-05 delta: -2.510838583183147e-07
method nt iteration 1556: Locations[1.00501738 1.01005993] -> [1.00499254 1.01001001] Step length = 5.575975947428438e-05 Function values: 2.5174076942642863e-05 -> 2.4925460322525224e-05 delta: -2.4861662011763867e-07
method nt iteration 1557: Locations[1.00499254 1.01001001] -> [1.00496783 1.00996033] Step length = 5.5485383416542935e-05 Function values: 2.4925460322525224e-05 -> 2.4679286877784293e-05 delta: -2.4617344474093115e-07
method nt iteration 1558: Locations[1.00496783 1.00996033] -> [1.00494323 1.0099109 ] Step length = 5.521233592372982e-05 Function values: 2.4679286877784293e-05 -> 2.4435532777621197e-05 delta: -2.4375410016309624e-07
method nt iteration 1559: Locations[1.00494323 1.0099109 ] -> [1.00491876 1.00986171] Step length = 5.494061077287768e-05 Function values: 2.4435532777621197e-05 -> 2.4194174421071894e-05 delta: -2.413583565493026e-07
method nt iteration 1560: Locations[1.00491876 1.00986171] -> [1.0048944  1.00981276] Step length = 5.467020176942402e-05 Function values: 2.4194174421071894e-05 -> 2.395518843482143e-05 delta: -2.3898598625046377e-07
method nt iteration 1561: Locations[1.0048944  1.00981276] -> [1.00487017 1.00976406] Step length = 5.440110274373462e-05 Function values: 2.395518843482143e-05 -> 2.371855167104893e-05 delta: -2.3663676377250087e-07
method nt iteration 1562: Locations[1.00487017 1.00976406] -> [1.00484605 1.00971559] Step length = 5.4133307555277224e-05 Function values: 2.371855167104893e-05 -> 2.3484241205287756e-05 delta: -2.3431046576117407e-07
method nt iteration 1563: Locations[1.00484605 1.00971559] -> [1.00482206 1.00966737] Step length = 5.386681008884536e-05 Function values: 2.3484241205287756e-05 -> 2.325223433430943e-05 delta: -2.3200687097832496e-07
method nt iteration 1564: Locations[1.00482206 1.00966737] -> [1.00479818 1.00961938] Step length = 5.360160425674403e-05 Function values: 2.325223433430943e-05 -> 2.302250857402239e-05 delta: -2.2972576028703994e-07
method nt iteration 1565: Locations[1.00479818 1.00961938] -> [1.00477442 1.00957163] Step length = 5.333768399710044e-05 Function values: 2.302250857402239e-05 -> 2.2795041657392004e-05 delta: -2.2746691663038627e-07
method nt iteration 1566: Locations[1.00477442 1.00957163] -> [1.00475077 1.00952411] Step length = 5.307504327565402e-05 Function values: 2.2795041657392004e-05 -> 2.2569811532383703e-05 delta: -2.2523012500830165e-07
method nt iteration 1567: Locations[1.00475077 1.00952411] -> [1.00472724 1.00947683] Step length = 5.2813676083269065e-05 Function values: 2.2569811532383703e-05 -> 2.2346796359914186e-05 delta: -2.2301517246951693e-07
method nt iteration 1568: Locations[1.00472724 1.00947683] -> [1.00470383 1.00942978] Step length = 5.255357643852281e-05 Function values: 2.2346796359914186e-05 -> 2.2125974511838154e-05 delta: -2.208218480760315e-07
method nt iteration 1569: Locations[1.00470383 1.00942978] -> [1.00468053 1.00938296] Step length = 5.2294738384819594e-05 Function values: 2.2125974511838154e-05 -> 2.190732456893855e-05 delta: -2.1864994289960322e-07
method nt iteration 1570: Locations[1.00468053 1.00938296] -> [1.00465734 1.00933637] Step length = 5.203715599277815e-05 Function values: 2.190732456893855e-05 -> 2.1690825318943498e-05 delta: -2.1649924999505332e-07
method nt iteration 1571: Locations[1.00465734 1.00933637] -> [1.00463427 1.00929002] Step length = 5.17808233577463e-05 Function values: 2.1690825318943498e-05 -> 2.1476455754559135e-05 delta: -2.1436956438436252e-07
method nt iteration 1572: Locations[1.00463427 1.00929002] -> [1.00461131 1.00924389] Step length = 5.152573460308033e-05 Function values: 2.1476455754559135e-05 -> 2.1264195071518355e-05 delta: -2.1226068304078068e-07
method nt iteration 1573: Locations[1.00461131 1.00924389] -> [1.00458847 1.00919799] Step length = 5.1271883875773595e-05 Function values: 2.1264195071518355e-05 -> 2.1054022666655427e-05 delta: -2.101724048629279e-07
method nt iteration 1574: Locations[1.00458847 1.00919799] -> [1.00456573 1.00915231] Step length = 5.1019265349635155e-05 Function values: 2.1054022666655427e-05 -> 2.084591813598999e-05 delta: -2.0810453066543659e-07
method nt iteration 1575: Locations[1.00456573 1.00915231] -> [1.00454311 1.00910686] Step length = 5.0767873224196846e-05 Function values: 2.084591813598999e-05 -> 2.0639861272830558e-05 delta: -2.0605686315943228e-07
method nt iteration 1576: Locations[1.00454311 1.00910686] -> [1.0045206  1.00906164] Step length = 5.0517701724814064e-05 Function values: 2.0639861272830558e-05 -> 2.0435832065901338e-05 delta: -2.0402920692922006e-07
method nt iteration 1577: Locations[1.0045206  1.00906164] -> [1.0044982  1.00901663] Step length = 5.0268745100478137e-05 Function values: 2.0435832065901338e-05 -> 2.0233810697482023e-05 delta: -2.020213684193147e-07
method nt iteration 1578: Locations[1.0044982  1.00901663] -> [1.00447591 1.00897185] Step length = 5.002099762788999e-05 Function values: 2.0233810697482023e-05 -> 2.0033777541558628e-05 delta: -2.0003315592339538e-07
method nt iteration 1579: Locations[1.00447591 1.00897185] -> [1.00445373 1.0089273 ] Step length = 4.9774453607785815e-05 Function values: 2.0033777541558628e-05 -> 1.98357131620051e-05 delta: -1.980643795535279e-07
method nt iteration 1580: Locations[1.00445373 1.0089273 ] -> [1.00443166 1.00888296] Step length = 4.952910736612787e-05 Function values: 1.98357131620051e-05 -> 1.963959831077353e-05 delta: -1.9611485123156896e-07
method nt iteration 1581: Locations[1.00443166 1.00888296] -> [1.0044097  1.00883884] Step length = 4.928495325420344e-05 Function values: 1.963959831077353e-05 -> 1.9445413926098927e-05 delta: -1.9418438467460402e-07
method nt iteration 1582: Locations[1.0044097  1.00883884] -> [1.00438784 1.00879493] Step length = 4.9041985647532824e-05 Function values: 1.9445413926098927e-05 -> 1.925314113072627e-05 delta: -1.9227279537265674e-07
method nt iteration 1583: Locations[1.00438784 1.00879493] -> [1.00436609 1.00875125] Step length = 4.8800198948453354e-05 Function values: 1.925314113072627e-05 -> 1.906276123015373e-05 delta: -1.9037990057254117e-07
method nt iteration 1584: Locations[1.00436609 1.00875125] -> [1.00434445 1.00870778] Step length = 4.8559587581446884e-05 Function values: 1.906276123015373e-05 -> 1.8874255710886065e-05 delta: -1.8850551926766345e-07
method nt iteration 1585: Locations[1.00434445 1.00870778] -> [1.00432292 1.00866452] Step length = 4.8320145998011835e-05 Function values: 1.8874255710886065e-05 -> 1.8687606238713705e-05 delta: -1.8664947217236012e-07
method nt iteration 1586: Locations[1.00432292 1.00866452] -> [1.00430149 1.00862148] Step length = 4.80818686720897e-05 Function values: 1.8687606238713705e-05 -> 1.8502794656999746e-05 delta: -1.8481158171395972e-07
method nt iteration 1587: Locations[1.00430149 1.00862148] -> [1.00428016 1.00857865] Step length = 4.784475010443796e-05 Function values: 1.8502794656999746e-05 -> 1.8319802984982697e-05 delta: -1.829916720170483e-07
method nt iteration 1588: Locations[1.00428016 1.00857865] -> [1.00425895 1.00853603] Step length = 4.760878481816068e-05 Function values: 1.8319802984982697e-05 -> 1.8138613416108064e-05 delta: -1.81189568874633e-07
method nt iteration 1589: Locations[1.00425895 1.00853603] -> [1.00423783 1.00849362] Step length = 4.737396736238107e-05 Function values: 1.8138613416108064e-05 -> 1.7959208316354237e-05 delta: -1.7940509975382745e-07
method nt iteration 1590: Locations[1.00423783 1.00849362] -> [1.00421682 1.00845142] Step length = 4.714029230926412e-05 Function values: 1.7959208316354237e-05 -> 1.7781570222592676e-05 delta: -1.7763809376156035e-07
method nt iteration 1591: Locations[1.00421682 1.00845142] -> [1.00419591 1.00840943] Step length = 4.6907754255505224e-05 Function values: 1.7781570222592676e-05 -> 1.760568184095362e-05 delta: -1.7588838163905626e-07
method nt iteration 1592: Locations[1.00419591 1.00840943] -> [1.00417511 1.00836765] Step length = 4.667634782193347e-05 Function values: 1.760568184095362e-05 -> 1.743152604521054e-05 delta: -1.7415579574307893e-07
method nt iteration 1593: Locations[1.00417511 1.00836765] -> [1.00415441 1.00832607] Step length = 4.6446067653213004e-05 Function values: 1.743152604521054e-05 -> 1.7259085875177475e-05 delta: -1.7244017003306653e-07
method nt iteration 1594: Locations[1.00415441 1.00832607] -> [1.00413381 1.0082847 ] Step length = 4.621690841844014e-05 Function values: 1.7259085875177475e-05 -> 1.7088344535124754e-05 delta: -1.7074134005272054e-07
method nt iteration 1595: Locations[1.00413381 1.0082847 ] -> [1.00411331 1.00824353] Step length = 4.598886480895606e-05 Function values: 1.7088344535124754e-05 -> 1.6919285392205526e-05 delta: -1.6905914291922812e-07
method nt iteration 1596: Locations[1.00411331 1.00824353] -> [1.00409291 1.00820257] Step length = 4.576193154122934e-05 Function values: 1.6919285392205526e-05 -> 1.6751891974898585e-05 delta: -1.6739341730694147e-07
method nt iteration 1597: Locations[1.00409291 1.00820257] -> [1.00407261 1.0081618 ] Step length = 4.553610335506696e-05 Function values: 1.6751891974898585e-05 -> 1.658614797146542e-05 delta: -1.6574400343316462e-07
method nt iteration 1598: Locations[1.00407261 1.0081618 ] -> [1.00405241 1.00812124] Step length = 4.5311375013516186e-05 Function values: 1.658614797146542e-05 -> 1.642203722842686e-05 delta: -1.6411074303855985e-07
method nt iteration 1599: Locations[1.00405241 1.00812124] -> [1.00403231 1.00808088] Step length = 4.508774130236472e-05 Function values: 1.642203722842686e-05 -> 1.6259543749041013e-05 delta: -1.6249347938584668e-07
method nt iteration 1600: Locations[1.00403231 1.00808088] -> [1.00401231 1.00804072] Step length = 4.486519703272868e-05 Function values: 1.6259543749041013e-05 -> 1.6098651691813206e-05 delta: -1.6089205722780772e-07
method nt iteration 1601: Locations[1.00401231 1.00804072] -> [1.00399241 1.00800076] Step length = 4.464373703607946e-05 Function values: 1.6098651691813206e-05 -> 1.5939345369001614e-05 delta: -1.5930632281159157e-07
method nt iteration 1602: Locations[1.00399241 1.00800076] -> [1.00397261 1.007961  ] Step length = 4.4423356169713275e-05 Function values: 1.5939345369001614e-05 -> 1.5781609245152707e-05 delta: -1.5773612384890748e-07
method nt iteration 1603: Locations[1.00397261 1.007961  ] -> [1.0039529  1.00792143] Step length = 4.42040493126737e-05 Function values: 1.5781609245152707e-05 -> 1.562542793563767e-05 delta: -1.56181309515036e-07
method nt iteration 1604: Locations[1.0039529  1.00792143] -> [1.00393329 1.00788205] Step length = 4.3985811367245166e-05 Function values: 1.562542793563767e-05 -> 1.5470786205214625e-05 delta: -1.5464173042304525e-07
method nt iteration 1605: Locations[1.00393329 1.00788205] -> [1.00391378 1.00784288] Step length = 4.3768637257459426e-05 Function values: 1.5470786205214625e-05 -> 1.5317668966591763e-05 delta: -1.5311723862286263e-07
method nt iteration 1606: Locations[1.00391378 1.00784288] -> [1.00389436 1.00780389] Step length = 4.35525219320793e-05 Function values: 1.5317668966591763e-05 -> 1.5166061279014149e-05 delta: -1.5160768757761378e-07
method nt iteration 1607: Locations[1.00389436 1.00780389] -> [1.00387504 1.0077651 ] Step length = 4.33374603612182e-05 Function values: 1.5166061279014149e-05 -> 1.5015948346856581e-05 delta: -1.50112932157568e-07
method nt iteration 1608: Locations[1.00387504 1.0077651 ] -> [1.00385582 1.0077265 ] Step length = 4.312344753832919e-05 Function values: 1.5015948346856581e-05 -> 1.486731551823628e-05 delta: -1.4863282862030067e-07
method nt iteration 1609: Locations[1.00385582 1.0077265 ] -> [1.00383668 1.00768809] Step length = 4.291047847811688e-05 Function values: 1.486731551823628e-05 -> 1.4720148283633143e-05 delta: -1.4716723460313784e-07
method nt iteration 1610: Locations[1.00383668 1.00768809] -> [1.00381765 1.00764987] Step length = 4.269854821941978e-05 Function values: 1.4720148283633143e-05 -> 1.457443227452443e-05 delta: -1.4571600910871254e-07
method nt iteration 1611: Locations[1.00381765 1.00764987] -> [1.0037987  1.00761184] Step length = 4.248765182242838e-05 Function values: 1.457443227452443e-05 -> 1.44301532620354e-05 delta: -1.4427901248903038e-07
method nt iteration 1612: Locations[1.0037987  1.00761184] -> [1.00377985 1.007574  ] Step length = 4.22777843693797e-05 Function values: 1.44301532620354e-05 -> 1.4287297155597253e-05 delta: -1.4285610643814617e-07
method nt iteration 1613: Locations[1.00377985 1.007574  ] -> [1.0037611  1.00753634] Step length = 4.206894096495549e-05 Function values: 1.4287297155597253e-05 -> 1.4145850001620829e-05 delta: -1.414471539764243e-07
method nt iteration 1614: Locations[1.0037611  1.00753634] -> [1.00374243 1.00749887] Step length = 4.186111673648099e-05 Function values: 1.4145850001620829e-05 -> 1.4005797982182511e-05 delta: -1.400520194383178e-07
method nt iteration 1615: Locations[1.00374243 1.00749887] -> [1.00372386 1.00746159] Step length = 4.1654306832136845e-05 Function values: 1.4005797982182511e-05 -> 1.386712741372553e-05 delta: -1.3867056845698106e-07
method nt iteration 1616: Locations[1.00372386 1.00746159] -> [1.00370538 1.00742449] Step length = 4.144850642314387e-05 Function values: 1.386712741372553e-05 -> 1.3729824745766573e-05 delta: -1.3730266795895732e-07
method nt iteration 1617: Locations[1.00370538 1.00742449] -> [1.00368699 1.00738757] Step length = 4.124371070078254e-05 Function values: 1.3729824745766573e-05 -> 1.3593876559617663e-05 delta: -1.3594818614891001e-07
method nt iteration 1618: Locations[1.00368699 1.00738757] -> [1.00366869 1.00735083] Step length = 4.103991488096489e-05 Function values: 1.3593876559617663e-05 -> 1.3459269567123095e-05 delta: -1.3460699249456762e-07
method nt iteration 1619: Locations[1.00366869 1.00735083] -> [1.00365048 1.00731428] Step length = 4.083711419817233e-05 Function values: 1.3459269567123095e-05 -> 1.332599060940633e-05 delta: -1.332789577167659e-07
method nt iteration 1620: Locations[1.00365048 1.00731428] -> [1.00363236 1.00727791] Step length = 4.063530391042357e-05 Function values: 1.332599060940633e-05 -> 1.3194026655625203e-05 delta: -1.3196395378112676e-07
method nt iteration 1621: Locations[1.00363236 1.00727791] -> [1.00361433 1.00724172] Step length = 4.0434479296294845e-05 Function values: 1.3194026655625203e-05 -> 1.3063364801745103e-05 delta: -1.306618538800993e-07
method nt iteration 1622: Locations[1.00361433 1.00724172] -> [1.00359639 1.00720571] Step length = 4.023463565591291e-05 Function values: 1.3063364801745103e-05 -> 1.29339922693202e-05 delta: -1.2937253242490293e-07
method nt iteration 1623: Locations[1.00359639 1.00720571] -> [1.00357853 1.00716987] Step length = 4.003576831025832e-05 Function values: 1.29339922693202e-05 -> 1.280589640428115e-05 delta: -1.28095865039051e-07
method nt iteration 1624: Locations[1.00357853 1.00716987] -> [1.00356077 1.00713421] Step length = 3.9837872603155747e-05 Function values: 1.280589640428115e-05 -> 1.2679064675746746e-05 delta: -1.2683172853440336e-07
method nt iteration 1625: Locations[1.00356077 1.00713421] -> [1.00354309 1.00709873] Step length = 3.964094389769435e-05 Function values: 1.2679064675746746e-05 -> 1.2553484674836957e-05 delta: -1.2558000090978919e-07
method nt iteration 1626: Locations[1.00354309 1.00709873] -> [1.0035255  1.00706343] Step length = 3.9444977578215294e-05 Function values: 1.2553484674836957e-05 -> 1.2429144113496963e-05 delta: -1.2434056133999382e-07
method nt iteration 1627: Locations[1.0035255  1.00706343] -> [1.003508  1.0070283] Step length = 3.924996905180327e-05 Function values: 1.2429144113496963e-05 -> 1.2306030823336791e-05 delta: -1.2311329016017167e-07
method nt iteration 1628: Locations[1.003508  1.0070283] -> [1.00349058 1.00699334] Step length = 3.9055913744013916e-05 Function values: 1.2306030823336791e-05 -> 1.2184132754483178e-05 delta: -1.2189806885361337e-07
method nt iteration 1629: Locations[1.00349058 1.00699334] -> [1.00347325 1.00695856] Step length = 3.8862807102449735e-05 Function values: 1.2184132754483178e-05 -> 1.2063437974435795e-05 delta: -1.2069478004738353e-07
method nt iteration 1630: Locations[1.00347325 1.00695856] -> [1.003456   1.00692394] Step length = 3.8670644595568316e-05 Function values: 1.2063437974435795e-05 -> 1.194393466693722e-05 delta: -1.1950330749857514e-07
method nt iteration 1631: Locations[1.003456   1.00692394] -> [1.00343884 1.0068895 ] Step length = 3.84794217115903e-05 Function values: 1.194393466693722e-05 -> 1.1825611130857896e-05 delta: -1.1832353607932382e-07
method nt iteration 1632: Locations[1.00343884 1.0068895 ] -> [1.00342176 1.00685523] Step length = 3.828913395988844e-05 Function values: 1.1825611130857896e-05 -> 1.1708455779082241e-05 delta: -1.1715535177565416e-07
method nt iteration 1633: Locations[1.00342176 1.00685523] -> [1.00340477 1.00682113] Step length = 3.809977687059289e-05 Function values: 1.1708455779082241e-05 -> 1.1592457137417254e-05 delta: -1.1599864166498765e-07
method nt iteration 1634: Locations[1.00340477 1.00682113] -> [1.00338786 1.0067872 ] Step length = 3.791134599319723e-05 Function values: 1.1592457137417254e-05 -> 1.1477603843499044e-05 delta: -1.1485329391820937e-07
method nt iteration 1635: Locations[1.00338786 1.0067872 ] -> [1.00337104 1.00675344] Step length = 3.7723836898448916e-05 Function values: 1.1477603843499044e-05 -> 1.1363884645720081e-05 delta: -1.137191977789632e-07
method nt iteration 1636: Locations[1.00337104 1.00675344] -> [1.00335429 1.00671984] Step length = 3.753724517695664e-05 Function values: 1.1363884645720081e-05 -> 1.1251288402160334e-05 delta: -1.1259624355974692e-07
method nt iteration 1637: Locations[1.00335429 1.00671984] -> [1.00333763 1.00668641] Step length = 3.735156643879361e-05 Function values: 1.1251288402160334e-05 -> 1.1139804079531288e-05 delta: -1.1148432262904584e-07
method nt iteration 1638: Locations[1.00333763 1.00668641] -> [1.00332106 1.00665314] Step length = 3.716679631429176e-05 Function values: 1.1139804079531288e-05 -> 1.1029420752126778e-05 delta: -1.1038332740451076e-07
method nt iteration 1639: Locations[1.00332106 1.00665314] -> [1.00330456 1.00662004] Step length = 3.6982930456030406e-05 Function values: 1.1029420752126778e-05 -> 1.0920127600789454e-05 delta: -1.0929315133732345e-07
method nt iteration 1640: Locations[1.00330456 1.00662004] -> [1.00328815 1.00658711] Step length = 3.6799964531879237e-05 Function values: 1.0920127600789454e-05 -> 1.081191391188091e-05 delta: -1.0821368890854424e-07
method nt iteration 1641: Locations[1.00328815 1.00658711] -> [1.00327181 1.00655433] Step length = 3.66178942338429e-05 Function values: 1.081191391188091e-05 -> 1.0704769076265755e-05 delta: -1.0714483561515462e-07
method nt iteration 1642: Locations[1.00327181 1.00655433] -> [1.00325556 1.00652172] Step length = 3.6436715271700886e-05 Function values: 1.0704769076265755e-05 -> 1.0598682588302193e-05 delta: -1.0608648796356216e-07
method nt iteration 1643: Locations[1.00325556 1.00652172] -> [1.00323939 1.00648927] Step length = 3.625642337449899e-05 Function values: 1.0598682588302193e-05 -> 1.0493644044846289e-05 delta: -1.0503854345590405e-07
method nt iteration 1644: Locations[1.00323939 1.00648927] -> [1.0032233  1.00645698] Step length = 3.607701429154228e-05 Function values: 1.0493644044846289e-05 -> 1.0389643144262566e-05 delta: -1.0400090058372308e-07
method nt iteration 1645: Locations[1.0032233  1.00645698] -> [1.00320728 1.00642485] Step length = 3.589848379159956e-05 Function values: 1.0389643144262566e-05 -> 1.0286669685440926e-05 delta: -1.0297345882164035e-07
method nt iteration 1646: Locations[1.00320728 1.00642485] -> [1.00319135 1.00639288] Step length = 3.572082766270649e-05 Function values: 1.0286669685440926e-05 -> 1.0184713566831284e-05 delta: -1.0195611860964211e-07
method nt iteration 1647: Locations[1.00319135 1.00639288] -> [1.00317549 1.00636107] Step length = 3.5544041711965584e-05 Function values: 1.0184713566831284e-05 -> 1.0083764785481395e-05 delta: -1.0094878134988812e-07
method nt iteration 1648: Locations[1.00317549 1.00636107] -> [1.00315972 1.00632942] Step length = 3.536812176624147e-05 Function values: 1.0083764785481395e-05 -> 9.983813436082246e-06 delta: -9.995134939914936e-08
SUCCESS! Absolute difference in objective function values between two consecutive iterations is 9.995134939914936e-08
which is less than the objactive tolerance 1e-07
Took 1648 iterations
~~~~~~~~~~~~~~~~~~~~~~~~~~~~~~~~~~~~~~~~~~~~~~~~~~~~~~
Results for function 4.￿Rosenbrock: Success, last point is [1.00315972 1.00632942]
~~~~~~~~~~~~~~~~~~~~~~~~~~~~~~~~~~~~~~~~~~~~~~~~~~~~~~
Testing function 4.￿Rosenbrock with parameters:
method bfgs
initial point [2 2]
max number of iterations 10000
step size tolerance 1e-08
objective function tolerance 1e-07
method bfgs iteration 1: Locations[2 2] -> [1.99875 3.995  ] Step length = 1.995000391603971 Function values: 401 -> 0.9975015627441403 delta: -400.00249843725584
method bfgs iteration 2: Locations[1.99875 3.995  ] -> [1.99750155 3.99001401] Step length = 0.005139910076413971 Function values: 0.9975015627441403 -> 0.995009350912933 delta: -0.0024922118312072916
method bfgs iteration 3: Locations[1.99750155 3.99001401] -> [1.79800144 3.19276137] Step length = 0.8218345801718181 Function values: 0.995009350912933 -> 0.7971889728105561 delta: -0.19782037810237685
method bfgs iteration 4: Locations[1.79800144 3.19276137] -> [1.83787788 3.37426668] Step length = 0.1858340864846246 Function values: 0.7971889728105561 -> 0.7032843381639314 delta: -0.09390463464662469
method bfgs iteration 5: Locations[1.83787788 3.37426668] -> [1.7547083  3.07096344] Step length = 0.3144996521629815 Function values: 0.7032843381639314 -> 0.5760452226422603 delta: -0.1272391155216711
method bfgs iteration 6: Locations[1.7547083  3.07096344] -> [1.69265385 2.84894457] Step length = 0.23052794402119428 Function values: 0.5760452226422603 -> 0.5057951068093297 delta: -0.07025011583293062
method bfgs iteration 7: Locations[1.69265385 2.84894457] -> [1.5597379  2.39626037] Step length = 0.4717940632734692 Function values: 0.5057951068093297 -> 0.4466918438329558 delta: -0.059103262976373916
method bfgs iteration 8: Locations[1.5597379  2.39626037] -> [1.57361382 2.46740113] Step length = 0.07248137244962209 Function values: 0.4466918438329558 -> 0.33688157348218467 delta: -0.10981027035077112
method bfgs iteration 9: Locations[1.57361382 2.46740113] -> [1.50404591 2.25727333] Step length = 0.22134449580792231 Function values: 0.33688157348218467 -> 0.2564444662145634 delta: -0.08043710726762127
method bfgs iteration 10: Locations[1.50404591 2.25727333] -> [1.46432441 2.1359511 ] Step length = 0.12765924336155426 Function values: 0.2564444662145634 -> 0.22247764212139515 delta: -0.03396682409316826
method bfgs iteration 11: Locations[1.46432441 2.1359511 ] -> [1.42972218 2.03419021] Step length = 0.10748299176293936 Function values: 0.22247764212139515 -> 0.19449249758759052 delta: -0.02798514453380463
method bfgs iteration 12: Locations[1.42972218 2.03419021] -> [1.29338475 1.6472319 ] Step length = 0.4102738367376035 Function values: 0.19449249758759052 -> 0.15167316052662183 delta: -0.04281933706096869
method bfgs iteration 13: Locations[1.29338475 1.6472319 ] -> [1.31650877 1.7315163 ] Step length = 0.08739896110854777 Function values: 0.15167316052662183 -> 0.10045971386629166 delta: -0.051213446660330175
method bfgs iteration 14: Locations[1.31650877 1.7315163 ] -> [1.26483565 1.59710022] Step length = 0.1440062192834105 Function values: 0.10045971386629166 -> 0.07087179459935553 delta: -0.02958791926693613
method bfgs iteration 15: Locations[1.26483565 1.59710022] -> [1.23002253 1.50773813] Step length = 0.09590378708357955 Function values: 0.07087179459935553 -> 0.055632391495463306 delta: -0.01523940310389222
method bfgs iteration 16: Locations[1.23002253 1.50773813] -> [1.12198073 1.24088317] Step length = 0.2878968647450302 Function values: 0.055632391495463306 -> 0.04712681790376349 delta: -0.008505573591699817
method bfgs iteration 17: Locations[1.12198073 1.24088317] -> [1.15818496 1.33991666] Step length = 0.10544372398331435 Function values: 0.04712681790376349 -> 0.02524026003046637 delta: -0.02188655787329712
method bfgs iteration 18: Locations[1.15818496 1.33991666] -> [1.1288036  1.27270558] Step length = 0.07335252758703781 Function values: 0.02524026003046637 -> 0.016812972296980245 delta: -0.008427287733486125
method bfgs iteration 19: Locations[1.1288036  1.27270558] -> [1.03286284 1.05466373] Step length = 0.2382160312181198 Function values: 0.016812972296980245 -> 0.015822597706827365 delta: -0.0009903745901528802
method bfgs iteration 20: Locations[1.03286284 1.05466373] -> [1.07795046 1.16220419] Step length = 0.11660979686698647 Function values: 0.015822597706827365 -> 0.0060814271014024614 delta: -0.009741170605424903
method bfgs iteration 21: Locations[1.07795046 1.16220419] -> [1.057081   1.11678866] Step length = 0.04998104689800982 Function values: 0.0060814271014024614 -> 0.0032981318108551137 delta: -0.0027832952905473478
method bfgs iteration 22: Locations[1.057081   1.11678866] -> [1.00653553 1.00873297] Step length = 0.1192932354826629 Function values: 0.0032981318108551137 -> 0.001961859711182114 delta: -0.0013362720996729998
method bfgs iteration 23: Locations[1.00653553 1.00873297] -> [1.02307885 1.04600875] Step length = 0.040781918326191345 Function values: 0.001961859711182114 -> 0.0005790880325093903 delta: -0.0013827716786727236
method bfgs iteration 24: Locations[1.02307885 1.04600875] -> [1.01455165 1.02887527] Step length = 0.019138156112890742 Function values: 0.0005790880325093903 -> 0.0002310915639089967 delta: -0.0003479964686003936
method bfgs iteration 25: Locations[1.01455165 1.02887527] -> [1.00178659 1.00329757] Step length = 0.02858610775117768 Function values: 0.0002310915639089967 -> 1.0964644001882992e-05 delta: -0.0002201269199071137
method bfgs iteration 26: Locations[1.00178659 1.00329757] -> [1.00044673 1.00087044] Step length = 0.0027724057770689837 Function values: 1.0964644001882992e-05 -> 2.534448868452177e-07 delta: -1.0711199115037775e-05
method bfgs iteration 27: Locations[1.00044673 1.00087044] -> [0.9999971  0.99999237] Step length = 0.0009864960942940486 Function values: 2.534448868452177e-07 -> 3.439048557522356e-10 delta: -2.531009819894655e-07
method bfgs iteration 28: Locations[0.9999971  0.99999237] -> [1.00000054 1.00000118] Step length = 9.461674929901062e-06 Function values: 3.439048557522356e-10 -> 1.2817425417877424e-12 delta: -3.4262311321044786e-10
SUCCESS! Absolute difference in objective function values between two consecutive iterations is 3.4262311321044786e-10
which is less than the objactive tolerance 1e-07
Took 28 iterations
~~~~~~~~~~~~~~~~~~~~~~~~~~~~~~~~~~~~~~~~~~~~~~~~~~~~~~
Results for function 4.￿Rosenbrock: Success, last point is [1.00000054 1.00000118]
~~~~~~~~~~~~~~~~~~~~~~~~~~~~~~~~~~~~~~~~~~~~~~~~~~~~~~
